<?xml version="1.0" encoding="ISO-8859-1" ?>
<link_info>
   <banner>TI ARM Linker PC v20.2.7.LTS</banner>
   <copyright>Copyright (c) 1996-2018 Texas Instruments Incorporated</copyright>
   <link_time>0x66f5ac8f</link_time>
   <link_errors>0x0</link_errors>
   <output_file>lab_4.out</output_file>
   <entry_point>
      <name>_c_int00_noargs</name>
      <address>0x2691</address>
   </entry_point>
   <input_file_list>
      <input_file id="fl-2">
         <path>.\</path>
         <kind>object</kind>
         <file>Timer.obj</file>
         <name>Timer.obj</name>
      </input_file>
      <input_file id="fl-3">
         <path>.\</path>
         <kind>object</kind>
         <file>button.obj</file>
         <name>button.obj</name>
      </input_file>
      <input_file id="fl-4">
         <path>.\</path>
         <kind>object</kind>
         <file>lab4_template.obj</file>
         <name>lab4_template.obj</name>
      </input_file>
      <input_file id="fl-5">
         <path>.\</path>
         <kind>object</kind>
         <file>lcd.obj</file>
         <name>lcd.obj</name>
      </input_file>
      <input_file id="fl-6">
         <path>.\</path>
         <kind>object</kind>
         <file>tm4c123gh6pm_startup_ccs.obj</file>
         <name>tm4c123gh6pm_startup_ccs.obj</name>
      </input_file>
      <input_file id="fl-c">
         <kind>object</kind>
         <file>&lt;internal&gt;</file>
         <name>&lt;internal&gt;</name>
      </input_file>
      <input_file id="fl-d">
         <path>..\</path>
         <kind>archive</kind>
         <file>libcybotUART.lib</file>
         <name>uart.obj</name>
      </input_file>
      <input_file id="fl-c3">
         <path>C:\ti\ccs1271\ccs\tools\compiler\ti-cgt-arm_20.2.7.LTS\lib\</path>
         <kind>archive</kind>
         <file>rtsv7M4_T_le_v4SPD16_eabi.lib</file>
         <name>vsnprintf.c.obj</name>
      </input_file>
      <input_file id="fl-c4">
         <path>C:\ti\ccs1271\ccs\tools\compiler\ti-cgt-arm_20.2.7.LTS\lib\</path>
         <kind>archive</kind>
         <file>rtsv7M4_T_le_v4SPD16_eabi.lib</file>
         <name>memcpy_t2.asm.obj</name>
      </input_file>
      <input_file id="fl-c5">
         <path>C:\ti\ccs1271\ccs\tools\compiler\ti-cgt-arm_20.2.7.LTS\lib\</path>
         <kind>archive</kind>
         <file>rtsv7M4_T_le_v4SPD16_eabi.lib</file>
         <name>copy_zero_init.c.obj</name>
      </input_file>
      <input_file id="fl-c6">
         <path>C:\ti\ccs1271\ccs\tools\compiler\ti-cgt-arm_20.2.7.LTS\lib\</path>
         <kind>archive</kind>
         <file>rtsv7M4_T_le_v4SPD16_eabi.lib</file>
         <name>copy_decompress_none.c.obj</name>
      </input_file>
      <input_file id="fl-c7">
         <path>C:\ti\ccs1271\ccs\tools\compiler\ti-cgt-arm_20.2.7.LTS\lib\</path>
         <kind>archive</kind>
         <file>rtsv7M4_T_le_v4SPD16_eabi.lib</file>
         <name>copy_decompress_lzss.c.obj</name>
      </input_file>
      <input_file id="fl-c8">
         <path>C:\ti\ccs1271\ccs\tools\compiler\ti-cgt-arm_20.2.7.LTS\lib\</path>
         <kind>archive</kind>
         <file>rtsv7M4_T_le_v4SPD16_eabi.lib</file>
         <name>strcmp.c.obj</name>
      </input_file>
      <input_file id="fl-c9">
         <path>C:\ti\ccs1271\ccs\tools\compiler\ti-cgt-arm_20.2.7.LTS\lib\</path>
         <kind>archive</kind>
         <file>rtsv7M4_T_le_v4SPD16_eabi.lib</file>
         <name>strcpy.c.obj</name>
      </input_file>
      <input_file id="fl-ca">
         <path>C:\ti\ccs1271\ccs\tools\compiler\ti-cgt-arm_20.2.7.LTS\lib\</path>
         <kind>archive</kind>
         <file>rtsv7M4_T_le_v4SPD16_eabi.lib</file>
         <name>boot_cortex_m.c.obj</name>
      </input_file>
      <input_file id="fl-cb">
         <path>C:\ti\ccs1271\ccs\tools\compiler\ti-cgt-arm_20.2.7.LTS\lib\</path>
         <kind>archive</kind>
         <file>rtsv7M4_T_le_v4SPD16_eabi.lib</file>
         <name>_printfi.c.obj</name>
      </input_file>
      <input_file id="fl-cc">
         <path>C:\ti\ccs1271\ccs\tools\compiler\ti-cgt-arm_20.2.7.LTS\lib\</path>
         <kind>archive</kind>
         <file>rtsv7M4_T_le_v4SPD16_eabi.lib</file>
         <name>fd_add_t2.asm.obj</name>
      </input_file>
      <input_file id="fl-cd">
         <path>C:\ti\ccs1271\ccs\tools\compiler\ti-cgt-arm_20.2.7.LTS\lib\</path>
         <kind>archive</kind>
         <file>rtsv7M4_T_le_v4SPD16_eabi.lib</file>
         <name>fd_cmp_t2.asm.obj</name>
      </input_file>
      <input_file id="fl-ce">
         <path>C:\ti\ccs1271\ccs\tools\compiler\ti-cgt-arm_20.2.7.LTS\lib\</path>
         <kind>archive</kind>
         <file>rtsv7M4_T_le_v4SPD16_eabi.lib</file>
         <name>fd_div_t2.asm.obj</name>
      </input_file>
      <input_file id="fl-cf">
         <path>C:\ti\ccs1271\ccs\tools\compiler\ti-cgt-arm_20.2.7.LTS\lib\</path>
         <kind>archive</kind>
         <file>rtsv7M4_T_le_v4SPD16_eabi.lib</file>
         <name>fd_mul_t2.asm.obj</name>
      </input_file>
      <input_file id="fl-d0">
         <path>C:\ti\ccs1271\ccs\tools\compiler\ti-cgt-arm_20.2.7.LTS\lib\</path>
         <kind>archive</kind>
         <file>rtsv7M4_T_le_v4SPD16_eabi.lib</file>
         <name>fd_toi_t2.asm.obj</name>
      </input_file>
      <input_file id="fl-d1">
         <path>C:\ti\ccs1271\ccs\tools\compiler\ti-cgt-arm_20.2.7.LTS\lib\</path>
         <kind>archive</kind>
         <file>rtsv7M4_T_le_v4SPD16_eabi.lib</file>
         <name>i_tofd_t2.asm.obj</name>
      </input_file>
      <input_file id="fl-d2">
         <path>C:\ti\ccs1271\ccs\tools\compiler\ti-cgt-arm_20.2.7.LTS\lib\</path>
         <kind>archive</kind>
         <file>rtsv7M4_T_le_v4SPD16_eabi.lib</file>
         <name>memset_t2.asm.obj</name>
      </input_file>
      <input_file id="fl-d3">
         <path>C:\ti\ccs1271\ccs\tools\compiler\ti-cgt-arm_20.2.7.LTS\lib\</path>
         <kind>archive</kind>
         <file>rtsv7M4_T_le_v4SPD16_eabi.lib</file>
         <name>ull_div_t2.asm.obj</name>
      </input_file>
      <input_file id="fl-d4">
         <path>C:\ti\ccs1271\ccs\tools\compiler\ti-cgt-arm_20.2.7.LTS\lib\</path>
         <kind>archive</kind>
         <file>rtsv7M4_T_le_v4SPD16_eabi.lib</file>
         <name>autoinit.c.obj</name>
      </input_file>
      <input_file id="fl-d5">
         <path>C:\ti\ccs1271\ccs\tools\compiler\ti-cgt-arm_20.2.7.LTS\lib\</path>
         <kind>archive</kind>
         <file>rtsv7M4_T_le_v4SPD16_eabi.lib</file>
         <name>pre_init.c.obj</name>
      </input_file>
      <input_file id="fl-d6">
         <path>C:\ti\ccs1271\ccs\tools\compiler\ti-cgt-arm_20.2.7.LTS\lib\</path>
         <kind>archive</kind>
         <file>rtsv7M4_T_le_v4SPD16_eabi.lib</file>
         <name>cpy_tbl.c.obj</name>
      </input_file>
      <input_file id="fl-d7">
         <path>C:\ti\ccs1271\ccs\tools\compiler\ti-cgt-arm_20.2.7.LTS\lib\</path>
         <kind>archive</kind>
         <file>rtsv7M4_T_le_v4SPD16_eabi.lib</file>
         <name>exit.c.obj</name>
      </input_file>
      <input_file id="fl-d8">
         <path>C:\ti\ccs1271\ccs\tools\compiler\ti-cgt-arm_20.2.7.LTS\lib\</path>
         <kind>archive</kind>
         <file>rtsv7M4_T_le_v4SPD16_eabi.lib</file>
         <name>_lock.c.obj</name>
      </input_file>
      <input_file id="fl-d9">
         <path>C:\ti\ccs1271\ccs\tools\compiler\ti-cgt-arm_20.2.7.LTS\lib\</path>
         <kind>archive</kind>
         <file>rtsv7M4_T_le_v4SPD16_eabi.lib</file>
         <name>_ltoa.c.obj</name>
      </input_file>
      <input_file id="fl-da">
         <path>C:\ti\ccs1271\ccs\tools\compiler\ti-cgt-arm_20.2.7.LTS\lib\</path>
         <kind>archive</kind>
         <file>rtsv7M4_T_le_v4SPD16_eabi.lib</file>
         <name>args_main.c.obj</name>
      </input_file>
      <input_file id="fl-db">
         <path>C:\ti\ccs1271\ccs\tools\compiler\ti-cgt-arm_20.2.7.LTS\lib\</path>
         <kind>archive</kind>
         <file>rtsv7M4_T_le_v4SPD16_eabi.lib</file>
         <name>atoi.c.obj</name>
      </input_file>
      <input_file id="fl-dc">
         <path>C:\ti\ccs1271\ccs\tools\compiler\ti-cgt-arm_20.2.7.LTS\lib\</path>
         <kind>archive</kind>
         <file>rtsv7M4_T_le_v4SPD16_eabi.lib</file>
         <name>ctype.c.obj</name>
      </input_file>
      <input_file id="fl-dd">
         <path>C:\ti\ccs1271\ccs\tools\compiler\ti-cgt-arm_20.2.7.LTS\lib\</path>
         <kind>archive</kind>
         <file>rtsv7M4_T_le_v4SPD16_eabi.lib</file>
         <name>memccpy.c.obj</name>
      </input_file>
      <input_file id="fl-de">
         <path>C:\ti\ccs1271\ccs\tools\compiler\ti-cgt-arm_20.2.7.LTS\lib\</path>
         <kind>archive</kind>
         <file>rtsv7M4_T_le_v4SPD16_eabi.lib</file>
         <name>strchr.c.obj</name>
      </input_file>
      <input_file id="fl-df">
         <path>C:\ti\ccs1271\ccs\tools\compiler\ti-cgt-arm_20.2.7.LTS\lib\</path>
         <kind>archive</kind>
         <file>rtsv7M4_T_le_v4SPD16_eabi.lib</file>
         <name>strlen.c.obj</name>
      </input_file>
      <input_file id="fl-e0">
         <path>C:\ti\ccs1271\ccs\tools\compiler\ti-cgt-arm_20.2.7.LTS\lib\</path>
         <kind>archive</kind>
         <file>rtsv7M4_T_le_v4SPD16_eabi.lib</file>
         <name>errno.c.obj</name>
      </input_file>
      <input_file id="fl-e1">
         <path>C:\ti\ccs1271\ccs\tools\compiler\ti-cgt-arm_20.2.7.LTS\lib\</path>
         <kind>archive</kind>
         <file>rtsv7M4_T_le_v4SPD16_eabi.lib</file>
         <name>wcslen.c.obj</name>
      </input_file>
      <input_file id="fl-e2">
         <path>C:\ti\ccs1271\ccs\tools\compiler\ti-cgt-arm_20.2.7.LTS\lib\</path>
         <kind>archive</kind>
         <file>rtsv7M4_T_le_v4SPD16_eabi.lib</file>
         <name>s_frexp.c.obj</name>
      </input_file>
      <input_file id="fl-e3">
         <path>C:\ti\ccs1271\ccs\tools\compiler\ti-cgt-arm_20.2.7.LTS\lib\</path>
         <kind>archive</kind>
         <file>rtsv7M4_T_le_v4SPD16_eabi.lib</file>
         <name>s_scalbn.c.obj</name>
      </input_file>
      <input_file id="fl-e4">
         <path>C:\ti\ccs1271\ccs\tools\compiler\ti-cgt-arm_20.2.7.LTS\lib\</path>
         <kind>archive</kind>
         <file>rtsv7M4_T_le_v4SPD16_eabi.lib</file>
         <name>div0.asm.obj</name>
      </input_file>
      <input_file id="fl-e5">
         <path>C:\ti\ccs1271\ccs\tools\compiler\ti-cgt-arm_20.2.7.LTS\lib\</path>
         <kind>archive</kind>
         <file>rtsv7M4_T_le_v4SPD16_eabi.lib</file>
         <name>s_copysign.c.obj</name>
      </input_file>
      <input_file id="fl-e6">
         <path>C:\ti\TivaWare_C_Series-2.2.0.295\driverlib\ccs\Debug\</path>
         <kind>archive</kind>
         <file>driverlib.lib</file>
         <name>interrupt.obj</name>
      </input_file>
      <input_file id="fl-e7">
         <path>C:\ti\TivaWare_C_Series-2.2.0.295\driverlib\ccs\Debug\</path>
         <kind>archive</kind>
         <file>driverlib.lib</file>
         <name>cpu.obj</name>
      </input_file>
   </input_file_list>
   <object_component_list>
      <object_component id="oc-12">
         <name>.intvecs</name>
         <load_address>0x0</load_address>
         <run_address>0x0</run_address>
         <size>0x26c</size>
         <input_file_ref idref="fl-6"/>
      </object_component>
      <object_component id="oc-174">
         <name>.text:__TI_printfi</name>
         <load_address>0x26c</load_address>
         <run_address>0x26c</run_address>
         <size>0xa4e</size>
         <input_file_ref idref="fl-cb"/>
      </object_component>
      <object_component id="oc-2dd">
         <name>.text</name>
         <load_address>0xcba</load_address>
         <run_address>0xcba</run_address>
         <size>0x2</size>
         <input_file_ref idref="fl-e4"/>
      </object_component>
      <object_component id="oc-ca">
         <name>.text</name>
         <load_address>0xcbc</load_address>
         <run_address>0xcbc</run_address>
         <size>0x328</size>
         <input_file_ref idref="fl-5"/>
      </object_component>
      <object_component id="oc-206">
         <name>.text:_pconv_a</name>
         <load_address>0xfe4</load_address>
         <run_address>0xfe4</run_address>
         <size>0x270</size>
         <input_file_ref idref="fl-cb"/>
      </object_component>
      <object_component id="oc-119">
         <name>.text</name>
         <load_address>0x1254</load_address>
         <run_address>0x1254</run_address>
         <size>0x248</size>
         <input_file_ref idref="fl-2"/>
      </object_component>
      <object_component id="oc-1f4">
         <name>.text:_pconv_g</name>
         <load_address>0x149c</load_address>
         <run_address>0x149c</run_address>
         <size>0x1d0</size>
         <input_file_ref idref="fl-cb"/>
      </object_component>
      <object_component id="oc-287">
         <name>.text</name>
         <load_address>0x166c</load_address>
         <run_address>0x166c</run_address>
         <size>0x1b6</size>
         <input_file_ref idref="fl-cc"/>
      </object_component>
      <object_component id="oc-d0">
         <name>.text</name>
         <load_address>0x1824</load_address>
         <run_address>0x1824</run_address>
         <size>0x15c</size>
         <input_file_ref idref="fl-d"/>
      </object_component>
      <object_component id="oc-200">
         <name>.text:_pconv_e</name>
         <load_address>0x1980</load_address>
         <run_address>0x1980</run_address>
         <size>0x13c</size>
         <input_file_ref idref="fl-cb"/>
      </object_component>
      <object_component id="oc-26d">
         <name>.text</name>
         <load_address>0x1abc</load_address>
         <run_address>0x1abc</run_address>
         <size>0x136</size>
         <input_file_ref idref="fl-ce"/>
      </object_component>
      <object_component id="oc-299">
         <name>.text:fcvt</name>
         <load_address>0x1bf4</load_address>
         <run_address>0x1bf4</run_address>
         <size>0x124</size>
         <input_file_ref idref="fl-cb"/>
      </object_component>
      <object_component id="oc-2ad">
         <name>.text:scalbn</name>
         <load_address>0x1d18</load_address>
         <run_address>0x1d18</run_address>
         <size>0x110</size>
         <input_file_ref idref="fl-e3"/>
      </object_component>
      <object_component id="oc-268">
         <name>.text</name>
         <load_address>0x1e28</load_address>
         <run_address>0x1e28</run_address>
         <size>0xfc</size>
         <input_file_ref idref="fl-cf"/>
      </object_component>
      <object_component id="oc-1e9">
         <name>.text:_ltostr</name>
         <load_address>0x1f24</load_address>
         <run_address>0x1f24</run_address>
         <size>0xb1</size>
         <input_file_ref idref="fl-cb"/>
      </object_component>
      <object_component id="oc-3b">
         <name>.text</name>
         <load_address>0x1fd6</load_address>
         <run_address>0x1fd6</run_address>
         <size>0x9c</size>
         <input_file_ref idref="fl-c4"/>
      </object_component>
      <object_component id="oc-261">
         <name>.text</name>
         <load_address>0x2072</load_address>
         <run_address>0x2072</run_address>
         <size>0x96</size>
         <input_file_ref idref="fl-d3"/>
      </object_component>
      <object_component id="oc-1ef">
         <name>.text:__aeabi_cdcmple</name>
         <load_address>0x2108</load_address>
         <run_address>0x2108</run_address>
         <size>0x86</size>
         <input_file_ref idref="fl-cd"/>
      </object_component>
      <object_component id="oc-272">
         <name>.text:__aeabi_cdrcmple</name>
         <load_address>0x218e</load_address>
         <run_address>0x218e</run_address>
         <size>0x86</size>
         <input_file_ref idref="fl-cd"/>
      </object_component>
      <object_component id="oc-8f">
         <name>.text</name>
         <load_address>0x2214</load_address>
         <run_address>0x2214</run_address>
         <size>0x7a</size>
         <input_file_ref idref="fl-d2"/>
      </object_component>
      <object_component id="oc-292">
         <name>.text:_mcpy</name>
         <load_address>0x228e</load_address>
         <run_address>0x228e</run_address>
         <size>0x6e</size>
         <input_file_ref idref="fl-cb"/>
      </object_component>
      <object_component id="oc-15">
         <name>.text:decompress:lzss:__TI_decompress_lzss</name>
         <load_address>0x22fc</load_address>
         <run_address>0x22fc</run_address>
         <size>0x68</size>
         <input_file_ref idref="fl-c7"/>
      </object_component>
      <object_component id="oc-2a7">
         <name>.text:frexp</name>
         <load_address>0x2364</load_address>
         <run_address>0x2364</run_address>
         <size>0x64</size>
         <input_file_ref idref="fl-e2"/>
      </object_component>
      <object_component id="oc-1fa">
         <name>.text:_pconv_f</name>
         <load_address>0x23c8</load_address>
         <run_address>0x23c8</run_address>
         <size>0x56</size>
         <input_file_ref idref="fl-cb"/>
      </object_component>
      <object_component id="oc-27c">
         <name>.text:__TI_ltoa</name>
         <load_address>0x241e</load_address>
         <run_address>0x241e</run_address>
         <size>0x54</size>
         <input_file_ref idref="fl-d9"/>
      </object_component>
      <object_component id="oc-28c">
         <name>.text:_ecpy</name>
         <load_address>0x2472</load_address>
         <run_address>0x2472</run_address>
         <size>0x52</size>
         <input_file_ref idref="fl-cb"/>
      </object_component>
      <object_component id="oc-1e3">
         <name>.text:atoi</name>
         <load_address>0x24c4</load_address>
         <run_address>0x24c4</run_address>
         <size>0x4c</size>
         <input_file_ref idref="fl-db"/>
      </object_component>
      <object_component id="oc-277">
         <name>.text</name>
         <load_address>0x2510</load_address>
         <run_address>0x2510</run_address>
         <size>0x48</size>
         <input_file_ref idref="fl-d0"/>
      </object_component>
      <object_component id="oc-e3">
         <name>.text:__TI_auto_init_nobinit_nopinit:__TI_auto_init_nobinit_nopinit</name>
         <load_address>0x2558</load_address>
         <run_address>0x2558</run_address>
         <size>0x44</size>
         <input_file_ref idref="fl-d4"/>
      </object_component>
      <object_component id="oc-c4">
         <name>.text</name>
         <load_address>0x259c</load_address>
         <run_address>0x259c</run_address>
         <size>0x40</size>
         <input_file_ref idref="fl-3"/>
      </object_component>
      <object_component id="oc-126">
         <name>.text:vsnprintf</name>
         <load_address>0x25dc</load_address>
         <run_address>0x25dc</run_address>
         <size>0x40</size>
         <input_file_ref idref="fl-c3"/>
      </object_component>
      <object_component id="oc-29f">
         <name>.text:_fcpy</name>
         <load_address>0x261c</load_address>
         <run_address>0x261c</run_address>
         <size>0x3e</size>
         <input_file_ref idref="fl-cb"/>
      </object_component>
      <object_component id="oc-169">
         <name>.text:IntRegister</name>
         <load_address>0x265c</load_address>
         <run_address>0x265c</run_address>
         <size>0x34</size>
         <input_file_ref idref="fl-e6"/>
      </object_component>
      <object_component id="oc-59">
         <name>.text:_c_int00_noargs:_c_int00_noargs</name>
         <load_address>0x2690</load_address>
         <run_address>0x2690</run_address>
         <size>0x34</size>
         <input_file_ref idref="fl-ca"/>
      </object_component>
      <object_component id="oc-17a">
         <name>.text:_outs</name>
         <load_address>0x26c4</load_address>
         <run_address>0x26c4</run_address>
         <size>0x30</size>
         <input_file_ref idref="fl-c3"/>
      </object_component>
      <object_component id="oc-282">
         <name>.text</name>
         <load_address>0x26f4</load_address>
         <run_address>0x26f4</run_address>
         <size>0x2e</size>
         <input_file_ref idref="fl-d1"/>
      </object_component>
      <object_component id="oc-47">
         <name>.text:decompress:ZI:__TI_zero_init_nomemset:__TI_zero_init_nomemset</name>
         <load_address>0x2722</load_address>
         <run_address>0x2722</run_address>
         <size>0x1c</size>
         <input_file_ref idref="fl-c5"/>
      </object_component>
      <object_component id="oc-20c">
         <name>.text:memccpy</name>
         <load_address>0x273e</load_address>
         <run_address>0x273e</run_address>
         <size>0x1c</size>
         <input_file_ref idref="fl-dd"/>
      </object_component>
      <object_component id="oc-2f6">
         <name>.text:copysign</name>
         <load_address>0x275a</load_address>
         <run_address>0x275a</run_address>
         <size>0x1a</size>
         <input_file_ref idref="fl-e5"/>
      </object_component>
      <object_component id="oc-180">
         <name>.text:_outc</name>
         <load_address>0x2774</load_address>
         <run_address>0x2774</run_address>
         <size>0x18</size>
         <input_file_ref idref="fl-c3"/>
      </object_component>
      <object_component id="oc-12c">
         <name>.text:strcmp</name>
         <load_address>0x278c</load_address>
         <run_address>0x278c</run_address>
         <size>0x18</size>
         <input_file_ref idref="fl-c8"/>
      </object_component>
      <object_component id="oc-2b3">
         <name>.text:strchr</name>
         <load_address>0x27a4</load_address>
         <run_address>0x27a4</run_address>
         <size>0x16</size>
         <input_file_ref idref="fl-de"/>
      </object_component>
      <object_component id="oc-9b">
         <name>.text</name>
         <load_address>0x27ba</load_address>
         <run_address>0x27ba</run_address>
         <size>0x14</size>
         <input_file_ref idref="fl-4"/>
      </object_component>
      <object_component id="oc-132">
         <name>.text:strcpy</name>
         <load_address>0x27ce</load_address>
         <run_address>0x27ce</run_address>
         <size>0x14</size>
         <input_file_ref idref="fl-c9"/>
      </object_component>
      <object_component id="oc-1dd">
         <name>.text:strlen</name>
         <load_address>0x27e2</load_address>
         <run_address>0x27e2</run_address>
         <size>0x14</size>
         <input_file_ref idref="fl-df"/>
      </object_component>
      <object_component id="oc-212">
         <name>.text:wcslen</name>
         <load_address>0x27f6</load_address>
         <run_address>0x27f6</run_address>
         <size>0x12</size>
         <input_file_ref idref="fl-e1"/>
      </object_component>
      <object_component id="oc-11f">
         <name>.text:lcd_clear</name>
         <load_address>0x2808</load_address>
         <run_address>0x2808</run_address>
         <size>0x10</size>
         <input_file_ref idref="fl-5"/>
      </object_component>
      <object_component id="oc-1b">
         <name>.text:decompress:none:__TI_decompress_none</name>
         <load_address>0x2818</load_address>
         <run_address>0x2818</run_address>
         <size>0xe</size>
         <input_file_ref idref="fl-c6"/>
      </object_component>
      <object_component id="oc-27">
         <name>.text</name>
         <load_address>0x2826</load_address>
         <run_address>0x2826</run_address>
         <size>0xc</size>
         <input_file_ref idref="fl-6"/>
      </object_component>
      <object_component id="oc-218">
         <name>.text:__aeabi_errno_addr</name>
         <load_address>0x2834</load_address>
         <run_address>0x2834</run_address>
         <size>0x8</size>
         <input_file_ref idref="fl-e0"/>
      </object_component>
      <object_component id="oc-95">
         <name>.text:_system_pre_init</name>
         <load_address>0x283c</load_address>
         <run_address>0x283c</run_address>
         <size>0x4</size>
         <input_file_ref idref="fl-d5"/>
      </object_component>
      <object_component id="oc-d7">
         <name>.text:abort:abort</name>
         <load_address>0x2840</load_address>
         <run_address>0x2840</run_address>
         <size>0x4</size>
         <input_file_ref idref="fl-d7"/>
      </object_component>
      <object_component id="oc-25c">
         <name>.const:.string:_ctypes_</name>
         <load_address>0x2844</load_address>
         <run_address>0x2844</run_address>
         <size>0x101</size>
         <input_file_ref idref="fl-dc"/>
      </object_component>
      <object_component id="oc-138">
         <name>.const:.string:lineAddress$1</name>
         <load_address>0x2945</load_address>
         <run_address>0x2945</run_address>
         <size>0x4</size>
         <input_file_ref idref="fl-5"/>
      </object_component>
      <object_component id="oc-139">
         <name>.const:.string:lineAddresses$2</name>
         <load_address>0x2949</load_address>
         <run_address>0x2949</run_address>
         <size>0x4</size>
         <input_file_ref idref="fl-5"/>
      </object_component>
      <object_component id="oc-34c">
         <name>__TI_handler_table</name>
         <load_address>0x2950</load_address>
         <run_address>0x2950</run_address>
         <size>0xc</size>
      </object_component>
      <object_component id="oc-350">
         <name>.cinit..bss.load</name>
         <load_address>0x2960</load_address>
         <run_address>0x2960</run_address>
         <size>0x8</size>
      </object_component>
      <object_component id="oc-34e">
         <name>.cinit..vtable.load</name>
         <load_address>0x2968</load_address>
         <run_address>0x2968</run_address>
         <size>0x8</size>
      </object_component>
      <object_component id="oc-34f">
         <name>.cinit..data.load</name>
         <load_address>0x2970</load_address>
         <run_address>0x2970</run_address>
         <size>0x7</size>
      </object_component>
      <object_component id="oc-34d">
         <name>__TI_cinit_table</name>
         <load_address>0x2978</load_address>
         <run_address>0x2978</run_address>
         <size>0x18</size>
      </object_component>
      <object_component id="oc-1d1">
         <name>.vtable</name>
         <uninitialized>true</uninitialized>
         <run_address>0x20000000</run_address>
         <size>0x26c</size>
         <input_file_ref idref="fl-e6"/>
      </object_component>
      <object_component id="oc-16f">
         <name>.data</name>
         <load_address>0x20000b04</load_address>
         <run_address>0x20000b04</run_address>
         <size>0x1</size>
         <input_file_ref idref="fl-2"/>
      </object_component>
      <object_component id="oc-117">
         <name>.data</name>
         <load_address>0x20000b05</load_address>
         <run_address>0x20000b05</run_address>
         <size>0x1</size>
         <input_file_ref idref="fl-3"/>
      </object_component>
      <object_component id="oc-145">
         <name>.data</name>
         <load_address>0x20000afc</load_address>
         <run_address>0x20000afc</run_address>
         <size>0x4</size>
         <input_file_ref idref="fl-d"/>
      </object_component>
      <object_component id="oc-2c3">
         <name>.data</name>
         <load_address>0x20000b00</load_address>
         <run_address>0x20000b00</run_address>
         <size>0x4</size>
         <input_file_ref idref="fl-e0"/>
      </object_component>
      <object_component id="oc-13a">
         <name>.bss:lastbuffer$3</name>
         <uninitialized>true</uninitialized>
         <run_address>0x20000a70</run_address>
         <size>0x54</size>
         <input_file_ref idref="fl-5"/>
      </object_component>
      <object_component id="oc-172">
         <name>.common:_timeout_ticks</name>
         <uninitialized>true</uninitialized>
         <run_address>0x20000af8</run_address>
         <size>0x4</size>
      </object_component>
      <object_component id="oc-142">
         <name>.common:isr_char_buffer</name>
         <uninitialized>true</uninitialized>
         <run_address>0x20000ac4</run_address>
         <size>0x34</size>
      </object_component>
      <object_component id="oc-24">
         <name>.stack</name>
         <uninitialized>true</uninitialized>
         <run_address>0x20000270</run_address>
         <size>0x4</size>
         <input_file_ref idref="fl-ca"/>
      </object_component>
      <object_component id="oc-352">
         <name>.stack</name>
         <uninitialized>true</uninitialized>
         <run_address>0x20000270</run_address>
         <size>0x0</size>
      </object_component>
      <object_component id="oc-b2">
         <name>.debug_info</name>
         <load_address>0x0</load_address>
         <run_address>0x0</run_address>
         <size>0x2aa</size>
         <input_file_ref idref="fl-2"/>
      </object_component>
      <object_component id="oc-170">
         <name>.debug_info</name>
         <load_address>0x2aa</load_address>
         <run_address>0x2aa</run_address>
         <size>0xb8</size>
         <input_file_ref idref="fl-2"/>
      </object_component>
      <object_component id="oc-11a">
         <name>.debug_info</name>
         <load_address>0x362</load_address>
         <run_address>0x362</run_address>
         <size>0x500</size>
         <input_file_ref idref="fl-2"/>
      </object_component>
      <object_component id="oc-70">
         <name>.debug_info</name>
         <load_address>0x862</load_address>
         <run_address>0x862</run_address>
         <size>0x26b</size>
         <input_file_ref idref="fl-2"/>
      </object_component>
      <object_component id="oc-36">
         <name>.debug_info</name>
         <load_address>0xacd</load_address>
         <run_address>0xacd</run_address>
         <size>0x84</size>
         <input_file_ref idref="fl-2"/>
      </object_component>
      <object_component id="oc-ad">
         <name>.debug_info</name>
         <load_address>0xb51</load_address>
         <run_address>0xb51</run_address>
         <size>0x2a4</size>
         <input_file_ref idref="fl-2"/>
      </object_component>
      <object_component id="oc-75">
         <name>.debug_info</name>
         <load_address>0xdf5</load_address>
         <run_address>0xdf5</run_address>
         <size>0xbb</size>
         <input_file_ref idref="fl-2"/>
      </object_component>
      <object_component id="oc-c7">
         <name>.debug_info</name>
         <load_address>0xeb0</load_address>
         <run_address>0xeb0</run_address>
         <size>0x16d</size>
         <input_file_ref idref="fl-3"/>
      </object_component>
      <object_component id="oc-232">
         <name>.debug_info</name>
         <load_address>0x101d</load_address>
         <run_address>0x101d</run_address>
         <size>0x30d</size>
         <input_file_ref idref="fl-4"/>
      </object_component>
      <object_component id="oc-9d">
         <name>.debug_info</name>
         <load_address>0x132a</load_address>
         <run_address>0x132a</run_address>
         <size>0x140</size>
         <input_file_ref idref="fl-4"/>
      </object_component>
      <object_component id="oc-19d">
         <name>.debug_info</name>
         <load_address>0x146a</load_address>
         <run_address>0x146a</run_address>
         <size>0xcc</size>
         <input_file_ref idref="fl-4"/>
      </object_component>
      <object_component id="oc-13d">
         <name>.debug_info</name>
         <load_address>0x1536</load_address>
         <run_address>0x1536</run_address>
         <size>0x2c</size>
         <input_file_ref idref="fl-4"/>
      </object_component>
      <object_component id="oc-198">
         <name>.debug_info</name>
         <load_address>0x1562</load_address>
         <run_address>0x1562</run_address>
         <size>0x35</size>
         <input_file_ref idref="fl-4"/>
      </object_component>
      <object_component id="oc-13c">
         <name>.debug_info</name>
         <load_address>0x1597</load_address>
         <run_address>0x1597</run_address>
         <size>0x378</size>
         <input_file_ref idref="fl-5"/>
      </object_component>
      <object_component id="oc-121">
         <name>.debug_info</name>
         <load_address>0x190f</load_address>
         <run_address>0x190f</run_address>
         <size>0x10d</size>
         <input_file_ref idref="fl-5"/>
      </object_component>
      <object_component id="oc-cc">
         <name>.debug_info</name>
         <load_address>0x1a1c</load_address>
         <run_address>0x1a1c</run_address>
         <size>0x899</size>
         <input_file_ref idref="fl-5"/>
      </object_component>
      <object_component id="oc-2f">
         <name>.debug_info</name>
         <load_address>0x22b5</load_address>
         <run_address>0x22b5</run_address>
         <size>0x294</size>
         <input_file_ref idref="fl-6"/>
      </object_component>
      <object_component id="oc-13">
         <name>.debug_info</name>
         <load_address>0x2549</load_address>
         <run_address>0x2549</run_address>
         <size>0xd3</size>
         <input_file_ref idref="fl-6"/>
      </object_component>
      <object_component id="oc-28">
         <name>.debug_info</name>
         <load_address>0x261c</load_address>
         <run_address>0x261c</run_address>
         <size>0x24f</size>
         <input_file_ref idref="fl-6"/>
      </object_component>
      <object_component id="oc-143">
         <name>.debug_info</name>
         <load_address>0x286b</load_address>
         <run_address>0x286b</run_address>
         <size>0x326</size>
         <input_file_ref idref="fl-d"/>
      </object_component>
      <object_component id="oc-146">
         <name>.debug_info</name>
         <load_address>0x2b91</load_address>
         <run_address>0x2b91</run_address>
         <size>0xee</size>
         <input_file_ref idref="fl-d"/>
      </object_component>
      <object_component id="oc-d3">
         <name>.debug_info</name>
         <load_address>0x2c7f</load_address>
         <run_address>0x2c7f</run_address>
         <size>0x43b</size>
         <input_file_ref idref="fl-d"/>
      </object_component>
      <object_component id="oc-1a9">
         <name>.debug_info</name>
         <load_address>0x30ba</load_address>
         <run_address>0x30ba</run_address>
         <size>0x26b</size>
         <input_file_ref idref="fl-d"/>
      </object_component>
      <object_component id="oc-233">
         <name>.debug_info</name>
         <load_address>0x3325</load_address>
         <run_address>0x3325</run_address>
         <size>0x297</size>
         <input_file_ref idref="fl-d"/>
      </object_component>
      <object_component id="oc-1a4">
         <name>.debug_info</name>
         <load_address>0x35bc</load_address>
         <run_address>0x35bc</run_address>
         <size>0xbb</size>
         <input_file_ref idref="fl-d"/>
      </object_component>
      <object_component id="oc-187">
         <name>.debug_info</name>
         <load_address>0x3677</load_address>
         <run_address>0x3677</run_address>
         <size>0x340</size>
         <input_file_ref idref="fl-c3"/>
      </object_component>
      <object_component id="oc-128">
         <name>.debug_info</name>
         <load_address>0x39b7</load_address>
         <run_address>0x39b7</run_address>
         <size>0x208</size>
         <input_file_ref idref="fl-c3"/>
      </object_component>
      <object_component id="oc-17b">
         <name>.debug_info</name>
         <load_address>0x3bbf</load_address>
         <run_address>0x3bbf</run_address>
         <size>0x1c6</size>
         <input_file_ref idref="fl-c3"/>
      </object_component>
      <object_component id="oc-181">
         <name>.debug_info</name>
         <load_address>0x3d85</load_address>
         <run_address>0x3d85</run_address>
         <size>0x179</size>
         <input_file_ref idref="fl-c3"/>
      </object_component>
      <object_component id="oc-188">
         <name>.debug_info</name>
         <load_address>0x3efe</load_address>
         <run_address>0x3efe</run_address>
         <size>0x2c</size>
         <input_file_ref idref="fl-c3"/>
      </object_component>
      <object_component id="oc-18d">
         <name>.debug_info</name>
         <load_address>0x3f2a</load_address>
         <run_address>0x3f2a</run_address>
         <size>0x69</size>
         <input_file_ref idref="fl-c3"/>
      </object_component>
      <object_component id="oc-3d">
         <name>.debug_info</name>
         <load_address>0x3f93</load_address>
         <run_address>0x3f93</run_address>
         <size>0x119</size>
         <input_file_ref idref="fl-c4"/>
      </object_component>
      <object_component id="oc-8e">
         <name>.debug_info</name>
         <load_address>0x40ac</load_address>
         <run_address>0x40ac</run_address>
         <size>0x2d4</size>
         <input_file_ref idref="fl-c5"/>
      </object_component>
      <object_component id="oc-4a">
         <name>.debug_info</name>
         <load_address>0x4380</load_address>
         <run_address>0x4380</run_address>
         <size>0x1d2</size>
         <input_file_ref idref="fl-c5"/>
      </object_component>
      <object_component id="oc-89">
         <name>.debug_info</name>
         <load_address>0x4552</load_address>
         <run_address>0x4552</run_address>
         <size>0x46</size>
         <input_file_ref idref="fl-c5"/>
      </object_component>
      <object_component id="oc-bb">
         <name>.debug_info</name>
         <load_address>0x4598</load_address>
         <run_address>0x4598</run_address>
         <size>0x2c</size>
         <input_file_ref idref="fl-c5"/>
      </object_component>
      <object_component id="oc-46">
         <name>.debug_info</name>
         <load_address>0x45c4</load_address>
         <run_address>0x45c4</run_address>
         <size>0x2a8</size>
         <input_file_ref idref="fl-c6"/>
      </object_component>
      <object_component id="oc-1d">
         <name>.debug_info</name>
         <load_address>0x486c</load_address>
         <run_address>0x486c</run_address>
         <size>0x1ea</size>
         <input_file_ref idref="fl-c6"/>
      </object_component>
      <object_component id="oc-41">
         <name>.debug_info</name>
         <load_address>0x4a56</load_address>
         <run_address>0x4a56</run_address>
         <size>0x46</size>
         <input_file_ref idref="fl-c6"/>
      </object_component>
      <object_component id="oc-81">
         <name>.debug_info</name>
         <load_address>0x4a9c</load_address>
         <run_address>0x4a9c</run_address>
         <size>0x2c</size>
         <input_file_ref idref="fl-c6"/>
      </object_component>
      <object_component id="oc-7f">
         <name>.debug_info</name>
         <load_address>0x4ac8</load_address>
         <run_address>0x4ac8</run_address>
         <size>0x29e</size>
         <input_file_ref idref="fl-c7"/>
      </object_component>
      <object_component id="oc-19">
         <name>.debug_info</name>
         <load_address>0x4d66</load_address>
         <run_address>0x4d66</run_address>
         <size>0x250</size>
         <input_file_ref idref="fl-c7"/>
      </object_component>
      <object_component id="oc-31">
         <name>.debug_info</name>
         <load_address>0x4fb6</load_address>
         <run_address>0x4fb6</run_address>
         <size>0x60</size>
         <input_file_ref idref="fl-c7"/>
      </object_component>
      <object_component id="oc-b4">
         <name>.debug_info</name>
         <load_address>0x5016</load_address>
         <run_address>0x5016</run_address>
         <size>0x46</size>
         <input_file_ref idref="fl-c7"/>
      </object_component>
      <object_component id="oc-7a">
         <name>.debug_info</name>
         <load_address>0x505c</load_address>
         <run_address>0x505c</run_address>
         <size>0x39</size>
         <input_file_ref idref="fl-c7"/>
      </object_component>
      <object_component id="oc-193">
         <name>.debug_info</name>
         <load_address>0x5095</load_address>
         <run_address>0x5095</run_address>
         <size>0x28a</size>
         <input_file_ref idref="fl-c8"/>
      </object_component>
      <object_component id="oc-12e">
         <name>.debug_info</name>
         <load_address>0x531f</load_address>
         <run_address>0x531f</run_address>
         <size>0x273</size>
         <input_file_ref idref="fl-c8"/>
      </object_component>
      <object_component id="oc-195">
         <name>.debug_info</name>
         <load_address>0x5592</load_address>
         <run_address>0x5592</run_address>
         <size>0x2a4</size>
         <input_file_ref idref="fl-c9"/>
      </object_component>
      <object_component id="oc-133">
         <name>.debug_info</name>
         <load_address>0x5836</load_address>
         <run_address>0x5836</run_address>
         <size>0x24d</size>
         <input_file_ref idref="fl-c9"/>
      </object_component>
      <object_component id="oc-25">
         <name>.debug_info</name>
         <load_address>0x5a83</load_address>
         <run_address>0x5a83</run_address>
         <size>0x10b</size>
         <input_file_ref idref="fl-ca"/>
      </object_component>
      <object_component id="oc-5c">
         <name>.debug_info</name>
         <load_address>0x5b8e</load_address>
         <run_address>0x5b8e</run_address>
         <size>0x1a9</size>
         <input_file_ref idref="fl-ca"/>
      </object_component>
      <object_component id="oc-21f">
         <name>.debug_info</name>
         <load_address>0x5d37</load_address>
         <run_address>0x5d37</run_address>
         <size>0x590</size>
         <input_file_ref idref="fl-cb"/>
      </object_component>
      <object_component id="oc-1ea">
         <name>.debug_info</name>
         <load_address>0x62c7</load_address>
         <run_address>0x62c7</run_address>
         <size>0x21e</size>
         <input_file_ref idref="fl-cb"/>
      </object_component>
      <object_component id="oc-28d">
         <name>.debug_info</name>
         <load_address>0x64e5</load_address>
         <run_address>0x64e5</run_address>
         <size>0x1b3</size>
         <input_file_ref idref="fl-cb"/>
      </object_component>
      <object_component id="oc-293">
         <name>.debug_info</name>
         <load_address>0x6698</load_address>
         <run_address>0x6698</run_address>
         <size>0x21b</size>
         <input_file_ref idref="fl-cb"/>
      </object_component>
      <object_component id="oc-1f5">
         <name>.debug_info</name>
         <load_address>0x68b3</load_address>
         <run_address>0x68b3</run_address>
         <size>0x3c0</size>
         <input_file_ref idref="fl-cb"/>
      </object_component>
      <object_component id="oc-29a">
         <name>.debug_info</name>
         <load_address>0x6c73</load_address>
         <run_address>0x6c73</run_address>
         <size>0x30a</size>
         <input_file_ref idref="fl-cb"/>
      </object_component>
      <object_component id="oc-2a0">
         <name>.debug_info</name>
         <load_address>0x6f7d</load_address>
         <run_address>0x6f7d</run_address>
         <size>0x215</size>
         <input_file_ref idref="fl-cb"/>
      </object_component>
      <object_component id="oc-1fb">
         <name>.debug_info</name>
         <load_address>0x7192</load_address>
         <run_address>0x7192</run_address>
         <size>0x215</size>
         <input_file_ref idref="fl-cb"/>
      </object_component>
      <object_component id="oc-202">
         <name>.debug_info</name>
         <load_address>0x73a7</load_address>
         <run_address>0x73a7</run_address>
         <size>0x304</size>
         <input_file_ref idref="fl-cb"/>
      </object_component>
      <object_component id="oc-208">
         <name>.debug_info</name>
         <load_address>0x76ab</load_address>
         <run_address>0x76ab</run_address>
         <size>0x4b5</size>
         <input_file_ref idref="fl-cb"/>
      </object_component>
      <object_component id="oc-175">
         <name>.debug_info</name>
         <load_address>0x7b60</load_address>
         <run_address>0x7b60</run_address>
         <size>0x5f4</size>
         <input_file_ref idref="fl-cb"/>
      </object_component>
      <object_component id="oc-220">
         <name>.debug_info</name>
         <load_address>0x8154</load_address>
         <run_address>0x8154</run_address>
         <size>0x86</size>
         <input_file_ref idref="fl-cb"/>
      </object_component>
      <object_component id="oc-2ca">
         <name>.debug_info</name>
         <load_address>0x81da</load_address>
         <run_address>0x81da</run_address>
         <size>0x39</size>
         <input_file_ref idref="fl-cb"/>
      </object_component>
      <object_component id="oc-30d">
         <name>.debug_info</name>
         <load_address>0x8213</load_address>
         <run_address>0x8213</run_address>
         <size>0xb6</size>
         <input_file_ref idref="fl-cb"/>
      </object_component>
      <object_component id="oc-2cf">
         <name>.debug_info</name>
         <load_address>0x82c9</load_address>
         <run_address>0x82c9</run_address>
         <size>0x46</size>
         <input_file_ref idref="fl-cb"/>
      </object_component>
      <object_component id="oc-225">
         <name>.debug_info</name>
         <load_address>0x830f</load_address>
         <run_address>0x830f</run_address>
         <size>0x46</size>
         <input_file_ref idref="fl-cb"/>
      </object_component>
      <object_component id="oc-28a">
         <name>.debug_info</name>
         <load_address>0x8355</load_address>
         <run_address>0x8355</run_address>
         <size>0x14c</size>
         <input_file_ref idref="fl-cc"/>
      </object_component>
      <object_component id="oc-1f0">
         <name>.debug_info</name>
         <load_address>0x84a1</load_address>
         <run_address>0x84a1</run_address>
         <size>0x128</size>
         <input_file_ref idref="fl-cd"/>
      </object_component>
      <object_component id="oc-274">
         <name>.debug_info</name>
         <load_address>0x85c9</load_address>
         <run_address>0x85c9</run_address>
         <size>0x12a</size>
         <input_file_ref idref="fl-cd"/>
      </object_component>
      <object_component id="oc-270">
         <name>.debug_info</name>
         <load_address>0x86f3</load_address>
         <run_address>0x86f3</run_address>
         <size>0x13a</size>
         <input_file_ref idref="fl-ce"/>
      </object_component>
      <object_component id="oc-269">
         <name>.debug_info</name>
         <load_address>0x882d</load_address>
         <run_address>0x882d</run_address>
         <size>0x13a</size>
         <input_file_ref idref="fl-cf"/>
      </object_component>
      <object_component id="oc-278">
         <name>.debug_info</name>
         <load_address>0x8967</load_address>
         <run_address>0x8967</run_address>
         <size>0x12e</size>
         <input_file_ref idref="fl-d0"/>
      </object_component>
      <object_component id="oc-283">
         <name>.debug_info</name>
         <load_address>0x8a95</load_address>
         <run_address>0x8a95</run_address>
         <size>0x12c</size>
         <input_file_ref idref="fl-d1"/>
      </object_component>
      <object_component id="oc-90">
         <name>.debug_info</name>
         <load_address>0x8bc1</load_address>
         <run_address>0x8bc1</run_address>
         <size>0x147</size>
         <input_file_ref idref="fl-d2"/>
      </object_component>
      <object_component id="oc-263">
         <name>.debug_info</name>
         <load_address>0x8d08</load_address>
         <run_address>0x8d08</run_address>
         <size>0x134</size>
         <input_file_ref idref="fl-d3"/>
      </object_component>
      <object_component id="oc-154">
         <name>.debug_info</name>
         <load_address>0x8e3c</load_address>
         <run_address>0x8e3c</run_address>
         <size>0x4b3</size>
         <input_file_ref idref="fl-d4"/>
      </object_component>
      <object_component id="oc-e6">
         <name>.debug_info</name>
         <load_address>0x92ef</load_address>
         <run_address>0x92ef</run_address>
         <size>0x1a6</size>
         <input_file_ref idref="fl-d4"/>
      </object_component>
      <object_component id="oc-1c0">
         <name>.debug_info</name>
         <load_address>0x9495</load_address>
         <run_address>0x9495</run_address>
         <size>0x39</size>
         <input_file_ref idref="fl-d4"/>
      </object_component>
      <object_component id="oc-23b">
         <name>.debug_info</name>
         <load_address>0x94ce</load_address>
         <run_address>0x94ce</run_address>
         <size>0x39</size>
         <input_file_ref idref="fl-d4"/>
      </object_component>
      <object_component id="oc-1c5">
         <name>.debug_info</name>
         <load_address>0x9507</load_address>
         <run_address>0x9507</run_address>
         <size>0x39</size>
         <input_file_ref idref="fl-d4"/>
      </object_component>
      <object_component id="oc-1ca">
         <name>.debug_info</name>
         <load_address>0x9540</load_address>
         <run_address>0x9540</run_address>
         <size>0xcd</size>
         <input_file_ref idref="fl-d4"/>
      </object_component>
      <object_component id="oc-97">
         <name>.debug_info</name>
         <load_address>0x960d</load_address>
         <run_address>0x960d</run_address>
         <size>0x153</size>
         <input_file_ref idref="fl-d5"/>
      </object_component>
      <object_component id="oc-d8">
         <name>.debug_info</name>
         <load_address>0x9760</load_address>
         <run_address>0x9760</run_address>
         <size>0x122</size>
         <input_file_ref idref="fl-d7"/>
      </object_component>
      <object_component id="oc-2e8">
         <name>.debug_info</name>
         <load_address>0x9882</load_address>
         <run_address>0x9882</run_address>
         <size>0x29c</size>
         <input_file_ref idref="fl-d9"/>
      </object_component>
      <object_component id="oc-280">
         <name>.debug_info</name>
         <load_address>0x9b1e</load_address>
         <run_address>0x9b1e</run_address>
         <size>0x1da</size>
         <input_file_ref idref="fl-d9"/>
      </object_component>
      <object_component id="oc-260">
         <name>.debug_info</name>
         <load_address>0x9cf8</load_address>
         <run_address>0x9cf8</run_address>
         <size>0x2b9</size>
         <input_file_ref idref="fl-db"/>
      </object_component>
      <object_component id="oc-1e5">
         <name>.debug_info</name>
         <load_address>0x9fb1</load_address>
         <run_address>0x9fb1</run_address>
         <size>0x17c</size>
         <input_file_ref idref="fl-db"/>
      </object_component>
      <object_component id="oc-2da">
         <name>.debug_info</name>
         <load_address>0xa12d</load_address>
         <run_address>0xa12d</run_address>
         <size>0xf9</size>
         <input_file_ref idref="fl-dc"/>
      </object_component>
      <object_component id="oc-25d">
         <name>.debug_info</name>
         <load_address>0xa226</load_address>
         <run_address>0xa226</run_address>
         <size>0x105</size>
         <input_file_ref idref="fl-dc"/>
      </object_component>
      <object_component id="oc-2bb">
         <name>.debug_info</name>
         <load_address>0xa32b</load_address>
         <run_address>0xa32b</run_address>
         <size>0x2a7</size>
         <input_file_ref idref="fl-dd"/>
      </object_component>
      <object_component id="oc-20e">
         <name>.debug_info</name>
         <load_address>0xa5d2</load_address>
         <run_address>0xa5d2</run_address>
         <size>0x1b8</size>
         <input_file_ref idref="fl-dd"/>
      </object_component>
      <object_component id="oc-2ff">
         <name>.debug_info</name>
         <load_address>0xa78a</load_address>
         <run_address>0xa78a</run_address>
         <size>0x29a</size>
         <input_file_ref idref="fl-de"/>
      </object_component>
      <object_component id="oc-2b4">
         <name>.debug_info</name>
         <load_address>0xaa24</load_address>
         <run_address>0xaa24</run_address>
         <size>0x262</size>
         <input_file_ref idref="fl-de"/>
      </object_component>
      <object_component id="oc-25b">
         <name>.debug_info</name>
         <load_address>0xac86</load_address>
         <run_address>0xac86</run_address>
         <size>0x28f</size>
         <input_file_ref idref="fl-df"/>
      </object_component>
      <object_component id="oc-1e1">
         <name>.debug_info</name>
         <load_address>0xaf15</load_address>
         <run_address>0xaf15</run_address>
         <size>0x245</size>
         <input_file_ref idref="fl-df"/>
      </object_component>
      <object_component id="oc-2c7">
         <name>.debug_info</name>
         <load_address>0xb15a</load_address>
         <run_address>0xb15a</run_address>
         <size>0x289</size>
         <input_file_ref idref="fl-e0"/>
      </object_component>
      <object_component id="oc-2c4">
         <name>.debug_info</name>
         <load_address>0xb3e3</load_address>
         <run_address>0xb3e3</run_address>
         <size>0x10e</size>
         <input_file_ref idref="fl-e0"/>
      </object_component>
      <object_component id="oc-219">
         <name>.debug_info</name>
         <load_address>0xb4f1</load_address>
         <run_address>0xb4f1</run_address>
         <size>0x14e</size>
         <input_file_ref idref="fl-e0"/>
      </object_component>
      <object_component id="oc-2c2">
         <name>.debug_info</name>
         <load_address>0xb63f</load_address>
         <run_address>0xb63f</run_address>
         <size>0x28f</size>
         <input_file_ref idref="fl-e1"/>
      </object_component>
      <object_component id="oc-213">
         <name>.debug_info</name>
         <load_address>0xb8ce</load_address>
         <run_address>0xb8ce</run_address>
         <size>0x15a</size>
         <input_file_ref idref="fl-e1"/>
      </object_component>
      <object_component id="oc-302">
         <name>.debug_info</name>
         <load_address>0xba28</load_address>
         <run_address>0xba28</run_address>
         <size>0x46</size>
         <input_file_ref idref="fl-e1"/>
      </object_component>
      <object_component id="oc-2bd">
         <name>.debug_info</name>
         <load_address>0xba6e</load_address>
         <run_address>0xba6e</run_address>
         <size>0x39</size>
         <input_file_ref idref="fl-e1"/>
      </object_component>
      <object_component id="oc-2f0">
         <name>.debug_info</name>
         <load_address>0xbaa7</load_address>
         <run_address>0xbaa7</run_address>
         <size>0x295</size>
         <input_file_ref idref="fl-e2"/>
      </object_component>
      <object_component id="oc-2a8">
         <name>.debug_info</name>
         <load_address>0xbd3c</load_address>
         <run_address>0xbd3c</run_address>
         <size>0x195</size>
         <input_file_ref idref="fl-e2"/>
      </object_component>
      <object_component id="oc-319">
         <name>.debug_info</name>
         <load_address>0xbed1</load_address>
         <run_address>0xbed1</run_address>
         <size>0x39</size>
         <input_file_ref idref="fl-e2"/>
      </object_component>
      <object_component id="oc-2f1">
         <name>.debug_info</name>
         <load_address>0xbf0a</load_address>
         <run_address>0xbf0a</run_address>
         <size>0x2c</size>
         <input_file_ref idref="fl-e2"/>
      </object_component>
      <object_component id="oc-2fd">
         <name>.debug_info</name>
         <load_address>0xbf36</load_address>
         <run_address>0xbf36</run_address>
         <size>0x2f8</size>
         <input_file_ref idref="fl-e3"/>
      </object_component>
      <object_component id="oc-2ae">
         <name>.debug_info</name>
         <load_address>0xc22e</load_address>
         <run_address>0xc22e</run_address>
         <size>0x225</size>
         <input_file_ref idref="fl-e3"/>
      </object_component>
      <object_component id="oc-2de">
         <name>.debug_info</name>
         <load_address>0xc453</load_address>
         <run_address>0xc453</run_address>
         <size>0x115</size>
         <input_file_ref idref="fl-e4"/>
      </object_component>
      <object_component id="oc-2f8">
         <name>.debug_info</name>
         <load_address>0xc568</load_address>
         <run_address>0xc568</run_address>
         <size>0x161</size>
         <input_file_ref idref="fl-e5"/>
      </object_component>
      <object_component id="oc-1da">
         <name>.debug_info</name>
         <load_address>0xc6c9</load_address>
         <run_address>0xc6c9</run_address>
         <size>0x3b7</size>
         <input_file_ref idref="fl-e6"/>
      </object_component>
      <object_component id="oc-1d2">
         <name>.debug_info</name>
         <load_address>0xca80</load_address>
         <run_address>0xca80</run_address>
         <size>0x160</size>
         <input_file_ref idref="fl-e6"/>
      </object_component>
      <object_component id="oc-16a">
         <name>.debug_info</name>
         <load_address>0xcbe0</load_address>
         <run_address>0xcbe0</run_address>
         <size>0x2ca</size>
         <input_file_ref idref="fl-e6"/>
      </object_component>
      <object_component id="oc-255">
         <name>.debug_info</name>
         <load_address>0xceaa</load_address>
         <run_address>0xceaa</run_address>
         <size>0x26b</size>
         <input_file_ref idref="fl-e6"/>
      </object_component>
      <object_component id="oc-250">
         <name>.debug_info</name>
         <load_address>0xd115</load_address>
         <run_address>0xd115</run_address>
         <size>0x8b</size>
         <input_file_ref idref="fl-e6"/>
      </object_component>
      <object_component id="oc-249">
         <name>.debug_info</name>
         <load_address>0xd1a0</load_address>
         <run_address>0xd1a0</run_address>
         <size>0x297</size>
         <input_file_ref idref="fl-e6"/>
      </object_component>
      <object_component id="oc-1d5">
         <name>.debug_info</name>
         <load_address>0xd437</load_address>
         <run_address>0xd437</run_address>
         <size>0xbb</size>
         <input_file_ref idref="fl-e6"/>
      </object_component>
      <object_component id="oc-353">
         <name>.debug_info</name>
         <load_address>0xd4f2</load_address>
         <run_address>0xd4f2</run_address>
         <size>0x86</size>
      </object_component>
      <object_component id="oc-116">
         <name>.debug_line</name>
         <load_address>0x0</load_address>
         <run_address>0x0</run_address>
         <size>0x69</size>
         <input_file_ref idref="fl-2"/>
      </object_component>
      <object_component id="oc-1dc">
         <name>.debug_line</name>
         <load_address>0x69</load_address>
         <run_address>0x69</run_address>
         <size>0x2e</size>
         <input_file_ref idref="fl-2"/>
      </object_component>
      <object_component id="oc-11e">
         <name>.debug_line</name>
         <load_address>0x97</load_address>
         <run_address>0x97</run_address>
         <size>0x179</size>
         <input_file_ref idref="fl-2"/>
      </object_component>
      <object_component id="oc-73">
         <name>.debug_line</name>
         <load_address>0x210</load_address>
         <run_address>0x210</run_address>
         <size>0x6f</size>
         <input_file_ref idref="fl-2"/>
      </object_component>
      <object_component id="oc-39">
         <name>.debug_line</name>
         <load_address>0x27f</load_address>
         <run_address>0x27f</run_address>
         <size>0x20</size>
         <input_file_ref idref="fl-2"/>
      </object_component>
      <object_component id="oc-b0">
         <name>.debug_line</name>
         <load_address>0x29f</load_address>
         <run_address>0x29f</run_address>
         <size>0x73</size>
         <input_file_ref idref="fl-2"/>
      </object_component>
      <object_component id="oc-78">
         <name>.debug_line</name>
         <load_address>0x312</load_address>
         <run_address>0x312</run_address>
         <size>0x70</size>
         <input_file_ref idref="fl-2"/>
      </object_component>
      <object_component id="oc-c5">
         <name>.debug_line</name>
         <load_address>0x382</load_address>
         <run_address>0x382</run_address>
         <size>0x68</size>
         <input_file_ref idref="fl-3"/>
      </object_component>
      <object_component id="oc-2d5">
         <name>.debug_line</name>
         <load_address>0x3ea</load_address>
         <run_address>0x3ea</run_address>
         <size>0x4e</size>
         <input_file_ref idref="fl-4"/>
      </object_component>
      <object_component id="oc-9c">
         <name>.debug_line</name>
         <load_address>0x438</load_address>
         <run_address>0x438</run_address>
         <size>0x53</size>
         <input_file_ref idref="fl-4"/>
      </object_component>
      <object_component id="oc-1a0">
         <name>.debug_line</name>
         <load_address>0x48b</load_address>
         <run_address>0x48b</run_address>
         <size>0x6a</size>
         <input_file_ref idref="fl-4"/>
      </object_component>
      <object_component id="oc-140">
         <name>.debug_line</name>
         <load_address>0x4f5</load_address>
         <run_address>0x4f5</run_address>
         <size>0x6b</size>
         <input_file_ref idref="fl-4"/>
      </object_component>
      <object_component id="oc-19b">
         <name>.debug_line</name>
         <load_address>0x560</load_address>
         <run_address>0x560</run_address>
         <size>0x74</size>
         <input_file_ref idref="fl-4"/>
      </object_component>
      <object_component id="oc-197">
         <name>.debug_line</name>
         <load_address>0x5d4</load_address>
         <run_address>0x5d4</run_address>
         <size>0xc3</size>
         <input_file_ref idref="fl-5"/>
      </object_component>
      <object_component id="oc-120">
         <name>.debug_line</name>
         <load_address>0x697</load_address>
         <run_address>0x697</run_address>
         <size>0x45</size>
         <input_file_ref idref="fl-5"/>
      </object_component>
      <object_component id="oc-cb">
         <name>.debug_line</name>
         <load_address>0x6dc</load_address>
         <run_address>0x6dc</run_address>
         <size>0x19c</size>
         <input_file_ref idref="fl-5"/>
      </object_component>
      <object_component id="oc-6f">
         <name>.debug_line</name>
         <load_address>0x878</load_address>
         <run_address>0x878</run_address>
         <size>0x41</size>
         <input_file_ref idref="fl-6"/>
      </object_component>
      <object_component id="oc-2e">
         <name>.debug_line</name>
         <load_address>0x8b9</load_address>
         <run_address>0x8b9</run_address>
         <size>0x41</size>
         <input_file_ref idref="fl-6"/>
      </object_component>
      <object_component id="oc-2b">
         <name>.debug_line</name>
         <load_address>0x8fa</load_address>
         <run_address>0x8fa</run_address>
         <size>0xa1</size>
         <input_file_ref idref="fl-6"/>
      </object_component>
      <object_component id="oc-1a3">
         <name>.debug_line</name>
         <load_address>0x99b</load_address>
         <run_address>0x99b</run_address>
         <size>0x2d</size>
         <input_file_ref idref="fl-d"/>
      </object_component>
      <object_component id="oc-1af">
         <name>.debug_line</name>
         <load_address>0x9c8</load_address>
         <run_address>0x9c8</run_address>
         <size>0x2d</size>
         <input_file_ref idref="fl-d"/>
      </object_component>
      <object_component id="oc-d5">
         <name>.debug_line</name>
         <load_address>0x9f5</load_address>
         <run_address>0x9f5</run_address>
         <size>0x147</size>
         <input_file_ref idref="fl-d"/>
      </object_component>
      <object_component id="oc-1ac">
         <name>.debug_line</name>
         <load_address>0xb3c</load_address>
         <run_address>0xb3c</run_address>
         <size>0x69</size>
         <input_file_ref idref="fl-d"/>
      </object_component>
      <object_component id="oc-236">
         <name>.debug_line</name>
         <load_address>0xba5</load_address>
         <run_address>0xba5</run_address>
         <size>0x6d</size>
         <input_file_ref idref="fl-d"/>
      </object_component>
      <object_component id="oc-1a7">
         <name>.debug_line</name>
         <load_address>0xc12</load_address>
         <run_address>0xc12</run_address>
         <size>0x6a</size>
         <input_file_ref idref="fl-d"/>
      </object_component>
      <object_component id="oc-22d">
         <name>.debug_line</name>
         <load_address>0xc7c</load_address>
         <run_address>0xc7c</run_address>
         <size>0x2f</size>
         <input_file_ref idref="fl-c3"/>
      </object_component>
      <object_component id="oc-127">
         <name>.debug_line</name>
         <load_address>0xcab</load_address>
         <run_address>0xcab</run_address>
         <size>0x55</size>
         <input_file_ref idref="fl-c3"/>
      </object_component>
      <object_component id="oc-17e">
         <name>.debug_line</name>
         <load_address>0xd00</load_address>
         <run_address>0xd00</run_address>
         <size>0x59</size>
         <input_file_ref idref="fl-c3"/>
      </object_component>
      <object_component id="oc-184">
         <name>.debug_line</name>
         <load_address>0xd59</load_address>
         <run_address>0xd59</run_address>
         <size>0x47</size>
         <input_file_ref idref="fl-c3"/>
      </object_component>
      <object_component id="oc-18b">
         <name>.debug_line</name>
         <load_address>0xda0</load_address>
         <run_address>0xda0</run_address>
         <size>0x91</size>
         <input_file_ref idref="fl-c3"/>
      </object_component>
      <object_component id="oc-190">
         <name>.debug_line</name>
         <load_address>0xe31</load_address>
         <run_address>0xe31</run_address>
         <size>0x2f</size>
         <input_file_ref idref="fl-c3"/>
      </object_component>
      <object_component id="oc-3f">
         <name>.debug_line</name>
         <load_address>0xe60</load_address>
         <run_address>0xe60</run_address>
         <size>0x88</size>
         <input_file_ref idref="fl-c4"/>
      </object_component>
      <object_component id="oc-c1">
         <name>.debug_line</name>
         <load_address>0xee8</load_address>
         <run_address>0xee8</run_address>
         <size>0x92</size>
         <input_file_ref idref="fl-c5"/>
      </object_component>
      <object_component id="oc-49">
         <name>.debug_line</name>
         <load_address>0xf7a</load_address>
         <run_address>0xf7a</run_address>
         <size>0x4c</size>
         <input_file_ref idref="fl-c5"/>
      </object_component>
      <object_component id="oc-8c">
         <name>.debug_line</name>
         <load_address>0xfc6</load_address>
         <run_address>0xfc6</run_address>
         <size>0x34</size>
         <input_file_ref idref="fl-c5"/>
      </object_component>
      <object_component id="oc-be">
         <name>.debug_line</name>
         <load_address>0xffa</load_address>
         <run_address>0xffa</run_address>
         <size>0x92</size>
         <input_file_ref idref="fl-c5"/>
      </object_component>
      <object_component id="oc-87">
         <name>.debug_line</name>
         <load_address>0x108c</load_address>
         <run_address>0x108c</run_address>
         <size>0x20</size>
         <input_file_ref idref="fl-c6"/>
      </object_component>
      <object_component id="oc-1f">
         <name>.debug_line</name>
         <load_address>0x10ac</load_address>
         <run_address>0x10ac</run_address>
         <size>0x55</size>
         <input_file_ref idref="fl-c6"/>
      </object_component>
      <object_component id="oc-44">
         <name>.debug_line</name>
         <load_address>0x1101</load_address>
         <run_address>0x1101</run_address>
         <size>0x3a</size>
         <input_file_ref idref="fl-c6"/>
      </object_component>
      <object_component id="oc-84">
         <name>.debug_line</name>
         <load_address>0x113b</load_address>
         <run_address>0x113b</run_address>
         <size>0x92</size>
         <input_file_ref idref="fl-c6"/>
      </object_component>
      <object_component id="oc-ba">
         <name>.debug_line</name>
         <load_address>0x11cd</load_address>
         <run_address>0x11cd</run_address>
         <size>0x20</size>
         <input_file_ref idref="fl-c7"/>
      </object_component>
      <object_component id="oc-17">
         <name>.debug_line</name>
         <load_address>0x11ed</load_address>
         <run_address>0x11ed</run_address>
         <size>0xa9</size>
         <input_file_ref idref="fl-c7"/>
      </object_component>
      <object_component id="oc-34">
         <name>.debug_line</name>
         <load_address>0x1296</load_address>
         <run_address>0x1296</run_address>
         <size>0x3a</size>
         <input_file_ref idref="fl-c7"/>
      </object_component>
      <object_component id="oc-b7">
         <name>.debug_line</name>
         <load_address>0x12d0</load_address>
         <run_address>0x12d0</run_address>
         <size>0x9a</size>
         <input_file_ref idref="fl-c7"/>
      </object_component>
      <object_component id="oc-7d">
         <name>.debug_line</name>
         <load_address>0x136a</load_address>
         <run_address>0x136a</run_address>
         <size>0x96</size>
         <input_file_ref idref="fl-c7"/>
      </object_component>
      <object_component id="oc-22f">
         <name>.debug_line</name>
         <load_address>0x1400</load_address>
         <run_address>0x1400</run_address>
         <size>0x20</size>
         <input_file_ref idref="fl-c8"/>
      </object_component>
      <object_component id="oc-130">
         <name>.debug_line</name>
         <load_address>0x1420</load_address>
         <run_address>0x1420</run_address>
         <size>0xad</size>
         <input_file_ref idref="fl-c8"/>
      </object_component>
      <object_component id="oc-231">
         <name>.debug_line</name>
         <load_address>0x14cd</load_address>
         <run_address>0x14cd</run_address>
         <size>0x20</size>
         <input_file_ref idref="fl-c9"/>
      </object_component>
      <object_component id="oc-137">
         <name>.debug_line</name>
         <load_address>0x14ed</load_address>
         <run_address>0x14ed</run_address>
         <size>0xa8</size>
         <input_file_ref idref="fl-c9"/>
      </object_component>
      <object_component id="oc-6c">
         <name>.debug_line</name>
         <load_address>0x1595</load_address>
         <run_address>0x1595</run_address>
         <size>0x33</size>
         <input_file_ref idref="fl-ca"/>
      </object_component>
      <object_component id="oc-5b">
         <name>.debug_line</name>
         <load_address>0x15c8</load_address>
         <run_address>0x15c8</run_address>
         <size>0x45</size>
         <input_file_ref idref="fl-ca"/>
      </object_component>
      <object_component id="oc-2c9">
         <name>.debug_line</name>
         <load_address>0x160d</load_address>
         <run_address>0x160d</run_address>
         <size>0x264</size>
         <input_file_ref idref="fl-cb"/>
      </object_component>
      <object_component id="oc-1ed">
         <name>.debug_line</name>
         <load_address>0x1871</load_address>
         <run_address>0x1871</run_address>
         <size>0x7a</size>
         <input_file_ref idref="fl-cb"/>
      </object_component>
      <object_component id="oc-290">
         <name>.debug_line</name>
         <load_address>0x18eb</load_address>
         <run_address>0x18eb</run_address>
         <size>0x51</size>
         <input_file_ref idref="fl-cb"/>
      </object_component>
      <object_component id="oc-296">
         <name>.debug_line</name>
         <load_address>0x193c</load_address>
         <run_address>0x193c</run_address>
         <size>0x88</size>
         <input_file_ref idref="fl-cb"/>
      </object_component>
      <object_component id="oc-1f8">
         <name>.debug_line</name>
         <load_address>0x19c4</load_address>
         <run_address>0x19c4</run_address>
         <size>0x14b</size>
         <input_file_ref idref="fl-cb"/>
      </object_component>
      <object_component id="oc-29d">
         <name>.debug_line</name>
         <load_address>0x1b0f</load_address>
         <run_address>0x1b0f</run_address>
         <size>0xec</size>
         <input_file_ref idref="fl-cb"/>
      </object_component>
      <object_component id="oc-2a3">
         <name>.debug_line</name>
         <load_address>0x1bfb</load_address>
         <run_address>0x1bfb</run_address>
         <size>0x5d</size>
         <input_file_ref idref="fl-cb"/>
      </object_component>
      <object_component id="oc-1fe">
         <name>.debug_line</name>
         <load_address>0x1c58</load_address>
         <run_address>0x1c58</run_address>
         <size>0x5c</size>
         <input_file_ref idref="fl-cb"/>
      </object_component>
      <object_component id="oc-201">
         <name>.debug_line</name>
         <load_address>0x1cb4</load_address>
         <run_address>0x1cb4</run_address>
         <size>0xae</size>
         <input_file_ref idref="fl-cb"/>
      </object_component>
      <object_component id="oc-207">
         <name>.debug_line</name>
         <load_address>0x1d62</load_address>
         <run_address>0x1d62</run_address>
         <size>0x1ac</size>
         <input_file_ref idref="fl-cb"/>
      </object_component>
      <object_component id="oc-178">
         <name>.debug_line</name>
         <load_address>0x1f0e</load_address>
         <run_address>0x1f0e</run_address>
         <size>0x76f</size>
         <input_file_ref idref="fl-cb"/>
      </object_component>
      <object_component id="oc-223">
         <name>.debug_line</name>
         <load_address>0x267d</load_address>
         <run_address>0x267d</run_address>
         <size>0x92</size>
         <input_file_ref idref="fl-cb"/>
      </object_component>
      <object_component id="oc-2cd">
         <name>.debug_line</name>
         <load_address>0x270f</load_address>
         <run_address>0x270f</run_address>
         <size>0x92</size>
         <input_file_ref idref="fl-cb"/>
      </object_component>
      <object_component id="oc-310">
         <name>.debug_line</name>
         <load_address>0x27a1</load_address>
         <run_address>0x27a1</run_address>
         <size>0x9a</size>
         <input_file_ref idref="fl-cb"/>
      </object_component>
      <object_component id="oc-2d2">
         <name>.debug_line</name>
         <load_address>0x283b</load_address>
         <run_address>0x283b</run_address>
         <size>0x97</size>
         <input_file_ref idref="fl-cb"/>
      </object_component>
      <object_component id="oc-228">
         <name>.debug_line</name>
         <load_address>0x28d2</load_address>
         <run_address>0x28d2</run_address>
         <size>0x2e</size>
         <input_file_ref idref="fl-cb"/>
      </object_component>
      <object_component id="oc-288">
         <name>.debug_line</name>
         <load_address>0x2900</load_address>
         <run_address>0x2900</run_address>
         <size>0xd2</size>
         <input_file_ref idref="fl-cc"/>
      </object_component>
      <object_component id="oc-1f3">
         <name>.debug_line</name>
         <load_address>0x29d2</load_address>
         <run_address>0x29d2</run_address>
         <size>0x77</size>
         <input_file_ref idref="fl-cd"/>
      </object_component>
      <object_component id="oc-273">
         <name>.debug_line</name>
         <load_address>0x2a49</load_address>
         <run_address>0x2a49</run_address>
         <size>0x77</size>
         <input_file_ref idref="fl-cd"/>
      </object_component>
      <object_component id="oc-26f">
         <name>.debug_line</name>
         <load_address>0x2ac0</load_address>
         <run_address>0x2ac0</run_address>
         <size>0xa8</size>
         <input_file_ref idref="fl-ce"/>
      </object_component>
      <object_component id="oc-26c">
         <name>.debug_line</name>
         <load_address>0x2b68</load_address>
         <run_address>0x2b68</run_address>
         <size>0x8e</size>
         <input_file_ref idref="fl-cf"/>
      </object_component>
      <object_component id="oc-27b">
         <name>.debug_line</name>
         <load_address>0x2bf6</load_address>
         <run_address>0x2bf6</run_address>
         <size>0x5a</size>
         <input_file_ref idref="fl-d0"/>
      </object_component>
      <object_component id="oc-286">
         <name>.debug_line</name>
         <load_address>0x2c50</load_address>
         <run_address>0x2c50</run_address>
         <size>0x50</size>
         <input_file_ref idref="fl-d1"/>
      </object_component>
      <object_component id="oc-93">
         <name>.debug_line</name>
         <load_address>0x2ca0</load_address>
         <run_address>0x2ca0</run_address>
         <size>0x79</size>
         <input_file_ref idref="fl-d2"/>
      </object_component>
      <object_component id="oc-262">
         <name>.debug_line</name>
         <load_address>0x2d19</load_address>
         <run_address>0x2d19</run_address>
         <size>0x81</size>
         <input_file_ref idref="fl-d3"/>
      </object_component>
      <object_component id="oc-1bf">
         <name>.debug_line</name>
         <load_address>0x2d9a</load_address>
         <run_address>0x2d9a</run_address>
         <size>0xbf</size>
         <input_file_ref idref="fl-d4"/>
      </object_component>
      <object_component id="oc-e5">
         <name>.debug_line</name>
         <load_address>0x2e59</load_address>
         <run_address>0x2e59</run_address>
         <size>0x6f</size>
         <input_file_ref idref="fl-d4"/>
      </object_component>
      <object_component id="oc-1c3">
         <name>.debug_line</name>
         <load_address>0x2ec8</load_address>
         <run_address>0x2ec8</run_address>
         <size>0x2e</size>
         <input_file_ref idref="fl-d4"/>
      </object_component>
      <object_component id="oc-23e">
         <name>.debug_line</name>
         <load_address>0x2ef6</load_address>
         <run_address>0x2ef6</run_address>
         <size>0x9a</size>
         <input_file_ref idref="fl-d4"/>
      </object_component>
      <object_component id="oc-1c8">
         <name>.debug_line</name>
         <load_address>0x2f90</load_address>
         <run_address>0x2f90</run_address>
         <size>0x97</size>
         <input_file_ref idref="fl-d4"/>
      </object_component>
      <object_component id="oc-1cd">
         <name>.debug_line</name>
         <load_address>0x3027</load_address>
         <run_address>0x3027</run_address>
         <size>0x93</size>
         <input_file_ref idref="fl-d4"/>
      </object_component>
      <object_component id="oc-96">
         <name>.debug_line</name>
         <load_address>0x30ba</load_address>
         <run_address>0x30ba</run_address>
         <size>0x40</size>
         <input_file_ref idref="fl-d5"/>
      </object_component>
      <object_component id="oc-dc">
         <name>.debug_line</name>
         <load_address>0x30fa</load_address>
         <run_address>0x30fa</run_address>
         <size>0x3c</size>
         <input_file_ref idref="fl-d7"/>
      </object_component>
      <object_component id="oc-316">
         <name>.debug_line</name>
         <load_address>0x3136</load_address>
         <run_address>0x3136</run_address>
[...]
            </allocated_space>
            <allocated_space>
               <start_address>0x26c</start_address>
               <size>0x25d8</size>
               <logical_group_ref idref="lg-4"/>
            </allocated_space>
            <allocated_space>
               <start_address>0x2844</start_address>
               <size>0x109</size>
               <logical_group_ref idref="lg-5"/>
            </allocated_space>
            <available_space>
               <start_address>0x294d</start_address>
               <size>0x3</size>
            </available_space>
            <allocated_space>
               <start_address>0x2950</start_address>
               <size>0x40</size>
               <logical_group_ref idref="lg-6"/>
            </allocated_space>
            <available_space>
               <start_address>0x2990</start_address>
               <size>0x3d670</size>
            </available_space>
         </usage_details>
      </memory_area>
      <memory_area display="yes" color="green">
         <name>SRAM</name>
         <page_id>0x0</page_id>
         <origin>0x20000000</origin>
         <length>0x8000</length>
         <used_space>0xb02</used_space>
         <unused_space>0x74fe</unused_space>
         <attributes>RWX</attributes>
         <usage_details>
            <allocated_space>
               <start_address>0x20000000</start_address>
               <size>0x0</size>
               <logical_group_ref idref="lg-325"/>
            </allocated_space>
            <allocated_space>
               <start_address>0x20000000</start_address>
               <size>0x26c</size>
               <logical_group_ref idref="lg-9"/>
            </allocated_space>
            <available_space>
               <start_address>0x2000026c</start_address>
               <size>0x4</size>
            </available_space>
            <allocated_space>
               <start_address>0x20000270</start_address>
               <size>0x800</size>
               <logical_group_ref idref="lg-d"/>
            </allocated_space>
            <allocated_space>
               <start_address>0x20000a70</start_address>
               <size>0x8c</size>
               <logical_group_ref idref="lg-b"/>
            </allocated_space>
            <allocated_space>
               <start_address>0x20000afc</start_address>
               <size>0xa</size>
               <logical_group_ref idref="lg-a"/>
            </allocated_space>
            <available_space>
               <start_address>0x20000b06</start_address>
               <size>0x74fa</size>
            </available_space>
         </usage_details>
      </memory_area>
   </placement_map>
   <cptbl_list>
      <cptbl>
         <name>__TI_cinit_table</name>
         <cprec>
            <name>.bss</name>
            <load_address>0x2960</load_address>
            <load_size>0x8</load_size>
            <run_address>0x20000a70</run_address>
            <run_size>0x8c</run_size>
            <compression>zero_init</compression>
         </cprec>
         <cprec>
            <name>.vtable</name>
            <load_address>0x2968</load_address>
            <load_size>0x8</load_size>
            <run_address>0x20000000</run_address>
            <run_size>0x26c</run_size>
            <compression>zero_init</compression>
         </cprec>
         <cprec>
            <name>.data</name>
            <load_address>0x2970</load_address>
            <load_size>0x7</load_size>
            <run_address>0x20000afc</run_address>
            <run_size>0xa</run_size>
            <compression>lzss</compression>
         </cprec>
      </cptbl>
   </cptbl_list>
   <handler_table>
      <handler_table_name>__TI_handler_table</handler_table_name>
      <handler>
         <index>0x0</index>
         <name>__TI_zero_init</name>
      </handler>
      <handler>
         <index>0x1</index>
         <name>__TI_decompress_lzss</name>
      </handler>
      <handler>
         <index>0x2</index>
         <name>__TI_decompress_none</name>
      </handler>
   </handler_table>
   <symbol_table>
      <symbol id="sm-1">
         <name>__STACK_TOP</name>
         <value>0x20000470</value>
      </symbol>
      <symbol id="sm-2">
         <name>__start___llvm_prf_cnts</name>
         <value>0x20000000</value>
      </symbol>
      <symbol id="sm-3">
         <name>__stop___llvm_prf_cnts</name>
         <value>0x20000000</value>
      </symbol>
      <symbol id="sm-4">
         <name>__TI_CINIT_Base</name>
         <value>0x2978</value>
      </symbol>
      <symbol id="sm-5">
         <name>__TI_CINIT_Limit</name>
         <value>0x2990</value>
      </symbol>
      <symbol id="sm-6">
         <name>__TI_Handler_Table_Base</name>
         <value>0x2950</value>
      </symbol>
      <symbol id="sm-7">
         <name>__TI_Handler_Table_Limit</name>
         <value>0x295c</value>
      </symbol>
      <symbol id="sm-8">
         <name>binit</name>
         <value>0xffffffff</value>
      </symbol>
      <symbol id="sm-9">
         <name>__binit__</name>
         <value>0xffffffff</value>
      </symbol>
      <symbol id="sm-a">
         <name>__STACK_SIZE</name>
         <value>0x800</value>
      </symbol>
      <symbol id="sm-b">
         <name>__STACK_END</name>
         <value>0x20000a70</value>
      </symbol>
      <symbol id="sm-c">
         <name>__c_args__</name>
         <value>0xffffffff</value>
      </symbol>
      <symbol id="sm-d">
         <name>__TI_pprof_out_hndl</name>
         <value>0xffffffff</value>
      </symbol>
      <symbol id="sm-e">
         <name>__TI_prof_data_start</name>
         <value>0xffffffff</value>
      </symbol>
      <symbol id="sm-f">
         <name>__TI_prof_data_size</name>
         <value>0xffffffff</value>
      </symbol>
      <symbol id="sm-75">
         <name>_timeout_ticks</name>
         <value>0x20000af8</value>
      </symbol>
      <symbol id="sm-76">
         <name>timer_pause</name>
         <value>0x12f7</value>
         <object_component_ref idref="oc-119"/>
      </symbol>
      <symbol id="sm-77">
         <name>timer_resume</name>
         <value>0x1309</value>
         <object_component_ref idref="oc-119"/>
      </symbol>
      <symbol id="sm-78">
         <name>timer_getMillis</name>
         <value>0x131b</value>
         <object_component_ref idref="oc-119"/>
      </symbol>
      <symbol id="sm-79">
         <name>_running</name>
         <value>0x20000b04</value>
         <object_component_ref idref="oc-16f"/>
      </symbol>
      <symbol id="sm-7a">
         <name>timer_init</name>
         <value>0x1255</value>
         <object_component_ref idref="oc-119"/>
      </symbol>
      <symbol id="sm-7b">
         <name>timer_stop</name>
         <value>0x12cd</value>
         <object_component_ref idref="oc-119"/>
      </symbol>
      <symbol id="sm-7c">
         <name>timer_getMicros</name>
         <value>0x1373</value>
         <object_component_ref idref="oc-119"/>
      </symbol>
      <symbol id="sm-7d">
         <name>timer_waitMillis</name>
         <value>0x13ff</value>
         <object_component_ref idref="oc-119"/>
      </symbol>
      <symbol id="sm-7e">
         <name>timer_waitMicros</name>
         <value>0x13cd</value>
         <object_component_ref idref="oc-119"/>
      </symbol>
      <symbol id="sm-92">
         <name>button_getButton</name>
         <value>0x25c9</value>
         <object_component_ref idref="oc-c4"/>
      </symbol>
      <symbol id="sm-93">
         <name>button_init</name>
         <value>0x259d</value>
         <object_component_ref idref="oc-c4"/>
      </symbol>
      <symbol id="sm-b0">
         <name>main</name>
         <value>0x27bb</value>
         <object_component_ref idref="oc-9b"/>
      </symbol>
      <symbol id="sm-ed">
         <name>lcd_sendCommand</name>
         <value>0xe0f</value>
         <object_component_ref idref="oc-ca"/>
      </symbol>
      <symbol id="sm-ee">
         <name>lcd_sendNibble</name>
         <value>0xe4d</value>
         <object_component_ref idref="oc-ca"/>
      </symbol>
      <symbol id="sm-ef">
         <name>lcd_clear</name>
         <value>0x2809</value>
         <object_component_ref idref="oc-11f"/>
      </symbol>
      <symbol id="sm-f0">
         <name>lcd_printf</name>
         <value>0xef7</value>
         <object_component_ref idref="oc-ca"/>
      </symbol>
      <symbol id="sm-f1">
         <name>lcd_setCursorPos</name>
         <value>0xeb9</value>
         <object_component_ref idref="oc-ca"/>
      </symbol>
      <symbol id="sm-f2">
         <name>lcd_init</name>
         <value>0xcf9</value>
         <object_component_ref idref="oc-ca"/>
      </symbol>
      <symbol id="sm-f3">
         <name>lcd_puts</name>
         <value>0xdf1</value>
         <object_component_ref idref="oc-ca"/>
      </symbol>
      <symbol id="sm-f4">
         <name>lcd_putc</name>
         <value>0xdb9</value>
         <object_component_ref idref="oc-ca"/>
      </symbol>
      <symbol id="sm-f5">
         <name>lcd_reverseNibble</name>
         <value>0xcbd</value>
         <object_component_ref idref="oc-ca"/>
      </symbol>
      <symbol id="sm-f6">
         <name>lcd_gotoLine</name>
         <value>0xe91</value>
         <object_component_ref idref="oc-ca"/>
      </symbol>
      <symbol id="sm-112">
         <name>ResetISR</name>
         <value>0x2827</value>
         <object_component_ref idref="oc-27"/>
      </symbol>
      <symbol id="sm-113">
         <name>g_pfnVectors</name>
         <value>0x0</value>
         <object_component_ref idref="oc-12"/>
      </symbol>
      <symbol id="sm-14f">
         <name>isr_char_buffer</name>
         <value>0x20000ac4</value>
      </symbol>
      <symbol id="sm-150">
         <name>cyBot_getByte</name>
         <value>0x1913</value>
         <object_component_ref idref="oc-d0"/>
      </symbol>
      <symbol id="sm-151">
         <name>cyBot_sendByte</name>
         <value>0x1825</value>
         <object_component_ref idref="oc-d0"/>
      </symbol>
      <symbol id="sm-152">
         <name>cyBot_uart_sendStr</name>
         <value>0x1831</value>
         <object_component_ref idref="oc-d0"/>
      </symbol>
      <symbol id="sm-153">
         <name>isr_counter</name>
         <value>0x20000afc</value>
         <object_component_ref idref="oc-145"/>
      </symbol>
      <symbol id="sm-154">
         <name>cyBot_uart_sendBuffer</name>
         <value>0x184b</value>
         <object_component_ref idref="oc-d0"/>
      </symbol>
      <symbol id="sm-155">
         <name>cyBot_uart_flush</name>
         <value>0x18f5</value>
         <object_component_ref idref="oc-d0"/>
      </symbol>
      <symbol id="sm-156">
         <name>cyBot_UART1_Handler</name>
         <value>0x192d</value>
         <object_component_ref idref="oc-d0"/>
      </symbol>
      <symbol id="sm-157">
         <name>cyBot_uart_init</name>
         <value>0x1863</value>
         <object_component_ref idref="oc-d0"/>
      </symbol>
      <symbol id="sm-186">
         <name>vsnprintf</name>
         <value>0x25dd</value>
         <object_component_ref idref="oc-126"/>
      </symbol>
      <symbol id="sm-1a1">
         <name>memcpy</name>
         <value>0x1fd7</value>
         <object_component_ref idref="oc-3b"/>
      </symbol>
      <symbol id="sm-1a2">
         <name>__aeabi_memcpy</name>
         <value>0x1fd7</value>
         <object_component_ref idref="oc-3b"/>
      </symbol>
      <symbol id="sm-1a3">
         <name>__aeabi_memcpy8</name>
         <value>0x1fd7</value>
         <object_component_ref idref="oc-3b"/>
      </symbol>
      <symbol id="sm-1a4">
         <name>__aeabi_memcpy4</name>
         <value>0x1fd7</value>
         <object_component_ref idref="oc-3b"/>
      </symbol>
      <symbol id="sm-1bd">
         <name>__TI_zero_init_nomemset</name>
         <value>0x2723</value>
         <object_component_ref idref="oc-47"/>
      </symbol>
      <symbol id="sm-1d4">
         <name>__TI_decompress_none</name>
         <value>0x2819</value>
         <object_component_ref idref="oc-1b"/>
      </symbol>
      <symbol id="sm-1f7">
         <name>__TI_decompress_lzss</name>
         <value>0x22fd</value>
         <object_component_ref idref="oc-15"/>
      </symbol>
      <symbol id="sm-206">
         <name>strcmp</name>
         <value>0x278d</value>
         <object_component_ref idref="oc-12c"/>
      </symbol>
      <symbol id="sm-214">
         <name>strcpy</name>
         <value>0x27cf</value>
         <object_component_ref idref="oc-132"/>
      </symbol>
      <symbol id="sm-227">
         <name>__stack</name>
         <value>0x20000270</value>
         <object_component_ref idref="oc-24"/>
      </symbol>
      <symbol id="sm-228">
         <name>_c_int00_noargs</name>
         <value>0x2691</value>
         <object_component_ref idref="oc-59"/>
      </symbol>
      <symbol id="sm-38d">
         <name>__TI_printfi</name>
         <value>0x26d</value>
         <object_component_ref idref="oc-174"/>
      </symbol>
      <symbol id="sm-3a4">
         <name>__aeabi_dsub</name>
         <value>0x166d</value>
         <object_component_ref idref="oc-287"/>
      </symbol>
      <symbol id="sm-3a5">
         <name>__aeabi_dadd</name>
         <value>0x1677</value>
         <object_component_ref idref="oc-287"/>
      </symbol>
      <symbol id="sm-3c7">
         <name>__aeabi_cdcmpeq</name>
         <value>0x2109</value>
         <object_component_ref idref="oc-1ef"/>
      </symbol>
      <symbol id="sm-3c8">
         <name>__aeabi_cdcmple</name>
         <value>0x2109</value>
         <object_component_ref idref="oc-1ef"/>
      </symbol>
      <symbol id="sm-3c9">
         <name>__aeabi_cdrcmple</name>
         <value>0x218f</value>
         <object_component_ref idref="oc-272"/>
      </symbol>
      <symbol id="sm-3dd">
         <name>__aeabi_ddiv</name>
         <value>0x1abd</value>
         <object_component_ref idref="oc-26d"/>
      </symbol>
      <symbol id="sm-3e8">
         <name>__aeabi_dmul</name>
         <value>0x1e29</value>
         <object_component_ref idref="oc-268"/>
      </symbol>
      <symbol id="sm-3f2">
         <name>__aeabi_d2iz</name>
         <value>0x2511</value>
         <object_component_ref idref="oc-277"/>
      </symbol>
      <symbol id="sm-3fc">
         <name>__aeabi_i2d</name>
         <value>0x26f5</value>
         <object_component_ref idref="oc-282"/>
      </symbol>
      <symbol id="sm-40b">
         <name>__aeabi_memset</name>
         <value>0x2217</value>
         <object_component_ref idref="oc-8f"/>
      </symbol>
      <symbol id="sm-40c">
         <name>memset</name>
         <value>0x221d</value>
         <object_component_ref idref="oc-8f"/>
      </symbol>
      <symbol id="sm-40d">
         <name>__aeabi_memset8</name>
         <value>0x2217</value>
         <object_component_ref idref="oc-8f"/>
      </symbol>
      <symbol id="sm-40e">
         <name>__aeabi_memset4</name>
         <value>0x2217</value>
         <object_component_ref idref="oc-8f"/>
      </symbol>
      <symbol id="sm-40f">
         <name>__aeabi_memclr8</name>
         <value>0x2215</value>
         <object_component_ref idref="oc-8f"/>
      </symbol>
      <symbol id="sm-410">
         <name>__aeabi_memclr4</name>
         <value>0x2215</value>
         <object_component_ref idref="oc-8f"/>
      </symbol>
      <symbol id="sm-411">
         <name>__aeabi_memclr</name>
         <value>0x2215</value>
         <object_component_ref idref="oc-8f"/>
      </symbol>
      <symbol id="sm-41e">
         <name>__aeabi_uldivmod</name>
         <value>0x2073</value>
         <object_component_ref idref="oc-261"/>
      </symbol>
      <symbol id="sm-446">
         <name>__TI_auto_init_nobinit_nopinit</name>
         <value>0x2559</value>
         <object_component_ref idref="oc-e3"/>
      </symbol>
      <symbol id="sm-450">
         <name>_system_pre_init</name>
         <value>0x283d</value>
         <object_component_ref idref="oc-95"/>
      </symbol>
      <symbol id="sm-45c">
         <name>C$$EXIT</name>
         <value>0x2841</value>
         <object_component_ref idref="oc-d7"/>
      </symbol>
      <symbol id="sm-45d">
         <name>abort</name>
         <value>0x2841</value>
         <object_component_ref idref="oc-d7"/>
      </symbol>
      <symbol id="sm-46d">
         <name>__TI_ltoa</name>
         <value>0x241f</value>
         <object_component_ref idref="oc-27c"/>
      </symbol>
      <symbol id="sm-484">
         <name>atoi</name>
         <value>0x24c5</value>
         <object_component_ref idref="oc-1e3"/>
      </symbol>
      <symbol id="sm-48f">
         <name>_ctypes_</name>
         <value>0x2844</value>
         <object_component_ref idref="oc-25c"/>
      </symbol>
      <symbol id="sm-49f">
         <name>memccpy</name>
         <value>0x273f</value>
         <object_component_ref idref="oc-20c"/>
      </symbol>
      <symbol id="sm-4af">
         <name>strchr</name>
         <value>0x27a5</value>
         <object_component_ref idref="oc-2b3"/>
      </symbol>
      <symbol id="sm-4bd">
         <name>strlen</name>
         <value>0x27e3</value>
         <object_component_ref idref="oc-1dd"/>
      </symbol>
      <symbol id="sm-4d3">
         <name>__aeabi_errno_addr</name>
         <value>0x2835</value>
         <object_component_ref idref="oc-218"/>
      </symbol>
      <symbol id="sm-4d4">
         <name>errno</name>
         <value>0x20000b00</value>
         <object_component_ref idref="oc-2c3"/>
      </symbol>
      <symbol id="sm-4ed">
         <name>wcslen</name>
         <value>0x27f7</value>
         <object_component_ref idref="oc-212"/>
      </symbol>
      <symbol id="sm-50d">
         <name>frexpl</name>
         <value>0x2365</value>
         <object_component_ref idref="oc-2a7"/>
      </symbol>
      <symbol id="sm-50e">
         <name>frexp</name>
         <value>0x2365</value>
         <object_component_ref idref="oc-2a7"/>
      </symbol>
      <symbol id="sm-52b">
         <name>scalbn</name>
         <value>0x1d19</value>
         <object_component_ref idref="oc-2ad"/>
      </symbol>
      <symbol id="sm-52c">
         <name>scalbnl</name>
         <value>0x1d19</value>
         <object_component_ref idref="oc-2ad"/>
      </symbol>
      <symbol id="sm-52d">
         <name>ldexpl</name>
         <value>0x1d19</value>
         <object_component_ref idref="oc-2ad"/>
      </symbol>
      <symbol id="sm-52e">
         <name>ldexp</name>
         <value>0x1d19</value>
         <object_component_ref idref="oc-2ad"/>
      </symbol>
      <symbol id="sm-538">
         <name>__aeabi_idiv0</name>
         <value>0xcbb</value>
         <object_component_ref idref="oc-2dd"/>
      </symbol>
      <symbol id="sm-539">
         <name>__aeabi_ldiv0</name>
         <value>0xcbb</value>
         <object_component_ref idref="oc-2dd"/>
      </symbol>
      <symbol id="sm-543">
         <name>copysign</name>
         <value>0x275b</value>
         <object_component_ref idref="oc-2f6"/>
      </symbol>
      <symbol id="sm-544">
         <name>copysignl</name>
         <value>0x275b</value>
         <object_component_ref idref="oc-2f6"/>
      </symbol>
      <symbol id="sm-56f">
         <name>IntRegister</name>
         <value>0x265d</value>
         <object_component_ref idref="oc-169"/>
      </symbol>
      <symbol id="sm-570">
         <name>g_pfnRAMVectors</name>
         <value>0x20000000</value>
         <object_component_ref idref="oc-1d1"/>
      </symbol>
      <symbol id="sm-572">
         <name>__TI_static_base__</name>
         <value>0x0</value>
      </symbol>
      <symbol id="sm-575">
         <name>__mpu_init</name>
         <value>0x0</value>
      </symbol>
      <symbol id="sm-576">
         <name>_system_post_cinit</name>
         <value>0x0</value>
      </symbol>
   </symbol_table>
   <title>Link successful</title>
</link_info>
