******************************************************************************
                  TI ARM Linker PC v20.2.7                     
******************************************************************************
>> Linked Thu Oct 31 14:38:03 2024

OUTPUT FILE NAME:   <lab8.out>
ENTRY POINT SYMBOL: "_c_int00_noargs"  address: 00006391


MEMORY CONFIGURATION

         name            origin    length      used     unused   attr    fill
----------------------  --------  ---------  --------  --------  ----  --------
  FLASH                 00000000   00040000  00006947  000396b9  R  X
  SRAM                  20000000   00008000  00000f2e  000070d2  RW X


SEGMENT ALLOCATION MAP

run origin  load origin   length   init length attrs members
----------  ----------- ---------- ----------- ----- -------
00000000    00000000    00006950   00006950    r-x
  00000000    00000000    0000026c   0000026c    r-- .intvecs
  0000026c    0000026c    00006368   00006368    r-x .text
  000065d8    000065d8    00000323   00000323    r-- .const
  00006900    00006900    00000050   00000050    r-- .cinit
20000000    20000000    00000f35   00000000    rw-
  20000000    20000000    0000026c   00000000    rw- .vtable
  20000270    20000270    00000800   00000000    rw- .stack
  20000a70    20000a70    00000400   00000000    rw- .sysmem
  20000e70    20000e70    00000089   00000000    rw- .bss
  20000efc    20000efc    00000039   00000000    rw- .data


SECTION ALLOCATION MAP

 output                                  attributes/
section   page    origin      length       input sections
--------  ----  ----------  ----------   ----------------
.intvecs   0    00000000    0000026c     
                  00000000    0000026c     tm4c123gh6pm_startup_ccs.obj (.intvecs)

.text      0    0000026c    00006368     
                  0000026c    00000c20     open_interface .obj (.text)
                  00000e8c    00000a4e     rtsv7M4_T_le_v4SPD16_eabi.lib : _printfi.c.obj (.text:__TI_printfi)
                  000018da    00000002                                   : _lock.c.obj (.text:_nop)
                  000018dc    000009d0                                   : e_pow.c.obj (.text:pow)
                  000022ac    00000738                                   : k_rem_pio2.c.obj (.text:__kernel_rem_pio2)
                  000029e4    00000508                                   : s_tan.c.obj (.text:tan)
                  00002eec    000004e2     main.obj (.text)
                  000033ce    00000002     rtsv7M4_T_le_v4SPD16_eabi.lib : div0.asm.obj (.text)
                  000033d0    000003c4                                   : e_log.c.obj (.text:log)
                  00003794    00000328     lcd.obj (.text)
                  00003abc    0000031c     rtsv7M4_T_le_v4SPD16_eabi.lib : k_tan.c.obj (.text:__kernel_tan)
                  00003dd8    00000270                                   : _printfi.c.obj (.text:_pconv_a)
                  00004048    00000260     libcybotScan.lib : cyBot_Scan.obj (.text)
                  000042a8    00000248     Timer.obj (.text)
                  000044f0    000001ec     libcybotScan.lib : ping.obj (.text)
                  000046dc    000001d0     rtsv7M4_T_le_v4SPD16_eabi.lib : _printfi.c.obj (.text:_pconv_g)
                  000048ac    000001bc     movement.obj (.text)
                  00004a68    000001b6     rtsv7M4_T_le_v4SPD16_eabi.lib : fd_add_t2.asm.obj (.text)
                  00004c1e    00000002     --HOLE-- [fill = 0]
                  00004c20    00000168     uart.obj (.text)
                  00004d88    00000158     libcybotScan.lib : servo.obj (.text)
                  00004ee0    00000158     rtsv7M4_T_le_v4SPD16_eabi.lib : e_sqrt.c.obj (.text:sqrt)
                  00005038    0000013c                                   : _printfi.c.obj (.text:_pconv_e)
                  00005174    00000136                                   : fd_div_t2.asm.obj (.text)
                  000052aa    00000002     --HOLE-- [fill = 0]
                  000052ac    00000124                                   : _printfi.c.obj (.text:fcvt)
                  000053d0    00000118     libcybotScan.lib : ir.obj (.text)
                  000054e8    00000110     rtsv7M4_T_le_v4SPD16_eabi.lib : s_scalbn.c.obj (.text:scalbn)
                  000055f8    00000104     adc.obj (.text)
                  000056fc    00000100     rtsv7M4_T_le_v4SPD16_eabi.lib : memory.c.obj (.text:aligned_alloc)
                  000057fc    000000fc                                   : fd_mul_t2.asm.obj (.text)
                  000058f8    000000f8                                   : s_floor.c.obj (.text:floor)
                  000059f0    000000e4                                   : memory.c.obj (.text:free)
                  00005ad4    000000b1                                   : _printfi.c.obj (.text:_ltostr)
                  00005b85    00000001     --HOLE-- [fill = 0]
                  00005b86    0000009c                                   : memcpy_t2.asm.obj (.text)
                  00005c22    00000096                                   : ull_div_t2.asm.obj (.text)
                  00005cb8    00000086                                   : fd_cmp_t2.asm.obj (.text:__aeabi_cdcmple)
                  00005d3e    00000086                                   : fd_cmp_t2.asm.obj (.text:__aeabi_cdrcmple)
                  00005dc4    0000007a                                   : memset_t2.asm.obj (.text)
                  00005e3e    00000002     --HOLE-- [fill = 0]
                  00005e40    00000070                                   : memory.c.obj (.text:split)
                  00005eb0    0000006e                                   : _printfi.c.obj (.text:_mcpy)
                  00005f1e    0000006e                                   : fd_tos_t2.asm.obj (.text)
                  00005f8c    00000068                                   : copy_decompress_lzss.c.obj (.text:decompress:lzss:__TI_decompress_lzss)
                  00005ff4    00000064                                   : s_frexp.c.obj (.text:frexp)
                  00006058    00000056                                   : _printfi.c.obj (.text:_pconv_f)
                  000060ae    00000054                                   : _ltoa.c.obj (.text:__TI_ltoa)
                  00006102    00000052                                   : _printfi.c.obj (.text:_ecpy)
                  00006154    0000004c                                   : atoi.c.obj (.text:atoi)
                  000061a0    00000048                                   : fd_toi_t2.asm.obj (.text)
                  000061e8    00000044                                   : autoinit.c.obj (.text:__TI_auto_init_nobinit_nopinit:__TI_auto_init_nobinit_nopinit)
                  0000622c    00000040                                   : sprintf.c.obj (.text:sprintf)
                  0000626c    00000040                                   : vsnprintf.c.obj (.text:vsnprintf)
                  000062ac    0000003e                                   : _printfi.c.obj (.text:_fcpy)
                  000062ea    00000002     --HOLE-- [fill = 0]
                  000062ec    00000038                                   : memory.c.obj (.text:calloc)
                  00006324    00000038                                   : fs_tod_t2.asm.obj (.text)
                  0000635c    00000034     driverlib.lib : interrupt.obj (.text:IntRegister)
                  00006390    00000034     rtsv7M4_T_le_v4SPD16_eabi.lib : boot_cortex_m.c.obj (.text:_c_int00_noargs:_c_int00_noargs)
                  000063c4    00000030                                   : vsnprintf.c.obj (.text:_outs)
                  000063f4    0000002e                                   : i_tofd_t2.asm.obj (.text)
                  00006422    00000002     --HOLE-- [fill = 0]
                  00006424    00000028                                   : memory.c.obj (.text:free_list_insert)
                  0000644c    0000001c                                   : copy_zero_init.c.obj (.text:decompress:ZI:__TI_zero_init_nomemset:__TI_zero_init_nomemset)
                  00006468    0000001c                                   : memory.c.obj (.text:free_list_remove)
                  00006484    0000001c                                   : memccpy.c.obj (.text:memccpy)
                  000064a0    0000001a                                   : s_copysign.c.obj (.text:copysign)
                  000064ba    00000018                                   : vsnprintf.c.obj (.text:_outc)
                  000064d2    00000018                                   : sprintf.c.obj (.text:_outs)
                  000064ea    00000018     open_interface .obj (.text:oi_parseInt)
                  00006502    00000018     rtsv7M4_T_le_v4SPD16_eabi.lib : strcmp.c.obj (.text:strcmp)
                  0000651a    00000016                                   : strchr.c.obj (.text:strchr)
                  00006530    00000014                                   : strcpy.c.obj (.text:strcpy)
                  00006544    00000014                                   : strlen.c.obj (.text:strlen)
                  00006558    00000012                                   : wcslen.c.obj (.text:wcslen)
                  0000656a    00000010     driverlib.lib : interrupt.obj (.text:IntMasterEnable)
                  0000657a    00000010     lcd.obj (.text:lcd_clear)
                  0000658a    0000000e     rtsv7M4_T_le_v4SPD16_eabi.lib : copy_decompress_none.c.obj (.text:decompress:none:__TI_decompress_none)
                  00006598    0000000c     driverlib.lib : cpu.obj (.text:CPUcpsie)
                  000065a4    0000000c     tm4c123gh6pm_startup_ccs.obj (.text)
                  000065b0    0000000a     rtsv7M4_T_le_v4SPD16_eabi.lib : sprintf.c.obj (.text:_outc)
                  000065ba    00000002     --HOLE-- [fill = 0]
                  000065bc    00000008                                   : errno.c.obj (.text:__aeabi_errno_addr)
                  000065c4    00000008                                   : memory.c.obj (.text:malloc)
                  000065cc    00000004                                   : pre_init.c.obj (.text:_system_pre_init)
                  000065d0    00000004                                   : exit.c.obj (.text:abort:abort)

.const     0    000065d8    00000323     
                  000065d8    00000158     rtsv7M4_T_le_v4SPD16_eabi.lib : k_rem_pio2.c.obj (.const:$O1$$)
                  00006730    00000101                                   : ctype.c.obj (.const:.string:_ctypes_)
                  00006831    00000004     lcd.obj (.const:.string:lineAddress$1)
                  00006835    00000003     --HOLE-- [fill = 0]
                  00006838    00000080     rtsv7M4_T_le_v4SPD16_eabi.lib : k_tan.c.obj (.const:xxx)
                  000068b8    00000030                                   : e_pow.c.obj (.const:$O1$$)
                  000068e8    0000000f     open_interface .obj (.const:.string:$P$T0$3)
                  000068f7    00000004     lcd.obj (.const:.string:lineAddresses$2)

.cinit     0    00006900    00000050     
                  00006900    00000018     (.cinit..data.load) [load image, compression = lzss]
                  00006918    0000000c     (__TI_handler_table)
                  00006924    00000004     --HOLE-- [fill = 0]
                  00006928    00000008     (.cinit..bss.load) [load image, compression = zero_init]
                  00006930    00000008     (.cinit..vtable.load) [load image, compression = zero_init]
                  00006938    00000018     (__TI_cinit_table)

.init_array 
*          0    00000000    00000000     UNINITIALIZED

.vtable    0    20000000    0000026c     UNINITIALIZED
                  20000000    0000026c     driverlib.lib : interrupt.obj (.vtable)

.stack     0    20000270    00000800     UNINITIALIZED
                  20000270    00000004     rtsv7M4_T_le_v4SPD16_eabi.lib : boot_cortex_m.c.obj (.stack)
                  20000274    000007fc     --HOLE--

.sysmem    0    20000a70    00000400     UNINITIALIZED
                  20000a70    00000010     rtsv7M4_T_le_v4SPD16_eabi.lib : memory.c.obj (.sysmem)
                  20000a80    000003f0     --HOLE--

.bss       0    20000e70    00000089     UNINITIALIZED
                  20000e70    00000054     lcd.obj (.bss:lastbuffer$3)
                  20000ec4    00000018     open_interface .obj (.bss:firmware$2)
                  20000edc    00000004     (.common:_timeout_ticks)
                  20000ee0    00000004     (.common:fallingEdge)
                  20000ee4    00000004     (.common:isr_int_value)
                  20000ee8    00000004     (.common:left_calibration_value)
                  20000eec    00000004     (.common:pulseLength)
                  20000ef0    00000004     (.common:right_calibration_value)
                  20000ef4    00000004     (.common:risingEdge)
                  20000ef8    00000001     (.common:isRisingEdge)

.data      0    20000efc    00000039     UNINITIALIZED
                  20000efc    00000020     open_interface .obj (.data)
                  20000f1c    00000008     rtsv7M4_T_le_v4SPD16_eabi.lib : _lock.c.obj (.data:$O1$$)
                  20000f24    00000008                                   : memory.c.obj (.data:$O1$$)
                  20000f2c    00000004     libcybotScan.lib : cyBot_Scan.obj (.data)
                  20000f30    00000004     rtsv7M4_T_le_v4SPD16_eabi.lib : errno.c.obj (.data)
                  20000f34    00000001     Timer.obj (.data)

__llvm_prf_cnts 
*          0    20000000    00000000     UNINITIALIZED

MODULE SUMMARY

       Module                         code    ro data   rw data
       ------                         ----    -------   -------
    .\
       open_interface .obj            3128    15        56     
       main.obj                       1250    0         8      
       lcd.obj                        824     8         84     
       tm4c123gh6pm_startup_ccs.obj   12      620       0      
       Timer.obj                      584     0         5      
       movement.obj                   444     0         0      
       uart.obj                       360     0         0      
       adc.obj                        260     0         0      
    +--+------------------------------+-------+---------+---------+
       Total:                         6862    643       153    
                                                               
    ../libcybotScan.lib
       cyBot_Scan.obj                 608     0         4      
       ping.obj                       492     0         13     
       servo.obj                      344     0         0      
       ir.obj                         280     0         4      
    +--+------------------------------+-------+---------+---------+
       Total:                         1724    0         21     
                                                               
    C:/ti/TivaWare_C_Series-2.2.0.295/driverlib/ccs/Debug/driverlib.lib
       interrupt.obj                  68      0         620    
       cpu.obj                        12      0         0      
    +--+------------------------------+-------+---------+---------+
       Total:                         80      0         620    
                                                               
    C:\ti\ccs1271\ccs\tools\compiler\ti-cgt-arm_20.2.7.LTS\lib\rtsv7M4_T_le_v4SPD16_eabi.lib
       _printfi.c.obj                 4851    0         0      
       e_pow.c.obj                    2512    48        0      
       k_rem_pio2.c.obj               1848    344       0      
       s_tan.c.obj                    1288    0         0      
       e_log.c.obj                    964     0         0      
       k_tan.c.obj                    796     128       0      
       memory.c.obj                   728     0         8      
       fd_add_t2.asm.obj              438     0         0      
       e_sqrt.c.obj                   344     0         0      
       fd_div_t2.asm.obj              310     0         0      
       s_scalbn.c.obj                 272     0         0      
       fd_cmp_t2.asm.obj              268     0         0      
       ctype.c.obj                    0       257       0      
       fd_mul_t2.asm.obj              252     0         0      
       s_floor.c.obj                  248     0         0      
       memcpy_t2.asm.obj              156     0         0      
       ull_div_t2.asm.obj             150     0         0      
       vsnprintf.c.obj                136     0         0      
       memset_t2.asm.obj              122     0         0      
       fd_tos_t2.asm.obj              110     0         0      
       copy_decompress_lzss.c.obj     104     0         0      
       s_frexp.c.obj                  100     0         0      
       sprintf.c.obj                  98      0         0      
       _ltoa.c.obj                    84      0         0      
       atoi.c.obj                     76      0         0      
       fd_toi_t2.asm.obj              72      0         0      
       autoinit.c.obj                 68      0         0      
       fs_tod_t2.asm.obj              56      0         0      
       boot_cortex_m.c.obj            52      0         0      
       i_tofd_t2.asm.obj              46      0         0      
       copy_zero_init.c.obj           28      0         0      
       memccpy.c.obj                  28      0         0      
       s_copysign.c.obj               26      0         0      
       strcmp.c.obj                   24      0         0      
       strchr.c.obj                   22      0         0      
       strcpy.c.obj                   20      0         0      
       strlen.c.obj                   20      0         0      
       wcslen.c.obj                   18      0         0      
       copy_decompress_none.c.obj     14      0         0      
       errno.c.obj                    8       0         4      
       _lock.c.obj                    2       0         8      
       exit.c.obj                     4       0         0      
       pre_init.c.obj                 4       0         0      
       div0.asm.obj                   2       0         0      
    +--+------------------------------+-------+---------+---------+
       Total:                         16769   777       20     
                                                               
       Heap:                          0       0         1024   
       Stack:                         0       0         2048   
       Linker Generated:              0       76        0      
    +--+------------------------------+-------+---------+---------+
       Grand Total:                   25435   1496      3886   


LINKER GENERATED COPY TABLES

__TI_cinit_table @ 00006938 records: 3, size/record: 8, table size: 24
	.data: load addr=00006900, load size=00000018 bytes, run addr=20000efc, run size=00000039 bytes, compression=lzss
	.bss: load addr=00006928, load size=00000008 bytes, run addr=20000e70, run size=00000089 bytes, compression=zero_init
	.vtable: load addr=00006930, load size=00000008 bytes, run addr=20000000, run size=0000026c bytes, compression=zero_init


LINKER GENERATED HANDLER TABLE

__TI_handler_table @ 00006918 records: 3, size/record: 4, table size: 12
	index: 0, handler: __TI_zero_init
	index: 1, handler: __TI_decompress_lzss
	index: 2, handler: __TI_decompress_none


GLOBAL SYMBOLS: SORTED ALPHABETICALLY BY Name 

address   name                          
-------   ----                          
00005469  ADC0SS0_Handler               
0000566b  ADC0_InSeq3                   
000065d1  C$$EXIT                       
00006599  CPUcpsie                      
00000bc3  GPIOF_Handler                 
0000656b  IntMasterEnable               
0000635d  IntRegister                   
000065a5  ResetISR                      
000045e1  TIMER3B_Handler               
20000a70  __STACK_END                   
00000800  __STACK_SIZE                  
20000470  __STACK_TOP                   
00000400  __SYSMEM_SIZE                 
00006938  __TI_CINIT_Base               
00006950  __TI_CINIT_Limit              
00006918  __TI_Handler_Table_Base       
00006924  __TI_Handler_Table_Limit      
000061e9  __TI_auto_init_nobinit_nopinit
00005f8d  __TI_decompress_lzss          
0000658b  __TI_decompress_none          
000060af  __TI_ltoa                     
ffffffff  __TI_pprof_out_hndl           
00000e8d  __TI_printfi                  
ffffffff  __TI_prof_data_size           
ffffffff  __TI_prof_data_start          
00000000  __TI_static_base__            
0000644d  __TI_zero_init_nomemset       
00005cb9  __aeabi_cdcmpeq               
00005cb9  __aeabi_cdcmple               
00005d3f  __aeabi_cdrcmple              
00005f1f  __aeabi_d2f                   
000061a1  __aeabi_d2iz                  
00004a73  __aeabi_dadd                  
00005175  __aeabi_ddiv                  
000057fd  __aeabi_dmul                  
00004a69  __aeabi_dsub                  
000065bd  __aeabi_errno_addr            
00006325  __aeabi_f2d                   
000063f5  __aeabi_i2d                   
000033cf  __aeabi_idiv0                 
000033cf  __aeabi_ldiv0                 
00005dc5  __aeabi_memclr                
00005dc5  __aeabi_memclr4               
00005dc5  __aeabi_memclr8               
00005b87  __aeabi_memcpy                
00005b87  __aeabi_memcpy4               
00005b87  __aeabi_memcpy8               
00005dc7  __aeabi_memset                
00005dc7  __aeabi_memset4               
00005dc7  __aeabi_memset8               
00005c23  __aeabi_uldivmod              
ffffffff  __binit__                     
ffffffff  __c_args__                    
000022ad  __kernel_rem_pio2             
00003abd  __kernel_tan                  
UNDEFED   __mpu_init                    
20000270  __stack                       
20000000  __start___llvm_prf_cnts       
20000000  __stop___llvm_prf_cnts        
00006391  _c_int00_noargs               
00006730  _ctypes_                      
20000f1c  _lock                         
000018db  _nop                          
20000f34  _running                      
20000a70  _sys_memory                   
UNDEFED   _system_post_cinit            
000065cd  _system_pre_init              
20000edc  _timeout_ticks                
20000f20  _unlock                       
000065d1  abort                         
000055f9  adc_init                      
00005693  adc_read                      
000056fd  aligned_alloc                 
00006155  atoi                          
00002f49  averageInt                    
ffffffff  binit                         
00002eed  calculate_distanceLOG         
00002f1d  calculate_distancePOW         
000062ed  calloc                        
000064a1  copysign                      
000064a1  copysignl                     
00004121  cyBOT_SERVO_cal               
000040af  cyBOT_Scan                    
00004057  cyBOT_init_Scan               
20000f2c  cyBOT_scan_features           
00004049  cyBOT_scan_version            
20000f30  errno                         
20000ee0  fallingEdge                   
000058f9  floor                         
000058f9  floorl                        
000059f1  free                          
00005ff5  frexp                         
00005ff5  frexpl                        
20000000  g_pfnRAMVectors               
00000000  g_pfnVectors                  
0000097f  go_charge                     
0000547f  ir_enableInterrupt            
00005461  ir_getDistance                
00005439  ir_getValue                   
000053d1  ir_init                       
20000ef8  isRisingEdge                  
20000ee4  isr_int_value                 
0000657b  lcd_clear                     
00003969  lcd_gotoLine                  
000037d1  lcd_init                      
000039cf  lcd_printf                    
00003891  lcd_putc                      
000038c9  lcd_puts                      
00003795  lcd_reverseNibble             
000038e7  lcd_sendCommand               
00003925  lcd_sendNibble                
00003991  lcd_setCursorPos              
000054e9  ldexp                         
000054e9  ldexpl                        
20000ee8  left_calibration_value        
00002f67  linearWidth                   
000033d1  log                           
000033d1  logl                          
00002fd9  main                          
000065c5  malloc                        
000056fd  memalign                      
00006485  memccpy                       
00005b87  memcpy                        
00005dcd  memset                        
20000efc  motor_cal_factor_L            
20000f00  motor_cal_factor_R            
00004919  move_backward                 
000048ad  move_forward                  
0000026d  oi_alloc                      
00000aa9  oi_checkFirmware              
000002c7  oi_close                      
00000279  oi_free                       
00000ded  oi_getMotorCalibrationLeft    
00000e01  oi_getMotorCalibrationRight   
000002b1  oi_init                       
00000289  oi_init_noupdate              
00000915  oi_loadSong                   
000064eb  oi_parseInt                   
0000032b  oi_parsePacket                
0000096b  oi_play_song                  
0000084b  oi_setLeds                    
00000db1  oi_setMotorCalibration        
0000088f  oi_setWheels                  
00000b51  oi_shutoff_init               
0000098d  oi_uartInit                   
00000a31  oi_uartReceive                
00000a77  oi_uartSendBuff               
00000a15  oi_uartSendChar               
00000a59  oi_uartSendStr                
000002d9  oi_update                     
00004633  ping_getDistance              
000044f1  ping_init                     
00004577  ping_trigger                  
000018dd  pow                           
000018dd  powl                          
20000eec  pulseLength                   
20000ef0  right_calibration_value       
20000ef4  risingEdge                    
000054e9  scalbn                        
000054e9  scalbnl                       
00004d89  servo_init                    
00004e19  servo_move                    
00004e79  servo_setPWM                  
00004e0d  servo_stop                    
0000622d  sprintf                       
00004ee1  sqrt                          
00004ee1  sqrtl                         
0000651b  strchr                        
00006503  strcmp                        
00006531  strcpy                        
00006545  strlen                        
000029e5  tan                           
000029e5  tanl                          
000043c7  timer_getMicros               
0000436f  timer_getMillis               
000042a9  timer_init                    
0000434b  timer_pause                   
0000435d  timer_resume                  
00004321  timer_stop                    
00004421  timer_waitMicros              
00004453  timer_waitMillis              
00004971  turn_clockwise                
000049e9  turn_counterclockwise         
00004c21  uart_init                     
00004cdf  uart_receive                  
00004d05  uart_receive_nonblocking      
00004cc3  uart_sendChar                 
00004d2f  uart_sendStr                  
0000626d  vsnprintf                     
00006559  wcslen                        


GLOBAL SYMBOLS: SORTED BY Symbol Address 

address   name                          
-------   ----                          
00000000  __TI_static_base__            
00000000  g_pfnVectors                  
0000026d  oi_alloc                      
00000279  oi_free                       
00000289  oi_init_noupdate              
000002b1  oi_init                       
000002c7  oi_close                      
000002d9  oi_update                     
0000032b  oi_parsePacket                
00000400  __SYSMEM_SIZE                 
00000800  __STACK_SIZE                  
0000084b  oi_setLeds                    
0000088f  oi_setWheels                  
00000915  oi_loadSong                   
0000096b  oi_play_song                  
0000097f  go_charge                     
0000098d  oi_uartInit                   
00000a15  oi_uartSendChar               
00000a31  oi_uartReceive                
00000a59  oi_uartSendStr                
00000a77  oi_uartSendBuff               
00000aa9  oi_checkFirmware              
00000b51  oi_shutoff_init               
00000bc3  GPIOF_Handler                 
00000db1  oi_setMotorCalibration        
00000ded  oi_getMotorCalibrationLeft    
00000e01  oi_getMotorCalibrationRight   
00000e8d  __TI_printfi                  
000018db  _nop                          
000018dd  pow                           
000018dd  powl                          
000022ad  __kernel_rem_pio2             
000029e5  tan                           
000029e5  tanl                          
00002eed  calculate_distanceLOG         
00002f1d  calculate_distancePOW         
00002f49  averageInt                    
00002f67  linearWidth                   
00002fd9  main                          
000033cf  __aeabi_idiv0                 
000033cf  __aeabi_ldiv0                 
000033d1  log                           
000033d1  logl                          
00003795  lcd_reverseNibble             
000037d1  lcd_init                      
00003891  lcd_putc                      
000038c9  lcd_puts                      
000038e7  lcd_sendCommand               
00003925  lcd_sendNibble                
00003969  lcd_gotoLine                  
00003991  lcd_setCursorPos              
000039cf  lcd_printf                    
00003abd  __kernel_tan                  
00004049  cyBOT_scan_version            
00004057  cyBOT_init_Scan               
000040af  cyBOT_Scan                    
00004121  cyBOT_SERVO_cal               
000042a9  timer_init                    
00004321  timer_stop                    
0000434b  timer_pause                   
0000435d  timer_resume                  
0000436f  timer_getMillis               
000043c7  timer_getMicros               
00004421  timer_waitMicros              
00004453  timer_waitMillis              
000044f1  ping_init                     
00004577  ping_trigger                  
000045e1  TIMER3B_Handler               
00004633  ping_getDistance              
000048ad  move_forward                  
00004919  move_backward                 
00004971  turn_clockwise                
000049e9  turn_counterclockwise         
00004a69  __aeabi_dsub                  
00004a73  __aeabi_dadd                  
00004c21  uart_init                     
00004cc3  uart_sendChar                 
00004cdf  uart_receive                  
00004d05  uart_receive_nonblocking      
00004d2f  uart_sendStr                  
00004d89  servo_init                    
00004e0d  servo_stop                    
00004e19  servo_move                    
00004e79  servo_setPWM                  
00004ee1  sqrt                          
00004ee1  sqrtl                         
00005175  __aeabi_ddiv                  
000053d1  ir_init                       
00005439  ir_getValue                   
00005461  ir_getDistance                
00005469  ADC0SS0_Handler               
0000547f  ir_enableInterrupt            
000054e9  ldexp                         
000054e9  ldexpl                        
000054e9  scalbn                        
000054e9  scalbnl                       
000055f9  adc_init                      
0000566b  ADC0_InSeq3                   
00005693  adc_read                      
000056fd  aligned_alloc                 
000056fd  memalign                      
000057fd  __aeabi_dmul                  
000058f9  floor                         
000058f9  floorl                        
000059f1  free                          
00005b87  __aeabi_memcpy                
00005b87  __aeabi_memcpy4               
00005b87  __aeabi_memcpy8               
00005b87  memcpy                        
00005c23  __aeabi_uldivmod              
00005cb9  __aeabi_cdcmpeq               
00005cb9  __aeabi_cdcmple               
00005d3f  __aeabi_cdrcmple              
00005dc5  __aeabi_memclr                
00005dc5  __aeabi_memclr4               
00005dc5  __aeabi_memclr8               
00005dc7  __aeabi_memset                
00005dc7  __aeabi_memset4               
00005dc7  __aeabi_memset8               
00005dcd  memset                        
00005f1f  __aeabi_d2f                   
00005f8d  __TI_decompress_lzss          
00005ff5  frexp                         
00005ff5  frexpl                        
000060af  __TI_ltoa                     
00006155  atoi                          
000061a1  __aeabi_d2iz                  
000061e9  __TI_auto_init_nobinit_nopinit
0000622d  sprintf                       
0000626d  vsnprintf                     
000062ed  calloc                        
00006325  __aeabi_f2d                   
0000635d  IntRegister                   
00006391  _c_int00_noargs               
000063f5  __aeabi_i2d                   
0000644d  __TI_zero_init_nomemset       
00006485  memccpy                       
000064a1  copysign                      
000064a1  copysignl                     
000064eb  oi_parseInt                   
00006503  strcmp                        
0000651b  strchr                        
00006531  strcpy                        
00006545  strlen                        
00006559  wcslen                        
0000656b  IntMasterEnable               
0000657b  lcd_clear                     
0000658b  __TI_decompress_none          
00006599  CPUcpsie                      
000065a5  ResetISR                      
000065bd  __aeabi_errno_addr            
000065c5  malloc                        
000065cd  _system_pre_init              
000065d1  C$$EXIT                       
000065d1  abort                         
00006730  _ctypes_                      
00006918  __TI_Handler_Table_Base       
00006924  __TI_Handler_Table_Limit      
00006938  __TI_CINIT_Base               
00006950  __TI_CINIT_Limit              
20000000  __start___llvm_prf_cnts       
20000000  __stop___llvm_prf_cnts        
20000000  g_pfnRAMVectors               
20000270  __stack                       
20000470  __STACK_TOP                   
20000a70  __STACK_END                   
20000a70  _sys_memory                   
20000edc  _timeout_ticks                
20000ee0  fallingEdge                   
20000ee4  isr_int_value                 
20000ee8  left_calibration_value        
20000eec  pulseLength                   
20000ef0  right_calibration_value       
20000ef4  risingEdge                    
20000ef8  isRisingEdge                  
20000efc  motor_cal_factor_L            
20000f00  motor_cal_factor_R            
20000f1c  _lock                         
20000f20  _unlock                       
20000f2c  cyBOT_scan_features           
20000f30  errno                         
20000f34  _running                      
ffffffff  __TI_pprof_out_hndl           
ffffffff  __TI_prof_data_size           
ffffffff  __TI_prof_data_start          
ffffffff  __binit__                     
ffffffff  __c_args__                    
ffffffff  binit                         
UNDEFED   __mpu_init                    
UNDEFED   _system_post_cinit            

[190 symbols]
