******************************************************************************
                  TI ARM Linker PC v20.2.7                     
******************************************************************************
>> Linked Thu Nov  7 12:24:37 2024

OUTPUT FILE NAME:   <lab_8.out>
ENTRY POINT SYMBOL: "_c_int00_noargs"  address: 00006311


MEMORY CONFIGURATION

         name            origin    length      used     unused   attr    fill
----------------------  --------  ---------  --------  --------  ----  --------
  FLASH                 00000000   00040000  000068c7  00039739  R  X
  SRAM                  20000000   00008000  0000172e  000068d2  RW X


SEGMENT ALLOCATION MAP

run origin  load origin   length   init length attrs members
----------  ----------- ---------- ----------- ----- -------
00000000    00000000    000068d0   000068d0    r-x
  00000000    00000000    0000026c   0000026c    r-- .intvecs
  0000026c    0000026c    000062e8   000062e8    r-x .text
  00006558    00006558    00000323   00000323    r-- .const
  00006880    00006880    00000050   00000050    r-- .cinit
20000000    20000000    00001735   00000000    rw-
  20000000    20000000    0000026c   00000000    rw- .vtable
  20000270    20000270    00001000   00000000    rw- .stack
  20001270    20001270    00000400   00000000    rw- .sysmem
  20001670    20001670    00000089   00000000    rw- .bss
  200016fc    200016fc    00000039   00000000    rw- .data


SECTION ALLOCATION MAP

 output                                  attributes/
section   page    origin      length       input sections
--------  ----  ----------  ----------   ----------------
.intvecs   0    00000000    0000026c     
                  00000000    0000026c     tm4c123gh6pm_startup_ccs.obj (.intvecs)

.text      0    0000026c    000062e8     
                  0000026c    00000c20     open_interface .obj (.text)
                  00000e8c    00000a4e     rtsv7M4_T_le_v4SPD16_eabi.lib : _printfi.c.obj (.text:__TI_printfi)
                  000018da    00000002                                   : _lock.c.obj (.text:_nop)
                  000018dc    000009d0                                   : e_pow.c.obj (.text:pow)
                  000022ac    00000738                                   : k_rem_pio2.c.obj (.text:__kernel_rem_pio2)
                  000029e4    00000508                                   : s_tan.c.obj (.text:tan)
                  00002eec    00000464     main.obj (.text)
                  00003350    000003c4     rtsv7M4_T_le_v4SPD16_eabi.lib : e_log.c.obj (.text:log)
                  00003714    00000328     lcd.obj (.text)
                  00003a3c    0000031c     rtsv7M4_T_le_v4SPD16_eabi.lib : k_tan.c.obj (.text:__kernel_tan)
                  00003d58    00000270                                   : _printfi.c.obj (.text:_pconv_a)
                  00003fc8    00000260     libcybotScan.lib : cyBot_Scan.obj (.text)
                  00004228    00000248     Timer.obj (.text)
                  00004470    000001ec     libcybotScan.lib : ping.obj (.text)
                  0000465c    000001d0     rtsv7M4_T_le_v4SPD16_eabi.lib : _printfi.c.obj (.text:_pconv_g)
                  0000482c    000001bc     movement.obj (.text)
                  000049e8    000001b6     rtsv7M4_T_le_v4SPD16_eabi.lib : fd_add_t2.asm.obj (.text)
                  00004b9e    00000002                                   : div0.asm.obj (.text)
                  00004ba0    00000168     uart.obj (.text)
                  00004d08    00000158     libcybotScan.lib : servo.obj (.text)
                  00004e60    00000158     rtsv7M4_T_le_v4SPD16_eabi.lib : e_sqrt.c.obj (.text:sqrt)
                  00004fb8    0000013c                                   : _printfi.c.obj (.text:_pconv_e)
                  000050f4    00000136                                   : fd_div_t2.asm.obj (.text)
                  0000522a    00000002     --HOLE-- [fill = 0]
                  0000522c    00000124                                   : _printfi.c.obj (.text:fcvt)
                  00005350    00000118     libcybotScan.lib : ir.obj (.text)
                  00005468    00000110     rtsv7M4_T_le_v4SPD16_eabi.lib : s_scalbn.c.obj (.text:scalbn)
                  00005578    00000104     adc.obj (.text)
                  0000567c    00000100     rtsv7M4_T_le_v4SPD16_eabi.lib : memory.c.obj (.text:aligned_alloc)
                  0000577c    000000fc                                   : fd_mul_t2.asm.obj (.text)
                  00005878    000000f8                                   : s_floor.c.obj (.text:floor)
                  00005970    000000e4                                   : memory.c.obj (.text:free)
                  00005a54    000000b1                                   : _printfi.c.obj (.text:_ltostr)
                  00005b05    00000001     --HOLE-- [fill = 0]
                  00005b06    0000009c                                   : memcpy_t2.asm.obj (.text)
                  00005ba2    00000096                                   : ull_div_t2.asm.obj (.text)
                  00005c38    00000086                                   : fd_cmp_t2.asm.obj (.text:__aeabi_cdcmple)
                  00005cbe    00000086                                   : fd_cmp_t2.asm.obj (.text:__aeabi_cdrcmple)
                  00005d44    0000007a                                   : memset_t2.asm.obj (.text)
                  00005dbe    00000002     --HOLE-- [fill = 0]
                  00005dc0    00000070                                   : memory.c.obj (.text:split)
                  00005e30    0000006e                                   : _printfi.c.obj (.text:_mcpy)
                  00005e9e    0000006e                                   : fd_tos_t2.asm.obj (.text)
                  00005f0c    00000068                                   : copy_decompress_lzss.c.obj (.text:decompress:lzss:__TI_decompress_lzss)
                  00005f74    00000064                                   : s_frexp.c.obj (.text:frexp)
                  00005fd8    00000056                                   : _printfi.c.obj (.text:_pconv_f)
                  0000602e    00000054                                   : _ltoa.c.obj (.text:__TI_ltoa)
                  00006082    00000052                                   : _printfi.c.obj (.text:_ecpy)
                  000060d4    0000004c                                   : atoi.c.obj (.text:atoi)
                  00006120    00000048                                   : fd_toi_t2.asm.obj (.text)
                  00006168    00000044                                   : autoinit.c.obj (.text:__TI_auto_init_nobinit_nopinit:__TI_auto_init_nobinit_nopinit)
                  000061ac    00000040                                   : sprintf.c.obj (.text:sprintf)
                  000061ec    00000040                                   : vsnprintf.c.obj (.text:vsnprintf)
                  0000622c    0000003e                                   : _printfi.c.obj (.text:_fcpy)
                  0000626a    00000002     --HOLE-- [fill = 0]
                  0000626c    00000038                                   : memory.c.obj (.text:calloc)
                  000062a4    00000038                                   : fs_tod_t2.asm.obj (.text)
                  000062dc    00000034     driverlib.lib : interrupt.obj (.text:IntRegister)
                  00006310    00000034     rtsv7M4_T_le_v4SPD16_eabi.lib : boot_cortex_m.c.obj (.text:_c_int00_noargs:_c_int00_noargs)
                  00006344    00000030                                   : vsnprintf.c.obj (.text:_outs)
                  00006374    0000002e                                   : i_tofd_t2.asm.obj (.text)
                  000063a2    00000002     --HOLE-- [fill = 0]
                  000063a4    00000028                                   : memory.c.obj (.text:free_list_insert)
                  000063cc    0000001c                                   : copy_zero_init.c.obj (.text:decompress:ZI:__TI_zero_init_nomemset:__TI_zero_init_nomemset)
                  000063e8    0000001c                                   : memory.c.obj (.text:free_list_remove)
                  00006404    0000001c                                   : memccpy.c.obj (.text:memccpy)
                  00006420    0000001a                                   : s_copysign.c.obj (.text:copysign)
                  0000643a    00000018                                   : vsnprintf.c.obj (.text:_outc)
                  00006452    00000018                                   : sprintf.c.obj (.text:_outs)
                  0000646a    00000018     open_interface .obj (.text:oi_parseInt)
                  00006482    00000018     rtsv7M4_T_le_v4SPD16_eabi.lib : strcmp.c.obj (.text:strcmp)
                  0000649a    00000016                                   : strchr.c.obj (.text:strchr)
                  000064b0    00000014                                   : strcpy.c.obj (.text:strcpy)
                  000064c4    00000014                                   : strlen.c.obj (.text:strlen)
                  000064d8    00000012                                   : wcslen.c.obj (.text:wcslen)
                  000064ea    00000010     driverlib.lib : interrupt.obj (.text:IntMasterEnable)
                  000064fa    00000010     lcd.obj (.text:lcd_clear)
                  0000650a    0000000e     rtsv7M4_T_le_v4SPD16_eabi.lib : copy_decompress_none.c.obj (.text:decompress:none:__TI_decompress_none)
                  00006518    0000000c     driverlib.lib : cpu.obj (.text:CPUcpsie)
                  00006524    0000000c     tm4c123gh6pm_startup_ccs.obj (.text)
                  00006530    0000000a     rtsv7M4_T_le_v4SPD16_eabi.lib : sprintf.c.obj (.text:_outc)
                  0000653a    00000002     --HOLE-- [fill = 0]
                  0000653c    00000008                                   : errno.c.obj (.text:__aeabi_errno_addr)
                  00006544    00000008                                   : memory.c.obj (.text:malloc)
                  0000654c    00000004                                   : pre_init.c.obj (.text:_system_pre_init)
                  00006550    00000004                                   : exit.c.obj (.text:abort:abort)

.const     0    00006558    00000323     
                  00006558    00000158     rtsv7M4_T_le_v4SPD16_eabi.lib : k_rem_pio2.c.obj (.const:$O1$$)
                  000066b0    00000101                                   : ctype.c.obj (.const:.string:_ctypes_)
                  000067b1    00000004     lcd.obj (.const:.string:lineAddress$1)
                  000067b5    00000003     --HOLE-- [fill = 0]
                  000067b8    00000080     rtsv7M4_T_le_v4SPD16_eabi.lib : k_tan.c.obj (.const:xxx)
                  00006838    00000030                                   : e_pow.c.obj (.const:$O1$$)
                  00006868    0000000f     open_interface .obj (.const:.string:$P$T0$3)
                  00006877    00000004     lcd.obj (.const:.string:lineAddresses$2)

.cinit     0    00006880    00000050     
                  00006880    00000018     (.cinit..data.load) [load image, compression = lzss]
                  00006898    0000000c     (__TI_handler_table)
                  000068a4    00000004     --HOLE-- [fill = 0]
                  000068a8    00000008     (.cinit..bss.load) [load image, compression = zero_init]
                  000068b0    00000008     (.cinit..vtable.load) [load image, compression = zero_init]
                  000068b8    00000018     (__TI_cinit_table)

.init_array 
*          0    00000000    00000000     UNINITIALIZED

.vtable    0    20000000    0000026c     UNINITIALIZED
                  20000000    0000026c     driverlib.lib : interrupt.obj (.vtable)

.stack     0    20000270    00001000     UNINITIALIZED
                  20000270    00000004     rtsv7M4_T_le_v4SPD16_eabi.lib : boot_cortex_m.c.obj (.stack)
                  20000274    00000ffc     --HOLE--

.sysmem    0    20001270    00000400     UNINITIALIZED
                  20001270    00000010     rtsv7M4_T_le_v4SPD16_eabi.lib : memory.c.obj (.sysmem)
                  20001280    000003f0     --HOLE--

.bss       0    20001670    00000089     UNINITIALIZED
                  20001670    00000054     lcd.obj (.bss:lastbuffer$3)
                  200016c4    00000018     open_interface .obj (.bss:firmware$2)
                  200016dc    00000004     (.common:_timeout_ticks)
                  200016e0    00000004     (.common:fallingEdge)
                  200016e4    00000004     (.common:isr_int_value)
                  200016e8    00000004     (.common:left_calibration_value)
                  200016ec    00000004     (.common:pulseLength)
                  200016f0    00000004     (.common:right_calibration_value)
                  200016f4    00000004     (.common:risingEdge)
                  200016f8    00000001     (.common:isRisingEdge)

.data      0    200016fc    00000039     UNINITIALIZED
                  200016fc    00000020     open_interface .obj (.data)
                  2000171c    00000008     rtsv7M4_T_le_v4SPD16_eabi.lib : _lock.c.obj (.data:$O1$$)
                  20001724    00000008                                   : memory.c.obj (.data:$O1$$)
                  2000172c    00000004     libcybotScan.lib : cyBot_Scan.obj (.data)
                  20001730    00000004     rtsv7M4_T_le_v4SPD16_eabi.lib : errno.c.obj (.data)
                  20001734    00000001     Timer.obj (.data)

__llvm_prf_cnts 
*          0    20000000    00000000     UNINITIALIZED

MODULE SUMMARY

       Module                         code    ro data   rw data
       ------                         ----    -------   -------
    .\
       open_interface .obj            3128    15        56     
       main.obj                       1124    0         8      
       lcd.obj                        824     8         84     
       tm4c123gh6pm_startup_ccs.obj   12      620       0      
       Timer.obj                      584     0         5      
       movement.obj                   444     0         0      
       uart.obj                       360     0         0      
       adc.obj                        260     0         0      
    +--+------------------------------+-------+---------+---------+
       Total:                         6736    643       153    
                                                               
    ../libcybotScan.lib
       cyBot_Scan.obj                 608     0         4      
       ping.obj                       492     0         13     
       servo.obj                      344     0         0      
       ir.obj                         280     0         4      
    +--+------------------------------+-------+---------+---------+
       Total:                         1724    0         21     
                                                               
    C:/ti/TivaWare_C_Series-2.2.0.295/driverlib/ccs/Debug/driverlib.lib
       interrupt.obj                  68      0         620    
       cpu.obj                        12      0         0      
    +--+------------------------------+-------+---------+---------+
       Total:                         80      0         620    
                                                               
    C:\ti\ccs1271\ccs\tools\compiler\ti-cgt-arm_20.2.7.LTS\lib\rtsv7M4_T_le_v4SPD16_eabi.lib
       _printfi.c.obj                 4851    0         0      
       e_pow.c.obj                    2512    48        0      
       k_rem_pio2.c.obj               1848    344       0      
       s_tan.c.obj                    1288    0         0      
       e_log.c.obj                    964     0         0      
       k_tan.c.obj                    796     128       0      
       memory.c.obj                   728     0         8      
       fd_add_t2.asm.obj              438     0         0      
       e_sqrt.c.obj                   344     0         0      
       fd_div_t2.asm.obj              310     0         0      
       s_scalbn.c.obj                 272     0         0      
       fd_cmp_t2.asm.obj              268     0         0      
       ctype.c.obj                    0       257       0      
       fd_mul_t2.asm.obj              252     0         0      
       s_floor.c.obj                  248     0         0      
       memcpy_t2.asm.obj              156     0         0      
       ull_div_t2.asm.obj             150     0         0      
       vsnprintf.c.obj                136     0         0      
       memset_t2.asm.obj              122     0         0      
       fd_tos_t2.asm.obj              110     0         0      
       copy_decompress_lzss.c.obj     104     0         0      
       s_frexp.c.obj                  100     0         0      
       sprintf.c.obj                  98      0         0      
       _ltoa.c.obj                    84      0         0      
       atoi.c.obj                     76      0         0      
       fd_toi_t2.asm.obj              72      0         0      
       autoinit.c.obj                 68      0         0      
       fs_tod_t2.asm.obj              56      0         0      
       boot_cortex_m.c.obj            52      0         0      
       i_tofd_t2.asm.obj              46      0         0      
       copy_zero_init.c.obj           28      0         0      
       memccpy.c.obj                  28      0         0      
       s_copysign.c.obj               26      0         0      
       strcmp.c.obj                   24      0         0      
       strchr.c.obj                   22      0         0      
       strcpy.c.obj                   20      0         0      
       strlen.c.obj                   20      0         0      
       wcslen.c.obj                   18      0         0      
       copy_decompress_none.c.obj     14      0         0      
       errno.c.obj                    8       0         4      
       _lock.c.obj                    2       0         8      
       exit.c.obj                     4       0         0      
       pre_init.c.obj                 4       0         0      
       div0.asm.obj                   2       0         0      
    +--+------------------------------+-------+---------+---------+
       Total:                         16769   777       20     
                                                               
       Heap:                          0       0         1024   
       Stack:                         0       0         4096   
       Linker Generated:              0       76        0      
    +--+------------------------------+-------+---------+---------+
       Grand Total:                   25309   1496      5934   


LINKER GENERATED COPY TABLES

__TI_cinit_table @ 000068b8 records: 3, size/record: 8, table size: 24
	.data: load addr=00006880, load size=00000018 bytes, run addr=200016fc, run size=00000039 bytes, compression=lzss
	.bss: load addr=000068a8, load size=00000008 bytes, run addr=20001670, run size=00000089 bytes, compression=zero_init
	.vtable: load addr=000068b0, load size=00000008 bytes, run addr=20000000, run size=0000026c bytes, compression=zero_init


LINKER GENERATED HANDLER TABLE

__TI_handler_table @ 00006898 records: 3, size/record: 4, table size: 12
	index: 0, handler: __TI_zero_init
	index: 1, handler: __TI_decompress_lzss
	index: 2, handler: __TI_decompress_none


GLOBAL SYMBOLS: SORTED ALPHABETICALLY BY Name 

address   name                          
-------   ----                          
000053e9  ADC0SS0_Handler               
000055eb  ADC0_InSeq3                   
00006551  C$$EXIT                       
00006519  CPUcpsie                      
00000bc3  GPIOF_Handler                 
000064eb  IntMasterEnable               
000062dd  IntRegister                   
00006525  ResetISR                      
00004561  TIMER3B_Handler               
20001270  __STACK_END                   
00001000  __STACK_SIZE                  
20000470  __STACK_TOP                   
00000400  __SYSMEM_SIZE                 
000068b8  __TI_CINIT_Base               
000068d0  __TI_CINIT_Limit              
00006898  __TI_Handler_Table_Base       
000068a4  __TI_Handler_Table_Limit      
00006169  __TI_auto_init_nobinit_nopinit
00005f0d  __TI_decompress_lzss          
0000650b  __TI_decompress_none          
0000602f  __TI_ltoa                     
ffffffff  __TI_pprof_out_hndl           
00000e8d  __TI_printfi                  
ffffffff  __TI_prof_data_size           
ffffffff  __TI_prof_data_start          
00000000  __TI_static_base__            
000063cd  __TI_zero_init_nomemset       
00005c39  __aeabi_cdcmpeq               
00005c39  __aeabi_cdcmple               
00005cbf  __aeabi_cdrcmple              
00005e9f  __aeabi_d2f                   
00006121  __aeabi_d2iz                  
000049f3  __aeabi_dadd                  
000050f5  __aeabi_ddiv                  
0000577d  __aeabi_dmul                  
000049e9  __aeabi_dsub                  
0000653d  __aeabi_errno_addr            
000062a5  __aeabi_f2d                   
00006375  __aeabi_i2d                   
00004b9f  __aeabi_idiv0                 
00004b9f  __aeabi_ldiv0                 
00005d45  __aeabi_memclr                
00005d45  __aeabi_memclr4               
00005d45  __aeabi_memclr8               
00005b07  __aeabi_memcpy                
00005b07  __aeabi_memcpy4               
00005b07  __aeabi_memcpy8               
00005d47  __aeabi_memset                
00005d47  __aeabi_memset4               
00005d47  __aeabi_memset8               
00005ba3  __aeabi_uldivmod              
ffffffff  __binit__                     
ffffffff  __c_args__                    
000022ad  __kernel_rem_pio2             
00003a3d  __kernel_tan                  
UNDEFED   __mpu_init                    
20000270  __stack                       
20000000  __start___llvm_prf_cnts       
20000000  __stop___llvm_prf_cnts        
00006311  _c_int00_noargs               
000066b0  _ctypes_                      
2000171c  _lock                         
000018db  _nop                          
20001734  _running                      
20001270  _sys_memory                   
UNDEFED   _system_post_cinit            
0000654d  _system_pre_init              
200016dc  _timeout_ticks                
20001720  _unlock                       
00006551  abort                         
00005579  adc_init                      
00005613  adc_read                      
0000567d  aligned_alloc                 
000060d5  atoi                          
00002f49  averageInt                    
ffffffff  binit                         
00002eed  calculate_distanceLOG         
00002f1d  calculate_distancePOW         
0000626d  calloc                        
00006421  copysign                      
00006421  copysignl                     
000040a1  cyBOT_SERVO_cal               
0000402f  cyBOT_Scan                    
00003fd7  cyBOT_init_Scan               
2000172c  cyBOT_scan_features           
00003fc9  cyBOT_scan_version            
20001730  errno                         
200016e0  fallingEdge                   
00005879  floor                         
00005879  floorl                        
00005971  free                          
00005f75  frexp                         
00005f75  frexpl                        
20000000  g_pfnRAMVectors               
00000000  g_pfnVectors                  
0000097f  go_charge                     
000053ff  ir_enableInterrupt            
000053e1  ir_getDistance                
000053b9  ir_getValue                   
00005351  ir_init                       
200016f8  isRisingEdge                  
200016e4  isr_int_value                 
000064fb  lcd_clear                     
000038e9  lcd_gotoLine                  
00003751  lcd_init                      
0000394f  lcd_printf                    
00003811  lcd_putc                      
00003849  lcd_puts                      
00003715  lcd_reverseNibble             
00003867  lcd_sendCommand               
000038a5  lcd_sendNibble                
00003911  lcd_setCursorPos              
00005469  ldexp                         
00005469  ldexpl                        
200016e8  left_calibration_value        
00002f67  linearWidth                   
00003351  log                           
00003351  logl                          
00002fc9  main                          
00006545  malloc                        
0000567d  memalign                      
00006405  memccpy                       
00005b07  memcpy                        
00005d4d  memset                        
200016fc  motor_cal_factor_L            
20001700  motor_cal_factor_R            
00004899  move_backward                 
0000482d  move_forward                  
0000026d  oi_alloc                      
00000aa9  oi_checkFirmware              
000002c7  oi_close                      
00000279  oi_free                       
00000ded  oi_getMotorCalibrationLeft    
00000e01  oi_getMotorCalibrationRight   
000002b1  oi_init                       
00000289  oi_init_noupdate              
00000915  oi_loadSong                   
0000646b  oi_parseInt                   
0000032b  oi_parsePacket                
0000096b  oi_play_song                  
0000084b  oi_setLeds                    
00000db1  oi_setMotorCalibration        
0000088f  oi_setWheels                  
00000b51  oi_shutoff_init               
0000098d  oi_uartInit                   
00000a31  oi_uartReceive                
00000a77  oi_uartSendBuff               
00000a15  oi_uartSendChar               
00000a59  oi_uartSendStr                
000002d9  oi_update                     
000045b3  ping_getDistance              
00004471  ping_init                     
000044f7  ping_trigger                  
000018dd  pow                           
000018dd  powl                          
200016ec  pulseLength                   
200016f0  right_calibration_value       
200016f4  risingEdge                    
00005469  scalbn                        
00005469  scalbnl                       
00004d09  servo_init                    
00004d99  servo_move                    
00004df9  servo_setPWM                  
00004d8d  servo_stop                    
000061ad  sprintf                       
00004e61  sqrt                          
00004e61  sqrtl                         
0000649b  strchr                        
00006483  strcmp                        
000064b1  strcpy                        
000064c5  strlen                        
000029e5  tan                           
000029e5  tanl                          
00004347  timer_getMicros               
000042ef  timer_getMillis               
00004229  timer_init                    
000042cb  timer_pause                   
000042dd  timer_resume                  
000042a1  timer_stop                    
000043a1  timer_waitMicros              
000043d3  timer_waitMillis              
000048f1  turn_clockwise                
00004969  turn_counterclockwise         
00004ba1  uart_init                     
00004c5f  uart_receive                  
00004c85  uart_receive_nonblocking      
00004c43  uart_sendChar                 
00004caf  uart_sendStr                  
000061ed  vsnprintf                     
000064d9  wcslen                        


GLOBAL SYMBOLS: SORTED BY Symbol Address 

address   name                          
-------   ----                          
00000000  __TI_static_base__            
00000000  g_pfnVectors                  
0000026d  oi_alloc                      
00000279  oi_free                       
00000289  oi_init_noupdate              
000002b1  oi_init                       
000002c7  oi_close                      
000002d9  oi_update                     
0000032b  oi_parsePacket                
00000400  __SYSMEM_SIZE                 
0000084b  oi_setLeds                    
0000088f  oi_setWheels                  
00000915  oi_loadSong                   
0000096b  oi_play_song                  
0000097f  go_charge                     
0000098d  oi_uartInit                   
00000a15  oi_uartSendChar               
00000a31  oi_uartReceive                
00000a59  oi_uartSendStr                
00000a77  oi_uartSendBuff               
00000aa9  oi_checkFirmware              
00000b51  oi_shutoff_init               
00000bc3  GPIOF_Handler                 
00000db1  oi_setMotorCalibration        
00000ded  oi_getMotorCalibrationLeft    
00000e01  oi_getMotorCalibrationRight   
00000e8d  __TI_printfi                  
00001000  __STACK_SIZE                  
000018db  _nop                          
000018dd  pow                           
000018dd  powl                          
000022ad  __kernel_rem_pio2             
000029e5  tan                           
000029e5  tanl                          
00002eed  calculate_distanceLOG         
00002f1d  calculate_distancePOW         
00002f49  averageInt                    
00002f67  linearWidth                   
00002fc9  main                          
00003351  log                           
00003351  logl                          
00003715  lcd_reverseNibble             
00003751  lcd_init                      
00003811  lcd_putc                      
00003849  lcd_puts                      
00003867  lcd_sendCommand               
000038a5  lcd_sendNibble                
000038e9  lcd_gotoLine                  
00003911  lcd_setCursorPos              
0000394f  lcd_printf                    
00003a3d  __kernel_tan                  
00003fc9  cyBOT_scan_version            
00003fd7  cyBOT_init_Scan               
0000402f  cyBOT_Scan                    
000040a1  cyBOT_SERVO_cal               
00004229  timer_init                    
000042a1  timer_stop                    
000042cb  timer_pause                   
000042dd  timer_resume                  
000042ef  timer_getMillis               
00004347  timer_getMicros               
000043a1  timer_waitMicros              
000043d3  timer_waitMillis              
00004471  ping_init                     
000044f7  ping_trigger                  
00004561  TIMER3B_Handler               
000045b3  ping_getDistance              
0000482d  move_forward                  
00004899  move_backward                 
000048f1  turn_clockwise                
00004969  turn_counterclockwise         
000049e9  __aeabi_dsub                  
000049f3  __aeabi_dadd                  
00004b9f  __aeabi_idiv0                 
00004b9f  __aeabi_ldiv0                 
00004ba1  uart_init                     
00004c43  uart_sendChar                 
00004c5f  uart_receive                  
00004c85  uart_receive_nonblocking      
00004caf  uart_sendStr                  
00004d09  servo_init                    
00004d8d  servo_stop                    
00004d99  servo_move                    
00004df9  servo_setPWM                  
00004e61  sqrt                          
00004e61  sqrtl                         
000050f5  __aeabi_ddiv                  
00005351  ir_init                       
000053b9  ir_getValue                   
000053e1  ir_getDistance                
000053e9  ADC0SS0_Handler               
000053ff  ir_enableInterrupt            
00005469  ldexp                         
00005469  ldexpl                        
00005469  scalbn                        
00005469  scalbnl                       
00005579  adc_init                      
000055eb  ADC0_InSeq3                   
00005613  adc_read                      
0000567d  aligned_alloc                 
0000567d  memalign                      
0000577d  __aeabi_dmul                  
00005879  floor                         
00005879  floorl                        
00005971  free                          
00005b07  __aeabi_memcpy                
00005b07  __aeabi_memcpy4               
00005b07  __aeabi_memcpy8               
00005b07  memcpy                        
00005ba3  __aeabi_uldivmod              
00005c39  __aeabi_cdcmpeq               
00005c39  __aeabi_cdcmple               
00005cbf  __aeabi_cdrcmple              
00005d45  __aeabi_memclr                
00005d45  __aeabi_memclr4               
00005d45  __aeabi_memclr8               
00005d47  __aeabi_memset                
00005d47  __aeabi_memset4               
00005d47  __aeabi_memset8               
00005d4d  memset                        
00005e9f  __aeabi_d2f                   
00005f0d  __TI_decompress_lzss          
00005f75  frexp                         
00005f75  frexpl                        
0000602f  __TI_ltoa                     
000060d5  atoi                          
00006121  __aeabi_d2iz                  
00006169  __TI_auto_init_nobinit_nopinit
000061ad  sprintf                       
000061ed  vsnprintf                     
0000626d  calloc                        
000062a5  __aeabi_f2d                   
000062dd  IntRegister                   
00006311  _c_int00_noargs               
00006375  __aeabi_i2d                   
000063cd  __TI_zero_init_nomemset       
00006405  memccpy                       
00006421  copysign                      
00006421  copysignl                     
0000646b  oi_parseInt                   
00006483  strcmp                        
0000649b  strchr                        
000064b1  strcpy                        
000064c5  strlen                        
000064d9  wcslen                        
000064eb  IntMasterEnable               
000064fb  lcd_clear                     
0000650b  __TI_decompress_none          
00006519  CPUcpsie                      
00006525  ResetISR                      
0000653d  __aeabi_errno_addr            
00006545  malloc                        
0000654d  _system_pre_init              
00006551  C$$EXIT                       
00006551  abort                         
000066b0  _ctypes_                      
00006898  __TI_Handler_Table_Base       
000068a4  __TI_Handler_Table_Limit      
000068b8  __TI_CINIT_Base               
000068d0  __TI_CINIT_Limit              
20000000  __start___llvm_prf_cnts       
20000000  __stop___llvm_prf_cnts        
20000000  g_pfnRAMVectors               
20000270  __stack                       
20000470  __STACK_TOP                   
20001270  __STACK_END                   
20001270  _sys_memory                   
200016dc  _timeout_ticks                
200016e0  fallingEdge                   
200016e4  isr_int_value                 
200016e8  left_calibration_value        
200016ec  pulseLength                   
200016f0  right_calibration_value       
200016f4  risingEdge                    
200016f8  isRisingEdge                  
200016fc  motor_cal_factor_L            
20001700  motor_cal_factor_R            
2000171c  _lock                         
20001720  _unlock                       
2000172c  cyBOT_scan_features           
20001730  errno                         
20001734  _running                      
ffffffff  __TI_pprof_out_hndl           
ffffffff  __TI_prof_data_size           
ffffffff  __TI_prof_data_start          
ffffffff  __binit__                     
ffffffff  __c_args__                    
ffffffff  binit                         
UNDEFED   __mpu_init                    
UNDEFED   _system_post_cinit            

[190 symbols]
