******************************************************************************
                  TI ARM Linker PC v20.2.7                     
******************************************************************************
>> Linked Wed Nov  6 19:52:14 2024

OUTPUT FILE NAME:   <lab_8.out>
ENTRY POINT SYMBOL: "_c_int00_noargs"  address: 000063d5


MEMORY CONFIGURATION

         name            origin    length      used     unused   attr    fill
----------------------  --------  ---------  --------  --------  ----  --------
  FLASH                 00000000   00040000  0000698b  00039675  R  X
  SRAM                  20000000   00008000  0000172e  000068d2  RW X


SEGMENT ALLOCATION MAP

run origin  load origin   length   init length attrs members
----------  ----------- ---------- ----------- ----- -------
00000000    00000000    00006990   00006990    r-x
  00000000    00000000    0000026c   0000026c    r-- .intvecs
  0000026c    0000026c    000063ac   000063ac    r-x .text
  00006618    00006618    00000323   00000323    r-- .const
  00006940    00006940    00000050   00000050    r-- .cinit
20000000    20000000    00001735   00000000    rw-
  20000000    20000000    0000026c   00000000    rw- .vtable
  20000270    20000270    00001000   00000000    rw- .stack
  20001270    20001270    00000400   00000000    rw- .sysmem
  20001670    20001670    00000089   00000000    rw- .bss
  200016fc    200016fc    00000039   00000000    rw- .data


SECTION ALLOCATION MAP

 output                                  attributes/
section   page    origin      length       input sections
--------  ----  ----------  ----------   ----------------
.intvecs   0    00000000    0000026c     
                  00000000    0000026c     tm4c123gh6pm_startup_ccs.obj (.intvecs)

.text      0    0000026c    000063ac     
                  0000026c    00000c20     open_interface .obj (.text)
                  00000e8c    00000a4e     rtsv7M4_T_le_v4SPD16_eabi.lib : _printfi.c.obj (.text:__TI_printfi)
                  000018da    00000002                                   : _lock.c.obj (.text:_nop)
                  000018dc    000009d0                                   : e_pow.c.obj (.text:pow)
                  000022ac    00000738                                   : k_rem_pio2.c.obj (.text:__kernel_rem_pio2)
                  000029e4    00000526     main.obj (.text)
                  00002f0a    00000002     rtsv7M4_T_le_v4SPD16_eabi.lib : div0.asm.obj (.text)
                  00002f0c    00000508                                   : s_tan.c.obj (.text:tan)
                  00003414    000003c4                                   : e_log.c.obj (.text:log)
                  000037d8    00000328     lcd.obj (.text)
                  00003b00    0000031c     rtsv7M4_T_le_v4SPD16_eabi.lib : k_tan.c.obj (.text:__kernel_tan)
                  00003e1c    00000270                                   : _printfi.c.obj (.text:_pconv_a)
                  0000408c    00000260     libcybotScan.lib : cyBot_Scan.obj (.text)
                  000042ec    00000248     Timer.obj (.text)
                  00004534    000001ec     libcybotScan.lib : ping.obj (.text)
                  00004720    000001d0     rtsv7M4_T_le_v4SPD16_eabi.lib : _printfi.c.obj (.text:_pconv_g)
                  000048f0    000001bc     movement.obj (.text)
                  00004aac    000001b6     rtsv7M4_T_le_v4SPD16_eabi.lib : fd_add_t2.asm.obj (.text)
                  00004c62    00000002     --HOLE-- [fill = 0]
                  00004c64    00000168     uart.obj (.text)
                  00004dcc    00000158     libcybotScan.lib : servo.obj (.text)
                  00004f24    00000158     rtsv7M4_T_le_v4SPD16_eabi.lib : e_sqrt.c.obj (.text:sqrt)
                  0000507c    0000013c                                   : _printfi.c.obj (.text:_pconv_e)
                  000051b8    00000136                                   : fd_div_t2.asm.obj (.text)
                  000052ee    00000002     --HOLE-- [fill = 0]
                  000052f0    00000124                                   : _printfi.c.obj (.text:fcvt)
                  00005414    00000118     libcybotScan.lib : ir.obj (.text)
                  0000552c    00000110     rtsv7M4_T_le_v4SPD16_eabi.lib : s_scalbn.c.obj (.text:scalbn)
                  0000563c    00000104     adc.obj (.text)
                  00005740    00000100     rtsv7M4_T_le_v4SPD16_eabi.lib : memory.c.obj (.text:aligned_alloc)
                  00005840    000000fc                                   : fd_mul_t2.asm.obj (.text)
                  0000593c    000000f8                                   : s_floor.c.obj (.text:floor)
                  00005a34    000000e4                                   : memory.c.obj (.text:free)
                  00005b18    000000b1                                   : _printfi.c.obj (.text:_ltostr)
                  00005bc9    00000001     --HOLE-- [fill = 0]
                  00005bca    0000009c                                   : memcpy_t2.asm.obj (.text)
                  00005c66    00000096                                   : ull_div_t2.asm.obj (.text)
                  00005cfc    00000086                                   : fd_cmp_t2.asm.obj (.text:__aeabi_cdcmple)
                  00005d82    00000086                                   : fd_cmp_t2.asm.obj (.text:__aeabi_cdrcmple)
                  00005e08    0000007a                                   : memset_t2.asm.obj (.text)
                  00005e82    00000002     --HOLE-- [fill = 0]
                  00005e84    00000070                                   : memory.c.obj (.text:split)
                  00005ef4    0000006e                                   : _printfi.c.obj (.text:_mcpy)
                  00005f62    0000006e                                   : fd_tos_t2.asm.obj (.text)
                  00005fd0    00000068                                   : copy_decompress_lzss.c.obj (.text:decompress:lzss:__TI_decompress_lzss)
                  00006038    00000064                                   : s_frexp.c.obj (.text:frexp)
                  0000609c    00000056                                   : _printfi.c.obj (.text:_pconv_f)
                  000060f2    00000054                                   : _ltoa.c.obj (.text:__TI_ltoa)
                  00006146    00000052                                   : _printfi.c.obj (.text:_ecpy)
                  00006198    0000004c                                   : atoi.c.obj (.text:atoi)
                  000061e4    00000048                                   : fd_toi_t2.asm.obj (.text)
                  0000622c    00000044                                   : autoinit.c.obj (.text:__TI_auto_init_nobinit_nopinit:__TI_auto_init_nobinit_nopinit)
                  00006270    00000040                                   : sprintf.c.obj (.text:sprintf)
                  000062b0    00000040                                   : vsnprintf.c.obj (.text:vsnprintf)
                  000062f0    0000003e                                   : _printfi.c.obj (.text:_fcpy)
                  0000632e    00000002     --HOLE-- [fill = 0]
                  00006330    00000038                                   : memory.c.obj (.text:calloc)
                  00006368    00000038                                   : fs_tod_t2.asm.obj (.text)
                  000063a0    00000034     driverlib.lib : interrupt.obj (.text:IntRegister)
                  000063d4    00000034     rtsv7M4_T_le_v4SPD16_eabi.lib : boot_cortex_m.c.obj (.text:_c_int00_noargs:_c_int00_noargs)
                  00006408    00000030                                   : vsnprintf.c.obj (.text:_outs)
                  00006438    0000002e                                   : i_tofd_t2.asm.obj (.text)
                  00006466    00000002     --HOLE-- [fill = 0]
                  00006468    00000028                                   : memory.c.obj (.text:free_list_insert)
                  00006490    0000001c                                   : copy_zero_init.c.obj (.text:decompress:ZI:__TI_zero_init_nomemset:__TI_zero_init_nomemset)
                  000064ac    0000001c                                   : memory.c.obj (.text:free_list_remove)
                  000064c8    0000001c                                   : memccpy.c.obj (.text:memccpy)
                  000064e4    0000001a                                   : s_copysign.c.obj (.text:copysign)
                  000064fe    00000018                                   : vsnprintf.c.obj (.text:_outc)
                  00006516    00000018                                   : sprintf.c.obj (.text:_outs)
                  0000652e    00000018     open_interface .obj (.text:oi_parseInt)
                  00006546    00000018     rtsv7M4_T_le_v4SPD16_eabi.lib : strcmp.c.obj (.text:strcmp)
                  0000655e    00000016                                   : strchr.c.obj (.text:strchr)
                  00006574    00000014                                   : strcpy.c.obj (.text:strcpy)
                  00006588    00000014                                   : strlen.c.obj (.text:strlen)
                  0000659c    00000012                                   : wcslen.c.obj (.text:wcslen)
                  000065ae    00000010     driverlib.lib : interrupt.obj (.text:IntMasterEnable)
                  000065be    00000010     lcd.obj (.text:lcd_clear)
                  000065ce    0000000e     rtsv7M4_T_le_v4SPD16_eabi.lib : copy_decompress_none.c.obj (.text:decompress:none:__TI_decompress_none)
                  000065dc    0000000c     driverlib.lib : cpu.obj (.text:CPUcpsie)
                  000065e8    0000000c     tm4c123gh6pm_startup_ccs.obj (.text)
                  000065f4    0000000a     rtsv7M4_T_le_v4SPD16_eabi.lib : sprintf.c.obj (.text:_outc)
                  000065fe    00000002     --HOLE-- [fill = 0]
                  00006600    00000008                                   : errno.c.obj (.text:__aeabi_errno_addr)
                  00006608    00000008                                   : memory.c.obj (.text:malloc)
                  00006610    00000004                                   : pre_init.c.obj (.text:_system_pre_init)
                  00006614    00000004                                   : exit.c.obj (.text:abort:abort)

.const     0    00006618    00000323     
                  00006618    00000158     rtsv7M4_T_le_v4SPD16_eabi.lib : k_rem_pio2.c.obj (.const:$O1$$)
                  00006770    00000101                                   : ctype.c.obj (.const:.string:_ctypes_)
                  00006871    00000004     lcd.obj (.const:.string:lineAddress$1)
                  00006875    00000003     --HOLE-- [fill = 0]
                  00006878    00000080     rtsv7M4_T_le_v4SPD16_eabi.lib : k_tan.c.obj (.const:xxx)
                  000068f8    00000030                                   : e_pow.c.obj (.const:$O1$$)
                  00006928    0000000f     open_interface .obj (.const:.string:$P$T0$3)
                  00006937    00000004     lcd.obj (.const:.string:lineAddresses$2)

.cinit     0    00006940    00000050     
                  00006940    00000018     (.cinit..data.load) [load image, compression = lzss]
                  00006958    0000000c     (__TI_handler_table)
                  00006964    00000004     --HOLE-- [fill = 0]
                  00006968    00000008     (.cinit..bss.load) [load image, compression = zero_init]
                  00006970    00000008     (.cinit..vtable.load) [load image, compression = zero_init]
                  00006978    00000018     (__TI_cinit_table)

.init_array 
*          0    00000000    00000000     UNINITIALIZED

.vtable    0    20000000    0000026c     UNINITIALIZED
                  20000000    0000026c     driverlib.lib : interrupt.obj (.vtable)

.stack     0    20000270    00001000     UNINITIALIZED
                  20000270    00000004     rtsv7M4_T_le_v4SPD16_eabi.lib : boot_cortex_m.c.obj (.stack)
                  20000274    00000ffc     --HOLE--

.sysmem    0    20001270    00000400     UNINITIALIZED
                  20001270    00000010     rtsv7M4_T_le_v4SPD16_eabi.lib : memory.c.obj (.sysmem)
                  20001280    000003f0     --HOLE--

.bss       0    20001670    00000089     UNINITIALIZED
                  20001670    00000054     lcd.obj (.bss:lastbuffer$3)
                  200016c4    00000018     open_interface .obj (.bss:firmware$2)
                  200016dc    00000004     (.common:_timeout_ticks)
                  200016e0    00000004     (.common:fallingEdge)
                  200016e4    00000004     (.common:isr_int_value)
                  200016e8    00000004     (.common:left_calibration_value)
                  200016ec    00000004     (.common:pulseLength)
                  200016f0    00000004     (.common:right_calibration_value)
                  200016f4    00000004     (.common:risingEdge)
                  200016f8    00000001     (.common:isRisingEdge)

.data      0    200016fc    00000039     UNINITIALIZED
                  200016fc    00000020     open_interface .obj (.data)
                  2000171c    00000008     rtsv7M4_T_le_v4SPD16_eabi.lib : _lock.c.obj (.data:$O1$$)
                  20001724    00000008                                   : memory.c.obj (.data:$O1$$)
                  2000172c    00000004     libcybotScan.lib : cyBot_Scan.obj (.data)
                  20001730    00000004     rtsv7M4_T_le_v4SPD16_eabi.lib : errno.c.obj (.data)
                  20001734    00000001     Timer.obj (.data)

__llvm_prf_cnts 
*          0    20000000    00000000     UNINITIALIZED

MODULE SUMMARY

       Module                         code    ro data   rw data
       ------                         ----    -------   -------
    .\
       open_interface .obj            3128    15        56     
       main.obj                       1318    0         8      
       lcd.obj                        824     8         84     
       tm4c123gh6pm_startup_ccs.obj   12      620       0      
       Timer.obj                      584     0         5      
       movement.obj                   444     0         0      
       uart.obj                       360     0         0      
       adc.obj                        260     0         0      
    +--+------------------------------+-------+---------+---------+
       Total:                         6930    643       153    
                                                               
    ../libcybotScan.lib
       cyBot_Scan.obj                 608     0         4      
       ping.obj                       492     0         13     
       servo.obj                      344     0         0      
       ir.obj                         280     0         4      
    +--+------------------------------+-------+---------+---------+
       Total:                         1724    0         21     
                                                               
    C:/ti/TivaWare_C_Series-2.2.0.295/driverlib/ccs/Debug/driverlib.lib
       interrupt.obj                  68      0         620    
       cpu.obj                        12      0         0      
    +--+------------------------------+-------+---------+---------+
       Total:                         80      0         620    
                                                               
    C:\ti\ccs1271\ccs\tools\compiler\ti-cgt-arm_20.2.7.LTS\lib\rtsv7M4_T_le_v4SPD16_eabi.lib
       _printfi.c.obj                 4851    0         0      
       e_pow.c.obj                    2512    48        0      
       k_rem_pio2.c.obj               1848    344       0      
       s_tan.c.obj                    1288    0         0      
       e_log.c.obj                    964     0         0      
       k_tan.c.obj                    796     128       0      
       memory.c.obj                   728     0         8      
       fd_add_t2.asm.obj              438     0         0      
       e_sqrt.c.obj                   344     0         0      
       fd_div_t2.asm.obj              310     0         0      
       s_scalbn.c.obj                 272     0         0      
       fd_cmp_t2.asm.obj              268     0         0      
       ctype.c.obj                    0       257       0      
       fd_mul_t2.asm.obj              252     0         0      
       s_floor.c.obj                  248     0         0      
       memcpy_t2.asm.obj              156     0         0      
       ull_div_t2.asm.obj             150     0         0      
       vsnprintf.c.obj                136     0         0      
       memset_t2.asm.obj              122     0         0      
       fd_tos_t2.asm.obj              110     0         0      
       copy_decompress_lzss.c.obj     104     0         0      
       s_frexp.c.obj                  100     0         0      
       sprintf.c.obj                  98      0         0      
       _ltoa.c.obj                    84      0         0      
       atoi.c.obj                     76      0         0      
       fd_toi_t2.asm.obj              72      0         0      
       autoinit.c.obj                 68      0         0      
       fs_tod_t2.asm.obj              56      0         0      
       boot_cortex_m.c.obj            52      0         0      
       i_tofd_t2.asm.obj              46      0         0      
       copy_zero_init.c.obj           28      0         0      
       memccpy.c.obj                  28      0         0      
       s_copysign.c.obj               26      0         0      
       strcmp.c.obj                   24      0         0      
       strchr.c.obj                   22      0         0      
       strcpy.c.obj                   20      0         0      
       strlen.c.obj                   20      0         0      
       wcslen.c.obj                   18      0         0      
       copy_decompress_none.c.obj     14      0         0      
       errno.c.obj                    8       0         4      
       _lock.c.obj                    2       0         8      
       exit.c.obj                     4       0         0      
       pre_init.c.obj                 4       0         0      
       div0.asm.obj                   2       0         0      
    +--+------------------------------+-------+---------+---------+
       Total:                         16769   777       20     
                                                               
       Heap:                          0       0         1024   
       Stack:                         0       0         4096   
       Linker Generated:              0       76        0      
    +--+------------------------------+-------+---------+---------+
       Grand Total:                   25503   1496      5934   


LINKER GENERATED COPY TABLES

__TI_cinit_table @ 00006978 records: 3, size/record: 8, table size: 24
	.data: load addr=00006940, load size=00000018 bytes, run addr=200016fc, run size=00000039 bytes, compression=lzss
	.bss: load addr=00006968, load size=00000008 bytes, run addr=20001670, run size=00000089 bytes, compression=zero_init
	.vtable: load addr=00006970, load size=00000008 bytes, run addr=20000000, run size=0000026c bytes, compression=zero_init


LINKER GENERATED HANDLER TABLE

__TI_handler_table @ 00006958 records: 3, size/record: 4, table size: 12
	index: 0, handler: __TI_zero_init
	index: 1, handler: __TI_decompress_lzss
	index: 2, handler: __TI_decompress_none


GLOBAL SYMBOLS: SORTED ALPHABETICALLY BY Name 

address   name                          
-------   ----                          
000054ad  ADC0SS0_Handler               
000056af  ADC0_InSeq3                   
00006615  C$$EXIT                       
000065dd  CPUcpsie                      
00000bc3  GPIOF_Handler                 
000065af  IntMasterEnable               
000063a1  IntRegister                   
000065e9  ResetISR                      
00004625  TIMER3B_Handler               
20001270  __STACK_END                   
00001000  __STACK_SIZE                  
20000470  __STACK_TOP                   
00000400  __SYSMEM_SIZE                 
00006978  __TI_CINIT_Base               
00006990  __TI_CINIT_Limit              
00006958  __TI_Handler_Table_Base       
00006964  __TI_Handler_Table_Limit      
0000622d  __TI_auto_init_nobinit_nopinit
00005fd1  __TI_decompress_lzss          
000065cf  __TI_decompress_none          
000060f3  __TI_ltoa                     
ffffffff  __TI_pprof_out_hndl           
00000e8d  __TI_printfi                  
ffffffff  __TI_prof_data_size           
ffffffff  __TI_prof_data_start          
00000000  __TI_static_base__            
00006491  __TI_zero_init_nomemset       
00005cfd  __aeabi_cdcmpeq               
00005cfd  __aeabi_cdcmple               
00005d83  __aeabi_cdrcmple              
00005f63  __aeabi_d2f                   
000061e5  __aeabi_d2iz                  
00004ab7  __aeabi_dadd                  
000051b9  __aeabi_ddiv                  
00005841  __aeabi_dmul                  
00004aad  __aeabi_dsub                  
00006601  __aeabi_errno_addr            
00006369  __aeabi_f2d                   
00006439  __aeabi_i2d                   
00002f0b  __aeabi_idiv0                 
00002f0b  __aeabi_ldiv0                 
00005e09  __aeabi_memclr                
00005e09  __aeabi_memclr4               
00005e09  __aeabi_memclr8               
00005bcb  __aeabi_memcpy                
00005bcb  __aeabi_memcpy4               
00005bcb  __aeabi_memcpy8               
00005e0b  __aeabi_memset                
00005e0b  __aeabi_memset4               
00005e0b  __aeabi_memset8               
00005c67  __aeabi_uldivmod              
ffffffff  __binit__                     
ffffffff  __c_args__                    
000022ad  __kernel_rem_pio2             
00003b01  __kernel_tan                  
UNDEFED   __mpu_init                    
20000270  __stack                       
20000000  __start___llvm_prf_cnts       
20000000  __stop___llvm_prf_cnts        
000063d5  _c_int00_noargs               
00006770  _ctypes_                      
2000171c  _lock                         
000018db  _nop                          
20001734  _running                      
20001270  _sys_memory                   
UNDEFED   _system_post_cinit            
00006611  _system_pre_init              
200016dc  _timeout_ticks                
20001720  _unlock                       
00006615  abort                         
0000563d  adc_init                      
000056d7  adc_read                      
00005741  aligned_alloc                 
00006199  atoi                          
00002a41  averageInt                    
ffffffff  binit                         
000029e5  calculate_distanceLOG         
00002a15  calculate_distancePOW         
00006331  calloc                        
000064e5  copysign                      
000064e5  copysignl                     
00004165  cyBOT_SERVO_cal               
000040f3  cyBOT_Scan                    
0000409b  cyBOT_init_Scan               
2000172c  cyBOT_scan_features           
0000408d  cyBOT_scan_version            
20001730  errno                         
200016e0  fallingEdge                   
0000593d  floor                         
0000593d  floorl                        
00005a35  free                          
00006039  frexp                         
00006039  frexpl                        
20000000  g_pfnRAMVectors               
00000000  g_pfnVectors                  
0000097f  go_charge                     
000054c3  ir_enableInterrupt            
000054a5  ir_getDistance                
0000547d  ir_getValue                   
00005415  ir_init                       
200016f8  isRisingEdge                  
200016e4  isr_int_value                 
000065bf  lcd_clear                     
000039ad  lcd_gotoLine                  
00003815  lcd_init                      
00003a13  lcd_printf                    
000038d5  lcd_putc                      
0000390d  lcd_puts                      
000037d9  lcd_reverseNibble             
0000392b  lcd_sendCommand               
00003969  lcd_sendNibble                
000039d5  lcd_setCursorPos              
0000552d  ldexp                         
0000552d  ldexpl                        
200016e8  left_calibration_value        
00002a5f  linearWidth                   
00003415  log                           
00003415  logl                          
00002ac1  main                          
00006609  malloc                        
00005741  memalign                      
000064c9  memccpy                       
00005bcb  memcpy                        
00005e11  memset                        
200016fc  motor_cal_factor_L            
20001700  motor_cal_factor_R            
0000495d  move_backward                 
000048f1  move_forward                  
0000026d  oi_alloc                      
00000aa9  oi_checkFirmware              
000002c7  oi_close                      
00000279  oi_free                       
00000ded  oi_getMotorCalibrationLeft    
00000e01  oi_getMotorCalibrationRight   
000002b1  oi_init                       
00000289  oi_init_noupdate              
00000915  oi_loadSong                   
0000652f  oi_parseInt                   
0000032b  oi_parsePacket                
0000096b  oi_play_song                  
0000084b  oi_setLeds                    
00000db1  oi_setMotorCalibration        
0000088f  oi_setWheels                  
00000b51  oi_shutoff_init               
0000098d  oi_uartInit                   
00000a31  oi_uartReceive                
00000a77  oi_uartSendBuff               
00000a15  oi_uartSendChar               
00000a59  oi_uartSendStr                
000002d9  oi_update                     
00004677  ping_getDistance              
00004535  ping_init                     
000045bb  ping_trigger                  
000018dd  pow                           
000018dd  powl                          
200016ec  pulseLength                   
200016f0  right_calibration_value       
200016f4  risingEdge                    
0000552d  scalbn                        
0000552d  scalbnl                       
00004dcd  servo_init                    
00004e5d  servo_move                    
00004ebd  servo_setPWM                  
00004e51  servo_stop                    
00006271  sprintf                       
00004f25  sqrt                          
00004f25  sqrtl                         
0000655f  strchr                        
00006547  strcmp                        
00006575  strcpy                        
00006589  strlen                        
00002f0d  tan                           
00002f0d  tanl                          
0000440b  timer_getMicros               
000043b3  timer_getMillis               
000042ed  timer_init                    
0000438f  timer_pause                   
000043a1  timer_resume                  
00004365  timer_stop                    
00004465  timer_waitMicros              
00004497  timer_waitMillis              
000049b5  turn_clockwise                
00004a2d  turn_counterclockwise         
00004c65  uart_init                     
00004d23  uart_receive                  
00004d49  uart_receive_nonblocking      
00004d07  uart_sendChar                 
00004d73  uart_sendStr                  
000062b1  vsnprintf                     
0000659d  wcslen                        


GLOBAL SYMBOLS: SORTED BY Symbol Address 

address   name                          
-------   ----                          
00000000  __TI_static_base__            
00000000  g_pfnVectors                  
0000026d  oi_alloc                      
00000279  oi_free                       
00000289  oi_init_noupdate              
000002b1  oi_init                       
000002c7  oi_close                      
000002d9  oi_update                     
0000032b  oi_parsePacket                
00000400  __SYSMEM_SIZE                 
0000084b  oi_setLeds                    
0000088f  oi_setWheels                  
00000915  oi_loadSong                   
0000096b  oi_play_song                  
0000097f  go_charge                     
0000098d  oi_uartInit                   
00000a15  oi_uartSendChar               
00000a31  oi_uartReceive                
00000a59  oi_uartSendStr                
00000a77  oi_uartSendBuff               
00000aa9  oi_checkFirmware              
00000b51  oi_shutoff_init               
00000bc3  GPIOF_Handler                 
00000db1  oi_setMotorCalibration        
00000ded  oi_getMotorCalibrationLeft    
00000e01  oi_getMotorCalibrationRight   
00000e8d  __TI_printfi                  
00001000  __STACK_SIZE                  
000018db  _nop                          
000018dd  pow                           
000018dd  powl                          
000022ad  __kernel_rem_pio2             
000029e5  calculate_distanceLOG         
00002a15  calculate_distancePOW         
00002a41  averageInt                    
00002a5f  linearWidth                   
00002ac1  main                          
00002f0b  __aeabi_idiv0                 
00002f0b  __aeabi_ldiv0                 
00002f0d  tan                           
00002f0d  tanl                          
00003415  log                           
00003415  logl                          
000037d9  lcd_reverseNibble             
00003815  lcd_init                      
000038d5  lcd_putc                      
0000390d  lcd_puts                      
0000392b  lcd_sendCommand               
00003969  lcd_sendNibble                
000039ad  lcd_gotoLine                  
000039d5  lcd_setCursorPos              
00003a13  lcd_printf                    
00003b01  __kernel_tan                  
0000408d  cyBOT_scan_version            
0000409b  cyBOT_init_Scan               
000040f3  cyBOT_Scan                    
00004165  cyBOT_SERVO_cal               
000042ed  timer_init                    
00004365  timer_stop                    
0000438f  timer_pause                   
000043a1  timer_resume                  
000043b3  timer_getMillis               
0000440b  timer_getMicros               
00004465  timer_waitMicros              
00004497  timer_waitMillis              
00004535  ping_init                     
000045bb  ping_trigger                  
00004625  TIMER3B_Handler               
00004677  ping_getDistance              
000048f1  move_forward                  
0000495d  move_backward                 
000049b5  turn_clockwise                
00004a2d  turn_counterclockwise         
00004aad  __aeabi_dsub                  
00004ab7  __aeabi_dadd                  
00004c65  uart_init                     
00004d07  uart_sendChar                 
00004d23  uart_receive                  
00004d49  uart_receive_nonblocking      
00004d73  uart_sendStr                  
00004dcd  servo_init                    
00004e51  servo_stop                    
00004e5d  servo_move                    
00004ebd  servo_setPWM                  
00004f25  sqrt                          
00004f25  sqrtl                         
000051b9  __aeabi_ddiv                  
00005415  ir_init                       
0000547d  ir_getValue                   
000054a5  ir_getDistance                
000054ad  ADC0SS0_Handler               
000054c3  ir_enableInterrupt            
0000552d  ldexp                         
0000552d  ldexpl                        
0000552d  scalbn                        
0000552d  scalbnl                       
0000563d  adc_init                      
000056af  ADC0_InSeq3                   
000056d7  adc_read                      
00005741  aligned_alloc                 
00005741  memalign                      
00005841  __aeabi_dmul                  
0000593d  floor                         
0000593d  floorl                        
00005a35  free                          
00005bcb  __aeabi_memcpy                
00005bcb  __aeabi_memcpy4               
00005bcb  __aeabi_memcpy8               
00005bcb  memcpy                        
00005c67  __aeabi_uldivmod              
00005cfd  __aeabi_cdcmpeq               
00005cfd  __aeabi_cdcmple               
00005d83  __aeabi_cdrcmple              
00005e09  __aeabi_memclr                
00005e09  __aeabi_memclr4               
00005e09  __aeabi_memclr8               
00005e0b  __aeabi_memset                
00005e0b  __aeabi_memset4               
00005e0b  __aeabi_memset8               
00005e11  memset                        
00005f63  __aeabi_d2f                   
00005fd1  __TI_decompress_lzss          
00006039  frexp                         
00006039  frexpl                        
000060f3  __TI_ltoa                     
00006199  atoi                          
000061e5  __aeabi_d2iz                  
0000622d  __TI_auto_init_nobinit_nopinit
00006271  sprintf                       
000062b1  vsnprintf                     
00006331  calloc                        
00006369  __aeabi_f2d                   
000063a1  IntRegister                   
000063d5  _c_int00_noargs               
00006439  __aeabi_i2d                   
00006491  __TI_zero_init_nomemset       
000064c9  memccpy                       
000064e5  copysign                      
000064e5  copysignl                     
0000652f  oi_parseInt                   
00006547  strcmp                        
0000655f  strchr                        
00006575  strcpy                        
00006589  strlen                        
0000659d  wcslen                        
000065af  IntMasterEnable               
000065bf  lcd_clear                     
000065cf  __TI_decompress_none          
000065dd  CPUcpsie                      
000065e9  ResetISR                      
00006601  __aeabi_errno_addr            
00006609  malloc                        
00006611  _system_pre_init              
00006615  C$$EXIT                       
00006615  abort                         
00006770  _ctypes_                      
00006958  __TI_Handler_Table_Base       
00006964  __TI_Handler_Table_Limit      
00006978  __TI_CINIT_Base               
00006990  __TI_CINIT_Limit              
20000000  __start___llvm_prf_cnts       
20000000  __stop___llvm_prf_cnts        
20000000  g_pfnRAMVectors               
20000270  __stack                       
20000470  __STACK_TOP                   
20001270  __STACK_END                   
20001270  _sys_memory                   
200016dc  _timeout_ticks                
200016e0  fallingEdge                   
200016e4  isr_int_value                 
200016e8  left_calibration_value        
200016ec  pulseLength                   
200016f0  right_calibration_value       
200016f4  risingEdge                    
200016f8  isRisingEdge                  
200016fc  motor_cal_factor_L            
20001700  motor_cal_factor_R            
2000171c  _lock                         
20001720  _unlock                       
2000172c  cyBOT_scan_features           
20001730  errno                         
20001734  _running                      
ffffffff  __TI_pprof_out_hndl           
ffffffff  __TI_prof_data_size           
ffffffff  __TI_prof_data_start          
ffffffff  __binit__                     
ffffffff  __c_args__                    
ffffffff  binit                         
UNDEFED   __mpu_init                    
UNDEFED   _system_post_cinit            

[190 symbols]
