<?xml version="1.0" encoding="ISO-8859-1" ?>
<link_info>
   <banner>TI ARM Linker PC v20.2.7.LTS</banner>
   <copyright>Copyright (c) 1996-2018 Texas Instruments Incorporated</copyright>
   <link_time>0x66e07159</link_time>
   <link_errors>0x0</link_errors>
   <output_file>lab_0001.out</output_file>
   <entry_point>
      <name>_c_int00_noargs</name>
      <address>0x25a9</address>
   </entry_point>
   <input_file_list>
      <input_file id="fl-2">
         <path>.\</path>
         <kind>object</kind>
         <file>Timer.obj</file>
         <name>Timer.obj</name>
      </input_file>
      <input_file id="fl-3">
         <path>.\</path>
         <kind>object</kind>
         <file>lab1.obj</file>
         <name>lab1.obj</name>
      </input_file>
      <input_file id="fl-4">
         <path>.\</path>
         <kind>object</kind>
         <file>lcd.obj</file>
         <name>lcd.obj</name>
      </input_file>
      <input_file id="fl-5">
         <path>.\</path>
         <kind>object</kind>
         <file>resetSimulation.obj</file>
         <name>resetSimulation.obj</name>
      </input_file>
      <input_file id="fl-6">
         <path>.\</path>
         <kind>object</kind>
         <file>tm4c123gh6pm_startup_ccs.obj</file>
         <name>tm4c123gh6pm_startup_ccs.obj</name>
      </input_file>
      <input_file id="fl-b">
         <kind>object</kind>
         <file>&lt;internal&gt;</file>
         <name>&lt;internal&gt;</name>
      </input_file>
      <input_file id="fl-c1">
         <path>C:\ti\ccs1271\ccs\tools\compiler\ti-cgt-arm_20.2.7.LTS\lib\</path>
         <kind>archive</kind>
         <file>rtsv7M4_T_le_v4SPD16_eabi.lib</file>
         <name>vsnprintf.c.obj</name>
      </input_file>
      <input_file id="fl-c2">
         <path>C:\ti\ccs1271\ccs\tools\compiler\ti-cgt-arm_20.2.7.LTS\lib\</path>
         <kind>archive</kind>
         <file>rtsv7M4_T_le_v4SPD16_eabi.lib</file>
         <name>memcpy_t2.asm.obj</name>
      </input_file>
      <input_file id="fl-c3">
         <path>C:\ti\ccs1271\ccs\tools\compiler\ti-cgt-arm_20.2.7.LTS\lib\</path>
         <kind>archive</kind>
         <file>rtsv7M4_T_le_v4SPD16_eabi.lib</file>
         <name>copy_zero_init.c.obj</name>
      </input_file>
      <input_file id="fl-c4">
         <path>C:\ti\ccs1271\ccs\tools\compiler\ti-cgt-arm_20.2.7.LTS\lib\</path>
         <kind>archive</kind>
         <file>rtsv7M4_T_le_v4SPD16_eabi.lib</file>
         <name>copy_decompress_none.c.obj</name>
      </input_file>
      <input_file id="fl-c5">
         <path>C:\ti\ccs1271\ccs\tools\compiler\ti-cgt-arm_20.2.7.LTS\lib\</path>
         <kind>archive</kind>
         <file>rtsv7M4_T_le_v4SPD16_eabi.lib</file>
         <name>copy_decompress_lzss.c.obj</name>
      </input_file>
      <input_file id="fl-c6">
         <path>C:\ti\ccs1271\ccs\tools\compiler\ti-cgt-arm_20.2.7.LTS\lib\</path>
         <kind>archive</kind>
         <file>rtsv7M4_T_le_v4SPD16_eabi.lib</file>
         <name>strcmp.c.obj</name>
      </input_file>
      <input_file id="fl-c7">
         <path>C:\ti\ccs1271\ccs\tools\compiler\ti-cgt-arm_20.2.7.LTS\lib\</path>
         <kind>archive</kind>
         <file>rtsv7M4_T_le_v4SPD16_eabi.lib</file>
         <name>strcpy.c.obj</name>
      </input_file>
      <input_file id="fl-c8">
         <path>C:\ti\ccs1271\ccs\tools\compiler\ti-cgt-arm_20.2.7.LTS\lib\</path>
         <kind>archive</kind>
         <file>rtsv7M4_T_le_v4SPD16_eabi.lib</file>
         <name>strlen.c.obj</name>
      </input_file>
      <input_file id="fl-c9">
         <path>C:\ti\ccs1271\ccs\tools\compiler\ti-cgt-arm_20.2.7.LTS\lib\</path>
         <kind>archive</kind>
         <file>rtsv7M4_T_le_v4SPD16_eabi.lib</file>
         <name>boot_cortex_m.c.obj</name>
      </input_file>
      <input_file id="fl-ca">
         <path>C:\ti\ccs1271\ccs\tools\compiler\ti-cgt-arm_20.2.7.LTS\lib\</path>
         <kind>archive</kind>
         <file>rtsv7M4_T_le_v4SPD16_eabi.lib</file>
         <name>_printfi.c.obj</name>
      </input_file>
      <input_file id="fl-cb">
         <path>C:\ti\ccs1271\ccs\tools\compiler\ti-cgt-arm_20.2.7.LTS\lib\</path>
         <kind>archive</kind>
         <file>rtsv7M4_T_le_v4SPD16_eabi.lib</file>
         <name>fd_add_t2.asm.obj</name>
      </input_file>
      <input_file id="fl-cc">
         <path>C:\ti\ccs1271\ccs\tools\compiler\ti-cgt-arm_20.2.7.LTS\lib\</path>
         <kind>archive</kind>
         <file>rtsv7M4_T_le_v4SPD16_eabi.lib</file>
         <name>fd_cmp_t2.asm.obj</name>
      </input_file>
      <input_file id="fl-cd">
         <path>C:\ti\ccs1271\ccs\tools\compiler\ti-cgt-arm_20.2.7.LTS\lib\</path>
         <kind>archive</kind>
         <file>rtsv7M4_T_le_v4SPD16_eabi.lib</file>
         <name>fd_div_t2.asm.obj</name>
      </input_file>
      <input_file id="fl-ce">
         <path>C:\ti\ccs1271\ccs\tools\compiler\ti-cgt-arm_20.2.7.LTS\lib\</path>
         <kind>archive</kind>
         <file>rtsv7M4_T_le_v4SPD16_eabi.lib</file>
         <name>fd_mul_t2.asm.obj</name>
      </input_file>
      <input_file id="fl-cf">
         <path>C:\ti\ccs1271\ccs\tools\compiler\ti-cgt-arm_20.2.7.LTS\lib\</path>
         <kind>archive</kind>
         <file>rtsv7M4_T_le_v4SPD16_eabi.lib</file>
         <name>fd_toi_t2.asm.obj</name>
      </input_file>
      <input_file id="fl-d0">
         <path>C:\ti\ccs1271\ccs\tools\compiler\ti-cgt-arm_20.2.7.LTS\lib\</path>
         <kind>archive</kind>
         <file>rtsv7M4_T_le_v4SPD16_eabi.lib</file>
         <name>i_tofd_t2.asm.obj</name>
      </input_file>
      <input_file id="fl-d1">
         <path>C:\ti\ccs1271\ccs\tools\compiler\ti-cgt-arm_20.2.7.LTS\lib\</path>
         <kind>archive</kind>
         <file>rtsv7M4_T_le_v4SPD16_eabi.lib</file>
         <name>memset_t2.asm.obj</name>
      </input_file>
      <input_file id="fl-d2">
         <path>C:\ti\ccs1271\ccs\tools\compiler\ti-cgt-arm_20.2.7.LTS\lib\</path>
         <kind>archive</kind>
         <file>rtsv7M4_T_le_v4SPD16_eabi.lib</file>
         <name>ull_div_t2.asm.obj</name>
      </input_file>
      <input_file id="fl-d3">
         <path>C:\ti\ccs1271\ccs\tools\compiler\ti-cgt-arm_20.2.7.LTS\lib\</path>
         <kind>archive</kind>
         <file>rtsv7M4_T_le_v4SPD16_eabi.lib</file>
         <name>autoinit.c.obj</name>
      </input_file>
      <input_file id="fl-d4">
         <path>C:\ti\ccs1271\ccs\tools\compiler\ti-cgt-arm_20.2.7.LTS\lib\</path>
         <kind>archive</kind>
         <file>rtsv7M4_T_le_v4SPD16_eabi.lib</file>
         <name>pre_init.c.obj</name>
      </input_file>
      <input_file id="fl-d5">
         <path>C:\ti\ccs1271\ccs\tools\compiler\ti-cgt-arm_20.2.7.LTS\lib\</path>
         <kind>archive</kind>
         <file>rtsv7M4_T_le_v4SPD16_eabi.lib</file>
         <name>cpy_tbl.c.obj</name>
      </input_file>
      <input_file id="fl-d6">
         <path>C:\ti\ccs1271\ccs\tools\compiler\ti-cgt-arm_20.2.7.LTS\lib\</path>
         <kind>archive</kind>
         <file>rtsv7M4_T_le_v4SPD16_eabi.lib</file>
         <name>exit.c.obj</name>
      </input_file>
      <input_file id="fl-d7">
         <path>C:\ti\ccs1271\ccs\tools\compiler\ti-cgt-arm_20.2.7.LTS\lib\</path>
         <kind>archive</kind>
         <file>rtsv7M4_T_le_v4SPD16_eabi.lib</file>
         <name>_lock.c.obj</name>
      </input_file>
      <input_file id="fl-d8">
         <path>C:\ti\ccs1271\ccs\tools\compiler\ti-cgt-arm_20.2.7.LTS\lib\</path>
         <kind>archive</kind>
         <file>rtsv7M4_T_le_v4SPD16_eabi.lib</file>
         <name>_ltoa.c.obj</name>
      </input_file>
      <input_file id="fl-d9">
         <path>C:\ti\ccs1271\ccs\tools\compiler\ti-cgt-arm_20.2.7.LTS\lib\</path>
         <kind>archive</kind>
         <file>rtsv7M4_T_le_v4SPD16_eabi.lib</file>
         <name>args_main.c.obj</name>
      </input_file>
      <input_file id="fl-da">
         <path>C:\ti\ccs1271\ccs\tools\compiler\ti-cgt-arm_20.2.7.LTS\lib\</path>
         <kind>archive</kind>
         <file>rtsv7M4_T_le_v4SPD16_eabi.lib</file>
         <name>atoi.c.obj</name>
      </input_file>
      <input_file id="fl-db">
         <path>C:\ti\ccs1271\ccs\tools\compiler\ti-cgt-arm_20.2.7.LTS\lib\</path>
         <kind>archive</kind>
         <file>rtsv7M4_T_le_v4SPD16_eabi.lib</file>
         <name>ctype.c.obj</name>
      </input_file>
      <input_file id="fl-dc">
         <path>C:\ti\ccs1271\ccs\tools\compiler\ti-cgt-arm_20.2.7.LTS\lib\</path>
         <kind>archive</kind>
         <file>rtsv7M4_T_le_v4SPD16_eabi.lib</file>
         <name>memccpy.c.obj</name>
      </input_file>
      <input_file id="fl-dd">
         <path>C:\ti\ccs1271\ccs\tools\compiler\ti-cgt-arm_20.2.7.LTS\lib\</path>
         <kind>archive</kind>
         <file>rtsv7M4_T_le_v4SPD16_eabi.lib</file>
         <name>strchr.c.obj</name>
      </input_file>
      <input_file id="fl-de">
         <path>C:\ti\ccs1271\ccs\tools\compiler\ti-cgt-arm_20.2.7.LTS\lib\</path>
         <kind>archive</kind>
         <file>rtsv7M4_T_le_v4SPD16_eabi.lib</file>
         <name>errno.c.obj</name>
      </input_file>
      <input_file id="fl-df">
         <path>C:\ti\ccs1271\ccs\tools\compiler\ti-cgt-arm_20.2.7.LTS\lib\</path>
         <kind>archive</kind>
         <file>rtsv7M4_T_le_v4SPD16_eabi.lib</file>
         <name>wcslen.c.obj</name>
      </input_file>
      <input_file id="fl-e0">
         <path>C:\ti\ccs1271\ccs\tools\compiler\ti-cgt-arm_20.2.7.LTS\lib\</path>
         <kind>archive</kind>
         <file>rtsv7M4_T_le_v4SPD16_eabi.lib</file>
         <name>s_frexp.c.obj</name>
      </input_file>
      <input_file id="fl-e1">
         <path>C:\ti\ccs1271\ccs\tools\compiler\ti-cgt-arm_20.2.7.LTS\lib\</path>
         <kind>archive</kind>
         <file>rtsv7M4_T_le_v4SPD16_eabi.lib</file>
         <name>s_scalbn.c.obj</name>
      </input_file>
      <input_file id="fl-e2">
         <path>C:\ti\ccs1271\ccs\tools\compiler\ti-cgt-arm_20.2.7.LTS\lib\</path>
         <kind>archive</kind>
         <file>rtsv7M4_T_le_v4SPD16_eabi.lib</file>
         <name>div0.asm.obj</name>
      </input_file>
      <input_file id="fl-e3">
         <path>C:\ti\ccs1271\ccs\tools\compiler\ti-cgt-arm_20.2.7.LTS\lib\</path>
         <kind>archive</kind>
         <file>rtsv7M4_T_le_v4SPD16_eabi.lib</file>
         <name>s_copysign.c.obj</name>
      </input_file>
      <input_file id="fl-e4">
         <path>C:\ti\TivaWare_C_Series-2.2.0.295\driverlib\ccs\Debug\</path>
         <kind>archive</kind>
         <file>driverlib.lib</file>
         <name>interrupt.obj</name>
      </input_file>
      <input_file id="fl-e5">
         <path>C:\ti\TivaWare_C_Series-2.2.0.295\driverlib\ccs\Debug\</path>
         <kind>archive</kind>
         <file>driverlib.lib</file>
         <name>cpu.obj</name>
      </input_file>
   </input_file_list>
   <object_component_list>
      <object_component id="oc-12">
         <name>.intvecs</name>
         <load_address>0x0</load_address>
         <run_address>0x0</run_address>
         <size>0x26c</size>
         <input_file_ref idref="fl-6"/>
      </object_component>
      <object_component id="oc-176">
         <name>.text:__TI_printfi</name>
         <load_address>0x26c</load_address>
         <run_address>0x26c</run_address>
         <size>0xa4e</size>
         <input_file_ref idref="fl-ca"/>
      </object_component>
      <object_component id="oc-2b5">
         <name>.text</name>
         <load_address>0xcba</load_address>
         <run_address>0xcba</run_address>
         <size>0x2</size>
         <input_file_ref idref="fl-e2"/>
      </object_component>
      <object_component id="oc-ca">
         <name>.text</name>
         <load_address>0xcbc</load_address>
         <run_address>0xcbc</run_address>
         <size>0x328</size>
         <input_file_ref idref="fl-4"/>
      </object_component>
      <object_component id="oc-1ea">
         <name>.text:_pconv_a</name>
         <load_address>0xfe4</load_address>
         <run_address>0xfe4</run_address>
         <size>0x270</size>
         <input_file_ref idref="fl-ca"/>
      </object_component>
      <object_component id="oc-d0">
         <name>.text</name>
         <load_address>0x1254</load_address>
         <run_address>0x1254</run_address>
         <size>0x248</size>
         <input_file_ref idref="fl-2"/>
      </object_component>
      <object_component id="oc-1d8">
         <name>.text:_pconv_g</name>
         <load_address>0x149c</load_address>
         <run_address>0x149c</run_address>
         <size>0x1d0</size>
         <input_file_ref idref="fl-ca"/>
      </object_component>
      <object_component id="oc-263">
         <name>.text</name>
         <load_address>0x166c</load_address>
         <run_address>0x166c</run_address>
         <size>0x1b6</size>
         <input_file_ref idref="fl-cb"/>
      </object_component>
      <object_component id="oc-1e4">
         <name>.text:_pconv_e</name>
         <load_address>0x1824</load_address>
         <run_address>0x1824</run_address>
         <size>0x13c</size>
         <input_file_ref idref="fl-ca"/>
      </object_component>
      <object_component id="oc-249">
         <name>.text</name>
         <load_address>0x1960</load_address>
         <run_address>0x1960</run_address>
         <size>0x136</size>
         <input_file_ref idref="fl-cd"/>
      </object_component>
      <object_component id="oc-275">
         <name>.text:fcvt</name>
         <load_address>0x1a98</load_address>
         <run_address>0x1a98</run_address>
         <size>0x124</size>
         <input_file_ref idref="fl-ca"/>
      </object_component>
      <object_component id="oc-289">
         <name>.text:scalbn</name>
         <load_address>0x1bbc</load_address>
         <run_address>0x1bbc</run_address>
         <size>0x110</size>
         <input_file_ref idref="fl-e1"/>
      </object_component>
      <object_component id="oc-244">
         <name>.text</name>
         <load_address>0x1ccc</load_address>
         <run_address>0x1ccc</run_address>
         <size>0xfc</size>
         <input_file_ref idref="fl-ce"/>
      </object_component>
      <object_component id="oc-9b">
         <name>.text</name>
         <load_address>0x1dc8</load_address>
         <run_address>0x1dc8</run_address>
         <size>0xb2</size>
         <input_file_ref idref="fl-3"/>
      </object_component>
      <object_component id="oc-1cd">
         <name>.text:_ltostr</name>
         <load_address>0x1e7c</load_address>
         <run_address>0x1e7c</run_address>
         <size>0xb1</size>
         <input_file_ref idref="fl-ca"/>
      </object_component>
      <object_component id="oc-3b">
         <name>.text</name>
         <load_address>0x1f2e</load_address>
         <run_address>0x1f2e</run_address>
         <size>0x9c</size>
         <input_file_ref idref="fl-c2"/>
      </object_component>
      <object_component id="oc-23d">
         <name>.text</name>
         <load_address>0x1fca</load_address>
         <run_address>0x1fca</run_address>
         <size>0x96</size>
         <input_file_ref idref="fl-d2"/>
      </object_component>
      <object_component id="oc-1d3">
         <name>.text:__aeabi_cdcmple</name>
         <load_address>0x2060</load_address>
         <run_address>0x2060</run_address>
         <size>0x86</size>
         <input_file_ref idref="fl-cc"/>
      </object_component>
      <object_component id="oc-24e">
         <name>.text:__aeabi_cdrcmple</name>
         <load_address>0x20e6</load_address>
         <run_address>0x20e6</run_address>
         <size>0x86</size>
         <input_file_ref idref="fl-cc"/>
      </object_component>
      <object_component id="oc-8f">
         <name>.text</name>
         <load_address>0x216c</load_address>
         <run_address>0x216c</run_address>
         <size>0x7a</size>
         <input_file_ref idref="fl-d1"/>
      </object_component>
      <object_component id="oc-26e">
         <name>.text:_mcpy</name>
         <load_address>0x21e6</load_address>
         <run_address>0x21e6</run_address>
         <size>0x6e</size>
         <input_file_ref idref="fl-ca"/>
      </object_component>
      <object_component id="oc-15">
         <name>.text:decompress:lzss:__TI_decompress_lzss</name>
         <load_address>0x2254</load_address>
         <run_address>0x2254</run_address>
         <size>0x68</size>
         <input_file_ref idref="fl-c5"/>
      </object_component>
      <object_component id="oc-283">
         <name>.text:frexp</name>
         <load_address>0x22bc</load_address>
         <run_address>0x22bc</run_address>
         <size>0x64</size>
         <input_file_ref idref="fl-e0"/>
      </object_component>
      <object_component id="oc-1de">
         <name>.text:_pconv_f</name>
         <load_address>0x2320</load_address>
         <run_address>0x2320</run_address>
         <size>0x56</size>
         <input_file_ref idref="fl-ca"/>
      </object_component>
      <object_component id="oc-258">
         <name>.text:__TI_ltoa</name>
         <load_address>0x2376</load_address>
         <run_address>0x2376</run_address>
         <size>0x54</size>
         <input_file_ref idref="fl-d8"/>
      </object_component>
      <object_component id="oc-268">
         <name>.text:_ecpy</name>
         <load_address>0x23ca</load_address>
         <run_address>0x23ca</run_address>
         <size>0x52</size>
         <input_file_ref idref="fl-ca"/>
      </object_component>
      <object_component id="oc-1c7">
         <name>.text:atoi</name>
         <load_address>0x241c</load_address>
         <run_address>0x241c</run_address>
         <size>0x4c</size>
         <input_file_ref idref="fl-da"/>
      </object_component>
      <object_component id="oc-253">
         <name>.text</name>
         <load_address>0x2468</load_address>
         <run_address>0x2468</run_address>
         <size>0x48</size>
         <input_file_ref idref="fl-cf"/>
      </object_component>
      <object_component id="oc-eb">
         <name>.text:__TI_auto_init_nobinit_nopinit:__TI_auto_init_nobinit_nopinit</name>
         <load_address>0x24b0</load_address>
         <run_address>0x24b0</run_address>
         <size>0x44</size>
         <input_file_ref idref="fl-d3"/>
      </object_component>
      <object_component id="oc-121">
         <name>.text:vsnprintf</name>
         <load_address>0x24f4</load_address>
         <run_address>0x24f4</run_address>
         <size>0x40</size>
         <input_file_ref idref="fl-c1"/>
      </object_component>
      <object_component id="oc-27b">
         <name>.text:_fcpy</name>
         <load_address>0x2534</load_address>
         <run_address>0x2534</run_address>
         <size>0x3e</size>
         <input_file_ref idref="fl-ca"/>
      </object_component>
      <object_component id="oc-13d">
         <name>.text:IntRegister</name>
         <load_address>0x2574</load_address>
         <run_address>0x2574</run_address>
         <size>0x34</size>
         <input_file_ref idref="fl-e4"/>
      </object_component>
      <object_component id="oc-59">
         <name>.text:_c_int00_noargs:_c_int00_noargs</name>
         <load_address>0x25a8</load_address>
         <run_address>0x25a8</run_address>
         <size>0x34</size>
         <input_file_ref idref="fl-c9"/>
      </object_component>
      <object_component id="oc-17c">
         <name>.text:_outs</name>
         <load_address>0x25dc</load_address>
         <run_address>0x25dc</run_address>
         <size>0x30</size>
         <input_file_ref idref="fl-c1"/>
      </object_component>
      <object_component id="oc-25e">
         <name>.text</name>
         <load_address>0x260c</load_address>
         <run_address>0x260c</run_address>
         <size>0x2e</size>
         <input_file_ref idref="fl-d0"/>
      </object_component>
      <object_component id="oc-47">
         <name>.text:decompress:ZI:__TI_zero_init_nomemset:__TI_zero_init_nomemset</name>
         <load_address>0x263a</load_address>
         <run_address>0x263a</run_address>
         <size>0x1c</size>
         <input_file_ref idref="fl-c3"/>
      </object_component>
      <object_component id="oc-1f0">
         <name>.text:memccpy</name>
         <load_address>0x2656</load_address>
         <run_address>0x2656</run_address>
         <size>0x1c</size>
         <input_file_ref idref="fl-dc"/>
      </object_component>
      <object_component id="oc-2ce">
         <name>.text:copysign</name>
         <load_address>0x2672</load_address>
         <run_address>0x2672</run_address>
         <size>0x1a</size>
         <input_file_ref idref="fl-e3"/>
      </object_component>
      <object_component id="oc-182">
         <name>.text:_outc</name>
         <load_address>0x268c</load_address>
         <run_address>0x268c</run_address>
         <size>0x18</size>
         <input_file_ref idref="fl-c1"/>
      </object_component>
      <object_component id="oc-127">
         <name>.text:strcmp</name>
         <load_address>0x26a4</load_address>
         <run_address>0x26a4</run_address>
         <size>0x18</size>
         <input_file_ref idref="fl-c6"/>
      </object_component>
      <object_component id="oc-28f">
         <name>.text:strchr</name>
         <load_address>0x26bc</load_address>
         <run_address>0x26bc</run_address>
         <size>0x16</size>
         <input_file_ref idref="fl-dd"/>
      </object_component>
      <object_component id="oc-12d">
         <name>.text:strcpy</name>
         <load_address>0x26d2</load_address>
         <run_address>0x26d2</run_address>
         <size>0x14</size>
         <input_file_ref idref="fl-c7"/>
      </object_component>
      <object_component id="oc-c4">
         <name>.text:strlen</name>
         <load_address>0x26e6</load_address>
         <run_address>0x26e6</run_address>
         <size>0x14</size>
         <input_file_ref idref="fl-c8"/>
      </object_component>
      <object_component id="oc-1f6">
         <name>.text:wcslen</name>
         <load_address>0x26fa</load_address>
         <run_address>0x26fa</run_address>
         <size>0x12</size>
         <input_file_ref idref="fl-df"/>
      </object_component>
      <object_component id="oc-d6">
         <name>.text:lcd_clear</name>
         <load_address>0x270c</load_address>
         <run_address>0x270c</run_address>
         <size>0x10</size>
         <input_file_ref idref="fl-4"/>
      </object_component>
      <object_component id="oc-1b">
         <name>.text:decompress:none:__TI_decompress_none</name>
         <load_address>0x271c</load_address>
         <run_address>0x271c</run_address>
         <size>0xe</size>
         <input_file_ref idref="fl-c4"/>
      </object_component>
      <object_component id="oc-27">
         <name>.text</name>
         <load_address>0x272a</load_address>
         <run_address>0x272a</run_address>
         <size>0xc</size>
         <input_file_ref idref="fl-6"/>
      </object_component>
      <object_component id="oc-1fc">
         <name>.text:__aeabi_errno_addr</name>
         <load_address>0x2738</load_address>
         <run_address>0x2738</run_address>
         <size>0x8</size>
         <input_file_ref idref="fl-de"/>
      </object_component>
      <object_component id="oc-95">
         <name>.text:_system_pre_init</name>
         <load_address>0x2740</load_address>
         <run_address>0x2740</run_address>
         <size>0x4</size>
         <input_file_ref idref="fl-d4"/>
      </object_component>
      <object_component id="oc-df">
         <name>.text:abort:abort</name>
         <load_address>0x2744</load_address>
         <run_address>0x2744</run_address>
         <size>0x4</size>
         <input_file_ref idref="fl-d6"/>
      </object_component>
      <object_component id="oc-238">
         <name>.const:.string:_ctypes_</name>
         <load_address>0x2748</load_address>
         <run_address>0x2748</run_address>
         <size>0x101</size>
         <input_file_ref idref="fl-db"/>
      </object_component>
      <object_component id="oc-133">
         <name>.const:.string:lineAddress$1</name>
         <load_address>0x2849</load_address>
         <run_address>0x2849</run_address>
         <size>0x4</size>
         <input_file_ref idref="fl-4"/>
      </object_component>
      <object_component id="oc-134">
         <name>.const:.string:lineAddresses$2</name>
         <load_address>0x284d</load_address>
         <run_address>0x284d</run_address>
         <size>0x4</size>
         <input_file_ref idref="fl-4"/>
      </object_component>
      <object_component id="oc-324">
         <name>__TI_handler_table</name>
         <load_address>0x2858</load_address>
         <run_address>0x2858</run_address>
         <size>0xc</size>
      </object_component>
      <object_component id="oc-328">
         <name>.cinit..bss.load</name>
         <load_address>0x2868</load_address>
         <run_address>0x2868</run_address>
         <size>0x8</size>
      </object_component>
      <object_component id="oc-326">
         <name>.cinit..vtable.load</name>
         <load_address>0x2870</load_address>
         <run_address>0x2870</run_address>
         <size>0x8</size>
      </object_component>
      <object_component id="oc-327">
         <name>.cinit..data.load</name>
         <load_address>0x2878</load_address>
         <run_address>0x2878</run_address>
         <size>0x7</size>
      </object_component>
      <object_component id="oc-325">
         <name>__TI_cinit_table</name>
         <load_address>0x2880</load_address>
         <run_address>0x2880</run_address>
         <size>0x18</size>
      </object_component>
      <object_component id="oc-19a">
         <name>.vtable</name>
         <uninitialized>true</uninitialized>
         <run_address>0x20000000</run_address>
         <size>0x26c</size>
         <input_file_ref idref="fl-e4"/>
      </object_component>
      <object_component id="oc-143">
         <name>.data</name>
         <load_address>0x20000acc</load_address>
         <run_address>0x20000acc</run_address>
         <size>0x1</size>
         <input_file_ref idref="fl-2"/>
      </object_component>
      <object_component id="oc-29f">
         <name>.data</name>
         <load_address>0x20000ac8</load_address>
         <run_address>0x20000ac8</run_address>
         <size>0x4</size>
         <input_file_ref idref="fl-de"/>
      </object_component>
      <object_component id="oc-135">
         <name>.bss:lastbuffer$3</name>
         <uninitialized>true</uninitialized>
         <run_address>0x20000a70</run_address>
         <size>0x54</size>
         <input_file_ref idref="fl-4"/>
      </object_component>
      <object_component id="oc-146">
         <name>.common:_timeout_ticks</name>
         <uninitialized>true</uninitialized>
         <run_address>0x20000ac4</run_address>
         <size>0x4</size>
      </object_component>
      <object_component id="oc-24">
         <name>.stack</name>
         <uninitialized>true</uninitialized>
         <run_address>0x20000270</run_address>
         <size>0x4</size>
         <input_file_ref idref="fl-c9"/>
      </object_component>
      <object_component id="oc-32a">
         <name>.stack</name>
         <uninitialized>true</uninitialized>
         <run_address>0x20000270</run_address>
         <size>0x0</size>
      </object_component>
      <object_component id="oc-b2">
         <name>.debug_info</name>
         <load_address>0x0</load_address>
         <run_address>0x0</run_address>
         <size>0x2ad</size>
         <input_file_ref idref="fl-2"/>
      </object_component>
      <object_component id="oc-144">
         <name>.debug_info</name>
         <load_address>0x2ad</load_address>
         <run_address>0x2ad</run_address>
         <size>0xbb</size>
         <input_file_ref idref="fl-2"/>
      </object_component>
      <object_component id="oc-d3">
         <name>.debug_info</name>
         <load_address>0x368</load_address>
         <run_address>0x368</run_address>
         <size>0x503</size>
         <input_file_ref idref="fl-2"/>
      </object_component>
      <object_component id="oc-70">
         <name>.debug_info</name>
         <load_address>0x86b</load_address>
         <run_address>0x86b</run_address>
         <size>0x26b</size>
         <input_file_ref idref="fl-2"/>
      </object_component>
      <object_component id="oc-36">
         <name>.debug_info</name>
         <load_address>0xad6</load_address>
         <run_address>0xad6</run_address>
         <size>0x84</size>
         <input_file_ref idref="fl-2"/>
      </object_component>
      <object_component id="oc-ad">
         <name>.debug_info</name>
         <load_address>0xb5a</load_address>
         <run_address>0xb5a</run_address>
         <size>0x2a4</size>
         <input_file_ref idref="fl-2"/>
      </object_component>
      <object_component id="oc-75">
         <name>.debug_info</name>
         <load_address>0xdfe</load_address>
         <run_address>0xdfe</run_address>
         <size>0xbb</size>
         <input_file_ref idref="fl-2"/>
      </object_component>
      <object_component id="oc-de">
         <name>.debug_info</name>
         <load_address>0xeb9</load_address>
         <run_address>0xeb9</run_address>
         <size>0x35d</size>
         <input_file_ref idref="fl-3"/>
      </object_component>
      <object_component id="oc-9d">
         <name>.debug_info</name>
         <load_address>0x1216</load_address>
         <run_address>0x1216</run_address>
         <size>0x282</size>
         <input_file_ref idref="fl-3"/>
      </object_component>
      <object_component id="oc-14f">
         <name>.debug_info</name>
         <load_address>0x1498</load_address>
         <run_address>0x1498</run_address>
         <size>0xcc</size>
         <input_file_ref idref="fl-3"/>
      </object_component>
      <object_component id="oc-138">
         <name>.debug_info</name>
         <load_address>0x1564</load_address>
         <run_address>0x1564</run_address>
         <size>0x2c</size>
         <input_file_ref idref="fl-3"/>
      </object_component>
      <object_component id="oc-14a">
         <name>.debug_info</name>
         <load_address>0x1590</load_address>
         <run_address>0x1590</run_address>
         <size>0x35</size>
         <input_file_ref idref="fl-3"/>
      </object_component>
      <object_component id="oc-137">
         <name>.debug_info</name>
         <load_address>0x15c5</load_address>
         <run_address>0x15c5</run_address>
         <size>0x37b</size>
         <input_file_ref idref="fl-4"/>
      </object_component>
      <object_component id="oc-d8">
         <name>.debug_info</name>
         <load_address>0x1940</load_address>
         <run_address>0x1940</run_address>
         <size>0x110</size>
         <input_file_ref idref="fl-4"/>
      </object_component>
      <object_component id="oc-cd">
         <name>.debug_info</name>
         <load_address>0x1a50</load_address>
         <run_address>0x1a50</run_address>
         <size>0x89c</size>
         <input_file_ref idref="fl-4"/>
      </object_component>
      <object_component id="oc-2f">
         <name>.debug_info</name>
         <load_address>0x22ec</load_address>
         <run_address>0x22ec</run_address>
         <size>0x297</size>
         <input_file_ref idref="fl-6"/>
      </object_component>
      <object_component id="oc-13">
         <name>.debug_info</name>
         <load_address>0x2583</load_address>
         <run_address>0x2583</run_address>
         <size>0xd6</size>
         <input_file_ref idref="fl-6"/>
      </object_component>
      <object_component id="oc-28">
         <name>.debug_info</name>
         <load_address>0x2659</load_address>
         <run_address>0x2659</run_address>
         <size>0x252</size>
         <input_file_ref idref="fl-6"/>
      </object_component>
      <object_component id="oc-189">
         <name>.debug_info</name>
         <load_address>0x28ab</load_address>
         <run_address>0x28ab</run_address>
         <size>0x340</size>
         <input_file_ref idref="fl-c1"/>
      </object_component>
      <object_component id="oc-122">
         <name>.debug_info</name>
         <load_address>0x2beb</load_address>
         <run_address>0x2beb</run_address>
         <size>0x208</size>
         <input_file_ref idref="fl-c1"/>
      </object_component>
      <object_component id="oc-17d">
         <name>.debug_info</name>
         <load_address>0x2df3</load_address>
         <run_address>0x2df3</run_address>
         <size>0x1c6</size>
         <input_file_ref idref="fl-c1"/>
      </object_component>
      <object_component id="oc-183">
         <name>.debug_info</name>
         <load_address>0x2fb9</load_address>
         <run_address>0x2fb9</run_address>
         <size>0x179</size>
         <input_file_ref idref="fl-c1"/>
      </object_component>
      <object_component id="oc-18a">
         <name>.debug_info</name>
         <load_address>0x3132</load_address>
         <run_address>0x3132</run_address>
         <size>0x2c</size>
         <input_file_ref idref="fl-c1"/>
      </object_component>
      <object_component id="oc-18f">
         <name>.debug_info</name>
         <load_address>0x315e</load_address>
         <run_address>0x315e</run_address>
         <size>0x69</size>
         <input_file_ref idref="fl-c1"/>
      </object_component>
      <object_component id="oc-3e">
         <name>.debug_info</name>
         <load_address>0x31c7</load_address>
         <run_address>0x31c7</run_address>
         <size>0x119</size>
         <input_file_ref idref="fl-c2"/>
      </object_component>
      <object_component id="oc-8e">
         <name>.debug_info</name>
         <load_address>0x32e0</load_address>
         <run_address>0x32e0</run_address>
         <size>0x2d4</size>
         <input_file_ref idref="fl-c3"/>
      </object_component>
      <object_component id="oc-4a">
         <name>.debug_info</name>
         <load_address>0x35b4</load_address>
         <run_address>0x35b4</run_address>
         <size>0x1d2</size>
         <input_file_ref idref="fl-c3"/>
      </object_component>
      <object_component id="oc-89">
         <name>.debug_info</name>
         <load_address>0x3786</load_address>
         <run_address>0x3786</run_address>
         <size>0x46</size>
         <input_file_ref idref="fl-c3"/>
      </object_component>
      <object_component id="oc-bb">
         <name>.debug_info</name>
         <load_address>0x37cc</load_address>
         <run_address>0x37cc</run_address>
         <size>0x2c</size>
         <input_file_ref idref="fl-c3"/>
      </object_component>
      <object_component id="oc-46">
         <name>.debug_info</name>
         <load_address>0x37f8</load_address>
         <run_address>0x37f8</run_address>
         <size>0x2a8</size>
         <input_file_ref idref="fl-c4"/>
      </object_component>
      <object_component id="oc-1d">
         <name>.debug_info</name>
         <load_address>0x3aa0</load_address>
         <run_address>0x3aa0</run_address>
         <size>0x1ea</size>
         <input_file_ref idref="fl-c4"/>
      </object_component>
      <object_component id="oc-41">
         <name>.debug_info</name>
         <load_address>0x3c8a</load_address>
         <run_address>0x3c8a</run_address>
         <size>0x46</size>
         <input_file_ref idref="fl-c4"/>
      </object_component>
      <object_component id="oc-81">
         <name>.debug_info</name>
         <load_address>0x3cd0</load_address>
         <run_address>0x3cd0</run_address>
         <size>0x2c</size>
         <input_file_ref idref="fl-c4"/>
      </object_component>
      <object_component id="oc-7f">
         <name>.debug_info</name>
         <load_address>0x3cfc</load_address>
         <run_address>0x3cfc</run_address>
         <size>0x29e</size>
         <input_file_ref idref="fl-c5"/>
      </object_component>
      <object_component id="oc-17">
         <name>.debug_info</name>
         <load_address>0x3f9a</load_address>
         <run_address>0x3f9a</run_address>
         <size>0x250</size>
         <input_file_ref idref="fl-c5"/>
      </object_component>
      <object_component id="oc-31">
         <name>.debug_info</name>
         <load_address>0x41ea</load_address>
         <run_address>0x41ea</run_address>
         <size>0x60</size>
         <input_file_ref idref="fl-c5"/>
      </object_component>
      <object_component id="oc-b4">
         <name>.debug_info</name>
         <load_address>0x424a</load_address>
         <run_address>0x424a</run_address>
         <size>0x46</size>
         <input_file_ref idref="fl-c5"/>
      </object_component>
      <object_component id="oc-7a">
         <name>.debug_info</name>
         <load_address>0x4290</load_address>
         <run_address>0x4290</run_address>
         <size>0x39</size>
         <input_file_ref idref="fl-c5"/>
      </object_component>
      <object_component id="oc-195">
         <name>.debug_info</name>
         <load_address>0x42c9</load_address>
         <run_address>0x42c9</run_address>
         <size>0x28a</size>
         <input_file_ref idref="fl-c6"/>
      </object_component>
      <object_component id="oc-12b">
         <name>.debug_info</name>
         <load_address>0x4553</load_address>
         <run_address>0x4553</run_address>
         <size>0x273</size>
         <input_file_ref idref="fl-c6"/>
      </object_component>
      <object_component id="oc-197">
         <name>.debug_info</name>
         <load_address>0x47c6</load_address>
         <run_address>0x47c6</run_address>
         <size>0x2a4</size>
         <input_file_ref idref="fl-c7"/>
      </object_component>
      <object_component id="oc-12e">
         <name>.debug_info</name>
         <load_address>0x4a6a</load_address>
         <run_address>0x4a6a</run_address>
         <size>0x24d</size>
         <input_file_ref idref="fl-c7"/>
      </object_component>
      <object_component id="oc-120">
         <name>.debug_info</name>
         <load_address>0x4cb7</load_address>
         <run_address>0x4cb7</run_address>
         <size>0x28f</size>
         <input_file_ref idref="fl-c8"/>
      </object_component>
      <object_component id="oc-c8">
         <name>.debug_info</name>
         <load_address>0x4f46</load_address>
         <run_address>0x4f46</run_address>
         <size>0x245</size>
         <input_file_ref idref="fl-c8"/>
      </object_component>
      <object_component id="oc-25">
         <name>.debug_info</name>
         <load_address>0x518b</load_address>
         <run_address>0x518b</run_address>
         <size>0x10b</size>
         <input_file_ref idref="fl-c9"/>
      </object_component>
      <object_component id="oc-5b">
         <name>.debug_info</name>
         <load_address>0x5296</load_address>
         <run_address>0x5296</run_address>
         <size>0x1a9</size>
         <input_file_ref idref="fl-c9"/>
      </object_component>
      <object_component id="oc-203">
         <name>.debug_info</name>
         <load_address>0x543f</load_address>
         <run_address>0x543f</run_address>
         <size>0x590</size>
         <input_file_ref idref="fl-ca"/>
      </object_component>
      <object_component id="oc-1ce">
         <name>.debug_info</name>
         <load_address>0x59cf</load_address>
         <run_address>0x59cf</run_address>
         <size>0x21e</size>
         <input_file_ref idref="fl-ca"/>
      </object_component>
      <object_component id="oc-269">
         <name>.debug_info</name>
         <load_address>0x5bed</load_address>
         <run_address>0x5bed</run_address>
         <size>0x1b3</size>
         <input_file_ref idref="fl-ca"/>
      </object_component>
      <object_component id="oc-26f">
         <name>.debug_info</name>
         <load_address>0x5da0</load_address>
         <run_address>0x5da0</run_address>
         <size>0x21b</size>
         <input_file_ref idref="fl-ca"/>
      </object_component>
      <object_component id="oc-1d9">
         <name>.debug_info</name>
         <load_address>0x5fbb</load_address>
         <run_address>0x5fbb</run_address>
         <size>0x3c0</size>
         <input_file_ref idref="fl-ca"/>
      </object_component>
      <object_component id="oc-276">
         <name>.debug_info</name>
         <load_address>0x637b</load_address>
         <run_address>0x637b</run_address>
         <size>0x30a</size>
         <input_file_ref idref="fl-ca"/>
      </object_component>
      <object_component id="oc-27c">
         <name>.debug_info</name>
         <load_address>0x6685</load_address>
         <run_address>0x6685</run_address>
         <size>0x215</size>
         <input_file_ref idref="fl-ca"/>
      </object_component>
      <object_component id="oc-1df">
         <name>.debug_info</name>
         <load_address>0x689a</load_address>
         <run_address>0x689a</run_address>
         <size>0x215</size>
         <input_file_ref idref="fl-ca"/>
      </object_component>
      <object_component id="oc-1e5">
         <name>.debug_info</name>
         <load_address>0x6aaf</load_address>
         <run_address>0x6aaf</run_address>
         <size>0x304</size>
         <input_file_ref idref="fl-ca"/>
      </object_component>
      <object_component id="oc-1eb">
         <name>.debug_info</name>
         <load_address>0x6db3</load_address>
         <run_address>0x6db3</run_address>
         <size>0x4b5</size>
         <input_file_ref idref="fl-ca"/>
      </object_component>
      <object_component id="oc-177">
         <name>.debug_info</name>
         <load_address>0x7268</load_address>
         <run_address>0x7268</run_address>
         <size>0x5f4</size>
         <input_file_ref idref="fl-ca"/>
      </object_component>
      <object_component id="oc-204">
         <name>.debug_info</name>
         <load_address>0x785c</load_address>
         <run_address>0x785c</run_address>
         <size>0x86</size>
         <input_file_ref idref="fl-ca"/>
      </object_component>
      <object_component id="oc-2a6">
         <name>.debug_info</name>
         <load_address>0x78e2</load_address>
         <run_address>0x78e2</run_address>
         <size>0x39</size>
         <input_file_ref idref="fl-ca"/>
      </object_component>
      <object_component id="oc-2e5">
         <name>.debug_info</name>
         <load_address>0x791b</load_address>
         <run_address>0x791b</run_address>
         <size>0xb6</size>
         <input_file_ref idref="fl-ca"/>
      </object_component>
      <object_component id="oc-2ab">
         <name>.debug_info</name>
         <load_address>0x79d1</load_address>
         <run_address>0x79d1</run_address>
         <size>0x46</size>
         <input_file_ref idref="fl-ca"/>
      </object_component>
      <object_component id="oc-209">
         <name>.debug_info</name>
         <load_address>0x7a17</load_address>
         <run_address>0x7a17</run_address>
         <size>0x46</size>
         <input_file_ref idref="fl-ca"/>
      </object_component>
      <object_component id="oc-265">
         <name>.debug_info</name>
         <load_address>0x7a5d</load_address>
         <run_address>0x7a5d</run_address>
         <size>0x14c</size>
         <input_file_ref idref="fl-cb"/>
      </object_component>
      <object_component id="oc-1d6">
         <name>.debug_info</name>
         <load_address>0x7ba9</load_address>
         <run_address>0x7ba9</run_address>
         <size>0x128</size>
         <input_file_ref idref="fl-cc"/>
      </object_component>
      <object_component id="oc-24f">
         <name>.debug_info</name>
         <load_address>0x7cd1</load_address>
         <run_address>0x7cd1</run_address>
         <size>0x12a</size>
         <input_file_ref idref="fl-cc"/>
      </object_component>
      <object_component id="oc-24b">
         <name>.debug_info</name>
         <load_address>0x7dfb</load_address>
         <run_address>0x7dfb</run_address>
         <size>0x13a</size>
         <input_file_ref idref="fl-cd"/>
      </object_component>
      <object_component id="oc-246">
         <name>.debug_info</name>
         <load_address>0x7f35</load_address>
         <run_address>0x7f35</run_address>
         <size>0x13a</size>
         <input_file_ref idref="fl-ce"/>
      </object_component>
      <object_component id="oc-255">
         <name>.debug_info</name>
         <load_address>0x806f</load_address>
         <run_address>0x806f</run_address>
         <size>0x12e</size>
         <input_file_ref idref="fl-cf"/>
      </object_component>
      <object_component id="oc-261">
         <name>.debug_info</name>
         <load_address>0x819d</load_address>
         <run_address>0x819d</run_address>
         <size>0x12c</size>
         <input_file_ref idref="fl-d0"/>
      </object_component>
      <object_component id="oc-90">
         <name>.debug_info</name>
         <load_address>0x82c9</load_address>
         <run_address>0x82c9</run_address>
         <size>0x147</size>
         <input_file_ref idref="fl-d1"/>
      </object_component>
      <object_component id="oc-23f">
         <name>.debug_info</name>
         <load_address>0x8410</load_address>
         <run_address>0x8410</run_address>
         <size>0x134</size>
         <input_file_ref idref="fl-d2"/>
      </object_component>
      <object_component id="oc-15f">
         <name>.debug_info</name>
         <load_address>0x8544</load_address>
         <run_address>0x8544</run_address>
         <size>0x4b3</size>
         <input_file_ref idref="fl-d3"/>
      </object_component>
      <object_component id="oc-ed">
         <name>.debug_info</name>
         <load_address>0x89f7</load_address>
         <run_address>0x89f7</run_address>
         <size>0x1a6</size>
         <input_file_ref idref="fl-d3"/>
      </object_component>
      <object_component id="oc-1b6">
         <name>.debug_info</name>
         <load_address>0x8b9d</load_address>
         <run_address>0x8b9d</run_address>
         <size>0x39</size>
         <input_file_ref idref="fl-d3"/>
      </object_component>
      <object_component id="oc-22c">
         <name>.debug_info</name>
         <load_address>0x8bd6</load_address>
         <run_address>0x8bd6</run_address>
         <size>0x39</size>
         <input_file_ref idref="fl-d3"/>
      </object_component>
      <object_component id="oc-1bb">
         <name>.debug_info</name>
         <load_address>0x8c0f</load_address>
         <run_address>0x8c0f</run_address>
         <size>0x39</size>
         <input_file_ref idref="fl-d3"/>
      </object_component>
      <object_component id="oc-1c0">
         <name>.debug_info</name>
         <load_address>0x8c48</load_address>
         <run_address>0x8c48</run_address>
         <size>0xcd</size>
         <input_file_ref idref="fl-d3"/>
      </object_component>
      <object_component id="oc-97">
         <name>.debug_info</name>
         <load_address>0x8d15</load_address>
         <run_address>0x8d15</run_address>
         <size>0x153</size>
         <input_file_ref idref="fl-d4"/>
      </object_component>
      <object_component id="oc-e0">
         <name>.debug_info</name>
         <load_address>0x8e68</load_address>
         <run_address>0x8e68</run_address>
         <size>0x122</size>
         <input_file_ref idref="fl-d6"/>
      </object_component>
      <object_component id="oc-2c0">
         <name>.debug_info</name>
         <load_address>0x8f8a</load_address>
         <run_address>0x8f8a</run_address>
         <size>0x29c</size>
         <input_file_ref idref="fl-d8"/>
      </object_component>
      <object_component id="oc-259">
         <name>.debug_info</name>
         <load_address>0x9226</load_address>
         <run_address>0x9226</run_address>
         <size>0x1da</size>
         <input_file_ref idref="fl-d8"/>
      </object_component>
      <object_component id="oc-23c">
         <name>.debug_info</name>
         <load_address>0x9400</load_address>
         <run_address>0x9400</run_address>
         <size>0x2b9</size>
         <input_file_ref idref="fl-da"/>
      </object_component>
      <object_component id="oc-1c8">
         <name>.debug_info</name>
         <load_address>0x96b9</load_address>
         <run_address>0x96b9</run_address>
         <size>0x17c</size>
         <input_file_ref idref="fl-da"/>
      </object_component>
      <object_component id="oc-2b2">
         <name>.debug_info</name>
         <load_address>0x9835</load_address>
         <run_address>0x9835</run_address>
         <size>0xf9</size>
         <input_file_ref idref="fl-db"/>
      </object_component>
      <object_component id="oc-239">
         <name>.debug_info</name>
         <load_address>0x992e</load_address>
         <run_address>0x992e</run_address>
         <size>0x105</size>
         <input_file_ref idref="fl-db"/>
      </object_component>
      <object_component id="oc-297">
         <name>.debug_info</name>
         <load_address>0x9a33</load_address>
         <run_address>0x9a33</run_address>
         <size>0x2a7</size>
         <input_file_ref idref="fl-dc"/>
      </object_component>
      <object_component id="oc-1f1">
         <name>.debug_info</name>
         <load_address>0x9cda</load_address>
         <run_address>0x9cda</run_address>
         <size>0x1b8</size>
         <input_file_ref idref="fl-dc"/>
      </object_component>
      <object_component id="oc-2d7">
         <name>.debug_info</name>
         <load_address>0x9e92</load_address>
         <run_address>0x9e92</run_address>
         <size>0x29a</size>
         <input_file_ref idref="fl-dd"/>
      </object_component>
      <object_component id="oc-290">
         <name>.debug_info</name>
         <load_address>0xa12c</load_address>
         <run_address>0xa12c</run_address>
         <size>0x262</size>
         <input_file_ref idref="fl-dd"/>
      </object_component>
      <object_component id="oc-2a3">
         <name>.debug_info</name>
         <load_address>0xa38e</load_address>
         <run_address>0xa38e</run_address>
         <size>0x289</size>
         <input_file_ref idref="fl-de"/>
      </object_component>
      <object_component id="oc-2a0">
         <name>.debug_info</name>
         <load_address>0xa617</load_address>
         <run_address>0xa617</run_address>
         <size>0x10e</size>
         <input_file_ref idref="fl-de"/>
      </object_component>
      <object_component id="oc-1fe">
         <name>.debug_info</name>
         <load_address>0xa725</load_address>
         <run_address>0xa725</run_address>
         <size>0x14e</size>
         <input_file_ref idref="fl-de"/>
      </object_component>
      <object_component id="oc-29e">
         <name>.debug_info</name>
         <load_address>0xa873</load_address>
         <run_address>0xa873</run_address>
         <size>0x28f</size>
         <input_file_ref idref="fl-df"/>
      </object_component>
      <object_component id="oc-1f7">
         <name>.debug_info</name>
         <load_address>0xab02</load_address>
         <run_address>0xab02</run_address>
         <size>0x15a</size>
         <input_file_ref idref="fl-df"/>
      </object_component>
      <object_component id="oc-2da">
         <name>.debug_info</name>
         <load_address>0xac5c</load_address>
         <run_address>0xac5c</run_address>
         <size>0x46</size>
         <input_file_ref idref="fl-df"/>
      </object_component>
      <object_component id="oc-299">
         <name>.debug_info</name>
         <load_address>0xaca2</load_address>
         <run_address>0xaca2</run_address>
         <size>0x39</size>
         <input_file_ref idref="fl-df"/>
      </object_component>
      <object_component id="oc-2c8">
         <name>.debug_info</name>
         <load_address>0xacdb</load_address>
         <run_address>0xacdb</run_address>
         <size>0x295</size>
         <input_file_ref idref="fl-e0"/>
      </object_component>
      <object_component id="oc-285">
         <name>.debug_info</name>
         <load_address>0xaf70</load_address>
         <run_address>0xaf70</run_address>
         <size>0x195</size>
         <input_file_ref idref="fl-e0"/>
      </object_component>
      <object_component id="oc-2f1">
         <name>.debug_info</name>
         <load_address>0xb105</load_address>
         <run_address>0xb105</run_address>
         <size>0x39</size>
         <input_file_ref idref="fl-e0"/>
      </object_component>
      <object_component id="oc-2c9">
         <name>.debug_info</name>
         <load_address>0xb13e</load_address>
         <run_address>0xb13e</run_address>
         <size>0x2c</size>
         <input_file_ref idref="fl-e0"/>
      </object_component>
      <object_component id="oc-2d5">
         <name>.debug_info</name>
         <load_address>0xb16a</load_address>
         <run_address>0xb16a</run_address>
         <size>0x2f8</size>
         <input_file_ref idref="fl-e1"/>
      </object_component>
      <object_component id="oc-28a">
         <name>.debug_info</name>
         <load_address>0xb462</load_address>
         <run_address>0xb462</run_address>
         <size>0x225</size>
         <input_file_ref idref="fl-e1"/>
      </object_component>
      <object_component id="oc-2b8">
         <name>.debug_info</name>
         <load_address>0xb687</load_address>
         <run_address>0xb687</run_address>
         <size>0x115</size>
         <input_file_ref idref="fl-e2"/>
      </object_component>
      <object_component id="oc-2cf">
         <name>.debug_info</name>
         <load_address>0xb79c</load_address>
         <run_address>0xb79c</run_address>
         <size>0x161</size>
         <input_file_ref idref="fl-e3"/>
      </object_component>
      <object_component id="oc-1a3">
         <name>.debug_info</name>
         <load_address>0xb8fd</load_address>
         <run_address>0xb8fd</run_address>
         <size>0x3b7</size>
         <input_file_ref idref="fl-e4"/>
      </object_component>
      <object_component id="oc-19b">
         <name>.debug_info</name>
         <load_address>0xbcb4</load_address>
         <run_address>0xbcb4</run_address>
         <size>0x160</size>
         <input_file_ref idref="fl-e4"/>
      </object_component>
      <object_component id="oc-13f">
         <name>.debug_info</name>
         <load_address>0xbe14</load_address>
         <run_address>0xbe14</run_address>
         <size>0x2ca</size>
         <input_file_ref idref="fl-e4"/>
      </object_component>
      <object_component id="oc-224">
         <name>.debug_info</name>
         <load_address>0xc0de</load_address>
         <run_address>0xc0de</run_address>
         <size>0x26b</size>
         <input_file_ref idref="fl-e4"/>
      </object_component>
      <object_component id="oc-21f">
         <name>.debug_info</name>
         <load_address>0xc349</load_address>
         <run_address>0xc349</run_address>
         <size>0x8b</size>
         <input_file_ref idref="fl-e4"/>
      </object_component>
      <object_component id="oc-218">
         <name>.debug_info</name>
         <load_address>0xc3d4</load_address>
         <run_address>0xc3d4</run_address>
         <size>0x297</size>
         <input_file_ref idref="fl-e4"/>
      </object_component>
      <object_component id="oc-19e">
         <name>.debug_info</name>
         <load_address>0xc66b</load_address>
         <run_address>0xc66b</run_address>
         <size>0xbb</size>
         <input_file_ref idref="fl-e4"/>
      </object_component>
      <object_component id="oc-32b">
         <name>.debug_info</name>
         <load_address>0xc726</load_address>
         <run_address>0xc726</run_address>
         <size>0x89</size>
      </object_component>
      <object_component id="oc-11e">
         <name>.debug_line</name>
         <load_address>0x0</load_address>
         <run_address>0x0</run_address>
         <size>0x69</size>
         <input_file_ref idref="fl-2"/>
      </object_component>
      <object_component id="oc-1a5">
         <name>.debug_line</name>
         <load_address>0x69</load_address>
         <run_address>0x69</run_address>
         <size>0x2e</size>
         <input_file_ref idref="fl-2"/>
      </object_component>
      <object_component id="oc-d1">
         <name>.debug_line</name>
         <load_address>0x97</load_address>
         <run_address>0x97</run_address>
         <size>0x179</size>
         <input_file_ref idref="fl-2"/>
      </object_component>
      <object_component id="oc-73">
         <name>.debug_line</name>
         <load_address>0x210</load_address>
         <run_address>0x210</run_address>
         <size>0x6f</size>
         <input_file_ref idref="fl-2"/>
      </object_component>
      <object_component id="oc-39">
         <name>.debug_line</name>
         <load_address>0x27f</load_address>
         <run_address>0x27f</run_address>
         <size>0x20</size>
         <input_file_ref idref="fl-2"/>
      </object_component>
      <object_component id="oc-b0">
         <name>.debug_line</name>
         <load_address>0x29f</load_address>
         <run_address>0x29f</run_address>
         <size>0x73</size>
         <input_file_ref idref="fl-2"/>
      </object_component>
      <object_component id="oc-78">
         <name>.debug_line</name>
         <load_address>0x312</load_address>
         <run_address>0x312</run_address>
         <size>0x70</size>
         <input_file_ref idref="fl-2"/>
      </object_component>
      <object_component id="oc-149">
         <name>.debug_line</name>
         <load_address>0x382</load_address>
         <run_address>0x382</run_address>
         <size>0x85</size>
         <input_file_ref idref="fl-3"/>
      </object_component>
      <object_component id="oc-a0">
         <name>.debug_line</name>
         <load_address>0x407</load_address>
         <run_address>0x407</run_address>
         <size>0x93</size>
         <input_file_ref idref="fl-3"/>
      </object_component>
      <object_component id="oc-152">
         <name>.debug_line</name>
         <load_address>0x49a</load_address>
         <run_address>0x49a</run_address>
         <size>0x6a</size>
         <input_file_ref idref="fl-3"/>
      </object_component>
      <object_component id="oc-13b">
         <name>.debug_line</name>
         <load_address>0x504</load_address>
         <run_address>0x504</run_address>
         <size>0x6b</size>
         <input_file_ref idref="fl-3"/>
      </object_component>
      <object_component id="oc-14d">
         <name>.debug_line</name>
         <load_address>0x56f</load_address>
         <run_address>0x56f</run_address>
         <size>0x74</size>
         <input_file_ref idref="fl-3"/>
      </object_component>
      <object_component id="oc-199">
         <name>.debug_line</name>
         <load_address>0x5e3</load_address>
         <run_address>0x5e3</run_address>
         <size>0xc3</size>
         <input_file_ref idref="fl-4"/>
      </object_component>
      <object_component id="oc-d7">
         <name>.debug_line</name>
         <load_address>0x6a6</load_address>
         <run_address>0x6a6</run_address>
         <size>0x45</size>
         <input_file_ref idref="fl-4"/>
      </object_component>
      <object_component id="oc-cf">
         <name>.debug_line</name>
         <load_address>0x6eb</load_address>
         <run_address>0x6eb</run_address>
         <size>0x19c</size>
         <input_file_ref idref="fl-4"/>
      </object_component>
      <object_component id="oc-6f">
         <name>.debug_line</name>
         <load_address>0x887</load_address>
         <run_address>0x887</run_address>
         <size>0x41</size>
         <input_file_ref idref="fl-6"/>
      </object_component>
      <object_component id="oc-2e">
         <name>.debug_line</name>
         <load_address>0x8c8</load_address>
         <run_address>0x8c8</run_address>
         <size>0x41</size>
         <input_file_ref idref="fl-6"/>
      </object_component>
      <object_component id="oc-2b">
         <name>.debug_line</name>
         <load_address>0x909</load_address>
         <run_address>0x909</run_address>
         <size>0xa1</size>
         <input_file_ref idref="fl-6"/>
      </object_component>
      <object_component id="oc-211">
         <name>.debug_line</name>
         <load_address>0x9aa</load_address>
         <run_address>0x9aa</run_address>
         <size>0x2f</size>
         <input_file_ref idref="fl-c1"/>
      </object_component>
      <object_component id="oc-126">
         <name>.debug_line</name>
         <load_address>0x9d9</load_address>
         <run_address>0x9d9</run_address>
         <size>0x55</size>
         <input_file_ref idref="fl-c1"/>
      </object_component>
      <object_component id="oc-181">
         <name>.debug_line</name>
         <load_address>0xa2e</load_address>
         <run_address>0xa2e</run_address>
         <size>0x59</size>
         <input_file_ref idref="fl-c1"/>
      </object_component>
      <object_component id="oc-186">
         <name>.debug_line</name>
         <load_address>0xa87</load_address>
         <run_address>0xa87</run_address>
         <size>0x47</size>
         <input_file_ref idref="fl-c1"/>
      </object_component>
      <object_component id="oc-18d">
         <name>.debug_line</name>
         <load_address>0xace</load_address>
         <run_address>0xace</run_address>
         <size>0x91</size>
         <input_file_ref idref="fl-c1"/>
      </object_component>
      <object_component id="oc-192">
         <name>.debug_line</name>
         <load_address>0xb5f</load_address>
         <run_address>0xb5f</run_address>
         <size>0x2f</size>
         <input_file_ref idref="fl-c1"/>
      </object_component>
      <object_component id="oc-3d">
         <name>.debug_line</name>
         <load_address>0xb8e</load_address>
         <run_address>0xb8e</run_address>
         <size>0x88</size>
         <input_file_ref idref="fl-c2"/>
      </object_component>
      <object_component id="oc-c1">
         <name>.debug_line</name>
         <load_address>0xc16</load_address>
         <run_address>0xc16</run_address>
         <size>0x92</size>
         <input_file_ref idref="fl-c3"/>
      </object_component>
      <object_component id="oc-49">
         <name>.debug_line</name>
         <load_address>0xca8</load_address>
         <run_address>0xca8</run_address>
         <size>0x4c</size>
         <input_file_ref idref="fl-c3"/>
      </object_component>
      <object_component id="oc-8c">
         <name>.debug_line</name>
         <load_address>0xcf4</load_address>
         <run_address>0xcf4</run_address>
         <size>0x34</size>
         <input_file_ref idref="fl-c3"/>
      </object_component>
      <object_component id="oc-be">
         <name>.debug_line</name>
         <load_address>0xd28</load_address>
         <run_address>0xd28</run_address>
         <size>0x92</size>
         <input_file_ref idref="fl-c3"/>
      </object_component>
      <object_component id="oc-87">
         <name>.debug_line</name>
         <load_address>0xdba</load_address>
         <run_address>0xdba</run_address>
         <size>0x20</size>
         <input_file_ref idref="fl-c4"/>
      </object_component>
      <object_component id="oc-20">
         <name>.debug_line</name>
         <load_address>0xdda</load_address>
         <run_address>0xdda</run_address>
         <size>0x55</size>
         <input_file_ref idref="fl-c4"/>
      </object_component>
      <object_component id="oc-44">
         <name>.debug_line</name>
         <load_address>0xe2f</load_address>
         <run_address>0xe2f</run_address>
         <size>0x3a</size>
         <input_file_ref idref="fl-c4"/>
      </object_component>
      <object_component id="oc-84">
         <name>.debug_line</name>
         <load_address>0xe69</load_address>
         <run_address>0xe69</run_address>
         <size>0x92</size>
         <input_file_ref idref="fl-c4"/>
      </object_component>
      <object_component id="oc-ba">
         <name>.debug_line</name>
         <load_address>0xefb</load_address>
         <run_address>0xefb</run_address>
         <size>0x20</size>
         <input_file_ref idref="fl-c5"/>
      </object_component>
      <object_component id="oc-1a">
         <name>.debug_line</name>
         <load_address>0xf1b</load_address>
         <run_address>0xf1b</run_address>
         <size>0xa9</size>
         <input_file_ref idref="fl-c5"/>
      </object_component>
      <object_component id="oc-34">
         <name>.debug_line</name>
         <load_address>0xfc4</load_address>
         <run_address>0xfc4</run_address>
         <size>0x3a</size>
         <input_file_ref idref="fl-c5"/>
      </object_component>
      <object_component id="oc-b7">
         <name>.debug_line</name>
         <load_address>0xffe</load_address>
         <run_address>0xffe</run_address>
         <size>0x9a</size>
         <input_file_ref idref="fl-c5"/>
      </object_component>
      <object_component id="oc-7d">
         <name>.debug_line</name>
         <load_address>0x1098</load_address>
         <run_address>0x1098</run_address>
         <size>0x96</size>
         <input_file_ref idref="fl-c5"/>
      </object_component>
      <object_component id="oc-213">
         <name>.debug_line</name>
         <load_address>0x112e</load_address>
         <run_address>0x112e</run_address>
         <size>0x20</size>
         <input_file_ref idref="fl-c6"/>
      </object_component>
      <object_component id="oc-128">
         <name>.debug_line</name>
         <load_address>0x114e</load_address>
         <run_address>0x114e</run_address>
         <size>0xad</size>
         <input_file_ref idref="fl-c6"/>
      </object_component>
      <object_component id="oc-215">
         <name>.debug_line</name>
         <load_address>0x11fb</load_address>
         <run_address>0x11fb</run_address>
         <size>0x20</size>
         <input_file_ref idref="fl-c7"/>
      </object_component>
      <object_component id="oc-131">
         <name>.debug_line</name>
         <load_address>0x121b</load_address>
         <run_address>0x121b</run_address>
         <size>0xa8</size>
         <input_file_ref idref="fl-c7"/>
      </object_component>
      <object_component id="oc-175">
         <name>.debug_line</name>
         <load_address>0x12c3</load_address>
         <run_address>0x12c3</run_address>
         <size>0x20</size>
         <input_file_ref idref="fl-c8"/>
      </object_component>
      <object_component id="oc-c7">
         <name>.debug_line</name>
         <load_address>0x12e3</load_address>
         <run_address>0x12e3</run_address>
         <size>0xae</size>
         <input_file_ref idref="fl-c8"/>
      </object_component>
      <object_component id="oc-6c">
         <name>.debug_line</name>
         <load_address>0x1391</load_address>
         <run_address>0x1391</run_address>
         <size>0x33</size>
         <input_file_ref idref="fl-c9"/>
      </object_component>
      <object_component id="oc-5a">
         <name>.debug_line</name>
         <load_address>0x13c4</load_address>
         <run_address>0x13c4</run_address>
         <size>0x45</size>
         <input_file_ref idref="fl-c9"/>
      </object_component>
      <object_component id="oc-2a5">
         <name>.debug_line</name>
         <load_address>0x1409</load_address>
         <run_address>0x1409</run_address>
         <size>0x264</size>
         <input_file_ref idref="fl-ca"/>
      </object_component>
      <object_component id="oc-1d1">
         <name>.debug_line</name>
         <load_address>0x166d</load_address>
         <run_address>0x166d</run_address>
         <size>0x7a</size>
         <input_file_ref idref="fl-ca"/>
      </object_component>
      <object_component id="oc-26d">
         <name>.debug_line</name>
         <load_address>0x16e7</load_address>
         <run_address>0x16e7</run_address>
         <size>0x51</size>
         <input_file_ref idref="fl-ca"/>
      </object_component>
      <object_component id="oc-273">
         <name>.debug_line</name>
         <load_address>0x1738</load_address>
         <run_address>0x1738</run_address>
         <size>0x88</size>
         <input_file_ref idref="fl-ca"/>
      </object_component>
      <object_component id="oc-1dc">
         <name>.debug_line</name>
         <load_address>0x17c0</load_address>
         <run_address>0x17c0</run_address>
         <size>0x14b</size>
         <input_file_ref idref="fl-ca"/>
      </object_component>
      <object_component id="oc-279">
         <name>.debug_line</name>
         <load_address>0x190b</load_address>
         <run_address>0x190b</run_address>
         <size>0xec</size>
         <input_file_ref idref="fl-ca"/>
      </object_component>
      <object_component id="oc-27f">
         <name>.debug_line</name>
         <load_address>0x19f7</load_address>
         <run_address>0x19f7</run_address>
         <size>0x5d</size>
         <input_file_ref idref="fl-ca"/>
      </object_component>
      <object_component id="oc-1e2">
         <name>.debug_line</name>
         <load_address>0x1a54</load_address>
         <run_address>0x1a54</run_address>
         <size>0x5c</size>
         <input_file_ref idref="fl-ca"/>
      </object_component>
      <object_component id="oc-1e8">
         <name>.debug_line</name>
         <load_address>0x1ab0</load_address>
         <run_address>0x1ab0</run_address>
         <size>0xae</size>
         <input_file_ref idref="fl-ca"/>
      </object_component>
      <object_component id="oc-1ee">
         <name>.debug_line</name>
         <load_address>0x1b5e</load_address>
         <run_address>0x1b5e</run_address>
         <size>0x1ac</size>
         <input_file_ref idref="fl-ca"/>
      </object_component>
      <object_component id="oc-17a">
         <name>.debug_line</name>
         <load_address>0x1d0a</load_address>
         <run_address>0x1d0a</run_address>
         <size>0x76f</size>
         <input_file_ref idref="fl-ca"/>
      </object_component>
      <object_component id="oc-207">
         <name>.debug_line</name>
         <load_address>0x2479</load_address>
         <run_address>0x2479</run_address>
         <size>0x92</size>
         <input_file_ref idref="fl-ca"/>
      </object_component>
      <object_component id="oc-2a9">
         <name>.debug_line</name>
         <load_address>0x250b</load_address>
         <run_address>0x250b</run_address>
         <size>0x92</size>
         <input_file_ref idref="fl-ca"/>
      </object_component>
      <object_component id="oc-2e8">
         <name>.debug_line</name>
         <load_address>0x259d</load_address>
         <run_address>0x259d</run_address>
         <size>0x9a</size>
         <input_file_ref idref="fl-ca"/>
      </object_component>
      <object_component id="oc-2ae">
         <name>.debug_line</name>
         <load_address>0x2637</load_address>
         <run_address>0x2637</run_address>
         <size>0x97</size>
         <input_file_ref idref="fl-ca"/>
      </object_component>
      <object_component id="oc-20c">
         <name>.debug_line</name>
         <load_address>0x26ce</load_address>
         <run_address>0x26ce</run_address>
         <size>0x2e</size>
         <input_file_ref idref="fl-ca"/>
      </object_component>
      <object_component id="oc-264">
         <name>.debug_line</name>
         <load_address>0x26fc</load_address>
         <run_address>0x26fc</run_address>
         <size>0xd2</size>
         <input_file_ref idref="fl-cb"/>
      </object_component>
      <object_component id="oc-1d5">
         <name>.debug_line</name>
         <load_address>0x27ce</load_address>
         <run_address>0x27ce</run_address>
         <size>0x77</size>
         <input_file_ref idref="fl-cc"/>
      </object_component>
      <object_component id="oc-252">
         <name>.debug_line</name>
         <load_address>0x2845</load_address>
         <run_address>0x2845</run_address>
         <size>0x77</size>
         <input_file_ref idref="fl-cc"/>
      </object_component>
      <object_component id="oc-24a">
         <name>.debug_line</name>
         <load_address>0x28bc</load_address>
         <run_address>0x28bc</run_address>
         <size>0xa8</size>
         <input_file_ref idref="fl-cd"/>
      </object_component>
      <object_component id="oc-245">
         <name>.debug_line</name>
         <load_address>0x2964</load_address>
         <run_address>0x2964</run_address>
         <size>0x8e</size>
         <input_file_ref idref="fl-ce"/>
      </object_component>
      <object_component id="oc-254">
         <name>.debug_line</name>
         <load_address>0x29f2</load_address>
         <run_address>0x29f2</run_address>
         <size>0x5a</size>
         <input_file_ref idref="fl-cf"/>
      </object_component>
      <object_component id="oc-260">
         <name>.debug_line</name>
         <load_address>0x2a4c</load_address>
         <run_address>0x2a4c</run_address>
         <size>0x50</size>
         <input_file_ref idref="fl-d0"/>
      </object_component>
      <object_component id="oc-93">
         <name>.debug_line</name>
         <load_address>0x2a9c</load_address>
         <run_address>0x2a9c</run_address>
         <size>0x79</size>
         <input_file_ref idref="fl-d1"/>
      </object_component>
      <object_component id="oc-23e">
         <name>.debug_line</name>
         <load_address>0x2b15</load_address>
         <run_address>0x2b15</run_address>
         <size>0x81</size>
         <input_file_ref idref="fl-d2"/>
      </object_component>
      <object_component id="oc-1b5">
         <name>.debug_line</name>
         <load_address>0x2b96</load_address>
         <run_address>0x2b96</run_address>
         <size>0xbf</size>
         <input_file_ref idref="fl-d3"/>
      </object_component>
      <object_component id="oc-f0">
         <name>.debug_line</name>
         <load_address>0x2c55</load_address>
         <run_address>0x2c55</run_address>
         <size>0x6f</size>
         <input_file_ref idref="fl-d3"/>
      </object_component>
      <object_component id="oc-1b9">
         <name>.debug_line</name>
         <load_address>0x2cc4</load_address>
         <run_address>0x2cc4</run_address>
         <size>0x2e</size>
         <input_file_ref idref="fl-d3"/>
      </object_component>
      <object_component id="oc-22f">
         <name>.debug_line</name>
         <load_address>0x2cf2</load_address>
         <run_address>0x2cf2</run_address>
         <size>0x9a</size>
         <input_file_ref idref="fl-d3"/>
      </object_component>
      <object_component id="oc-1be">
         <name>.debug_line</name>
         <load_address>0x2d8c</load_address>
         <run_address>0x2d8c</run_address>
         <size>0x97</size>
         <input_file_ref idref="fl-d3"/>
      </object_component>
      <object_component id="oc-1c3">
         <name>.debug_line</name>
         <load_address>0x2e23</load_address>
         <run_address>0x2e23</run_address>
         <size>0x93</size>
         <input_file_ref idref="fl-d3"/>
      </object_component>
      <object_component id="oc-96">
         <name>.debug_line</name>
         <load_address>0x2eb6</load_address>
         <run_address>0x2eb6</run_address>
         <size>0x40</size>
         <input_file_ref idref="fl-d4"/>
      </object_component>
      <object_component id="oc-e4">
         <name>.debug_line</name>
         <load_address>0x2ef6</load_address>
         <run_address>0x2ef6</run_address>
         <size>0x3c</size>
         <input_file_ref idref="fl-d6"/>
      </object_component>
      <object_component id="oc-2ee">
         <name>.debug_line</name>
         <load_address>0x2f32</load_address>
         <run_address>0x2f32</run_address>
         <size>0x20</size>
         <input_file_ref idref="fl-d8"/>
      </object_component>
      <object_component id="oc-25c">
         <name>.debug_line</name>
         <load_address>0x2f52</load_address>
         <run_address>0x2f52</run_address>
         <size>0x67</size>
         <input_file_ref idref="fl-d8"/>
      </object_component>
      <object_component id="oc-2b4">
         <name>.debug_line</name>
         <load_address>0x2fb9</load_address>
         <run_address>0x2fb9</run_address>
         <size>0x91</size>
         <input_file_ref idref="fl-da"/>
      </object_component>
      <object_component id="oc-1cb">
         <name>.debug_line</name>
         <load_address>0x304a</load_address>
         <run_address>0x304a</run_address>
         <size>0x62</size>
         <input_file_ref idref="fl-da"/>
      </object_component>
      <object_component id="oc-2eb">
         <name>.debug_line</name>
         <load_address>0x30ac</load_address>
         <run_address>0x30ac</run_address>
         <size>0x20</size>
         <input_file_ref idref="fl-db"/>
      </object_component>
      <object_component id="oc-2b1">
         <name>.debug_line</name>
         <load_address>0x30cc</load_address>
         <run_address>0x30cc</run_address>
         <size>0x2b</size>
         <input_file_ref idref="fl-db"/>
      </object_component>
      <object_component id="oc-2d9">
         <name>.debug_line</name>
         <load_address>0x30f7</load_address>
         <run_address>0x30f7</run_address>
         <size>0x20</size>
         <input_file_ref idref="fl-dc"/>
      </object_component>
      <object_component id="oc-1f4">
         <name>.debug_line</name>
         <load_address>0x3117</load_address>
         <run_address>0x3117</run_address>
         <size>0x48</size>
         <input_file_ref idref="fl-dc"/>
      </object_component>
      <object_component id="oc-2fa">
         <name>.debug_line</name>
         <load_address>0x315f</load_address>
         <run_address>0x315f</run_address>
         <size>0x20</size>
         <input_file_ref idref="fl-dd"/>
      </object_component>
      <object_component id="oc-293">
         <name>.debug_line</name>
         <load_address>0x317f</load_address>
         <run_address>0x317f</run_address>
         <size>0xb0</size>
         <input_file_ref idref="fl-dd"/>
      </object_component>
      <object_component id="oc-2e4">
         <name>.debug_line</name>
         <load_address>0x322f</load_address>
         <run_address>0x322f</run_address>
         <size>0x20</size>
         <input_file_ref idref="fl-de"/>
      </object_component>
      <object_component id="oc-2e2">
         <name>.debug_line</name>
         <load_address>0x324f</load_address>
         <run_address>0x324f</run_address>
         <size>0x2b</size>
         <input_file_ref idref="fl-de"/>
      </object_component>
      <object_component id="oc-201">
         <name>.debug_line</name>
         <load_address>0x327a</load_address>
         <run_address>0x327a</run_address>
         <size>0x40</size>
         <input_file_ref idref="fl-de"/>
      </object_component>
      <object_component id="oc-2e0">
         <name>.debug_line</name>
         <load_address>0x32ba</load_address>
         <run_address>0x32ba</run_address>
         <size>0x20</size>
         <input_file_ref idref="fl-df"/>
      </object_component>
      <object_component id="oc-1fb">
         <name>.debug_line</name>
         <load_address>0x32da</load_address>
         <run_address>0x32da</run_address>
         <size>0x45</size>
         <input_file_ref idref="fl-df"/>
      </object_component>
      <object_component id="oc-2dd">
         <name>.debug_line</name>
         <load_address>0x331f</load_address>
         <run_address>0x331f</run_address>
         <size>0x9a</size>
         <input_file_ref idref="fl-df"/>
      </object_component>
      <object_component id="oc-29c">
         <name>.debug_line</name>
         <load_address>0x33b9</load_address>
         <run_address>0x33b9</run_address>
         <size>0x91</size>
         <input_file_ref idref="fl-df"/>
      </object_component>
      <object_component id="oc-2f0">
         <name>.debug_line</name>
         <load_address>0x344a</load_address>
         <run_address>0x344a</run_address>
         <size>0x20</size>
         <input_file_ref idref="fl-e0"/>
      </object_component>
      <object_component id="oc-284">
[...]
         <run_address>0x0</run_address>
         <size>0x0</size>
         <contents>
         </contents>
      </logical_group>
      <load_segment id="lg-335" display="no" color="cyan">
         <name>SEGMENT_0</name>
         <load_address>0x0</load_address>
         <run_address>0x0</run_address>
         <size>0x2898</size>
         <flags>0x5</flags>
         <contents>
            <logical_group_ref idref="lg-3"/>
            <logical_group_ref idref="lg-4"/>
            <logical_group_ref idref="lg-5"/>
            <logical_group_ref idref="lg-6"/>
         </contents>
      </load_segment>
      <load_segment id="lg-336" display="no" color="cyan">
         <name>SEGMENT_1</name>
         <run_address>0x20000000</run_address>
         <size>0xacd</size>
         <flags>0x6</flags>
         <contents>
            <logical_group_ref idref="lg-9"/>
            <logical_group_ref idref="lg-d"/>
            <logical_group_ref idref="lg-b"/>
            <logical_group_ref idref="lg-a"/>
         </contents>
      </load_segment>
   </logical_group_list>
   <placement_map>
      <memory_area display="yes" color="green">
         <name>FLASH</name>
         <page_id>0x0</page_id>
         <origin>0x0</origin>
         <length>0x40000</length>
         <used_space>0x2891</used_space>
         <unused_space>0x3d76f</unused_space>
         <attributes>RX</attributes>
         <usage_details>
            <allocated_space>
               <start_address>0x0</start_address>
               <size>0x26c</size>
               <logical_group_ref idref="lg-3"/>
            </allocated_space>
            <allocated_space>
               <start_address>0x26c</start_address>
               <size>0x24dc</size>
               <logical_group_ref idref="lg-4"/>
            </allocated_space>
            <allocated_space>
               <start_address>0x2748</start_address>
               <size>0x109</size>
               <logical_group_ref idref="lg-5"/>
            </allocated_space>
            <available_space>
               <start_address>0x2851</start_address>
               <size>0x7</size>
            </available_space>
            <allocated_space>
               <start_address>0x2858</start_address>
               <size>0x40</size>
               <logical_group_ref idref="lg-6"/>
            </allocated_space>
            <available_space>
               <start_address>0x2898</start_address>
               <size>0x3d768</size>
            </available_space>
         </usage_details>
      </memory_area>
      <memory_area display="yes" color="green">
         <name>SRAM</name>
         <page_id>0x0</page_id>
         <origin>0x20000000</origin>
         <length>0x8000</length>
         <used_space>0xac9</used_space>
         <unused_space>0x7537</unused_space>
         <attributes>RWX</attributes>
         <usage_details>
            <allocated_space>
               <start_address>0x20000000</start_address>
               <size>0x0</size>
               <logical_group_ref idref="lg-2fd"/>
            </allocated_space>
            <allocated_space>
               <start_address>0x20000000</start_address>
               <size>0x26c</size>
               <logical_group_ref idref="lg-9"/>
            </allocated_space>
            <available_space>
               <start_address>0x2000026c</start_address>
               <size>0x4</size>
            </available_space>
            <allocated_space>
               <start_address>0x20000270</start_address>
               <size>0x800</size>
               <logical_group_ref idref="lg-d"/>
            </allocated_space>
            <allocated_space>
               <start_address>0x20000a70</start_address>
               <size>0x58</size>
               <logical_group_ref idref="lg-b"/>
            </allocated_space>
            <allocated_space>
               <start_address>0x20000ac8</start_address>
               <size>0x5</size>
               <logical_group_ref idref="lg-a"/>
            </allocated_space>
            <available_space>
               <start_address>0x20000acd</start_address>
               <size>0x7533</size>
            </available_space>
         </usage_details>
      </memory_area>
   </placement_map>
   <cptbl_list>
      <cptbl>
         <name>__TI_cinit_table</name>
         <cprec>
            <name>.bss</name>
            <load_address>0x2868</load_address>
            <load_size>0x8</load_size>
            <run_address>0x20000a70</run_address>
            <run_size>0x58</run_size>
            <compression>zero_init</compression>
         </cprec>
         <cprec>
            <name>.vtable</name>
            <load_address>0x2870</load_address>
            <load_size>0x8</load_size>
            <run_address>0x20000000</run_address>
            <run_size>0x26c</run_size>
            <compression>zero_init</compression>
         </cprec>
         <cprec>
            <name>.data</name>
            <load_address>0x2878</load_address>
            <load_size>0x7</load_size>
            <run_address>0x20000ac8</run_address>
            <run_size>0x5</run_size>
            <compression>lzss</compression>
         </cprec>
      </cptbl>
   </cptbl_list>
   <handler_table>
      <handler_table_name>__TI_handler_table</handler_table_name>
      <handler>
         <index>0x0</index>
         <name>__TI_zero_init</name>
      </handler>
      <handler>
         <index>0x1</index>
         <name>__TI_decompress_lzss</name>
      </handler>
      <handler>
         <index>0x2</index>
         <name>__TI_decompress_none</name>
      </handler>
   </handler_table>
   <symbol_table>
      <symbol id="sm-1">
         <name>__STACK_TOP</name>
         <value>0x20000470</value>
      </symbol>
      <symbol id="sm-2">
         <name>__start___llvm_prf_cnts</name>
         <value>0x20000000</value>
      </symbol>
      <symbol id="sm-3">
         <name>__stop___llvm_prf_cnts</name>
         <value>0x20000000</value>
      </symbol>
      <symbol id="sm-4">
         <name>__TI_CINIT_Base</name>
         <value>0x2880</value>
      </symbol>
      <symbol id="sm-5">
         <name>__TI_CINIT_Limit</name>
         <value>0x2898</value>
      </symbol>
      <symbol id="sm-6">
         <name>__TI_Handler_Table_Base</name>
         <value>0x2858</value>
      </symbol>
      <symbol id="sm-7">
         <name>__TI_Handler_Table_Limit</name>
         <value>0x2864</value>
      </symbol>
      <symbol id="sm-8">
         <name>binit</name>
         <value>0xffffffff</value>
      </symbol>
      <symbol id="sm-9">
         <name>__binit__</name>
         <value>0xffffffff</value>
      </symbol>
      <symbol id="sm-a">
         <name>__STACK_SIZE</name>
         <value>0x800</value>
      </symbol>
      <symbol id="sm-b">
         <name>__STACK_END</name>
         <value>0x20000a70</value>
      </symbol>
      <symbol id="sm-c">
         <name>__c_args__</name>
         <value>0xffffffff</value>
      </symbol>
      <symbol id="sm-d">
         <name>__TI_pprof_out_hndl</name>
         <value>0xffffffff</value>
      </symbol>
      <symbol id="sm-e">
         <name>__TI_prof_data_start</name>
         <value>0xffffffff</value>
      </symbol>
      <symbol id="sm-f">
         <name>__TI_prof_data_size</name>
         <value>0xffffffff</value>
      </symbol>
      <symbol id="sm-75">
         <name>_timeout_ticks</name>
         <value>0x20000ac4</value>
      </symbol>
      <symbol id="sm-76">
         <name>timer_pause</name>
         <value>0x12f7</value>
         <object_component_ref idref="oc-d0"/>
      </symbol>
      <symbol id="sm-77">
         <name>timer_resume</name>
         <value>0x1309</value>
         <object_component_ref idref="oc-d0"/>
      </symbol>
      <symbol id="sm-78">
         <name>timer_getMillis</name>
         <value>0x131b</value>
         <object_component_ref idref="oc-d0"/>
      </symbol>
      <symbol id="sm-79">
         <name>_running</name>
         <value>0x20000acc</value>
         <object_component_ref idref="oc-143"/>
      </symbol>
      <symbol id="sm-7a">
         <name>timer_init</name>
         <value>0x1255</value>
         <object_component_ref idref="oc-d0"/>
      </symbol>
      <symbol id="sm-7b">
         <name>timer_stop</name>
         <value>0x12cd</value>
         <object_component_ref idref="oc-d0"/>
      </symbol>
      <symbol id="sm-7c">
         <name>timer_getMicros</name>
         <value>0x1373</value>
         <object_component_ref idref="oc-d0"/>
      </symbol>
      <symbol id="sm-7d">
         <name>timer_waitMillis</name>
         <value>0x13ff</value>
         <object_component_ref idref="oc-d0"/>
      </symbol>
      <symbol id="sm-7e">
         <name>timer_waitMicros</name>
         <value>0x13cd</value>
         <object_component_ref idref="oc-d0"/>
      </symbol>
      <symbol id="sm-a6">
         <name>main</name>
         <value>0x1e5b</value>
         <object_component_ref idref="oc-9b"/>
      </symbol>
      <symbol id="sm-a7">
         <name>scrollBanner</name>
         <value>0x1dc9</value>
         <object_component_ref idref="oc-9b"/>
      </symbol>
      <symbol id="sm-e4">
         <name>lcd_sendCommand</name>
         <value>0xe0f</value>
         <object_component_ref idref="oc-ca"/>
      </symbol>
      <symbol id="sm-e5">
         <name>lcd_sendNibble</name>
         <value>0xe4d</value>
         <object_component_ref idref="oc-ca"/>
      </symbol>
      <symbol id="sm-e6">
         <name>lcd_clear</name>
         <value>0x270d</value>
         <object_component_ref idref="oc-d6"/>
      </symbol>
      <symbol id="sm-e7">
         <name>lcd_printf</name>
         <value>0xef7</value>
         <object_component_ref idref="oc-ca"/>
      </symbol>
      <symbol id="sm-e8">
         <name>lcd_setCursorPos</name>
         <value>0xeb9</value>
         <object_component_ref idref="oc-ca"/>
      </symbol>
      <symbol id="sm-e9">
         <name>lcd_init</name>
         <value>0xcf9</value>
         <object_component_ref idref="oc-ca"/>
      </symbol>
      <symbol id="sm-ea">
         <name>lcd_puts</name>
         <value>0xdf1</value>
         <object_component_ref idref="oc-ca"/>
      </symbol>
      <symbol id="sm-eb">
         <name>lcd_putc</name>
         <value>0xdb9</value>
         <object_component_ref idref="oc-ca"/>
      </symbol>
      <symbol id="sm-ec">
         <name>lcd_reverseNibble</name>
         <value>0xcbd</value>
         <object_component_ref idref="oc-ca"/>
      </symbol>
      <symbol id="sm-ed">
         <name>lcd_gotoLine</name>
         <value>0xe91</value>
         <object_component_ref idref="oc-ca"/>
      </symbol>
      <symbol id="sm-10a">
         <name>ResetISR</name>
         <value>0x272b</value>
         <object_component_ref idref="oc-27"/>
      </symbol>
      <symbol id="sm-10b">
         <name>g_pfnVectors</name>
         <value>0x0</value>
         <object_component_ref idref="oc-12"/>
      </symbol>
      <symbol id="sm-13a">
         <name>vsnprintf</name>
         <value>0x24f5</value>
         <object_component_ref idref="oc-121"/>
      </symbol>
      <symbol id="sm-155">
         <name>memcpy</name>
         <value>0x1f2f</value>
         <object_component_ref idref="oc-3b"/>
      </symbol>
      <symbol id="sm-156">
         <name>__aeabi_memcpy</name>
         <value>0x1f2f</value>
         <object_component_ref idref="oc-3b"/>
      </symbol>
      <symbol id="sm-157">
         <name>__aeabi_memcpy8</name>
         <value>0x1f2f</value>
         <object_component_ref idref="oc-3b"/>
      </symbol>
      <symbol id="sm-158">
         <name>__aeabi_memcpy4</name>
         <value>0x1f2f</value>
         <object_component_ref idref="oc-3b"/>
      </symbol>
      <symbol id="sm-171">
         <name>__TI_zero_init_nomemset</name>
         <value>0x263b</value>
         <object_component_ref idref="oc-47"/>
      </symbol>
      <symbol id="sm-188">
         <name>__TI_decompress_none</name>
         <value>0x271d</value>
         <object_component_ref idref="oc-1b"/>
      </symbol>
      <symbol id="sm-1ab">
         <name>__TI_decompress_lzss</name>
         <value>0x2255</value>
         <object_component_ref idref="oc-15"/>
      </symbol>
      <symbol id="sm-1ba">
         <name>strcmp</name>
         <value>0x26a5</value>
         <object_component_ref idref="oc-127"/>
      </symbol>
      <symbol id="sm-1c8">
         <name>strcpy</name>
         <value>0x26d3</value>
         <object_component_ref idref="oc-12d"/>
      </symbol>
      <symbol id="sm-1d6">
         <name>strlen</name>
         <value>0x26e7</value>
         <object_component_ref idref="oc-c4"/>
      </symbol>
      <symbol id="sm-1e9">
         <name>__stack</name>
         <value>0x20000270</value>
         <object_component_ref idref="oc-24"/>
      </symbol>
      <symbol id="sm-1ea">
         <name>_c_int00_noargs</name>
         <value>0x25a9</value>
         <object_component_ref idref="oc-59"/>
      </symbol>
      <symbol id="sm-34f">
         <name>__TI_printfi</name>
         <value>0x26d</value>
         <object_component_ref idref="oc-176"/>
      </symbol>
      <symbol id="sm-366">
         <name>__aeabi_dsub</name>
         <value>0x166d</value>
         <object_component_ref idref="oc-263"/>
      </symbol>
      <symbol id="sm-367">
         <name>__aeabi_dadd</name>
         <value>0x1677</value>
         <object_component_ref idref="oc-263"/>
      </symbol>
      <symbol id="sm-389">
         <name>__aeabi_cdcmpeq</name>
         <value>0x2061</value>
         <object_component_ref idref="oc-1d3"/>
      </symbol>
      <symbol id="sm-38a">
         <name>__aeabi_cdcmple</name>
         <value>0x2061</value>
         <object_component_ref idref="oc-1d3"/>
      </symbol>
      <symbol id="sm-38b">
         <name>__aeabi_cdrcmple</name>
         <value>0x20e7</value>
         <object_component_ref idref="oc-24e"/>
      </symbol>
      <symbol id="sm-39f">
         <name>__aeabi_ddiv</name>
         <value>0x1961</value>
         <object_component_ref idref="oc-249"/>
      </symbol>
      <symbol id="sm-3aa">
         <name>__aeabi_dmul</name>
         <value>0x1ccd</value>
         <object_component_ref idref="oc-244"/>
      </symbol>
      <symbol id="sm-3b4">
         <name>__aeabi_d2iz</name>
         <value>0x2469</value>
         <object_component_ref idref="oc-253"/>
      </symbol>
      <symbol id="sm-3be">
         <name>__aeabi_i2d</name>
         <value>0x260d</value>
         <object_component_ref idref="oc-25e"/>
      </symbol>
      <symbol id="sm-3cd">
         <name>__aeabi_memset</name>
         <value>0x216f</value>
         <object_component_ref idref="oc-8f"/>
      </symbol>
      <symbol id="sm-3ce">
         <name>memset</name>
         <value>0x2175</value>
         <object_component_ref idref="oc-8f"/>
      </symbol>
      <symbol id="sm-3cf">
         <name>__aeabi_memset8</name>
         <value>0x216f</value>
         <object_component_ref idref="oc-8f"/>
      </symbol>
      <symbol id="sm-3d0">
         <name>__aeabi_memset4</name>
         <value>0x216f</value>
         <object_component_ref idref="oc-8f"/>
      </symbol>
      <symbol id="sm-3d1">
         <name>__aeabi_memclr8</name>
         <value>0x216d</value>
         <object_component_ref idref="oc-8f"/>
      </symbol>
      <symbol id="sm-3d2">
         <name>__aeabi_memclr4</name>
         <value>0x216d</value>
         <object_component_ref idref="oc-8f"/>
      </symbol>
      <symbol id="sm-3d3">
         <name>__aeabi_memclr</name>
         <value>0x216d</value>
         <object_component_ref idref="oc-8f"/>
      </symbol>
      <symbol id="sm-3e0">
         <name>__aeabi_uldivmod</name>
         <value>0x1fcb</value>
         <object_component_ref idref="oc-23d"/>
      </symbol>
      <symbol id="sm-408">
         <name>__TI_auto_init_nobinit_nopinit</name>
         <value>0x24b1</value>
         <object_component_ref idref="oc-eb"/>
      </symbol>
      <symbol id="sm-412">
         <name>_system_pre_init</name>
         <value>0x2741</value>
         <object_component_ref idref="oc-95"/>
      </symbol>
      <symbol id="sm-41e">
         <name>C$$EXIT</name>
         <value>0x2745</value>
         <object_component_ref idref="oc-df"/>
      </symbol>
      <symbol id="sm-41f">
         <name>abort</name>
         <value>0x2745</value>
         <object_component_ref idref="oc-df"/>
      </symbol>
      <symbol id="sm-42f">
         <name>__TI_ltoa</name>
         <value>0x2377</value>
         <object_component_ref idref="oc-258"/>
      </symbol>
      <symbol id="sm-446">
         <name>atoi</name>
         <value>0x241d</value>
         <object_component_ref idref="oc-1c7"/>
      </symbol>
      <symbol id="sm-451">
         <name>_ctypes_</name>
         <value>0x2748</value>
         <object_component_ref idref="oc-238"/>
      </symbol>
      <symbol id="sm-461">
         <name>memccpy</name>
         <value>0x2657</value>
         <object_component_ref idref="oc-1f0"/>
      </symbol>
      <symbol id="sm-471">
         <name>strchr</name>
         <value>0x26bd</value>
         <object_component_ref idref="oc-28f"/>
      </symbol>
      <symbol id="sm-487">
         <name>__aeabi_errno_addr</name>
         <value>0x2739</value>
         <object_component_ref idref="oc-1fc"/>
      </symbol>
      <symbol id="sm-488">
         <name>errno</name>
         <value>0x20000ac8</value>
         <object_component_ref idref="oc-29f"/>
      </symbol>
      <symbol id="sm-4a1">
         <name>wcslen</name>
         <value>0x26fb</value>
         <object_component_ref idref="oc-1f6"/>
      </symbol>
      <symbol id="sm-4c1">
         <name>frexpl</name>
         <value>0x22bd</value>
         <object_component_ref idref="oc-283"/>
      </symbol>
      <symbol id="sm-4c2">
         <name>frexp</name>
         <value>0x22bd</value>
         <object_component_ref idref="oc-283"/>
      </symbol>
      <symbol id="sm-4df">
         <name>scalbn</name>
         <value>0x1bbd</value>
         <object_component_ref idref="oc-289"/>
      </symbol>
      <symbol id="sm-4e0">
         <name>scalbnl</name>
         <value>0x1bbd</value>
         <object_component_ref idref="oc-289"/>
      </symbol>
      <symbol id="sm-4e1">
         <name>ldexpl</name>
         <value>0x1bbd</value>
         <object_component_ref idref="oc-289"/>
      </symbol>
      <symbol id="sm-4e2">
         <name>ldexp</name>
         <value>0x1bbd</value>
         <object_component_ref idref="oc-289"/>
      </symbol>
      <symbol id="sm-4ec">
         <name>__aeabi_idiv0</name>
         <value>0xcbb</value>
         <object_component_ref idref="oc-2b5"/>
      </symbol>
      <symbol id="sm-4ed">
         <name>__aeabi_ldiv0</name>
         <value>0xcbb</value>
         <object_component_ref idref="oc-2b5"/>
      </symbol>
      <symbol id="sm-4f7">
         <name>copysign</name>
         <value>0x2673</value>
         <object_component_ref idref="oc-2ce"/>
      </symbol>
      <symbol id="sm-4f8">
         <name>copysignl</name>
         <value>0x2673</value>
         <object_component_ref idref="oc-2ce"/>
      </symbol>
      <symbol id="sm-523">
         <name>IntRegister</name>
         <value>0x2575</value>
         <object_component_ref idref="oc-13d"/>
      </symbol>
      <symbol id="sm-524">
         <name>g_pfnRAMVectors</name>
         <value>0x20000000</value>
         <object_component_ref idref="oc-19a"/>
      </symbol>
      <symbol id="sm-526">
         <name>__TI_static_base__</name>
         <value>0x0</value>
      </symbol>
      <symbol id="sm-529">
         <name>__mpu_init</name>
         <value>0x0</value>
      </symbol>
      <symbol id="sm-52a">
         <name>_system_post_cinit</name>
         <value>0x0</value>
      </symbol>
   </symbol_table>
   <title>Link successful</title>
</link_info>
