******************************************************************************
                  TI ARM Linker PC v20.2.7                     
******************************************************************************
>> Linked Mon Nov 11 21:19:39 2024

OUTPUT FILE NAME:   <lab_10.out>
ENTRY POINT SYMBOL: "_c_int00_noargs"  address: 0000619d


MEMORY CONFIGURATION

         name            origin    length      used     unused   attr    fill
----------------------  --------  ---------  --------  --------  ----  --------
  FLASH                 00000000   00040000  0000675b  000398a5  R  X
  SRAM                  20000000   00008000  00001738  000068c8  RW X


SEGMENT ALLOCATION MAP

run origin  load origin   length   init length attrs members
----------  ----------- ---------- ----------- ----- -------
00000000    00000000    00006760   00006760    r-x
  00000000    00000000    0000026c   0000026c    r-- .intvecs
  0000026c    0000026c    00006174   00006174    r-x .text
  000063e0    000063e0    00000323   00000323    r-- .const
  00006708    00006708    00000058   00000058    r-- .cinit
20000000    20000000    0000173c   00000000    rw-
  20000000    20000000    0000026c   00000000    rw- .vtable
  20000270    20000270    00001000   00000000    rw- .stack
  20001270    20001270    00000400   00000000    rw- .sysmem
  20001670    20001670    0000007c   00000000    rw- .bss
  200016ec    200016ec    00000050   00000000    rw- .data


SECTION ALLOCATION MAP

 output                                  attributes/
section   page    origin      length       input sections
--------  ----  ----------  ----------   ----------------
.intvecs   0    00000000    0000026c     
                  00000000    0000026c     tm4c123gh6pm_startup_ccs.obj (.intvecs)

.text      0    0000026c    00006174     
                  0000026c    00000c20     open_interface .obj (.text)
                  00000e8c    00000a4e     rtsv7M4_T_le_v4SPD16_eabi.lib : _printfi.c.obj (.text:__TI_printfi)
                  000018da    00000002                                   : _lock.c.obj (.text:_nop)
                  000018dc    000009d0                                   : e_pow.c.obj (.text:pow)
                  000022ac    00000738                                   : k_rem_pio2.c.obj (.text:__kernel_rem_pio2)
                  000029e4    00000508                                   : s_tan.c.obj (.text:tan)
                  00002eec    000003fc     main.obj (.text)
                  000032e8    000003c4     rtsv7M4_T_le_v4SPD16_eabi.lib : e_log.c.obj (.text:log)
                  000036ac    00000328     lcd.obj (.text)
                  000039d4    0000031c     rtsv7M4_T_le_v4SPD16_eabi.lib : k_tan.c.obj (.text:__kernel_tan)
                  00003cf0    000002a4     ping.obj (.text)
                  00003f94    00000270     rtsv7M4_T_le_v4SPD16_eabi.lib : _printfi.c.obj (.text:_pconv_a)
                  00004204    00000248     Timer.obj (.text)
                  0000444c    00000218     servo.obj (.text)
                  00004664    000001d0     rtsv7M4_T_le_v4SPD16_eabi.lib : _printfi.c.obj (.text:_pconv_g)
                  00004834    000001bc     movement.obj (.text)
                  000049f0    000001b6     rtsv7M4_T_le_v4SPD16_eabi.lib : fd_add_t2.asm.obj (.text)
                  00004ba6    00000002                                   : div0.asm.obj (.text)
                  00004ba8    00000168     uart.obj (.text)
                  00004d10    00000158     rtsv7M4_T_le_v4SPD16_eabi.lib : e_sqrt.c.obj (.text:sqrt)
                  00004e68    0000013c                                   : _printfi.c.obj (.text:_pconv_e)
                  00004fa4    00000136                                   : fd_div_t2.asm.obj (.text)
                  000050da    00000002     --HOLE-- [fill = 0]
                  000050dc    00000124                                   : _printfi.c.obj (.text:fcvt)
                  00005200    00000110                                   : s_scalbn.c.obj (.text:scalbn)
                  00005310    00000104     adc.obj (.text)
                  00005414    00000100     rtsv7M4_T_le_v4SPD16_eabi.lib : memory.c.obj (.text:aligned_alloc)
                  00005514    000000fc                                   : fd_mul_t2.asm.obj (.text)
                  00005610    000000f8                                   : s_floor.c.obj (.text:floor)
                  00005708    000000f4     button.obj (.text)
                  000057fc    000000e4     rtsv7M4_T_le_v4SPD16_eabi.lib : memory.c.obj (.text:free)
                  000058e0    000000b1                                   : _printfi.c.obj (.text:_ltostr)
                  00005991    00000001     --HOLE-- [fill = 0]
                  00005992    0000009c                                   : memcpy_t2.asm.obj (.text)
                  00005a2e    00000096                                   : ull_div_t2.asm.obj (.text)
                  00005ac4    00000086                                   : fd_cmp_t2.asm.obj (.text:__aeabi_cdcmple)
                  00005b4a    00000086                                   : fd_cmp_t2.asm.obj (.text:__aeabi_cdrcmple)
                  00005bd0    0000007a                                   : memset_t2.asm.obj (.text)
                  00005c4a    00000002     --HOLE-- [fill = 0]
                  00005c4c    00000070                                   : memory.c.obj (.text:split)
                  00005cbc    0000006e                                   : _printfi.c.obj (.text:_mcpy)
                  00005d2a    0000006e                                   : fd_tos_t2.asm.obj (.text)
                  00005d98    00000068                                   : copy_decompress_lzss.c.obj (.text:decompress:lzss:__TI_decompress_lzss)
                  00005e00    00000064                                   : s_frexp.c.obj (.text:frexp)
                  00005e64    00000056                                   : _printfi.c.obj (.text:_pconv_f)
                  00005eba    00000054                                   : _ltoa.c.obj (.text:__TI_ltoa)
                  00005f0e    00000052                                   : _printfi.c.obj (.text:_ecpy)
                  00005f60    0000004c                                   : atoi.c.obj (.text:atoi)
                  00005fac    00000048                                   : fd_toi_t2.asm.obj (.text)
                  00005ff4    00000044                                   : autoinit.c.obj (.text:__TI_auto_init_nobinit_nopinit:__TI_auto_init_nobinit_nopinit)
                  00006038    00000040                                   : sprintf.c.obj (.text:sprintf)
                  00006078    00000040                                   : vsnprintf.c.obj (.text:vsnprintf)
                  000060b8    0000003e                                   : _printfi.c.obj (.text:_fcpy)
                  000060f6    00000002     --HOLE-- [fill = 0]
                  000060f8    00000038                                   : memory.c.obj (.text:calloc)
                  00006130    00000038                                   : fs_tod_t2.asm.obj (.text)
                  00006168    00000034     driverlib.lib : interrupt.obj (.text:IntRegister)
                  0000619c    00000034     rtsv7M4_T_le_v4SPD16_eabi.lib : boot_cortex_m.c.obj (.text:_c_int00_noargs:_c_int00_noargs)
                  000061d0    00000030                                   : vsnprintf.c.obj (.text:_outs)
                  00006200    0000002e                                   : i_tofd_t2.asm.obj (.text)
                  0000622e    00000002     --HOLE-- [fill = 0]
                  00006230    00000028                                   : memory.c.obj (.text:free_list_insert)
                  00006258    0000001c                                   : copy_zero_init.c.obj (.text:decompress:ZI:__TI_zero_init_nomemset:__TI_zero_init_nomemset)
                  00006274    0000001c                                   : memory.c.obj (.text:free_list_remove)
                  00006290    0000001c                                   : memccpy.c.obj (.text:memccpy)
                  000062ac    0000001a                                   : s_copysign.c.obj (.text:copysign)
                  000062c6    00000018                                   : vsnprintf.c.obj (.text:_outc)
                  000062de    00000018                                   : sprintf.c.obj (.text:_outs)
                  000062f6    00000018     open_interface .obj (.text:oi_parseInt)
                  0000630e    00000018     rtsv7M4_T_le_v4SPD16_eabi.lib : strcmp.c.obj (.text:strcmp)
                  00006326    00000016                                   : strchr.c.obj (.text:strchr)
                  0000633c    00000014                                   : strcpy.c.obj (.text:strcpy)
                  00006350    00000014                                   : strlen.c.obj (.text:strlen)
                  00006364    00000012                                   : wcslen.c.obj (.text:wcslen)
                  00006376    00000010     driverlib.lib : interrupt.obj (.text:IntMasterEnable)
                  00006386    00000010     lcd.obj (.text:lcd_clear)
                  00006396    0000000e     rtsv7M4_T_le_v4SPD16_eabi.lib : copy_decompress_none.c.obj (.text:decompress:none:__TI_decompress_none)
                  000063a4    0000000c     driverlib.lib : cpu.obj (.text:CPUcpsie)
                  000063b0    0000000c     tm4c123gh6pm_startup_ccs.obj (.text)
                  000063bc    0000000a     rtsv7M4_T_le_v4SPD16_eabi.lib : sprintf.c.obj (.text:_outc)
                  000063c6    00000002     --HOLE-- [fill = 0]
                  000063c8    00000008                                   : errno.c.obj (.text:__aeabi_errno_addr)
                  000063d0    00000008                                   : memory.c.obj (.text:malloc)
                  000063d8    00000004                                   : pre_init.c.obj (.text:_system_pre_init)
                  000063dc    00000004                                   : exit.c.obj (.text:abort:abort)

.const     0    000063e0    00000323     
                  000063e0    00000158     rtsv7M4_T_le_v4SPD16_eabi.lib : k_rem_pio2.c.obj (.const:$O1$$)
                  00006538    00000101                                   : ctype.c.obj (.const:.string:_ctypes_)
                  00006639    00000004     lcd.obj (.const:.string:lineAddress$1)
                  0000663d    00000003     --HOLE-- [fill = 0]
                  00006640    00000080     rtsv7M4_T_le_v4SPD16_eabi.lib : k_tan.c.obj (.const:xxx)
                  000066c0    00000030                                   : e_pow.c.obj (.const:$O1$$)
                  000066f0    0000000f     open_interface .obj (.const:.string:$P$T0$3)
                  000066ff    00000004     lcd.obj (.const:.string:lineAddresses$2)

.cinit     0    00006708    00000058     
                  00006708    00000023     (.cinit..data.load) [load image, compression = lzss]
                  0000672b    00000001     --HOLE-- [fill = 0]
                  0000672c    0000000c     (__TI_handler_table)
                  00006738    00000008     (.cinit..bss.load) [load image, compression = zero_init]
                  00006740    00000008     (.cinit..vtable.load) [load image, compression = zero_init]
                  00006748    00000018     (__TI_cinit_table)

.init_array 
*          0    00000000    00000000     UNINITIALIZED

.vtable    0    20000000    0000026c     UNINITIALIZED
                  20000000    0000026c     driverlib.lib : interrupt.obj (.vtable)

.stack     0    20000270    00001000     UNINITIALIZED
                  20000270    00000004     rtsv7M4_T_le_v4SPD16_eabi.lib : boot_cortex_m.c.obj (.stack)
                  20000274    00000ffc     --HOLE--

.sysmem    0    20001270    00000400     UNINITIALIZED
                  20001270    00000010     rtsv7M4_T_le_v4SPD16_eabi.lib : memory.c.obj (.sysmem)
                  20001280    000003f0     --HOLE--

.bss       0    20001670    0000007c     UNINITIALIZED
                  20001670    00000054     lcd.obj (.bss:lastbuffer$3)
                  200016c4    00000018     open_interface .obj (.bss:firmware$2)
                  200016dc    00000004     (.common:_timeout_ticks)
                  200016e0    00000004     (.common:button_event)
                  200016e4    00000004     (.common:button_num)
                  200016e8    00000004     (.common:clockwise)

.data      0    200016ec    00000050     UNINITIALIZED
                  200016ec    00000020     open_interface .obj (.data)
                  2000170c    00000011     ping.obj (.data)
                  2000171d    00000001     Timer.obj (.data)
                  2000171e    00000001     button.obj (.data)
                  2000171f    00000001     --HOLE--
                  20001720    00000008     rtsv7M4_T_le_v4SPD16_eabi.lib : _lock.c.obj (.data:$O1$$)
                  20001728    00000008                                   : memory.c.obj (.data:$O1$$)
                  20001730    00000008     servo.obj (.data)
                  20001738    00000004     rtsv7M4_T_le_v4SPD16_eabi.lib : errno.c.obj (.data)

__llvm_prf_cnts 
*          0    20000000    00000000     UNINITIALIZED

MODULE SUMMARY

       Module                         code    ro data   rw data
       ------                         ----    -------   -------
    .\
       open_interface .obj            3128    15        56     
       main.obj                       1020    0         0      
       lcd.obj                        824     8         84     
       ping.obj                       676     0         17     
       tm4c123gh6pm_startup_ccs.obj   12      620       0      
       Timer.obj                      584     0         5      
       servo.obj                      536     0         12     
       movement.obj                   444     0         0      
       uart.obj                       360     0         0      
       adc.obj                        260     0         0      
       button.obj                     244     0         9      
    +--+------------------------------+-------+---------+---------+
       Total:                         8088    643       183    
                                                               
    C:/ti/TivaWare_C_Series-2.2.0.295/driverlib/ccs/Debug/driverlib.lib
       interrupt.obj                  68      0         620    
       cpu.obj                        12      0         0      
    +--+------------------------------+-------+---------+---------+
       Total:                         80      0         620    
                                                               
    C:\ti\ccs1271\ccs\tools\compiler\ti-cgt-arm_20.2.7.LTS\lib\rtsv7M4_T_le_v4SPD16_eabi.lib
       _printfi.c.obj                 4851    0         0      
       e_pow.c.obj                    2512    48        0      
       k_rem_pio2.c.obj               1848    344       0      
       s_tan.c.obj                    1288    0         0      
       e_log.c.obj                    964     0         0      
       k_tan.c.obj                    796     128       0      
       memory.c.obj                   728     0         8      
       fd_add_t2.asm.obj              438     0         0      
       e_sqrt.c.obj                   344     0         0      
       fd_div_t2.asm.obj              310     0         0      
       s_scalbn.c.obj                 272     0         0      
       fd_cmp_t2.asm.obj              268     0         0      
       ctype.c.obj                    0       257       0      
       fd_mul_t2.asm.obj              252     0         0      
       s_floor.c.obj                  248     0         0      
       memcpy_t2.asm.obj              156     0         0      
       ull_div_t2.asm.obj             150     0         0      
       vsnprintf.c.obj                136     0         0      
       memset_t2.asm.obj              122     0         0      
       fd_tos_t2.asm.obj              110     0         0      
       copy_decompress_lzss.c.obj     104     0         0      
       s_frexp.c.obj                  100     0         0      
       sprintf.c.obj                  98      0         0      
       _ltoa.c.obj                    84      0         0      
       atoi.c.obj                     76      0         0      
       fd_toi_t2.asm.obj              72      0         0      
       autoinit.c.obj                 68      0         0      
       fs_tod_t2.asm.obj              56      0         0      
       boot_cortex_m.c.obj            52      0         0      
       i_tofd_t2.asm.obj              46      0         0      
       copy_zero_init.c.obj           28      0         0      
       memccpy.c.obj                  28      0         0      
       s_copysign.c.obj               26      0         0      
       strcmp.c.obj                   24      0         0      
       strchr.c.obj                   22      0         0      
       strcpy.c.obj                   20      0         0      
       strlen.c.obj                   20      0         0      
       wcslen.c.obj                   18      0         0      
       copy_decompress_none.c.obj     14      0         0      
       errno.c.obj                    8       0         4      
       _lock.c.obj                    2       0         8      
       exit.c.obj                     4       0         0      
       pre_init.c.obj                 4       0         0      
       div0.asm.obj                   2       0         0      
    +--+------------------------------+-------+---------+---------+
       Total:                         16769   777       20     
                                                               
       Heap:                          0       0         1024   
       Stack:                         0       0         4096   
       Linker Generated:              0       87        0      
    +--+------------------------------+-------+---------+---------+
       Grand Total:                   24937   1507      5943   


LINKER GENERATED COPY TABLES

__TI_cinit_table @ 00006748 records: 3, size/record: 8, table size: 24
	.data: load addr=00006708, load size=00000023 bytes, run addr=200016ec, run size=00000050 bytes, compression=lzss
	.bss: load addr=00006738, load size=00000008 bytes, run addr=20001670, run size=0000007c bytes, compression=zero_init
	.vtable: load addr=00006740, load size=00000008 bytes, run addr=20000000, run size=0000026c bytes, compression=zero_init


LINKER GENERATED HANDLER TABLE

__TI_handler_table @ 0000672c records: 3, size/record: 4, table size: 12
	index: 0, handler: __TI_zero_init
	index: 1, handler: __TI_decompress_lzss
	index: 2, handler: __TI_decompress_none


GLOBAL SYMBOLS: SORTED ALPHABETICALLY BY Name 

address   name                          
-------   ----                          
00005383  ADC0_InSeq3                   
000063dd  C$$EXIT                       
000063a5  CPUcpsie                      
20001710  END_TIME                      
00000bc3  GPIOF_Handler                 
00006377  IntMasterEnable               
00006169  IntRegister                   
000063b1  ResetISR                      
2000170c  START_TIME                    
20001714  STATE                         
00003e33  TIMER3B_Handler               
20001270  __STACK_END                   
00001000  __STACK_SIZE                  
20000470  __STACK_TOP                   
00000400  __SYSMEM_SIZE                 
00006748  __TI_CINIT_Base               
00006760  __TI_CINIT_Limit              
0000672c  __TI_Handler_Table_Base       
00006738  __TI_Handler_Table_Limit      
00005ff5  __TI_auto_init_nobinit_nopinit
00005d99  __TI_decompress_lzss          
00006397  __TI_decompress_none          
00005ebb  __TI_ltoa                     
ffffffff  __TI_pprof_out_hndl           
00000e8d  __TI_printfi                  
ffffffff  __TI_prof_data_size           
ffffffff  __TI_prof_data_start          
00000000  __TI_static_base__            
00006259  __TI_zero_init_nomemset       
00005ac5  __aeabi_cdcmpeq               
00005ac5  __aeabi_cdcmple               
00005b4b  __aeabi_cdrcmple              
00005d2b  __aeabi_d2f                   
00005fad  __aeabi_d2iz                  
000049fb  __aeabi_dadd                  
00004fa5  __aeabi_ddiv                  
00005515  __aeabi_dmul                  
000049f1  __aeabi_dsub                  
000063c9  __aeabi_errno_addr            
00006131  __aeabi_f2d                   
00006201  __aeabi_i2d                   
00004ba7  __aeabi_idiv0                 
00004ba7  __aeabi_ldiv0                 
00005bd1  __aeabi_memclr                
00005bd1  __aeabi_memclr4               
00005bd1  __aeabi_memclr8               
00005993  __aeabi_memcpy                
00005993  __aeabi_memcpy4               
00005993  __aeabi_memcpy8               
00005bd3  __aeabi_memset                
00005bd3  __aeabi_memset4               
00005bd3  __aeabi_memset8               
00005a2f  __aeabi_uldivmod              
ffffffff  __binit__                     
ffffffff  __c_args__                    
000022ad  __kernel_rem_pio2             
000039d5  __kernel_tan                  
UNDEFED   __mpu_init                    
20000270  __stack                       
20000000  __start___llvm_prf_cnts       
20000000  __stop___llvm_prf_cnts        
0000619d  _c_int00_noargs               
00006538  _ctypes_                      
20001720  _lock                         
000018db  _nop                          
2000171d  _running                      
20001270  _sys_memory                   
UNDEFED   _system_post_cinit            
000063d9  _system_pre_init              
200016dc  _timeout_ticks                
20001724  _unlock                       
000063dd  abort                         
00005311  adc_init                      
000053ab  adc_read                      
00005415  aligned_alloc                 
00005f61  atoi                          
ffffffff  binit                         
0000451d  button_Handler                
200016e0  button_event                  
00005795  button_getButton              
00005709  button_init                   
200016e4  button_num                    
00002eed  calculate_distanceLOG         
00002f1d  calculate_distancePOW         
000060f9  calloc                        
200016e8  clockwise                     
000062ad  copysign                      
000062ad  copysignl                     
20001718  count                         
20001734  degree                        
20001738  errno                         
00005611  floor                         
00005611  floorl                        
000057fd  free                          
00005e01  frexp                         
00005e01  frexpl                        
20000000  g_pfnRAMVectors               
00000000  g_pfnVectors                  
0000097f  go_charge                     
0000577d  gpioe_handler                 
00005739  init_button_interrupts        
2000171c  intflag                       
00006387  lcd_clear                     
00003881  lcd_gotoLine                  
000036e9  lcd_init                      
000038e7  lcd_printf                    
000037a9  lcd_putc                      
000037e1  lcd_puts                      
000036ad  lcd_reverseNibble             
000037ff  lcd_sendCommand               
0000383d  lcd_sendNibble                
000038a9  lcd_setCursorPos              
00005201  ldexp                         
00005201  ldexpl                        
000032e9  log                           
000032e9  logl                          
00002f99  main                          
000063d1  malloc                        
00005415  memalign                      
00006291  memccpy                       
00005993  memcpy                        
00005bd9  memset                        
200016ec  motor_cal_factor_L            
200016f0  motor_cal_factor_R            
000048a1  move_backward                 
00004835  move_forward                  
0000026d  oi_alloc                      
00000aa9  oi_checkFirmware              
000002c7  oi_close                      
00000279  oi_free                       
00000ded  oi_getMotorCalibrationLeft    
00000e01  oi_getMotorCalibrationRight   
000002b1  oi_init                       
00000289  oi_init_noupdate              
00000915  oi_loadSong                   
000062f7  oi_parseInt                   
0000032b  oi_parsePacket                
0000096b  oi_play_song                  
0000084b  oi_setLeds                    
00000db1  oi_setMotorCalibration        
0000088f  oi_setWheels                  
00000b51  oi_shutoff_init               
0000098d  oi_uartInit                   
00000a31  oi_uartReceive                
00000a77  oi_uartSendBuff               
00000a15  oi_uartSendChar               
00000a59  oi_uartSendStr                
000002d9  oi_update                     
00003e73  ping_getDistance              
00003cf1  ping_init                     
00003da7  ping_trigger                  
000018dd  pow                           
000018dd  powl                          
20001730  pwm_period                    
00005201  scalbn                        
00005201  scalbnl                       
00002f49  scanIR                        
00002f61  scanPING                      
0000444d  servo_init                    
000044e7  servo_move                    
00006039  sprintf                       
00004d11  sqrt                          
00004d11  sqrtl                         
00006327  strchr                        
0000630f  strcmp                        
0000633d  strcpy                        
00006351  strlen                        
000029e5  tan                           
000029e5  tanl                          
00004323  timer_getMicros               
000042cb  timer_getMillis               
00004205  timer_init                    
000042a7  timer_pause                   
000042b9  timer_resume                  
0000427d  timer_stop                    
0000437d  timer_waitMicros              
000043af  timer_waitMillis              
000048f9  turn_clockwise                
00004971  turn_counterclockwise         
00004ba9  uart_init                     
00004c67  uart_receive                  
00004c8d  uart_receive_nonblocking      
00004c4b  uart_sendChar                 
00004cb7  uart_sendStr                  
00006079  vsnprintf                     
00006365  wcslen                        


GLOBAL SYMBOLS: SORTED BY Symbol Address 

address   name                          
-------   ----                          
00000000  __TI_static_base__            
00000000  g_pfnVectors                  
0000026d  oi_alloc                      
00000279  oi_free                       
00000289  oi_init_noupdate              
000002b1  oi_init                       
000002c7  oi_close                      
000002d9  oi_update                     
0000032b  oi_parsePacket                
00000400  __SYSMEM_SIZE                 
0000084b  oi_setLeds                    
0000088f  oi_setWheels                  
00000915  oi_loadSong                   
0000096b  oi_play_song                  
0000097f  go_charge                     
0000098d  oi_uartInit                   
00000a15  oi_uartSendChar               
00000a31  oi_uartReceive                
00000a59  oi_uartSendStr                
00000a77  oi_uartSendBuff               
00000aa9  oi_checkFirmware              
00000b51  oi_shutoff_init               
00000bc3  GPIOF_Handler                 
00000db1  oi_setMotorCalibration        
00000ded  oi_getMotorCalibrationLeft    
00000e01  oi_getMotorCalibrationRight   
00000e8d  __TI_printfi                  
00001000  __STACK_SIZE                  
000018db  _nop                          
000018dd  pow                           
000018dd  powl                          
000022ad  __kernel_rem_pio2             
000029e5  tan                           
000029e5  tanl                          
00002eed  calculate_distanceLOG         
00002f1d  calculate_distancePOW         
00002f49  scanIR                        
00002f61  scanPING                      
00002f99  main                          
000032e9  log                           
000032e9  logl                          
000036ad  lcd_reverseNibble             
000036e9  lcd_init                      
000037a9  lcd_putc                      
000037e1  lcd_puts                      
000037ff  lcd_sendCommand               
0000383d  lcd_sendNibble                
00003881  lcd_gotoLine                  
000038a9  lcd_setCursorPos              
000038e7  lcd_printf                    
000039d5  __kernel_tan                  
00003cf1  ping_init                     
00003da7  ping_trigger                  
00003e33  TIMER3B_Handler               
00003e73  ping_getDistance              
00004205  timer_init                    
0000427d  timer_stop                    
000042a7  timer_pause                   
000042b9  timer_resume                  
000042cb  timer_getMillis               
00004323  timer_getMicros               
0000437d  timer_waitMicros              
000043af  timer_waitMillis              
0000444d  servo_init                    
000044e7  servo_move                    
0000451d  button_Handler                
00004835  move_forward                  
000048a1  move_backward                 
000048f9  turn_clockwise                
00004971  turn_counterclockwise         
000049f1  __aeabi_dsub                  
000049fb  __aeabi_dadd                  
00004ba7  __aeabi_idiv0                 
00004ba7  __aeabi_ldiv0                 
00004ba9  uart_init                     
00004c4b  uart_sendChar                 
00004c67  uart_receive                  
00004c8d  uart_receive_nonblocking      
00004cb7  uart_sendStr                  
00004d11  sqrt                          
00004d11  sqrtl                         
00004fa5  __aeabi_ddiv                  
00005201  ldexp                         
00005201  ldexpl                        
00005201  scalbn                        
00005201  scalbnl                       
00005311  adc_init                      
00005383  ADC0_InSeq3                   
000053ab  adc_read                      
00005415  aligned_alloc                 
00005415  memalign                      
00005515  __aeabi_dmul                  
00005611  floor                         
00005611  floorl                        
00005709  button_init                   
00005739  init_button_interrupts        
0000577d  gpioe_handler                 
00005795  button_getButton              
000057fd  free                          
00005993  __aeabi_memcpy                
00005993  __aeabi_memcpy4               
00005993  __aeabi_memcpy8               
00005993  memcpy                        
00005a2f  __aeabi_uldivmod              
00005ac5  __aeabi_cdcmpeq               
00005ac5  __aeabi_cdcmple               
00005b4b  __aeabi_cdrcmple              
00005bd1  __aeabi_memclr                
00005bd1  __aeabi_memclr4               
00005bd1  __aeabi_memclr8               
00005bd3  __aeabi_memset                
00005bd3  __aeabi_memset4               
00005bd3  __aeabi_memset8               
00005bd9  memset                        
00005d2b  __aeabi_d2f                   
00005d99  __TI_decompress_lzss          
00005e01  frexp                         
00005e01  frexpl                        
00005ebb  __TI_ltoa                     
00005f61  atoi                          
00005fad  __aeabi_d2iz                  
00005ff5  __TI_auto_init_nobinit_nopinit
00006039  sprintf                       
00006079  vsnprintf                     
000060f9  calloc                        
00006131  __aeabi_f2d                   
00006169  IntRegister                   
0000619d  _c_int00_noargs               
00006201  __aeabi_i2d                   
00006259  __TI_zero_init_nomemset       
00006291  memccpy                       
000062ad  copysign                      
000062ad  copysignl                     
000062f7  oi_parseInt                   
0000630f  strcmp                        
00006327  strchr                        
0000633d  strcpy                        
00006351  strlen                        
00006365  wcslen                        
00006377  IntMasterEnable               
00006387  lcd_clear                     
00006397  __TI_decompress_none          
000063a5  CPUcpsie                      
000063b1  ResetISR                      
000063c9  __aeabi_errno_addr            
000063d1  malloc                        
000063d9  _system_pre_init              
000063dd  C$$EXIT                       
000063dd  abort                         
00006538  _ctypes_                      
0000672c  __TI_Handler_Table_Base       
00006738  __TI_Handler_Table_Limit      
00006748  __TI_CINIT_Base               
00006760  __TI_CINIT_Limit              
20000000  __start___llvm_prf_cnts       
20000000  __stop___llvm_prf_cnts        
20000000  g_pfnRAMVectors               
20000270  __stack                       
20000470  __STACK_TOP                   
20001270  __STACK_END                   
20001270  _sys_memory                   
200016dc  _timeout_ticks                
200016e0  button_event                  
200016e4  button_num                    
200016e8  clockwise                     
200016ec  motor_cal_factor_L            
200016f0  motor_cal_factor_R            
2000170c  START_TIME                    
20001710  END_TIME                      
20001714  STATE                         
20001718  count                         
2000171c  intflag                       
2000171d  _running                      
20001720  _lock                         
20001724  _unlock                       
20001730  pwm_period                    
20001734  degree                        
20001738  errno                         
ffffffff  __TI_pprof_out_hndl           
ffffffff  __TI_prof_data_size           
ffffffff  __TI_prof_data_start          
ffffffff  __binit__                     
ffffffff  __c_args__                    
ffffffff  binit                         
UNDEFED   __mpu_init                    
UNDEFED   _system_post_cinit            

[186 symbols]
