******************************************************************************
                  TI ARM Linker PC v20.2.7                     
******************************************************************************
>> Linked Mon Nov 11 21:57:32 2024

OUTPUT FILE NAME:   <lab_10.out>
ENTRY POINT SYMBOL: "_c_int00_noargs"  address: 000061e1


MEMORY CONFIGURATION

         name            origin    length      used     unused   attr    fill
----------------------  --------  ---------  --------  --------  ----  --------
  FLASH                 00000000   00040000  0000679f  00039861  R  X
  SRAM                  20000000   00008000  00001738  000068c8  RW X


SEGMENT ALLOCATION MAP

run origin  load origin   length   init length attrs members
----------  ----------- ---------- ----------- ----- -------
00000000    00000000    000067a8   000067a8    r-x
  00000000    00000000    0000026c   0000026c    r-- .intvecs
  0000026c    0000026c    000061b8   000061b8    r-x .text
  00006428    00006428    00000323   00000323    r-- .const
  00006750    00006750    00000058   00000058    r-- .cinit
20000000    20000000    0000173c   00000000    rw-
  20000000    20000000    0000026c   00000000    rw- .vtable
  20000270    20000270    00001000   00000000    rw- .stack
  20001270    20001270    00000400   00000000    rw- .sysmem
  20001670    20001670    0000007c   00000000    rw- .bss
  200016ec    200016ec    00000050   00000000    rw- .data


SECTION ALLOCATION MAP

 output                                  attributes/
section   page    origin      length       input sections
--------  ----  ----------  ----------   ----------------
.intvecs   0    00000000    0000026c     
                  00000000    0000026c     tm4c123gh6pm_startup_ccs.obj (.intvecs)

.text      0    0000026c    000061b8     
                  0000026c    00000c20     open_interface .obj (.text)
                  00000e8c    00000a4e     rtsv7M4_T_le_v4SPD16_eabi.lib : _printfi.c.obj (.text:__TI_printfi)
                  000018da    00000002                                   : _lock.c.obj (.text:_nop)
                  000018dc    000009d0                                   : e_pow.c.obj (.text:pow)
                  000022ac    00000738                                   : k_rem_pio2.c.obj (.text:__kernel_rem_pio2)
                  000029e4    00000508                                   : s_tan.c.obj (.text:tan)
                  00002eec    00000440     main.obj (.text)
                  0000332c    000003c4     rtsv7M4_T_le_v4SPD16_eabi.lib : e_log.c.obj (.text:log)
                  000036f0    00000328     lcd.obj (.text)
                  00003a18    0000031c     rtsv7M4_T_le_v4SPD16_eabi.lib : k_tan.c.obj (.text:__kernel_tan)
                  00003d34    000002a4     ping.obj (.text)
                  00003fd8    00000270     rtsv7M4_T_le_v4SPD16_eabi.lib : _printfi.c.obj (.text:_pconv_a)
                  00004248    00000248     Timer.obj (.text)
                  00004490    00000218     servo.obj (.text)
                  000046a8    000001d0     rtsv7M4_T_le_v4SPD16_eabi.lib : _printfi.c.obj (.text:_pconv_g)
                  00004878    000001bc     movement.obj (.text)
                  00004a34    000001b6     rtsv7M4_T_le_v4SPD16_eabi.lib : fd_add_t2.asm.obj (.text)
                  00004bea    00000002                                   : div0.asm.obj (.text)
                  00004bec    00000168     uart.obj (.text)
                  00004d54    00000158     rtsv7M4_T_le_v4SPD16_eabi.lib : e_sqrt.c.obj (.text:sqrt)
                  00004eac    0000013c                                   : _printfi.c.obj (.text:_pconv_e)
                  00004fe8    00000136                                   : fd_div_t2.asm.obj (.text)
                  0000511e    00000002     --HOLE-- [fill = 0]
                  00005120    00000124                                   : _printfi.c.obj (.text:fcvt)
                  00005244    00000110                                   : s_scalbn.c.obj (.text:scalbn)
                  00005354    00000104     adc.obj (.text)
                  00005458    00000100     rtsv7M4_T_le_v4SPD16_eabi.lib : memory.c.obj (.text:aligned_alloc)
                  00005558    000000fc                                   : fd_mul_t2.asm.obj (.text)
                  00005654    000000f8                                   : s_floor.c.obj (.text:floor)
                  0000574c    000000f4     button.obj (.text)
                  00005840    000000e4     rtsv7M4_T_le_v4SPD16_eabi.lib : memory.c.obj (.text:free)
                  00005924    000000b1                                   : _printfi.c.obj (.text:_ltostr)
                  000059d5    00000001     --HOLE-- [fill = 0]
                  000059d6    0000009c                                   : memcpy_t2.asm.obj (.text)
                  00005a72    00000096                                   : ull_div_t2.asm.obj (.text)
                  00005b08    00000086                                   : fd_cmp_t2.asm.obj (.text:__aeabi_cdcmple)
                  00005b8e    00000086                                   : fd_cmp_t2.asm.obj (.text:__aeabi_cdrcmple)
                  00005c14    0000007a                                   : memset_t2.asm.obj (.text)
                  00005c8e    00000002     --HOLE-- [fill = 0]
                  00005c90    00000070                                   : memory.c.obj (.text:split)
                  00005d00    0000006e                                   : _printfi.c.obj (.text:_mcpy)
                  00005d6e    0000006e                                   : fd_tos_t2.asm.obj (.text)
                  00005ddc    00000068                                   : copy_decompress_lzss.c.obj (.text:decompress:lzss:__TI_decompress_lzss)
                  00005e44    00000064                                   : s_frexp.c.obj (.text:frexp)
                  00005ea8    00000056                                   : _printfi.c.obj (.text:_pconv_f)
                  00005efe    00000054                                   : _ltoa.c.obj (.text:__TI_ltoa)
                  00005f52    00000052                                   : _printfi.c.obj (.text:_ecpy)
                  00005fa4    0000004c                                   : atoi.c.obj (.text:atoi)
                  00005ff0    00000048                                   : fd_toi_t2.asm.obj (.text)
                  00006038    00000044                                   : autoinit.c.obj (.text:__TI_auto_init_nobinit_nopinit:__TI_auto_init_nobinit_nopinit)
                  0000607c    00000040                                   : sprintf.c.obj (.text:sprintf)
                  000060bc    00000040                                   : vsnprintf.c.obj (.text:vsnprintf)
                  000060fc    0000003e                                   : _printfi.c.obj (.text:_fcpy)
                  0000613a    00000002     --HOLE-- [fill = 0]
                  0000613c    00000038                                   : memory.c.obj (.text:calloc)
                  00006174    00000038                                   : fs_tod_t2.asm.obj (.text)
                  000061ac    00000034     driverlib.lib : interrupt.obj (.text:IntRegister)
                  000061e0    00000034     rtsv7M4_T_le_v4SPD16_eabi.lib : boot_cortex_m.c.obj (.text:_c_int00_noargs:_c_int00_noargs)
                  00006214    00000030                                   : vsnprintf.c.obj (.text:_outs)
                  00006244    0000002e                                   : i_tofd_t2.asm.obj (.text)
                  00006272    00000002     --HOLE-- [fill = 0]
                  00006274    00000028                                   : memory.c.obj (.text:free_list_insert)
                  0000629c    0000001c                                   : copy_zero_init.c.obj (.text:decompress:ZI:__TI_zero_init_nomemset:__TI_zero_init_nomemset)
                  000062b8    0000001c                                   : memory.c.obj (.text:free_list_remove)
                  000062d4    0000001c                                   : memccpy.c.obj (.text:memccpy)
                  000062f0    0000001a                                   : s_copysign.c.obj (.text:copysign)
                  0000630a    00000018                                   : vsnprintf.c.obj (.text:_outc)
                  00006322    00000018                                   : sprintf.c.obj (.text:_outs)
                  0000633a    00000018     open_interface .obj (.text:oi_parseInt)
                  00006352    00000018     rtsv7M4_T_le_v4SPD16_eabi.lib : strcmp.c.obj (.text:strcmp)
                  0000636a    00000016                                   : strchr.c.obj (.text:strchr)
                  00006380    00000014                                   : strcpy.c.obj (.text:strcpy)
                  00006394    00000014                                   : strlen.c.obj (.text:strlen)
                  000063a8    00000012                                   : wcslen.c.obj (.text:wcslen)
                  000063ba    00000010     driverlib.lib : interrupt.obj (.text:IntMasterEnable)
                  000063ca    00000010     lcd.obj (.text:lcd_clear)
                  000063da    0000000e     rtsv7M4_T_le_v4SPD16_eabi.lib : copy_decompress_none.c.obj (.text:decompress:none:__TI_decompress_none)
                  000063e8    0000000c     driverlib.lib : cpu.obj (.text:CPUcpsie)
                  000063f4    0000000c     tm4c123gh6pm_startup_ccs.obj (.text)
                  00006400    0000000a     rtsv7M4_T_le_v4SPD16_eabi.lib : sprintf.c.obj (.text:_outc)
                  0000640a    00000002     --HOLE-- [fill = 0]
                  0000640c    00000008                                   : errno.c.obj (.text:__aeabi_errno_addr)
                  00006414    00000008                                   : memory.c.obj (.text:malloc)
                  0000641c    00000004                                   : pre_init.c.obj (.text:_system_pre_init)
                  00006420    00000004                                   : exit.c.obj (.text:abort:abort)

.const     0    00006428    00000323     
                  00006428    00000158     rtsv7M4_T_le_v4SPD16_eabi.lib : k_rem_pio2.c.obj (.const:$O1$$)
                  00006580    00000101                                   : ctype.c.obj (.const:.string:_ctypes_)
                  00006681    00000004     lcd.obj (.const:.string:lineAddress$1)
                  00006685    00000003     --HOLE-- [fill = 0]
                  00006688    00000080     rtsv7M4_T_le_v4SPD16_eabi.lib : k_tan.c.obj (.const:xxx)
                  00006708    00000030                                   : e_pow.c.obj (.const:$O1$$)
                  00006738    0000000f     open_interface .obj (.const:.string:$P$T0$3)
                  00006747    00000004     lcd.obj (.const:.string:lineAddresses$2)

.cinit     0    00006750    00000058     
                  00006750    00000023     (.cinit..data.load) [load image, compression = lzss]
                  00006773    00000001     --HOLE-- [fill = 0]
                  00006774    0000000c     (__TI_handler_table)
                  00006780    00000008     (.cinit..bss.load) [load image, compression = zero_init]
                  00006788    00000008     (.cinit..vtable.load) [load image, compression = zero_init]
                  00006790    00000018     (__TI_cinit_table)

.init_array 
*          0    00000000    00000000     UNINITIALIZED

.vtable    0    20000000    0000026c     UNINITIALIZED
                  20000000    0000026c     driverlib.lib : interrupt.obj (.vtable)

.stack     0    20000270    00001000     UNINITIALIZED
                  20000270    00000004     rtsv7M4_T_le_v4SPD16_eabi.lib : boot_cortex_m.c.obj (.stack)
                  20000274    00000ffc     --HOLE--

.sysmem    0    20001270    00000400     UNINITIALIZED
                  20001270    00000010     rtsv7M4_T_le_v4SPD16_eabi.lib : memory.c.obj (.sysmem)
                  20001280    000003f0     --HOLE--

.bss       0    20001670    0000007c     UNINITIALIZED
                  20001670    00000054     lcd.obj (.bss:lastbuffer$3)
                  200016c4    00000018     open_interface .obj (.bss:firmware$2)
                  200016dc    00000004     (.common:_timeout_ticks)
                  200016e0    00000004     (.common:button_event)
                  200016e4    00000004     (.common:button_num)
                  200016e8    00000004     (.common:clockwise)

.data      0    200016ec    00000050     UNINITIALIZED
                  200016ec    00000020     open_interface .obj (.data)
                  2000170c    00000011     ping.obj (.data)
                  2000171d    00000001     Timer.obj (.data)
                  2000171e    00000001     button.obj (.data)
                  2000171f    00000001     --HOLE--
                  20001720    00000008     rtsv7M4_T_le_v4SPD16_eabi.lib : _lock.c.obj (.data:$O1$$)
                  20001728    00000008                                   : memory.c.obj (.data:$O1$$)
                  20001730    00000008     servo.obj (.data)
                  20001738    00000004     rtsv7M4_T_le_v4SPD16_eabi.lib : errno.c.obj (.data)

__llvm_prf_cnts 
*          0    20000000    00000000     UNINITIALIZED

MODULE SUMMARY

       Module                         code    ro data   rw data
       ------                         ----    -------   -------
    .\
       open_interface .obj            3128    15        56     
       main.obj                       1088    0         0      
       lcd.obj                        824     8         84     
       ping.obj                       676     0         17     
       tm4c123gh6pm_startup_ccs.obj   12      620       0      
       Timer.obj                      584     0         5      
       servo.obj                      536     0         12     
       movement.obj                   444     0         0      
       uart.obj                       360     0         0      
       adc.obj                        260     0         0      
       button.obj                     244     0         9      
    +--+------------------------------+-------+---------+---------+
       Total:                         8156    643       183    
                                                               
    C:/ti/TivaWare_C_Series-2.2.0.295/driverlib/ccs/Debug/driverlib.lib
       interrupt.obj                  68      0         620    
       cpu.obj                        12      0         0      
    +--+------------------------------+-------+---------+---------+
       Total:                         80      0         620    
                                                               
    C:\ti\ccs1271\ccs\tools\compiler\ti-cgt-arm_20.2.7.LTS\lib\rtsv7M4_T_le_v4SPD16_eabi.lib
       _printfi.c.obj                 4851    0         0      
       e_pow.c.obj                    2512    48        0      
       k_rem_pio2.c.obj               1848    344       0      
       s_tan.c.obj                    1288    0         0      
       e_log.c.obj                    964     0         0      
       k_tan.c.obj                    796     128       0      
       memory.c.obj                   728     0         8      
       fd_add_t2.asm.obj              438     0         0      
       e_sqrt.c.obj                   344     0         0      
       fd_div_t2.asm.obj              310     0         0      
       s_scalbn.c.obj                 272     0         0      
       fd_cmp_t2.asm.obj              268     0         0      
       ctype.c.obj                    0       257       0      
       fd_mul_t2.asm.obj              252     0         0      
       s_floor.c.obj                  248     0         0      
       memcpy_t2.asm.obj              156     0         0      
       ull_div_t2.asm.obj             150     0         0      
       vsnprintf.c.obj                136     0         0      
       memset_t2.asm.obj              122     0         0      
       fd_tos_t2.asm.obj              110     0         0      
       copy_decompress_lzss.c.obj     104     0         0      
       s_frexp.c.obj                  100     0         0      
       sprintf.c.obj                  98      0         0      
       _ltoa.c.obj                    84      0         0      
       atoi.c.obj                     76      0         0      
       fd_toi_t2.asm.obj              72      0         0      
       autoinit.c.obj                 68      0         0      
       fs_tod_t2.asm.obj              56      0         0      
       boot_cortex_m.c.obj            52      0         0      
       i_tofd_t2.asm.obj              46      0         0      
       copy_zero_init.c.obj           28      0         0      
       memccpy.c.obj                  28      0         0      
       s_copysign.c.obj               26      0         0      
       strcmp.c.obj                   24      0         0      
       strchr.c.obj                   22      0         0      
       strcpy.c.obj                   20      0         0      
       strlen.c.obj                   20      0         0      
       wcslen.c.obj                   18      0         0      
       copy_decompress_none.c.obj     14      0         0      
       errno.c.obj                    8       0         4      
       _lock.c.obj                    2       0         8      
       exit.c.obj                     4       0         0      
       pre_init.c.obj                 4       0         0      
       div0.asm.obj                   2       0         0      
    +--+------------------------------+-------+---------+---------+
       Total:                         16769   777       20     
                                                               
       Heap:                          0       0         1024   
       Stack:                         0       0         4096   
       Linker Generated:              0       87        0      
    +--+------------------------------+-------+---------+---------+
       Grand Total:                   25005   1507      5943   


LINKER GENERATED COPY TABLES

__TI_cinit_table @ 00006790 records: 3, size/record: 8, table size: 24
	.data: load addr=00006750, load size=00000023 bytes, run addr=200016ec, run size=00000050 bytes, compression=lzss
	.bss: load addr=00006780, load size=00000008 bytes, run addr=20001670, run size=0000007c bytes, compression=zero_init
	.vtable: load addr=00006788, load size=00000008 bytes, run addr=20000000, run size=0000026c bytes, compression=zero_init


LINKER GENERATED HANDLER TABLE

__TI_handler_table @ 00006774 records: 3, size/record: 4, table size: 12
	index: 0, handler: __TI_zero_init
	index: 1, handler: __TI_decompress_lzss
	index: 2, handler: __TI_decompress_none


GLOBAL SYMBOLS: SORTED ALPHABETICALLY BY Name 

address   name                          
-------   ----                          
000053c7  ADC0_InSeq3                   
00006421  C$$EXIT                       
000063e9  CPUcpsie                      
20001710  END_TIME                      
00000bc3  GPIOF_Handler                 
000063bb  IntMasterEnable               
000061ad  IntRegister                   
000063f5  ResetISR                      
2000170c  START_TIME                    
20001714  STATE                         
00003e77  TIMER3B_Handler               
20001270  __STACK_END                   
00001000  __STACK_SIZE                  
20000470  __STACK_TOP                   
00000400  __SYSMEM_SIZE                 
00006790  __TI_CINIT_Base               
000067a8  __TI_CINIT_Limit              
00006774  __TI_Handler_Table_Base       
00006780  __TI_Handler_Table_Limit      
00006039  __TI_auto_init_nobinit_nopinit
00005ddd  __TI_decompress_lzss          
000063db  __TI_decompress_none          
00005eff  __TI_ltoa                     
ffffffff  __TI_pprof_out_hndl           
00000e8d  __TI_printfi                  
ffffffff  __TI_prof_data_size           
ffffffff  __TI_prof_data_start          
00000000  __TI_static_base__            
0000629d  __TI_zero_init_nomemset       
00005b09  __aeabi_cdcmpeq               
00005b09  __aeabi_cdcmple               
00005b8f  __aeabi_cdrcmple              
00005d6f  __aeabi_d2f                   
00005ff1  __aeabi_d2iz                  
00004a3f  __aeabi_dadd                  
00004fe9  __aeabi_ddiv                  
00005559  __aeabi_dmul                  
00004a35  __aeabi_dsub                  
0000640d  __aeabi_errno_addr            
00006175  __aeabi_f2d                   
00006245  __aeabi_i2d                   
00004beb  __aeabi_idiv0                 
00004beb  __aeabi_ldiv0                 
00005c15  __aeabi_memclr                
00005c15  __aeabi_memclr4               
00005c15  __aeabi_memclr8               
000059d7  __aeabi_memcpy                
000059d7  __aeabi_memcpy4               
000059d7  __aeabi_memcpy8               
00005c17  __aeabi_memset                
00005c17  __aeabi_memset4               
00005c17  __aeabi_memset8               
00005a73  __aeabi_uldivmod              
ffffffff  __binit__                     
ffffffff  __c_args__                    
000022ad  __kernel_rem_pio2             
00003a19  __kernel_tan                  
UNDEFED   __mpu_init                    
20000270  __stack                       
20000000  __start___llvm_prf_cnts       
20000000  __stop___llvm_prf_cnts        
000061e1  _c_int00_noargs               
00006580  _ctypes_                      
20001720  _lock                         
000018db  _nop                          
2000171d  _running                      
20001270  _sys_memory                   
UNDEFED   _system_post_cinit            
0000641d  _system_pre_init              
200016dc  _timeout_ticks                
20001724  _unlock                       
00006421  abort                         
00005355  adc_init                      
000053ef  adc_read                      
00005459  aligned_alloc                 
00005fa5  atoi                          
ffffffff  binit                         
00004561  button_Handler                
200016e0  button_event                  
000057d9  button_getButton              
0000574d  button_init                   
200016e4  button_num                    
00002eed  calculate_distanceLOG         
00002f1d  calculate_distancePOW         
0000613d  calloc                        
200016e8  clockwise                     
000062f1  copysign                      
000062f1  copysignl                     
20001718  count                         
20001734  degree                        
20001738  errno                         
00005655  floor                         
00005655  floorl                        
00005841  free                          
00005e45  frexp                         
00005e45  frexpl                        
20000000  g_pfnRAMVectors               
00000000  g_pfnVectors                  
0000097f  go_charge                     
000057c1  gpioe_handler                 
0000577d  init_button_interrupts        
2000171c  intflag                       
000063cb  lcd_clear                     
000038c5  lcd_gotoLine                  
0000372d  lcd_init                      
0000392b  lcd_printf                    
000037ed  lcd_putc                      
00003825  lcd_puts                      
000036f1  lcd_reverseNibble             
00003843  lcd_sendCommand               
00003881  lcd_sendNibble                
000038ed  lcd_setCursorPos              
00005245  ldexp                         
00005245  ldexpl                        
0000332d  log                           
0000332d  logl                          
00002f99  main                          
00006415  malloc                        
00005459  memalign                      
000062d5  memccpy                       
000059d7  memcpy                        
00005c1d  memset                        
200016ec  motor_cal_factor_L            
200016f0  motor_cal_factor_R            
000048e5  move_backward                 
00004879  move_forward                  
0000026d  oi_alloc                      
00000aa9  oi_checkFirmware              
000002c7  oi_close                      
00000279  oi_free                       
00000ded  oi_getMotorCalibrationLeft    
00000e01  oi_getMotorCalibrationRight   
000002b1  oi_init                       
00000289  oi_init_noupdate              
00000915  oi_loadSong                   
0000633b  oi_parseInt                   
0000032b  oi_parsePacket                
0000096b  oi_play_song                  
0000084b  oi_setLeds                    
00000db1  oi_setMotorCalibration        
0000088f  oi_setWheels                  
00000b51  oi_shutoff_init               
0000098d  oi_uartInit                   
00000a31  oi_uartReceive                
00000a77  oi_uartSendBuff               
00000a15  oi_uartSendChar               
00000a59  oi_uartSendStr                
000002d9  oi_update                     
00003eb7  ping_getDistance              
00003d35  ping_init                     
00003deb  ping_trigger                  
000018dd  pow                           
000018dd  powl                          
20001730  pwm_period                    
00005245  scalbn                        
00005245  scalbnl                       
00002f49  scanIR                        
00002f61  scanPING                      
00004491  servo_init                    
0000452b  servo_move                    
0000607d  sprintf                       
00004d55  sqrt                          
00004d55  sqrtl                         
0000636b  strchr                        
00006353  strcmp                        
00006381  strcpy                        
00006395  strlen                        
000029e5  tan                           
000029e5  tanl                          
00004367  timer_getMicros               
0000430f  timer_getMillis               
00004249  timer_init                    
000042eb  timer_pause                   
000042fd  timer_resume                  
000042c1  timer_stop                    
000043c1  timer_waitMicros              
000043f3  timer_waitMillis              
0000493d  turn_clockwise                
000049b5  turn_counterclockwise         
00004bed  uart_init                     
00004cab  uart_receive                  
00004cd1  uart_receive_nonblocking      
00004c8f  uart_sendChar                 
00004cfb  uart_sendStr                  
000060bd  vsnprintf                     
000063a9  wcslen                        


GLOBAL SYMBOLS: SORTED BY Symbol Address 

address   name                          
-------   ----                          
00000000  __TI_static_base__            
00000000  g_pfnVectors                  
0000026d  oi_alloc                      
00000279  oi_free                       
00000289  oi_init_noupdate              
000002b1  oi_init                       
000002c7  oi_close                      
000002d9  oi_update                     
0000032b  oi_parsePacket                
00000400  __SYSMEM_SIZE                 
0000084b  oi_setLeds                    
0000088f  oi_setWheels                  
00000915  oi_loadSong                   
0000096b  oi_play_song                  
0000097f  go_charge                     
0000098d  oi_uartInit                   
00000a15  oi_uartSendChar               
00000a31  oi_uartReceive                
00000a59  oi_uartSendStr                
00000a77  oi_uartSendBuff               
00000aa9  oi_checkFirmware              
00000b51  oi_shutoff_init               
00000bc3  GPIOF_Handler                 
00000db1  oi_setMotorCalibration        
00000ded  oi_getMotorCalibrationLeft    
00000e01  oi_getMotorCalibrationRight   
00000e8d  __TI_printfi                  
00001000  __STACK_SIZE                  
000018db  _nop                          
000018dd  pow                           
000018dd  powl                          
000022ad  __kernel_rem_pio2             
000029e5  tan                           
000029e5  tanl                          
00002eed  calculate_distanceLOG         
00002f1d  calculate_distancePOW         
00002f49  scanIR                        
00002f61  scanPING                      
00002f99  main                          
0000332d  log                           
0000332d  logl                          
000036f1  lcd_reverseNibble             
0000372d  lcd_init                      
000037ed  lcd_putc                      
00003825  lcd_puts                      
00003843  lcd_sendCommand               
00003881  lcd_sendNibble                
000038c5  lcd_gotoLine                  
000038ed  lcd_setCursorPos              
0000392b  lcd_printf                    
00003a19  __kernel_tan                  
00003d35  ping_init                     
00003deb  ping_trigger                  
00003e77  TIMER3B_Handler               
00003eb7  ping_getDistance              
00004249  timer_init                    
000042c1  timer_stop                    
000042eb  timer_pause                   
000042fd  timer_resume                  
0000430f  timer_getMillis               
00004367  timer_getMicros               
000043c1  timer_waitMicros              
000043f3  timer_waitMillis              
00004491  servo_init                    
0000452b  servo_move                    
00004561  button_Handler                
00004879  move_forward                  
000048e5  move_backward                 
0000493d  turn_clockwise                
000049b5  turn_counterclockwise         
00004a35  __aeabi_dsub                  
00004a3f  __aeabi_dadd                  
00004beb  __aeabi_idiv0                 
00004beb  __aeabi_ldiv0                 
00004bed  uart_init                     
00004c8f  uart_sendChar                 
00004cab  uart_receive                  
00004cd1  uart_receive_nonblocking      
00004cfb  uart_sendStr                  
00004d55  sqrt                          
00004d55  sqrtl                         
00004fe9  __aeabi_ddiv                  
00005245  ldexp                         
00005245  ldexpl                        
00005245  scalbn                        
00005245  scalbnl                       
00005355  adc_init                      
000053c7  ADC0_InSeq3                   
000053ef  adc_read                      
00005459  aligned_alloc                 
00005459  memalign                      
00005559  __aeabi_dmul                  
00005655  floor                         
00005655  floorl                        
0000574d  button_init                   
0000577d  init_button_interrupts        
000057c1  gpioe_handler                 
000057d9  button_getButton              
00005841  free                          
000059d7  __aeabi_memcpy                
000059d7  __aeabi_memcpy4               
000059d7  __aeabi_memcpy8               
000059d7  memcpy                        
00005a73  __aeabi_uldivmod              
00005b09  __aeabi_cdcmpeq               
00005b09  __aeabi_cdcmple               
00005b8f  __aeabi_cdrcmple              
00005c15  __aeabi_memclr                
00005c15  __aeabi_memclr4               
00005c15  __aeabi_memclr8               
00005c17  __aeabi_memset                
00005c17  __aeabi_memset4               
00005c17  __aeabi_memset8               
00005c1d  memset                        
00005d6f  __aeabi_d2f                   
00005ddd  __TI_decompress_lzss          
00005e45  frexp                         
00005e45  frexpl                        
00005eff  __TI_ltoa                     
00005fa5  atoi                          
00005ff1  __aeabi_d2iz                  
00006039  __TI_auto_init_nobinit_nopinit
0000607d  sprintf                       
000060bd  vsnprintf                     
0000613d  calloc                        
00006175  __aeabi_f2d                   
000061ad  IntRegister                   
000061e1  _c_int00_noargs               
00006245  __aeabi_i2d                   
0000629d  __TI_zero_init_nomemset       
000062d5  memccpy                       
000062f1  copysign                      
000062f1  copysignl                     
0000633b  oi_parseInt                   
00006353  strcmp                        
0000636b  strchr                        
00006381  strcpy                        
00006395  strlen                        
000063a9  wcslen                        
000063bb  IntMasterEnable               
000063cb  lcd_clear                     
000063db  __TI_decompress_none          
000063e9  CPUcpsie                      
000063f5  ResetISR                      
0000640d  __aeabi_errno_addr            
00006415  malloc                        
0000641d  _system_pre_init              
00006421  C$$EXIT                       
00006421  abort                         
00006580  _ctypes_                      
00006774  __TI_Handler_Table_Base       
00006780  __TI_Handler_Table_Limit      
00006790  __TI_CINIT_Base               
000067a8  __TI_CINIT_Limit              
20000000  __start___llvm_prf_cnts       
20000000  __stop___llvm_prf_cnts        
20000000  g_pfnRAMVectors               
20000270  __stack                       
20000470  __STACK_TOP                   
20001270  __STACK_END                   
20001270  _sys_memory                   
200016dc  _timeout_ticks                
200016e0  button_event                  
200016e4  button_num                    
200016e8  clockwise                     
200016ec  motor_cal_factor_L            
200016f0  motor_cal_factor_R            
2000170c  START_TIME                    
20001710  END_TIME                      
20001714  STATE                         
20001718  count                         
2000171c  intflag                       
2000171d  _running                      
20001720  _lock                         
20001724  _unlock                       
20001730  pwm_period                    
20001734  degree                        
20001738  errno                         
ffffffff  __TI_pprof_out_hndl           
ffffffff  __TI_prof_data_size           
ffffffff  __TI_prof_data_start          
ffffffff  __binit__                     
ffffffff  __c_args__                    
ffffffff  binit                         
UNDEFED   __mpu_init                    
UNDEFED   _system_post_cinit            

[186 symbols]
