<?xml version="1.0" encoding="ISO-8859-1" ?>
<link_info>
   <banner>TI ARM Linker PC v20.2.7.LTS</banner>
   <copyright>Copyright (c) 1996-2018 Texas Instruments Incorporated</copyright>
   <link_time>0x6732c94b</link_time>
   <link_errors>0x0</link_errors>
   <output_file>lab_10.out</output_file>
   <entry_point>
      <name>_c_int00_noargs</name>
      <address>0x619d</address>
   </entry_point>
   <input_file_list>
      <input_file id="fl-2">
         <path>.\</path>
         <kind>object</kind>
         <file>Timer.obj</file>
         <name>Timer.obj</name>
      </input_file>
      <input_file id="fl-3">
         <path>.\</path>
         <kind>object</kind>
         <file>adc.obj</file>
         <name>adc.obj</name>
      </input_file>
      <input_file id="fl-4">
         <path>.\</path>
         <kind>object</kind>
         <file>button.obj</file>
         <name>button.obj</name>
      </input_file>
      <input_file id="fl-5">
         <path>.\</path>
         <kind>object</kind>
         <file>lcd.obj</file>
         <name>lcd.obj</name>
      </input_file>
      <input_file id="fl-6">
         <path>.\</path>
         <kind>object</kind>
         <file>main.obj</file>
         <name>main.obj</name>
      </input_file>
      <input_file id="fl-7">
         <path>.\</path>
         <kind>object</kind>
         <file>movement.obj</file>
         <name>movement.obj</name>
      </input_file>
      <input_file id="fl-8">
         <path>.\</path>
         <kind>object</kind>
         <file>open_interface .obj</file>
         <name>open_interface .obj</name>
      </input_file>
      <input_file id="fl-9">
         <path>.\</path>
         <kind>object</kind>
         <file>ping.obj</file>
         <name>ping.obj</name>
      </input_file>
      <input_file id="fl-a">
         <path>.\</path>
         <kind>object</kind>
         <file>servo.obj</file>
         <name>servo.obj</name>
      </input_file>
      <input_file id="fl-b">
         <path>.\</path>
         <kind>object</kind>
         <file>tm4c123gh6pm_startup_ccs.obj</file>
         <name>tm4c123gh6pm_startup_ccs.obj</name>
      </input_file>
      <input_file id="fl-c">
         <path>.\</path>
         <kind>object</kind>
         <file>uart.obj</file>
         <name>uart.obj</name>
      </input_file>
      <input_file id="fl-11">
         <kind>object</kind>
         <file>&lt;internal&gt;</file>
         <name>&lt;internal&gt;</name>
      </input_file>
      <input_file id="fl-c7">
         <path>C:\ti\ccs1271\ccs\tools\compiler\ti-cgt-arm_20.2.7.LTS\lib\</path>
         <kind>archive</kind>
         <file>rtsv7M4_T_le_v4SPD16_eabi.lib</file>
         <name>e_log.c.obj</name>
      </input_file>
      <input_file id="fl-c8">
         <path>C:\ti\ccs1271\ccs\tools\compiler\ti-cgt-arm_20.2.7.LTS\lib\</path>
         <kind>archive</kind>
         <file>rtsv7M4_T_le_v4SPD16_eabi.lib</file>
         <name>e_pow.c.obj</name>
      </input_file>
      <input_file id="fl-c9">
         <path>C:\ti\ccs1271\ccs\tools\compiler\ti-cgt-arm_20.2.7.LTS\lib\</path>
         <kind>archive</kind>
         <file>rtsv7M4_T_le_v4SPD16_eabi.lib</file>
         <name>e_sqrt.c.obj</name>
      </input_file>
      <input_file id="fl-ca">
         <path>C:\ti\ccs1271\ccs\tools\compiler\ti-cgt-arm_20.2.7.LTS\lib\</path>
         <kind>archive</kind>
         <file>rtsv7M4_T_le_v4SPD16_eabi.lib</file>
         <name>s_scalbn.c.obj</name>
      </input_file>
      <input_file id="fl-cb">
         <path>C:\ti\ccs1271\ccs\tools\compiler\ti-cgt-arm_20.2.7.LTS\lib\</path>
         <kind>archive</kind>
         <file>rtsv7M4_T_le_v4SPD16_eabi.lib</file>
         <name>s_tan.c.obj</name>
      </input_file>
      <input_file id="fl-cc">
         <path>C:\ti\ccs1271\ccs\tools\compiler\ti-cgt-arm_20.2.7.LTS\lib\</path>
         <kind>archive</kind>
         <file>rtsv7M4_T_le_v4SPD16_eabi.lib</file>
         <name>sprintf.c.obj</name>
      </input_file>
      <input_file id="fl-cd">
         <path>C:\ti\ccs1271\ccs\tools\compiler\ti-cgt-arm_20.2.7.LTS\lib\</path>
         <kind>archive</kind>
         <file>rtsv7M4_T_le_v4SPD16_eabi.lib</file>
         <name>vsnprintf.c.obj</name>
      </input_file>
      <input_file id="fl-ce">
         <path>C:\ti\ccs1271\ccs\tools\compiler\ti-cgt-arm_20.2.7.LTS\lib\</path>
         <kind>archive</kind>
         <file>rtsv7M4_T_le_v4SPD16_eabi.lib</file>
         <name>fd_add_t2.asm.obj</name>
      </input_file>
      <input_file id="fl-cf">
         <path>C:\ti\ccs1271\ccs\tools\compiler\ti-cgt-arm_20.2.7.LTS\lib\</path>
         <kind>archive</kind>
         <file>rtsv7M4_T_le_v4SPD16_eabi.lib</file>
         <name>fd_cmp_t2.asm.obj</name>
      </input_file>
      <input_file id="fl-d0">
         <path>C:\ti\ccs1271\ccs\tools\compiler\ti-cgt-arm_20.2.7.LTS\lib\</path>
         <kind>archive</kind>
         <file>rtsv7M4_T_le_v4SPD16_eabi.lib</file>
         <name>fd_div_t2.asm.obj</name>
      </input_file>
      <input_file id="fl-d1">
         <path>C:\ti\ccs1271\ccs\tools\compiler\ti-cgt-arm_20.2.7.LTS\lib\</path>
         <kind>archive</kind>
         <file>rtsv7M4_T_le_v4SPD16_eabi.lib</file>
         <name>fd_mul_t2.asm.obj</name>
      </input_file>
      <input_file id="fl-d2">
         <path>C:\ti\ccs1271\ccs\tools\compiler\ti-cgt-arm_20.2.7.LTS\lib\</path>
         <kind>archive</kind>
         <file>rtsv7M4_T_le_v4SPD16_eabi.lib</file>
         <name>fd_toi_t2.asm.obj</name>
      </input_file>
      <input_file id="fl-d3">
         <path>C:\ti\ccs1271\ccs\tools\compiler\ti-cgt-arm_20.2.7.LTS\lib\</path>
         <kind>archive</kind>
         <file>rtsv7M4_T_le_v4SPD16_eabi.lib</file>
         <name>fd_tos_t2.asm.obj</name>
      </input_file>
      <input_file id="fl-d4">
         <path>C:\ti\ccs1271\ccs\tools\compiler\ti-cgt-arm_20.2.7.LTS\lib\</path>
         <kind>archive</kind>
         <file>rtsv7M4_T_le_v4SPD16_eabi.lib</file>
         <name>fs_tod_t2.asm.obj</name>
      </input_file>
      <input_file id="fl-d5">
         <path>C:\ti\ccs1271\ccs\tools\compiler\ti-cgt-arm_20.2.7.LTS\lib\</path>
         <kind>archive</kind>
         <file>rtsv7M4_T_le_v4SPD16_eabi.lib</file>
         <name>i_tofd_t2.asm.obj</name>
      </input_file>
      <input_file id="fl-d6">
         <path>C:\ti\ccs1271\ccs\tools\compiler\ti-cgt-arm_20.2.7.LTS\lib\</path>
         <kind>archive</kind>
         <file>rtsv7M4_T_le_v4SPD16_eabi.lib</file>
         <name>memcpy_t2.asm.obj</name>
      </input_file>
      <input_file id="fl-d7">
         <path>C:\ti\ccs1271\ccs\tools\compiler\ti-cgt-arm_20.2.7.LTS\lib\</path>
         <kind>archive</kind>
         <file>rtsv7M4_T_le_v4SPD16_eabi.lib</file>
         <name>memset_t2.asm.obj</name>
      </input_file>
      <input_file id="fl-d8">
         <path>C:\ti\ccs1271\ccs\tools\compiler\ti-cgt-arm_20.2.7.LTS\lib\</path>
         <kind>archive</kind>
         <file>rtsv7M4_T_le_v4SPD16_eabi.lib</file>
         <name>copy_zero_init.c.obj</name>
      </input_file>
      <input_file id="fl-d9">
         <path>C:\ti\ccs1271\ccs\tools\compiler\ti-cgt-arm_20.2.7.LTS\lib\</path>
         <kind>archive</kind>
         <file>rtsv7M4_T_le_v4SPD16_eabi.lib</file>
         <name>copy_decompress_none.c.obj</name>
      </input_file>
      <input_file id="fl-da">
         <path>C:\ti\ccs1271\ccs\tools\compiler\ti-cgt-arm_20.2.7.LTS\lib\</path>
         <kind>archive</kind>
         <file>rtsv7M4_T_le_v4SPD16_eabi.lib</file>
         <name>copy_decompress_lzss.c.obj</name>
      </input_file>
      <input_file id="fl-db">
         <path>C:\ti\ccs1271\ccs\tools\compiler\ti-cgt-arm_20.2.7.LTS\lib\</path>
         <kind>archive</kind>
         <file>rtsv7M4_T_le_v4SPD16_eabi.lib</file>
         <name>memory.c.obj</name>
      </input_file>
      <input_file id="fl-dc">
         <path>C:\ti\ccs1271\ccs\tools\compiler\ti-cgt-arm_20.2.7.LTS\lib\</path>
         <kind>archive</kind>
         <file>rtsv7M4_T_le_v4SPD16_eabi.lib</file>
         <name>strcmp.c.obj</name>
      </input_file>
      <input_file id="fl-dd">
         <path>C:\ti\ccs1271\ccs\tools\compiler\ti-cgt-arm_20.2.7.LTS\lib\</path>
         <kind>archive</kind>
         <file>rtsv7M4_T_le_v4SPD16_eabi.lib</file>
         <name>strcpy.c.obj</name>
      </input_file>
      <input_file id="fl-de">
         <path>C:\ti\ccs1271\ccs\tools\compiler\ti-cgt-arm_20.2.7.LTS\lib\</path>
         <kind>archive</kind>
         <file>rtsv7M4_T_le_v4SPD16_eabi.lib</file>
         <name>k_rem_pio2.c.obj</name>
      </input_file>
      <input_file id="fl-df">
         <path>C:\ti\ccs1271\ccs\tools\compiler\ti-cgt-arm_20.2.7.LTS\lib\</path>
         <kind>archive</kind>
         <file>rtsv7M4_T_le_v4SPD16_eabi.lib</file>
         <name>boot_cortex_m.c.obj</name>
      </input_file>
      <input_file id="fl-e0">
         <path>C:\ti\ccs1271\ccs\tools\compiler\ti-cgt-arm_20.2.7.LTS\lib\</path>
         <kind>archive</kind>
         <file>rtsv7M4_T_le_v4SPD16_eabi.lib</file>
         <name>errno.c.obj</name>
      </input_file>
      <input_file id="fl-e1">
         <path>C:\ti\ccs1271\ccs\tools\compiler\ti-cgt-arm_20.2.7.LTS\lib\</path>
         <kind>archive</kind>
         <file>rtsv7M4_T_le_v4SPD16_eabi.lib</file>
         <name>s_copysign.c.obj</name>
      </input_file>
      <input_file id="fl-e2">
         <path>C:\ti\ccs1271\ccs\tools\compiler\ti-cgt-arm_20.2.7.LTS\lib\</path>
         <kind>archive</kind>
         <file>rtsv7M4_T_le_v4SPD16_eabi.lib</file>
         <name>k_tan.c.obj</name>
      </input_file>
      <input_file id="fl-e3">
         <path>C:\ti\ccs1271\ccs\tools\compiler\ti-cgt-arm_20.2.7.LTS\lib\</path>
         <kind>archive</kind>
         <file>rtsv7M4_T_le_v4SPD16_eabi.lib</file>
         <name>s_floor.c.obj</name>
      </input_file>
      <input_file id="fl-e4">
         <path>C:\ti\ccs1271\ccs\tools\compiler\ti-cgt-arm_20.2.7.LTS\lib\</path>
         <kind>archive</kind>
         <file>rtsv7M4_T_le_v4SPD16_eabi.lib</file>
         <name>_printfi.c.obj</name>
      </input_file>
      <input_file id="fl-e5">
         <path>C:\ti\ccs1271\ccs\tools\compiler\ti-cgt-arm_20.2.7.LTS\lib\</path>
         <kind>archive</kind>
         <file>rtsv7M4_T_le_v4SPD16_eabi.lib</file>
         <name>ull_div_t2.asm.obj</name>
      </input_file>
      <input_file id="fl-e6">
         <path>C:\ti\ccs1271\ccs\tools\compiler\ti-cgt-arm_20.2.7.LTS\lib\</path>
         <kind>archive</kind>
         <file>rtsv7M4_T_le_v4SPD16_eabi.lib</file>
         <name>autoinit.c.obj</name>
      </input_file>
      <input_file id="fl-e7">
         <path>C:\ti\ccs1271\ccs\tools\compiler\ti-cgt-arm_20.2.7.LTS\lib\</path>
         <kind>archive</kind>
         <file>rtsv7M4_T_le_v4SPD16_eabi.lib</file>
         <name>pre_init.c.obj</name>
      </input_file>
      <input_file id="fl-e8">
         <path>C:\ti\ccs1271\ccs\tools\compiler\ti-cgt-arm_20.2.7.LTS\lib\</path>
         <kind>archive</kind>
         <file>rtsv7M4_T_le_v4SPD16_eabi.lib</file>
         <name>cpy_tbl.c.obj</name>
      </input_file>
      <input_file id="fl-e9">
         <path>C:\ti\ccs1271\ccs\tools\compiler\ti-cgt-arm_20.2.7.LTS\lib\</path>
         <kind>archive</kind>
         <file>rtsv7M4_T_le_v4SPD16_eabi.lib</file>
         <name>exit.c.obj</name>
      </input_file>
      <input_file id="fl-ea">
         <path>C:\ti\ccs1271\ccs\tools\compiler\ti-cgt-arm_20.2.7.LTS\lib\</path>
         <kind>archive</kind>
         <file>rtsv7M4_T_le_v4SPD16_eabi.lib</file>
         <name>_lock.c.obj</name>
      </input_file>
      <input_file id="fl-eb">
         <path>C:\ti\ccs1271\ccs\tools\compiler\ti-cgt-arm_20.2.7.LTS\lib\</path>
         <kind>archive</kind>
         <file>rtsv7M4_T_le_v4SPD16_eabi.lib</file>
         <name>_ltoa.c.obj</name>
      </input_file>
      <input_file id="fl-ec">
         <path>C:\ti\ccs1271\ccs\tools\compiler\ti-cgt-arm_20.2.7.LTS\lib\</path>
         <kind>archive</kind>
         <file>rtsv7M4_T_le_v4SPD16_eabi.lib</file>
         <name>args_main.c.obj</name>
      </input_file>
      <input_file id="fl-ed">
         <path>C:\ti\ccs1271\ccs\tools\compiler\ti-cgt-arm_20.2.7.LTS\lib\</path>
         <kind>archive</kind>
         <file>rtsv7M4_T_le_v4SPD16_eabi.lib</file>
         <name>atoi.c.obj</name>
      </input_file>
      <input_file id="fl-ee">
         <path>C:\ti\ccs1271\ccs\tools\compiler\ti-cgt-arm_20.2.7.LTS\lib\</path>
         <kind>archive</kind>
         <file>rtsv7M4_T_le_v4SPD16_eabi.lib</file>
         <name>ctype.c.obj</name>
      </input_file>
      <input_file id="fl-ef">
         <path>C:\ti\ccs1271\ccs\tools\compiler\ti-cgt-arm_20.2.7.LTS\lib\</path>
         <kind>archive</kind>
         <file>rtsv7M4_T_le_v4SPD16_eabi.lib</file>
         <name>memccpy.c.obj</name>
      </input_file>
      <input_file id="fl-f0">
         <path>C:\ti\ccs1271\ccs\tools\compiler\ti-cgt-arm_20.2.7.LTS\lib\</path>
         <kind>archive</kind>
         <file>rtsv7M4_T_le_v4SPD16_eabi.lib</file>
         <name>strchr.c.obj</name>
      </input_file>
      <input_file id="fl-f1">
         <path>C:\ti\ccs1271\ccs\tools\compiler\ti-cgt-arm_20.2.7.LTS\lib\</path>
         <kind>archive</kind>
         <file>rtsv7M4_T_le_v4SPD16_eabi.lib</file>
         <name>strlen.c.obj</name>
      </input_file>
      <input_file id="fl-f2">
         <path>C:\ti\ccs1271\ccs\tools\compiler\ti-cgt-arm_20.2.7.LTS\lib\</path>
         <kind>archive</kind>
         <file>rtsv7M4_T_le_v4SPD16_eabi.lib</file>
         <name>wcslen.c.obj</name>
      </input_file>
      <input_file id="fl-f3">
         <path>C:\ti\ccs1271\ccs\tools\compiler\ti-cgt-arm_20.2.7.LTS\lib\</path>
         <kind>archive</kind>
         <file>rtsv7M4_T_le_v4SPD16_eabi.lib</file>
         <name>s_frexp.c.obj</name>
      </input_file>
      <input_file id="fl-f4">
         <path>C:\ti\ccs1271\ccs\tools\compiler\ti-cgt-arm_20.2.7.LTS\lib\</path>
         <kind>archive</kind>
         <file>rtsv7M4_T_le_v4SPD16_eabi.lib</file>
         <name>div0.asm.obj</name>
      </input_file>
      <input_file id="fl-f5">
         <path>C:\ti\TivaWare_C_Series-2.2.0.295\driverlib\ccs\Debug\</path>
         <kind>archive</kind>
         <file>driverlib.lib</file>
         <name>interrupt.obj</name>
      </input_file>
      <input_file id="fl-f6">
         <path>C:\ti\TivaWare_C_Series-2.2.0.295\driverlib\ccs\Debug\</path>
         <kind>archive</kind>
         <file>driverlib.lib</file>
         <name>cpu.obj</name>
      </input_file>
   </input_file_list>
   <object_component_list>
      <object_component id="oc-12">
         <name>.intvecs</name>
         <load_address>0x0</load_address>
         <run_address>0x0</run_address>
         <size>0x26c</size>
         <input_file_ref idref="fl-b"/>
      </object_component>
      <object_component id="oc-109">
         <name>.text</name>
         <load_address>0x26c</load_address>
         <run_address>0x26c</run_address>
         <size>0xc20</size>
         <input_file_ref idref="fl-8"/>
      </object_component>
      <object_component id="oc-22c">
         <name>.text:__TI_printfi</name>
         <load_address>0xe8c</load_address>
         <run_address>0xe8c</run_address>
         <size>0xa4e</size>
         <input_file_ref idref="fl-e4"/>
      </object_component>
      <object_component id="oc-34f">
         <name>.text:_nop</name>
         <load_address>0x18da</load_address>
         <run_address>0x18da</run_address>
         <size>0x2</size>
         <input_file_ref idref="fl-ea"/>
      </object_component>
      <object_component id="oc-f1">
         <name>.text:pow</name>
         <load_address>0x18dc</load_address>
         <run_address>0x18dc</run_address>
         <size>0x9d0</size>
         <input_file_ref idref="fl-c8"/>
      </object_component>
      <object_component id="oc-21e">
         <name>.text:__kernel_rem_pio2</name>
         <load_address>0x22ac</load_address>
         <run_address>0x22ac</run_address>
         <size>0x738</size>
         <input_file_ref idref="fl-de"/>
      </object_component>
      <object_component id="oc-126">
         <name>.text:tan</name>
         <load_address>0x29e4</load_address>
         <run_address>0x29e4</run_address>
         <size>0x508</size>
         <input_file_ref idref="fl-cb"/>
      </object_component>
      <object_component id="oc-a2">
         <name>.text</name>
         <load_address>0x2eec</load_address>
         <run_address>0x2eec</run_address>
         <size>0x3fc</size>
         <input_file_ref idref="fl-6"/>
      </object_component>
      <object_component id="oc-dc">
         <name>.text:log</name>
         <load_address>0x32e8</load_address>
         <run_address>0x32e8</run_address>
         <size>0x3c4</size>
         <input_file_ref idref="fl-c7"/>
      </object_component>
      <object_component id="oc-115">
         <name>.text</name>
         <load_address>0x36ac</load_address>
         <run_address>0x36ac</run_address>
         <size>0x328</size>
         <input_file_ref idref="fl-5"/>
      </object_component>
      <object_component id="oc-224">
         <name>.text:__kernel_tan</name>
         <load_address>0x39d4</load_address>
         <run_address>0x39d4</run_address>
         <size>0x31c</size>
         <input_file_ref idref="fl-e2"/>
      </object_component>
      <object_component id="oc-103">
         <name>.text</name>
         <load_address>0x3cf0</load_address>
         <run_address>0x3cf0</run_address>
         <size>0x2a4</size>
         <input_file_ref idref="fl-9"/>
      </object_component>
      <object_component id="oc-326">
         <name>.text:_pconv_a</name>
         <load_address>0x3f94</load_address>
         <run_address>0x3f94</run_address>
         <size>0x270</size>
         <input_file_ref idref="fl-e4"/>
      </object_component>
      <object_component id="oc-10f">
         <name>.text</name>
         <load_address>0x4204</load_address>
         <run_address>0x4204</run_address>
         <size>0x248</size>
         <input_file_ref idref="fl-2"/>
      </object_component>
      <object_component id="oc-f7">
         <name>.text</name>
         <load_address>0x444c</load_address>
         <run_address>0x444c</run_address>
         <size>0x218</size>
         <input_file_ref idref="fl-a"/>
      </object_component>
      <object_component id="oc-314">
         <name>.text:_pconv_g</name>
         <load_address>0x4664</load_address>
         <run_address>0x4664</run_address>
         <size>0x1d0</size>
         <input_file_ref idref="fl-e4"/>
      </object_component>
      <object_component id="oc-13d">
         <name>.text</name>
         <load_address>0x4834</load_address>
         <run_address>0x4834</run_address>
         <size>0x1bc</size>
         <input_file_ref idref="fl-7"/>
      </object_component>
      <object_component id="oc-e7">
         <name>.text</name>
         <load_address>0x49f0</load_address>
         <run_address>0x49f0</run_address>
         <size>0x1b6</size>
         <input_file_ref idref="fl-ce"/>
      </object_component>
      <object_component id="oc-422">
         <name>.text</name>
         <load_address>0x4ba6</load_address>
         <run_address>0x4ba6</run_address>
         <size>0x2</size>
         <input_file_ref idref="fl-f4"/>
      </object_component>
      <object_component id="oc-132">
         <name>.text</name>
         <load_address>0x4ba8</load_address>
         <run_address>0x4ba8</run_address>
         <size>0x168</size>
         <input_file_ref idref="fl-c"/>
      </object_component>
      <object_component id="oc-19a">
         <name>.text:sqrt</name>
         <load_address>0x4d10</load_address>
         <run_address>0x4d10</run_address>
         <size>0x158</size>
         <input_file_ref idref="fl-c9"/>
      </object_component>
      <object_component id="oc-320">
         <name>.text:_pconv_e</name>
         <load_address>0x4e68</load_address>
         <run_address>0x4e68</run_address>
         <size>0x13c</size>
         <input_file_ref idref="fl-e4"/>
      </object_component>
      <object_component id="oc-121">
         <name>.text</name>
         <load_address>0x4fa4</load_address>
         <run_address>0x4fa4</run_address>
         <size>0x136</size>
         <input_file_ref idref="fl-d0"/>
      </object_component>
      <object_component id="oc-3cf">
         <name>.text:fcvt</name>
         <load_address>0x50dc</load_address>
         <run_address>0x50dc</run_address>
         <size>0x124</size>
         <input_file_ref idref="fl-e4"/>
      </object_component>
      <object_component id="oc-1a8">
         <name>.text:scalbn</name>
         <load_address>0x5200</load_address>
         <run_address>0x5200</run_address>
         <size>0x110</size>
         <input_file_ref idref="fl-ca"/>
      </object_component>
      <object_component id="oc-fd">
         <name>.text</name>
         <load_address>0x5310</load_address>
         <run_address>0x5310</run_address>
         <size>0x104</size>
         <input_file_ref idref="fl-3"/>
      </object_component>
      <object_component id="oc-391">
         <name>.text:aligned_alloc</name>
         <load_address>0x5414</load_address>
         <run_address>0x5414</run_address>
         <size>0x100</size>
         <input_file_ref idref="fl-db"/>
      </object_component>
      <object_component id="oc-e2">
         <name>.text</name>
         <load_address>0x5514</load_address>
         <run_address>0x5514</run_address>
         <size>0xfc</size>
         <input_file_ref idref="fl-d1"/>
      </object_component>
      <object_component id="oc-2ef">
         <name>.text:floor</name>
         <load_address>0x5610</load_address>
         <run_address>0x5610</run_address>
         <size>0xf8</size>
         <input_file_ref idref="fl-e3"/>
      </object_component>
      <object_component id="oc-11b">
         <name>.text</name>
         <load_address>0x5708</load_address>
         <run_address>0x5708</run_address>
         <size>0xf4</size>
         <input_file_ref idref="fl-4"/>
      </object_component>
      <object_component id="oc-1d4">
         <name>.text:free</name>
         <load_address>0x57fc</load_address>
         <run_address>0x57fc</run_address>
         <size>0xe4</size>
         <input_file_ref idref="fl-db"/>
      </object_component>
      <object_component id="oc-30e">
         <name>.text:_ltostr</name>
         <load_address>0x58e0</load_address>
         <run_address>0x58e0</run_address>
         <size>0xb1</size>
         <input_file_ref idref="fl-e4"/>
      </object_component>
      <object_component id="oc-3e">
         <name>.text</name>
         <load_address>0x5992</load_address>
         <run_address>0x5992</run_address>
         <size>0x9c</size>
         <input_file_ref idref="fl-d6"/>
      </object_component>
      <object_component id="oc-3b6">
         <name>.text</name>
         <load_address>0x5a2e</load_address>
         <run_address>0x5a2e</run_address>
         <size>0x96</size>
         <input_file_ref idref="fl-e5"/>
      </object_component>
      <object_component id="oc-138">
         <name>.text:__aeabi_cdcmple</name>
         <load_address>0x5ac4</load_address>
         <run_address>0x5ac4</run_address>
         <size>0x86</size>
         <input_file_ref idref="fl-cf"/>
      </object_component>
      <object_component id="oc-1a3">
         <name>.text:__aeabi_cdrcmple</name>
         <load_address>0x5b4a</load_address>
         <run_address>0x5b4a</run_address>
         <size>0x86</size>
         <input_file_ref idref="fl-cf"/>
      </object_component>
      <object_component id="oc-96">
         <name>.text</name>
         <load_address>0x5bd0</load_address>
         <run_address>0x5bd0</run_address>
         <size>0x7a</size>
         <input_file_ref idref="fl-d7"/>
      </object_component>
      <object_component id="oc-410">
         <name>.text:split</name>
         <load_address>0x5c4c</load_address>
         <run_address>0x5c4c</run_address>
         <size>0x70</size>
         <input_file_ref idref="fl-db"/>
      </object_component>
      <object_component id="oc-3c8">
         <name>.text:_mcpy</name>
         <load_address>0x5cbc</load_address>
         <run_address>0x5cbc</run_address>
         <size>0x6e</size>
         <input_file_ref idref="fl-e4"/>
      </object_component>
      <object_component id="oc-1ed">
         <name>.text</name>
         <load_address>0x5d2a</load_address>
         <run_address>0x5d2a</run_address>
         <size>0x6e</size>
         <input_file_ref idref="fl-d3"/>
      </object_component>
      <object_component id="oc-15">
         <name>.text:decompress:lzss:__TI_decompress_lzss</name>
         <load_address>0x5d98</load_address>
         <run_address>0x5d98</run_address>
         <size>0x68</size>
         <input_file_ref idref="fl-da"/>
      </object_component>
      <object_component id="oc-3dd">
         <name>.text:frexp</name>
         <load_address>0x5e00</load_address>
         <run_address>0x5e00</run_address>
         <size>0x64</size>
         <input_file_ref idref="fl-f3"/>
      </object_component>
      <object_component id="oc-31a">
         <name>.text:_pconv_f</name>
         <load_address>0x5e64</load_address>
         <run_address>0x5e64</run_address>
         <size>0x56</size>
         <input_file_ref idref="fl-e4"/>
      </object_component>
      <object_component id="oc-3bc">
         <name>.text:__TI_ltoa</name>
         <load_address>0x5eba</load_address>
         <run_address>0x5eba</run_address>
         <size>0x54</size>
         <input_file_ref idref="fl-eb"/>
      </object_component>
      <object_component id="oc-3c2">
         <name>.text:_ecpy</name>
         <load_address>0x5f0e</load_address>
         <run_address>0x5f0e</run_address>
         <size>0x52</size>
         <input_file_ref idref="fl-e4"/>
      </object_component>
      <object_component id="oc-308">
         <name>.text:atoi</name>
         <load_address>0x5f60</load_address>
         <run_address>0x5f60</run_address>
         <size>0x4c</size>
         <input_file_ref idref="fl-ed"/>
      </object_component>
      <object_component id="oc-ec">
         <name>.text</name>
         <load_address>0x5fac</load_address>
         <run_address>0x5fac</run_address>
         <size>0x48</size>
         <input_file_ref idref="fl-d2"/>
      </object_component>
      <object_component id="oc-156">
         <name>.text:__TI_auto_init_nobinit_nopinit:__TI_auto_init_nobinit_nopinit</name>
         <load_address>0x5ff4</load_address>
         <run_address>0x5ff4</run_address>
         <size>0x44</size>
         <input_file_ref idref="fl-e6"/>
      </object_component>
      <object_component id="oc-12c">
         <name>.text:sprintf</name>
         <load_address>0x6038</load_address>
         <run_address>0x6038</run_address>
         <size>0x40</size>
         <input_file_ref idref="fl-cc"/>
      </object_component>
      <object_component id="oc-201">
         <name>.text:vsnprintf</name>
         <load_address>0x6078</load_address>
         <run_address>0x6078</run_address>
         <size>0x40</size>
         <input_file_ref idref="fl-cd"/>
      </object_component>
      <object_component id="oc-3d5">
         <name>.text:_fcpy</name>
         <load_address>0x60b8</load_address>
         <run_address>0x60b8</run_address>
         <size>0x3e</size>
         <input_file_ref idref="fl-e4"/>
      </object_component>
      <object_component id="oc-1ce">
         <name>.text:calloc</name>
         <load_address>0x60f8</load_address>
         <run_address>0x60f8</run_address>
         <size>0x38</size>
         <input_file_ref idref="fl-db"/>
      </object_component>
      <object_component id="oc-1b1">
         <name>.text</name>
         <load_address>0x6130</load_address>
         <run_address>0x6130</run_address>
         <size>0x38</size>
         <input_file_ref idref="fl-d4"/>
      </object_component>
      <object_component id="oc-1be">
         <name>.text:IntRegister</name>
         <load_address>0x6168</load_address>
         <run_address>0x6168</run_address>
         <size>0x34</size>
         <input_file_ref idref="fl-f5"/>
      </object_component>
      <object_component id="oc-5c">
         <name>.text:_c_int00_noargs:_c_int00_noargs</name>
         <load_address>0x619c</load_address>
         <run_address>0x619c</run_address>
         <size>0x34</size>
         <input_file_ref idref="fl-df"/>
      </object_component>
      <object_component id="oc-2d1">
         <name>.text:_outs</name>
         <load_address>0x61d0</load_address>
         <run_address>0x61d0</run_address>
         <size>0x30</size>
         <input_file_ref idref="fl-cd"/>
      </object_component>
      <object_component id="oc-d7">
         <name>.text</name>
         <load_address>0x6200</load_address>
         <run_address>0x6200</run_address>
         <size>0x2e</size>
         <input_file_ref idref="fl-d5"/>
      </object_component>
      <object_component id="oc-2ba">
         <name>.text:free_list_insert</name>
         <load_address>0x6230</load_address>
         <run_address>0x6230</run_address>
         <size>0x28</size>
         <input_file_ref idref="fl-db"/>
      </object_component>
      <object_component id="oc-4a">
         <name>.text:decompress:ZI:__TI_zero_init_nomemset:__TI_zero_init_nomemset</name>
         <load_address>0x6258</load_address>
         <run_address>0x6258</run_address>
         <size>0x1c</size>
         <input_file_ref idref="fl-d8"/>
      </object_component>
      <object_component id="oc-2b4">
         <name>.text:free_list_remove</name>
         <load_address>0x6274</load_address>
         <run_address>0x6274</run_address>
         <size>0x1c</size>
         <input_file_ref idref="fl-db"/>
      </object_component>
      <object_component id="oc-32c">
         <name>.text:memccpy</name>
         <load_address>0x6290</load_address>
         <run_address>0x6290</run_address>
         <size>0x1c</size>
         <input_file_ref idref="fl-ef"/>
      </object_component>
      <object_component id="oc-285">
         <name>.text:copysign</name>
         <load_address>0x62ac</load_address>
         <run_address>0x62ac</run_address>
         <size>0x1a</size>
         <input_file_ref idref="fl-e1"/>
      </object_component>
      <object_component id="oc-2d7">
         <name>.text:_outc</name>
         <load_address>0x62c6</load_address>
         <run_address>0x62c6</run_address>
         <size>0x18</size>
         <input_file_ref idref="fl-cd"/>
      </object_component>
      <object_component id="oc-232">
         <name>.text:_outs</name>
         <load_address>0x62de</load_address>
         <run_address>0x62de</run_address>
         <size>0x18</size>
         <input_file_ref idref="fl-cc"/>
      </object_component>
      <object_component id="oc-1da">
         <name>.text:oi_parseInt</name>
         <load_address>0x62f6</load_address>
         <run_address>0x62f6</run_address>
         <size>0x18</size>
         <input_file_ref idref="fl-8"/>
      </object_component>
      <object_component id="oc-1e1">
         <name>.text:strcmp</name>
         <load_address>0x630e</load_address>
         <run_address>0x630e</run_address>
         <size>0x18</size>
         <input_file_ref idref="fl-dc"/>
      </object_component>
      <object_component id="oc-3e3">
         <name>.text:strchr</name>
         <load_address>0x6326</load_address>
         <run_address>0x6326</run_address>
         <size>0x16</size>
         <input_file_ref idref="fl-f0"/>
      </object_component>
      <object_component id="oc-207">
         <name>.text:strcpy</name>
         <load_address>0x633c</load_address>
         <run_address>0x633c</run_address>
         <size>0x14</size>
         <input_file_ref idref="fl-dd"/>
      </object_component>
      <object_component id="oc-302">
         <name>.text:strlen</name>
         <load_address>0x6350</load_address>
         <run_address>0x6350</run_address>
         <size>0x14</size>
         <input_file_ref idref="fl-f1"/>
      </object_component>
      <object_component id="oc-332">
         <name>.text:wcslen</name>
         <load_address>0x6364</load_address>
         <run_address>0x6364</run_address>
         <size>0x12</size>
         <input_file_ref idref="fl-f2"/>
      </object_component>
      <object_component id="oc-1c4">
         <name>.text:IntMasterEnable</name>
         <load_address>0x6376</load_address>
         <run_address>0x6376</run_address>
         <size>0x10</size>
         <input_file_ref idref="fl-f5"/>
      </object_component>
      <object_component id="oc-1fa">
         <name>.text:lcd_clear</name>
         <load_address>0x6386</load_address>
         <run_address>0x6386</run_address>
         <size>0x10</size>
         <input_file_ref idref="fl-5"/>
      </object_component>
      <object_component id="oc-1b">
         <name>.text:decompress:none:__TI_decompress_none</name>
         <load_address>0x6396</load_address>
         <run_address>0x6396</run_address>
         <size>0xe</size>
         <input_file_ref idref="fl-d9"/>
      </object_component>
      <object_component id="oc-2a3">
         <name>.text:CPUcpsie</name>
         <load_address>0x63a4</load_address>
         <run_address>0x63a4</run_address>
         <size>0xc</size>
         <input_file_ref idref="fl-f6"/>
      </object_component>
      <object_component id="oc-2a">
         <name>.text</name>
         <load_address>0x63b0</load_address>
         <run_address>0x63b0</run_address>
         <size>0xc</size>
         <input_file_ref idref="fl-b"/>
      </object_component>
      <object_component id="oc-238">
         <name>.text:_outc</name>
         <load_address>0x63bc</load_address>
         <run_address>0x63bc</run_address>
         <size>0xa</size>
         <input_file_ref idref="fl-cc"/>
      </object_component>
      <object_component id="oc-18b">
         <name>.text:__aeabi_errno_addr</name>
         <load_address>0x63c8</load_address>
         <run_address>0x63c8</run_address>
         <size>0x8</size>
         <input_file_ref idref="fl-e0"/>
      </object_component>
      <object_component id="oc-2ad">
         <name>.text:malloc</name>
         <load_address>0x63d0</load_address>
         <run_address>0x63d0</run_address>
         <size>0x8</size>
         <input_file_ref idref="fl-db"/>
      </object_component>
      <object_component id="oc-9c">
         <name>.text:_system_pre_init</name>
         <load_address>0x63d8</load_address>
         <run_address>0x63d8</run_address>
         <size>0x4</size>
         <input_file_ref idref="fl-e7"/>
      </object_component>
      <object_component id="oc-14a">
         <name>.text:abort:abort</name>
         <load_address>0x63dc</load_address>
         <run_address>0x63dc</run_address>
         <size>0x4</size>
         <input_file_ref idref="fl-e9"/>
      </object_component>
      <object_component id="oc-2f5">
         <name>.const:$O1$$</name>
         <load_address>0x63e0</load_address>
         <run_address>0x63e0</run_address>
         <size>0x158</size>
         <input_file_ref idref="fl-de"/>
      </object_component>
      <object_component id="oc-3b1">
         <name>.const:.string:_ctypes_</name>
         <load_address>0x6538</load_address>
         <run_address>0x6538</run_address>
         <size>0x101</size>
         <input_file_ref idref="fl-ee"/>
      </object_component>
      <object_component id="oc-20d">
         <name>.const:.string:lineAddress$1</name>
         <load_address>0x6639</load_address>
         <run_address>0x6639</run_address>
         <size>0x4</size>
         <input_file_ref idref="fl-5"/>
      </object_component>
      <object_component id="oc-2fb">
         <name>.const:xxx</name>
         <load_address>0x6640</load_address>
         <run_address>0x6640</run_address>
         <size>0x80</size>
         <input_file_ref idref="fl-e2"/>
      </object_component>
      <object_component id="oc-1a0">
         <name>.const:$O1$$</name>
         <load_address>0x66c0</load_address>
         <run_address>0x66c0</run_address>
         <size>0x30</size>
         <input_file_ref idref="fl-c8"/>
      </object_component>
      <object_component id="oc-1ea">
         <name>.const:.string:$P$T0$3</name>
         <load_address>0x66f0</load_address>
         <run_address>0x66f0</run_address>
         <size>0xf</size>
         <input_file_ref idref="fl-8"/>
      </object_component>
      <object_component id="oc-20e">
         <name>.const:.string:lineAddresses$2</name>
         <load_address>0x66ff</load_address>
         <run_address>0x66ff</run_address>
         <size>0x4</size>
         <input_file_ref idref="fl-5"/>
      </object_component>
      <object_component id="oc-476">
         <name>.cinit..data.load</name>
         <load_address>0x6708</load_address>
         <run_address>0x6708</run_address>
         <size>0x23</size>
      </object_component>
      <object_component id="oc-473">
         <name>__TI_handler_table</name>
         <load_address>0x672c</load_address>
         <run_address>0x672c</run_address>
         <size>0xc</size>
      </object_component>
      <object_component id="oc-477">
         <name>.cinit..bss.load</name>
         <load_address>0x6738</load_address>
         <run_address>0x6738</run_address>
         <size>0x8</size>
      </object_component>
      <object_component id="oc-475">
         <name>.cinit..vtable.load</name>
         <load_address>0x6740</load_address>
         <run_address>0x6740</run_address>
         <size>0x8</size>
      </object_component>
      <object_component id="oc-474">
         <name>__TI_cinit_table</name>
         <load_address>0x6748</load_address>
         <run_address>0x6748</run_address>
         <size>0x18</size>
      </object_component>
      <object_component id="oc-299">
         <name>.vtable</name>
         <uninitialized>true</uninitialized>
         <run_address>0x20000000</run_address>
         <size>0x26c</size>
         <input_file_ref idref="fl-f5"/>
      </object_component>
      <object_component id="oc-1f5">
         <name>.data</name>
         <load_address>0x2000171d</load_address>
         <run_address>0x2000171d</run_address>
         <size>0x1</size>
         <input_file_ref idref="fl-2"/>
      </object_component>
      <object_component id="oc-217">
         <name>.data</name>
         <load_address>0x2000171e</load_address>
         <run_address>0x2000171e</run_address>
         <size>0x1</size>
         <input_file_ref idref="fl-4"/>
      </object_component>
      <object_component id="oc-1e7">
         <name>.data</name>
         <load_address>0x200016ec</load_address>
         <run_address>0x200016ec</run_address>
         <size>0x20</size>
         <input_file_ref idref="fl-8"/>
      </object_component>
      <object_component id="oc-1ca">
         <name>.data</name>
         <load_address>0x2000170c</load_address>
         <run_address>0x2000170c</run_address>
         <size>0x11</size>
         <input_file_ref idref="fl-9"/>
      </object_component>
      <object_component id="oc-1b6">
         <name>.data</name>
         <load_address>0x20001730</load_address>
         <run_address>0x20001730</run_address>
         <size>0x8</size>
         <input_file_ref idref="fl-a"/>
      </object_component>
      <object_component id="oc-398">
         <name>.data:$O1$$</name>
         <load_address>0x20001728</load_address>
         <run_address>0x20001728</run_address>
         <size>0x8</size>
         <input_file_ref idref="fl-db"/>
      </object_component>
      <object_component id="oc-276">
         <name>.data</name>
         <load_address>0x20001738</load_address>
         <run_address>0x20001738</run_address>
         <size>0x4</size>
         <input_file_ref idref="fl-e0"/>
      </object_component>
      <object_component id="oc-25a">
         <name>.data:$O1$$</name>
         <load_address>0x20001720</load_address>
         <run_address>0x20001720</run_address>
         <size>0x8</size>
         <input_file_ref idref="fl-ea"/>
      </object_component>
      <object_component id="oc-20f">
         <name>.bss:lastbuffer$3</name>
         <uninitialized>true</uninitialized>
         <run_address>0x20001670</run_address>
         <size>0x54</size>
         <input_file_ref idref="fl-5"/>
      </object_component>
      <object_component id="oc-1f2">
         <name>.bss:firmware$2</name>
         <uninitialized>true</uninitialized>
         <run_address>0x200016c4</run_address>
         <size>0x18</size>
         <input_file_ref idref="fl-8"/>
      </object_component>
      <object_component id="oc-1f8">
         <name>.common:_timeout_ticks</name>
         <uninitialized>true</uninitialized>
         <run_address>0x200016dc</run_address>
         <size>0x4</size>
      </object_component>
      <object_component id="oc-218">
         <name>.common:button_event</name>
         <uninitialized>true</uninitialized>
         <run_address>0x200016e0</run_address>
         <size>0x4</size>
      </object_component>
      <object_component id="oc-21b">
         <name>.common:button_num</name>
         <uninitialized>true</uninitialized>
         <run_address>0x200016e4</run_address>
         <size>0x4</size>
      </object_component>
      <object_component id="oc-1b9">
         <name>.common:clockwise</name>
         <uninitialized>true</uninitialized>
         <run_address>0x200016e8</run_address>
         <size>0x4</size>
      </object_component>
      <object_component id="oc-24">
         <name>.sysmem</name>
         <uninitialized>true</uninitialized>
         <run_address>0x20001270</run_address>
         <size>0x10</size>
         <input_file_ref idref="fl-db"/>
      </object_component>
      <object_component id="oc-47a">
         <name>.sysmem</name>
         <uninitialized>true</uninitialized>
         <run_address>0x20001270</run_address>
         <size>0x0</size>
      </object_component>
      <object_component id="oc-27">
         <name>.stack</name>
         <uninitialized>true</uninitialized>
         <run_address>0x20000270</run_address>
         <size>0x4</size>
         <input_file_ref idref="fl-df"/>
      </object_component>
      <object_component id="oc-479">
         <name>.stack</name>
         <uninitialized>true</uninitialized>
         <run_address>0x20000270</run_address>
         <size>0x0</size>
      </object_component>
      <object_component id="oc-c5">
         <name>.debug_info</name>
         <load_address>0x0</load_address>
         <run_address>0x0</run_address>
         <size>0x2ab</size>
         <input_file_ref idref="fl-2"/>
      </object_component>
      <object_component id="oc-1f6">
         <name>.debug_info</name>
         <load_address>0x2ab</load_address>
         <run_address>0x2ab</run_address>
         <size>0xb9</size>
         <input_file_ref idref="fl-2"/>
      </object_component>
      <object_component id="oc-110">
         <name>.debug_info</name>
         <load_address>0x364</load_address>
         <run_address>0x364</run_address>
         <size>0x501</size>
         <input_file_ref idref="fl-2"/>
      </object_component>
      <object_component id="oc-77">
         <name>.debug_info</name>
         <load_address>0x865</load_address>
         <run_address>0x865</run_address>
         <size>0x26b</size>
         <input_file_ref idref="fl-2"/>
      </object_component>
      <object_component id="oc-39">
         <name>.debug_info</name>
         <load_address>0xad0</load_address>
         <run_address>0xad0</run_address>
         <size>0x84</size>
         <input_file_ref idref="fl-2"/>
      </object_component>
      <object_component id="oc-c0">
         <name>.debug_info</name>
         <load_address>0xb54</load_address>
         <run_address>0xb54</run_address>
         <size>0x2a4</size>
         <input_file_ref idref="fl-2"/>
      </object_component>
      <object_component id="oc-7c">
         <name>.debug_info</name>
         <load_address>0xdf8</load_address>
         <run_address>0xdf8</run_address>
         <size>0xbb</size>
         <input_file_ref idref="fl-2"/>
      </object_component>
      <object_component id="oc-34c">
         <name>.debug_info</name>
         <load_address>0xeb3</load_address>
         <run_address>0xeb3</run_address>
         <size>0x24e</size>
         <input_file_ref idref="fl-3"/>
      </object_component>
      <object_component id="oc-fe">
         <name>.debug_info</name>
         <load_address>0x1101</load_address>
         <run_address>0x1101</run_address>
         <size>0x1b7</size>
         <input_file_ref idref="fl-3"/>
      </object_component>
      <object_component id="oc-2ca">
         <name>.debug_info</name>
         <load_address>0x12b8</load_address>
         <run_address>0x12b8</run_address>
         <size>0xcc</size>
         <input_file_ref idref="fl-3"/>
      </object_component>
      <object_component id="oc-212">
         <name>.debug_info</name>
         <load_address>0x1384</load_address>
         <run_address>0x1384</run_address>
         <size>0x2c</size>
         <input_file_ref idref="fl-3"/>
      </object_component>
      <object_component id="oc-251">
         <name>.debug_info</name>
         <load_address>0x13b0</load_address>
         <run_address>0x13b0</run_address>
         <size>0x35</size>
         <input_file_ref idref="fl-3"/>
      </object_component>
      <object_component id="oc-219">
         <name>.debug_info</name>
         <load_address>0x13e5</load_address>
         <run_address>0x13e5</run_address>
         <size>0x2f1</size>
         <input_file_ref idref="fl-4"/>
      </object_component>
      <object_component id="oc-11c">
         <name>.debug_info</name>
         <load_address>0x16d6</load_address>
         <run_address>0x16d6</run_address>
         <size>0x25a</size>
         <input_file_ref idref="fl-4"/>
      </object_component>
      <object_component id="oc-211">
         <name>.debug_info</name>
         <load_address>0x1930</load_address>
         <run_address>0x1930</run_address>
         <size>0x379</size>
         <input_file_ref idref="fl-5"/>
      </object_component>
      <object_component id="oc-1fc">
         <name>.debug_info</name>
         <load_address>0x1ca9</load_address>
         <run_address>0x1ca9</run_address>
         <size>0x10e</size>
         <input_file_ref idref="fl-5"/>
      </object_component>
      <object_component id="oc-116">
         <name>.debug_info</name>
         <load_address>0x1db7</load_address>
         <run_address>0x1db7</run_address>
         <size>0x89a</size>
         <input_file_ref idref="fl-5"/>
      </object_component>
      <object_component id="oc-149">
         <name>.debug_info</name>
         <load_address>0x2651</load_address>
         <run_address>0x2651</run_address>
         <size>0x5e2</size>
         <input_file_ref idref="fl-6"/>
      </object_component>
      <object_component id="oc-a4">
         <name>.debug_info</name>
         <load_address>0x2c33</load_address>
         <run_address>0x2c33</run_address>
         <size>0x833</size>
         <input_file_ref idref="fl-6"/>
      </object_component>
      <object_component id="oc-247">
         <name>.debug_info</name>
         <load_address>0x3466</load_address>
         <run_address>0x3466</run_address>
         <size>0x5aa</size>
         <input_file_ref idref="fl-6"/>
      </object_component>
      <object_component id="oc-24c">
         <name>.debug_info</name>
         <load_address>0x3a10</load_address>
         <run_address>0x3a10</run_address>
         <size>0xa5</size>
         <input_file_ref idref="fl-6"/>
      </object_component>
      <object_component id="oc-144">
         <name>.debug_info</name>
         <load_address>0x3ab5</load_address>
         <run_address>0x3ab5</run_address>
         <size>0x8b</size>
         <input_file_ref idref="fl-6"/>
      </object_component>
      <object_component id="oc-244">
         <name>.debug_info</name>
         <load_address>0x3b40</load_address>
         <run_address>0x3b40</run_address>
         <size>0x2da</size>
         <input_file_ref idref="fl-7"/>
      </object_component>
      <object_component id="oc-13e">
         <name>.debug_info</name>
         <load_address>0x3e1a</load_address>
         <run_address>0x3e1a</run_address>
         <size>0x66b</size>
         <input_file_ref idref="fl-7"/>
      </object_component>
      <object_component id="oc-1f4">
         <name>.debug_info</name>
         <load_address>0x4485</load_address>
         <run_address>0x4485</run_address>
         <size>0x3f7</size>
         <input_file_ref idref="fl-8"/>
      </object_component>
      <object_component id="oc-1e8">
         <name>.debug_info</name>
         <load_address>0x487c</load_address>
         <run_address>0x487c</run_address>
         <size>0x10c</size>
         <input_file_ref idref="fl-8"/>
      </object_component>
      <object_component id="oc-1eb">
         <name>.debug_info</name>
         <load_address>0x4988</load_address>
         <run_address>0x4988</run_address>
         <size>0xc1</size>
         <input_file_ref idref="fl-8"/>
      </object_component>
      <object_component id="oc-1db">
         <name>.debug_info</name>
         <load_address>0x4a49</load_address>
         <run_address>0x4a49</run_address>
         <size>0x13b</size>
         <input_file_ref idref="fl-8"/>
      </object_component>
      <object_component id="oc-10b">
         <name>.debug_info</name>
         <load_address>0x4b84</load_address>
         <run_address>0x4b84</run_address>
         <size>0x19b7</size>
         <input_file_ref idref="fl-8"/>
      </object_component>
      <object_component id="oc-2ac">
         <name>.debug_info</name>
         <load_address>0x653b</load_address>
         <run_address>0x653b</run_address>
         <size>0x2ea</size>
         <input_file_ref idref="fl-9"/>
      </object_component>
      <object_component id="oc-1cb">
         <name>.debug_info</name>
         <load_address>0x6825</load_address>
         <run_address>0x6825</run_address>
         <size>0x132</size>
         <input_file_ref idref="fl-9"/>
      </object_component>
      <object_component id="oc-104">
         <name>.debug_info</name>
         <load_address>0x6957</load_address>
         <run_address>0x6957</run_address>
         <size>0x272</size>
         <input_file_ref idref="fl-9"/>
      </object_component>
      <object_component id="oc-38d">
         <name>.debug_info</name>
         <load_address>0x6bc9</load_address>
         <run_address>0x6bc9</run_address>
         <size>0x44</size>
         <input_file_ref idref="fl-9"/>
      </object_component>
      <object_component id="oc-1ba">
         <name>.debug_info</name>
         <load_address>0x6c0d</load_address>
         <run_address>0x6c0d</run_address>
         <size>0x2a6</size>
         <input_file_ref idref="fl-a"/>
      </object_component>
      <object_component id="oc-1b7">
         <name>.debug_info</name>
         <load_address>0x6eb3</load_address>
         <run_address>0x6eb3</run_address>
         <size>0xda</size>
         <input_file_ref idref="fl-a"/>
      </object_component>
      <object_component id="oc-f8">
         <name>.debug_info</name>
         <load_address>0x6f8d</load_address>
         <run_address>0x6f8d</run_address>
         <size>0x297</size>
         <input_file_ref idref="fl-a"/>
      </object_component>
      <object_component id="oc-32">
         <name>.debug_info</name>
         <load_address>0x7224</load_address>
         <run_address>0x7224</run_address>
         <size>0x295</size>
         <input_file_ref idref="fl-b"/>
      </object_component>
      <object_component id="oc-13">
         <name>.debug_info</name>
         <load_address>0x74b9</load_address>
         <run_address>0x74b9</run_address>
         <size>0xd4</size>
         <input_file_ref idref="fl-b"/>
      </object_component>
      <object_component id="oc-2d">
         <name>.debug_info</name>
         <load_address>0x758d</load_address>
         <run_address>0x758d</run_address>
         <size>0x250</size>
         <input_file_ref idref="fl-b"/>
      </object_component>
      <object_component id="oc-241">
         <name>.debug_info</name>
         <load_address>0x77dd</load_address>
         <run_address>0x77dd</run_address>
         <size>0x24e</size>
         <input_file_ref idref="fl-c"/>
      </object_component>
      <object_component id="oc-135">
         <name>.debug_info</name>
         <load_address>0x7a2b</load_address>
         <run_address>0x7a2b</run_address>
         <size>0x2d4</size>
         <input_file_ref idref="fl-c"/>
      </object_component>
      <object_component id="oc-dd">
         <name>.debug_info</name>
         <load_address>0x7cff</load_address>
         <run_address>0x7cff</run_address>
         <size>0x5d6</size>
         <input_file_ref idref="fl-c7"/>
      </object_component>
      <object_component id="oc-27b">
         <name>.debug_info</name>
         <load_address>0x82d5</load_address>
         <run_address>0x82d5</run_address>
         <size>0x46</size>
         <input_file_ref idref="fl-c7"/>
      </object_component>
      <object_component id="oc-192">
         <name>.debug_info</name>
         <load_address>0x831b</load_address>
         <run_address>0x831b</run_address>
         <size>0x39</size>
         <input_file_ref idref="fl-c7"/>
      </object_component>
      <object_component id="oc-1af">
         <name>.debug_info</name>
         <load_address>0x8354</load_address>
         <run_address>0x8354</run_address>
         <size>0x35e</size>
         <input_file_ref idref="fl-c8"/>
      </object_component>
      <object_component id="oc-1a1">
         <name>.debug_info</name>
         <load_address>0x86b2</load_address>
         <run_address>0x86b2</run_address>
         <size>0x128</size>
         <input_file_ref idref="fl-c8"/>
      </object_component>
      <object_component id="oc-f3">
         <name>.debug_info</name>
         <load_address>0x87da</load_address>
         <run_address>0x87da</run_address>
         <size>0xbf2</size>
         <input_file_ref idref="fl-c8"/>
      </object_component>
      <object_component id="oc-281">
         <name>.debug_info</name>
         <load_address>0x93cc</load_address>
         <run_address>0x93cc</run_address>
         <size>0x2c5</size>
         <input_file_ref idref="fl-c9"/>
      </object_component>
      <object_component id="oc-19c">
         <name>.debug_info</name>
         <load_address>0x9691</load_address>
         <run_address>0x9691</run_address>
         <size>0x24e</size>
         <input_file_ref idref="fl-c9"/>
      </object_component>
      <object_component id="oc-28c">
         <name>.debug_info</name>
         <load_address>0x98df</load_address>
         <run_address>0x98df</run_address>
         <size>0x2f8</size>
         <input_file_ref idref="fl-ca"/>
      </object_component>
      <object_component id="oc-1ab">
         <name>.debug_info</name>
         <load_address>0x9bd7</load_address>
         <run_address>0x9bd7</run_address>
         <size>0x225</size>
         <input_file_ref idref="fl-ca"/>
      </object_component>
      <object_component id="oc-377">
         <name>.debug_info</name>
         <load_address>0x9dfc</load_address>
         <run_address>0x9dfc</run_address>
         <size>0x39</size>
         <input_file_ref idref="fl-ca"/>
      </object_component>
      <object_component id="oc-28d">
         <name>.debug_info</name>
         <load_address>0x9e35</load_address>
         <run_address>0x9e35</run_address>
         <size>0x2c</size>
         <input_file_ref idref="fl-ca"/>
      </object_component>
      <object_component id="oc-22b">
         <name>.debug_info</name>
         <load_address>0x9e61</load_address>
         <run_address>0x9e61</run_address>
         <size>0x36a</size>
         <input_file_ref idref="fl-cb"/>
      </object_component>
      <object_component id="oc-128">
         <name>.debug_info</name>
         <load_address>0xa1cb</load_address>
         <run_address>0xa1cb</run_address>
         <size>0x5d4</size>
         <input_file_ref idref="fl-cb"/>
      </object_component>
      <object_component id="oc-23f">
         <name>.debug_info</name>
         <load_address>0xa79f</load_address>
         <run_address>0xa79f</run_address>
         <size>0x333</size>
         <input_file_ref idref="fl-cc"/>
      </object_component>
      <object_component id="oc-12e">
         <name>.debug_info</name>
         <load_address>0xaad2</load_address>
         <run_address>0xaad2</run_address>
         <size>0x1d1</size>
         <input_file_ref idref="fl-cc"/>
      </object_component>
      <object_component id="oc-234">
         <name>.debug_info</name>
         <load_address>0xaca3</load_address>
         <run_address>0xaca3</run_address>
         <size>0x18d</size>
         <input_file_ref idref="fl-cc"/>
      </object_component>
      <object_component id="oc-23a">
         <name>.debug_info</name>
         <load_address>0xae30</load_address>
         <run_address>0xae30</run_address>
         <size>0x16d</size>
         <input_file_ref idref="fl-cc"/>
      </object_component>
      <object_component id="oc-2df">
         <name>.debug_info</name>
         <load_address>0xaf9d</load_address>
         <run_address>0xaf9d</run_address>
         <size>0x2c</size>
         <input_file_ref idref="fl-cc"/>
      </object_component>
      <object_component id="oc-2de">
         <name>.debug_info</name>
         <load_address>0xafc9</load_address>
         <run_address>0xafc9</run_address>
         <size>0x340</size>
         <input_file_ref idref="fl-cd"/>
      </object_component>
      <object_component id="oc-205">
         <name>.debug_info</name>
         <load_address>0xb309</load_address>
         <run_address>0xb309</run_address>
         <size>0x208</size>
         <input_file_ref idref="fl-cd"/>
      </object_component>
      <object_component id="oc-2d3">
         <name>.debug_info</name>
         <load_address>0xb511</load_address>
         <run_address>0xb511</run_address>
         <size>0x1c6</size>
         <input_file_ref idref="fl-cd"/>
      </object_component>
      <object_component id="oc-2da">
         <name>.debug_info</name>
         <load_address>0xb6d7</load_address>
         <run_address>0xb6d7</run_address>
         <size>0x179</size>
         <input_file_ref idref="fl-cd"/>
      </object_component>
      <object_component id="oc-2e4">
         <name>.debug_info</name>
         <load_address>0xb850</load_address>
         <run_address>0xb850</run_address>
         <size>0x69</size>
         <input_file_ref idref="fl-cd"/>
      </object_component>
      <object_component id="oc-e8">
         <name>.debug_info</name>
         <load_address>0xb8b9</load_address>
         <run_address>0xb8b9</run_address>
         <size>0x14c</size>
         <input_file_ref idref="fl-ce"/>
      </object_component>
      <object_component id="oc-13b">
         <name>.debug_info</name>
         <load_address>0xba05</load_address>
         <run_address>0xba05</run_address>
         <size>0x128</size>
         <input_file_ref idref="fl-cf"/>
      </object_component>
      <object_component id="oc-1a4">
         <name>.debug_info</name>
         <load_address>0xbb2d</load_address>
         <run_address>0xbb2d</run_address>
         <size>0x12a</size>
         <input_file_ref idref="fl-cf"/>
      </object_component>
      <object_component id="oc-124">
         <name>.debug_info</name>
         <load_address>0xbc57</load_address>
         <run_address>0xbc57</run_address>
         <size>0x13a</size>
         <input_file_ref idref="fl-d0"/>
      </object_component>
      <object_component id="oc-e3">
         <name>.debug_info</name>
         <load_address>0xbd91</load_address>
         <run_address>0xbd91</run_address>
         <size>0x13a</size>
         <input_file_ref idref="fl-d1"/>
      </object_component>
      <object_component id="oc-ef">
         <name>.debug_info</name>
         <load_address>0xbecb</load_address>
         <run_address>0xbecb</run_address>
         <size>0x12e</size>
         <input_file_ref idref="fl-d2"/>
      </object_component>
      <object_component id="oc-1ef">
         <name>.debug_info</name>
         <load_address>0xbff9</load_address>
         <run_address>0xbff9</run_address>
         <size>0x13e</size>
         <input_file_ref idref="fl-d3"/>
      </object_component>
      <object_component id="oc-1b2">
         <name>.debug_info</name>
         <load_address>0xc137</load_address>
         <run_address>0xc137</run_address>
         <size>0x12c</size>
         <input_file_ref idref="fl-d4"/>
      </object_component>
      <object_component id="oc-d8">
         <name>.debug_info</name>
         <load_address>0xc263</load_address>
         <run_address>0xc263</run_address>
         <size>0x12c</size>
         <input_file_ref idref="fl-d5"/>
      </object_component>
      <object_component id="oc-41">
         <name>.debug_info</name>
         <load_address>0xc38f</load_address>
         <run_address>0xc38f</run_address>
         <size>0x119</size>
         <input_file_ref idref="fl-d6"/>
      </object_component>
      <object_component id="oc-99">
         <name>.debug_info</name>
         <load_address>0xc4a8</load_address>
         <run_address>0xc4a8</run_address>
         <size>0x147</size>
         <input_file_ref idref="fl-d7"/>
      </object_component>
      <object_component id="oc-95">
         <name>.debug_info</name>
         <load_address>0xc5ef</load_address>
         <run_address>0xc5ef</run_address>
         <size>0x2d4</size>
         <input_file_ref idref="fl-d8"/>
      </object_component>
      <object_component id="oc-4b">
         <name>.debug_info</name>
         <load_address>0xc8c3</load_address>
         <run_address>0xc8c3</run_address>
         <size>0x1d2</size>
         <input_file_ref idref="fl-d8"/>
      </object_component>
      <object_component id="oc-90">
         <name>.debug_info</name>
         <load_address>0xca95</load_address>
         <run_address>0xca95</run_address>
         <size>0x46</size>
         <input_file_ref idref="fl-d8"/>
      </object_component>
      <object_component id="oc-ce">
         <name>.debug_info</name>
         <load_address>0xcadb</load_address>
         <run_address>0xcadb</run_address>
         <size>0x2c</size>
         <input_file_ref idref="fl-d8"/>
      </object_component>
      <object_component id="oc-49">
         <name>.debug_info</name>
         <load_address>0xcb07</load_address>
         <run_address>0xcb07</run_address>
         <size>0x2a8</size>
         <input_file_ref idref="fl-d9"/>
      </object_component>
      <object_component id="oc-1d">
         <name>.debug_info</name>
         <load_address>0xcdaf</load_address>
         <run_address>0xcdaf</run_address>
         <size>0x1ea</size>
         <input_file_ref idref="fl-d9"/>
      </object_component>
      <object_component id="oc-44">
         <name>.debug_info</name>
         <load_address>0xcf99</load_address>
         <run_address>0xcf99</run_address>
         <size>0x46</size>
         <input_file_ref idref="fl-d9"/>
      </object_component>
      <object_component id="oc-88">
         <name>.debug_info</name>
         <load_address>0xcfdf</load_address>
         <run_address>0xcfdf</run_address>
         <size>0x2c</size>
         <input_file_ref idref="fl-d9"/>
      </object_component>
      <object_component id="oc-86">
         <name>.debug_info</name>
         <load_address>0xd00b</load_address>
         <run_address>0xd00b</run_address>
         <size>0x29e</size>
         <input_file_ref idref="fl-da"/>
      </object_component>
      <object_component id="oc-18">
         <name>.debug_info</name>
         <load_address>0xd2a9</load_address>
         <run_address>0xd2a9</run_address>
         <size>0x250</size>
         <input_file_ref idref="fl-da"/>
      </object_component>
      <object_component id="oc-34">
         <name>.debug_info</name>
         <load_address>0xd4f9</load_address>
         <run_address>0xd4f9</run_address>
         <size>0x60</size>
         <input_file_ref idref="fl-da"/>
      </object_component>
      <object_component id="oc-c7">
         <name>.debug_info</name>
         <load_address>0xd559</load_address>
         <run_address>0xd559</run_address>
         <size>0x46</size>
         <input_file_ref idref="fl-da"/>
      </object_component>
      <object_component id="oc-81">
         <name>.debug_info</name>
         <load_address>0xd59f</load_address>
         <run_address>0xd59f</run_address>
         <size>0x39</size>
         <input_file_ref idref="fl-da"/>
      </object_component>
      <object_component id="oc-70">
         <name>.debug_info</name>
         <load_address>0xd5d8</load_address>
         <run_address>0xd5d8</run_address>
         <size>0x3b2</size>
         <input_file_ref idref="fl-db"/>
      </object_component>
      <object_component id="oc-25">
         <name>.debug_info</name>
         <load_address>0xd98a</load_address>
         <run_address>0xd98a</run_address>
         <size>0x10c</size>
         <input_file_ref idref="fl-db"/>
      </object_component>
      <object_component id="oc-399">
         <name>.debug_info</name>
         <load_address>0xda96</load_address>
         <run_address>0xda96</run_address>
         <size>0x13f</size>
         <input_file_ref idref="fl-db"/>
      </object_component>
      <object_component id="oc-2b0">
         <name>.debug_info</name>
         <load_address>0xdbd5</load_address>
         <run_address>0xdbd5</run_address>
         <size>0x168</size>
         <input_file_ref idref="fl-db"/>
      </object_component>
      <object_component id="oc-2b7">
         <name>.debug_info</name>
         <load_address>0xdd3d</load_address>
         <run_address>0xdd3d</run_address>
         <size>0x18e</size>
         <input_file_ref idref="fl-db"/>
      </object_component>
      <object_component id="oc-2bd">
         <name>.debug_info</name>
         <load_address>0xdecb</load_address>
         <run_address>0xdecb</run_address>
         <size>0x19f</size>
         <input_file_ref idref="fl-db"/>
      </object_component>
      <object_component id="oc-1d7">
         <name>.debug_info</name>
         <load_address>0xe06a</load_address>
         <run_address>0xe06a</run_address>
         <size>0x203</size>
         <input_file_ref idref="fl-db"/>
      </object_component>
      <object_component id="oc-413">
         <name>.debug_info</name>
         <load_address>0xe26d</load_address>
         <run_address>0xe26d</run_address>
         <size>0x1db</size>
         <input_file_ref idref="fl-db"/>
      </object_component>
      <object_component id="oc-1d2">
         <name>.debug_info</name>
         <load_address>0xe448</load_address>
         <run_address>0xe448</run_address>
         <size>0x1a5</size>
         <input_file_ref idref="fl-db"/>
      </object_component>
      <object_component id="oc-395">
         <name>.debug_info</name>
         <load_address>0xe5ed</load_address>
         <run_address>0xe5ed</run_address>
         <size>0x299</size>
         <input_file_ref idref="fl-db"/>
      </object_component>
      <object_component id="oc-bb">
         <name>.debug_info</name>
         <load_address>0xe886</load_address>
         <run_address>0xe886</run_address>
         <size>0xb2</size>
         <input_file_ref idref="fl-db"/>
      </object_component>
      <object_component id="oc-b6">
         <name>.debug_info</name>
         <load_address>0xe938</load_address>
         <run_address>0xe938</run_address>
         <size>0x2c</size>
         <input_file_ref idref="fl-db"/>
      </object_component>
      <object_component id="oc-2c2">
         <name>.debug_info</name>
         <load_address>0xe964</load_address>
         <run_address>0xe964</run_address>
         <size>0x28a</size>
         <input_file_ref idref="fl-dc"/>
      </object_component>
      <object_component id="oc-1e5">
         <name>.debug_info</name>
         <load_address>0xebee</load_address>
         <run_address>0xebee</run_address>
         <size>0x273</size>
         <input_file_ref idref="fl-dc"/>
      </object_component>
      <object_component id="oc-2ea">
         <name>.debug_info</name>
         <load_address>0xee61</load_address>
         <run_address>0xee61</run_address>
         <size>0x2a4</size>
         <input_file_ref idref="fl-dd"/>
      </object_component>
      <object_component id="oc-208">
         <name>.debug_info</name>
         <load_address>0xf105</load_address>
         <run_address>0xf105</run_address>
         <size>0x24d</size>
         <input_file_ref idref="fl-dd"/>
      </object_component>
      <object_component id="oc-2f9">
         <name>.debug_info</name>
         <load_address>0xf352</load_address>
         <run_address>0xf352</run_address>
         <size>0x3aa</size>
         <input_file_ref idref="fl-de"/>
      </object_component>
      <object_component id="oc-2f6">
         <name>.debug_info</name>
         <load_address>0xf6fc</load_address>
         <run_address>0xf6fc</run_address>
         <size>0x13a</size>
         <input_file_ref idref="fl-de"/>
      </object_component>
      <object_component id="oc-221">
         <name>.debug_info</name>
         <load_address>0xf836</load_address>
         <run_address>0xf836</run_address>
         <size>0x72f</size>
         <input_file_ref idref="fl-de"/>
      </object_component>
      <object_component id="oc-28">
         <name>.debug_info</name>
         <load_address>0xff65</load_address>
         <run_address>0xff65</run_address>
         <size>0x10b</size>
         <input_file_ref idref="fl-df"/>
      </object_component>
      <object_component id="oc-5f">
         <name>.debug_info</name>
         <load_address>0x10070</load_address>
         <run_address>0x10070</run_address>
         <size>0x1a9</size>
         <input_file_ref idref="fl-df"/>
      </object_component>
      <object_component id="oc-27a">
         <name>.debug_info</name>
         <load_address>0x10219</load_address>
         <run_address>0x10219</run_address>
         <size>0x289</size>
         <input_file_ref idref="fl-e0"/>
      </object_component>
      <object_component id="oc-277">
         <name>.debug_info</name>
         <load_address>0x104a2</load_address>
         <run_address>0x104a2</run_address>
         <size>0x10e</size>
         <input_file_ref idref="fl-e0"/>
      </object_component>
      <object_component id="oc-18d">
         <name>.debug_info</name>
         <load_address>0x105b0</load_address>
         <run_address>0x105b0</run_address>
         <size>0x14e</size>
         <input_file_ref idref="fl-e0"/>
      </object_component>
      <object_component id="oc-289">
         <name>.debug_info</name>
         <load_address>0x106fe</load_address>
         <run_address>0x106fe</run_address>
         <size>0x161</size>
         <input_file_ref idref="fl-e1"/>
      </object_component>
      <object_component id="oc-2ff">
         <name>.debug_info</name>
         <load_address>0x1085f</load_address>
         <run_address>0x1085f</run_address>
         <size>0x29b</size>
         <input_file_ref idref="fl-e2"/>
      </object_component>
      <object_component id="oc-2fc">
         <name>.debug_info</name>
         <load_address>0x10afa</load_address>
         <run_address>0x10afa</run_address>
         <size>0xfa</size>
         <input_file_ref idref="fl-e2"/>
      </object_component>
      <object_component id="oc-225">
         <name>.debug_info</name>
         <load_address>0x10bf4</load_address>
         <run_address>0x10bf4</run_address>
         <size>0x5d3</size>
         <input_file_ref idref="fl-e2"/>
      </object_component>
      <object_component id="oc-3a6">
         <name>.debug_info</name>
         <load_address>0x111c7</load_address>
         <run_address>0x111c7</run_address>
         <size>0x28a</size>
         <input_file_ref idref="fl-e3"/>
      </object_component>
      <object_component id="oc-2f0">
         <name>.debug_info</name>
         <load_address>0x11451</load_address>
         <run_address>0x11451</run_address>
         <size>0x22a</size>
         <input_file_ref idref="fl-e3"/>
      </object_component>
      <object_component id="oc-339">
         <name>.debug_info</name>
         <load_address>0x1167b</load_address>
         <run_address>0x1167b</run_address>
         <size>0x590</size>
         <input_file_ref idref="fl-e4"/>
      </object_component>
      <object_component id="oc-30f">
         <name>.debug_info</name>
         <load_address>0x11c0b</load_address>
         <run_address>0x11c0b</run_address>
         <size>0x21e</size>
         <input_file_ref idref="fl-e4"/>
      </object_component>
      <object_component id="oc-3c3">
         <name>.debug_info</name>
         <load_address>0x11e29</load_address>
         <run_address>0x11e29</run_address>
         <size>0x1b3</size>
         <input_file_ref idref="fl-e4"/>
      </object_component>
      <object_component id="oc-3c9">
         <name>.debug_info</name>
         <load_address>0x11fdc</load_address>
         <run_address>0x11fdc</run_address>
         <size>0x21b</size>
         <input_file_ref idref="fl-e4"/>
      </object_component>
      <object_component id="oc-315">
         <name>.debug_info</name>
         <load_address>0x121f7</load_address>
         <run_address>0x121f7</run_address>
         <size>0x3c0</size>
         <input_file_ref idref="fl-e4"/>
      </object_component>
      <object_component id="oc-3d0">
         <name>.debug_info</name>
         <load_address>0x125b7</load_address>
         <run_address>0x125b7</run_address>
         <size>0x30a</size>
         <input_file_ref idref="fl-e4"/>
      </object_component>
      <object_component id="oc-3d6">
         <name>.debug_info</name>
         <load_address>0x128c1</load_address>
         <run_address>0x128c1</run_address>
         <size>0x215</size>
         <input_file_ref idref="fl-e4"/>
      </object_component>
      <object_component id="oc-31b">
         <name>.debug_info</name>
         <load_address>0x12ad6</load_address>
         <run_address>0x12ad6</run_address>
         <size>0x215</size>
         <input_file_ref idref="fl-e4"/>
      </object_component>
      <object_component id="oc-321">
         <name>.debug_info</name>
         <load_address>0x12ceb</load_address>
         <run_address>0x12ceb</run_address>
         <size>0x304</size>
         <input_file_ref idref="fl-e4"/>
      </object_component>
      <object_component id="oc-327">
         <name>.debug_info</name>
         <load_address>0x12fef</load_address>
         <run_address>0x12fef</run_address>
         <size>0x4b5</size>
         <input_file_ref idref="fl-e4"/>
      </object_component>
      <object_component id="oc-22d">
         <name>.debug_info</name>
         <load_address>0x134a4</load_address>
         <run_address>0x134a4</run_address>
         <size>0x5f4</size>
         <input_file_ref idref="fl-e4"/>
      </object_component>
      <object_component id="oc-33a">
         <name>.debug_info</name>
         <load_address>0x13a98</load_address>
         <run_address>0x13a98</run_address>
         <size>0x86</size>
         <input_file_ref idref="fl-e4"/>
      </object_component>
      <object_component id="oc-3f5">
         <name>.debug_info</name>
         <load_address>0x13b1e</load_address>
         <run_address>0x13b1e</run_address>
         <size>0x39</size>
         <input_file_ref idref="fl-e4"/>
      </object_component>
      <object_component id="oc-43b">
         <name>.debug_info</name>
         <load_address>0x13b57</load_address>
         <run_address>0x13b57</run_address>
         <size>0xb6</size>
         <input_file_ref idref="fl-e4"/>
      </object_component>
      <object_component id="oc-3fa">
         <name>.debug_info</name>
         <load_address>0x13c0d</load_address>
         <run_address>0x13c0d</run_address>
         <size>0x46</size>
         <input_file_ref idref="fl-e4"/>
      </object_component>
      <object_component id="oc-33f">
         <name>.debug_info</name>
         <load_address>0x13c53</load_address>
         <run_address>0x13c53</run_address>
         <size>0x46</size>
         <input_file_ref idref="fl-e4"/>
      </object_component>
      <object_component id="oc-3b7">
         <name>.debug_info</name>
         <load_address>0x13c99</load_address>
         <run_address>0x13c99</run_address>
         <size>0x134</size>
         <input_file_ref idref="fl-e5"/>
      </object_component>
      <object_component id="oc-261">
         <name>.debug_info</name>
         <load_address>0x13dcd</load_address>
         <run_address>0x13dcd</run_address>
         <size>0x4b3</size>
         <input_file_ref idref="fl-e6"/>
      </object_component>
      <object_component id="oc-157">
         <name>.debug_info</name>
         <load_address>0x14280</load_address>
         <run_address>0x14280</run_address>
         <size>0x1a6</size>
         <input_file_ref idref="fl-e6"/>
      </object_component>
      <object_component id="oc-35d">
         <name>.debug_info</name>
         <load_address>0x14426</load_address>
         <run_address>0x14426</run_address>
         <size>0x39</size>
         <input_file_ref idref="fl-e6"/>
      </object_component>
      <object_component id="oc-404">
         <name>.debug_info</name>
         <load_address>0x1445f</load_address>
[...]
      </symbol>
      <symbol id="sm-24d">
         <name>motor_cal_factor_L</name>
         <value>0x200016ec</value>
         <object_component_ref idref="oc-1e7"/>
      </symbol>
      <symbol id="sm-24e">
         <name>motor_cal_factor_R</name>
         <value>0x200016f0</value>
         <object_component_ref idref="oc-1e7"/>
      </symbol>
      <symbol id="sm-24f">
         <name>oi_parseInt</name>
         <value>0x62f7</value>
         <object_component_ref idref="oc-1da"/>
      </symbol>
      <symbol id="sm-250">
         <name>oi_setMotorCalibration</name>
         <value>0xdb1</value>
         <object_component_ref idref="oc-109"/>
      </symbol>
      <symbol id="sm-251">
         <name>oi_uartSendStr</name>
         <value>0xa59</value>
         <object_component_ref idref="oc-109"/>
      </symbol>
      <symbol id="sm-252">
         <name>oi_close</name>
         <value>0x2c7</value>
         <object_component_ref idref="oc-109"/>
      </symbol>
      <symbol id="sm-253">
         <name>oi_uartSendBuff</name>
         <value>0xa77</value>
         <object_component_ref idref="oc-109"/>
      </symbol>
      <symbol id="sm-254">
         <name>oi_checkFirmware</name>
         <value>0xaa9</value>
         <object_component_ref idref="oc-109"/>
      </symbol>
      <symbol id="sm-255">
         <name>oi_init_noupdate</name>
         <value>0x289</value>
         <object_component_ref idref="oc-109"/>
      </symbol>
      <symbol id="sm-256">
         <name>oi_uartSendChar</name>
         <value>0xa15</value>
         <object_component_ref idref="oc-109"/>
      </symbol>
      <symbol id="sm-257">
         <name>oi_alloc</name>
         <value>0x26d</value>
         <object_component_ref idref="oc-109"/>
      </symbol>
      <symbol id="sm-258">
         <name>oi_getMotorCalibrationLeft</name>
         <value>0xded</value>
         <object_component_ref idref="oc-109"/>
      </symbol>
      <symbol id="sm-259">
         <name>oi_loadSong</name>
         <value>0x915</value>
         <object_component_ref idref="oc-109"/>
      </symbol>
      <symbol id="sm-25a">
         <name>oi_play_song</name>
         <value>0x96b</value>
         <object_component_ref idref="oc-109"/>
      </symbol>
      <symbol id="sm-25b">
         <name>oi_parsePacket</name>
         <value>0x32b</value>
         <object_component_ref idref="oc-109"/>
      </symbol>
      <symbol id="sm-25c">
         <name>oi_setLeds</name>
         <value>0x84b</value>
         <object_component_ref idref="oc-109"/>
      </symbol>
      <symbol id="sm-25d">
         <name>oi_init</name>
         <value>0x2b1</value>
         <object_component_ref idref="oc-109"/>
      </symbol>
      <symbol id="sm-25e">
         <name>oi_update</name>
         <value>0x2d9</value>
         <object_component_ref idref="oc-109"/>
      </symbol>
      <symbol id="sm-25f">
         <name>oi_uartInit</name>
         <value>0x98d</value>
         <object_component_ref idref="oc-109"/>
      </symbol>
      <symbol id="sm-2a3">
         <name>intflag</name>
         <value>0x2000171c</value>
         <object_component_ref idref="oc-1ca"/>
      </symbol>
      <symbol id="sm-2a4">
         <name>END_TIME</name>
         <value>0x20001710</value>
         <object_component_ref idref="oc-1ca"/>
      </symbol>
      <symbol id="sm-2a5">
         <name>START_TIME</name>
         <value>0x2000170c</value>
         <object_component_ref idref="oc-1ca"/>
      </symbol>
      <symbol id="sm-2a6">
         <name>STATE</name>
         <value>0x20001714</value>
         <object_component_ref idref="oc-1ca"/>
      </symbol>
      <symbol id="sm-2a7">
         <name>TIMER3B_Handler</name>
         <value>0x3e33</value>
         <object_component_ref idref="oc-103"/>
      </symbol>
      <symbol id="sm-2a8">
         <name>ping_init</name>
         <value>0x3cf1</value>
         <object_component_ref idref="oc-103"/>
      </symbol>
      <symbol id="sm-2a9">
         <name>count</name>
         <value>0x20001718</value>
         <object_component_ref idref="oc-1ca"/>
      </symbol>
      <symbol id="sm-2aa">
         <name>ping_getDistance</name>
         <value>0x3e73</value>
         <object_component_ref idref="oc-103"/>
      </symbol>
      <symbol id="sm-2ab">
         <name>ping_trigger</name>
         <value>0x3da7</value>
         <object_component_ref idref="oc-103"/>
      </symbol>
      <symbol id="sm-2e6">
         <name>clockwise</name>
         <value>0x200016e8</value>
      </symbol>
      <symbol id="sm-2e7">
         <name>servo_move</name>
         <value>0x44e7</value>
         <object_component_ref idref="oc-f7"/>
      </symbol>
      <symbol id="sm-2e8">
         <name>servo_init</name>
         <value>0x444d</value>
         <object_component_ref idref="oc-f7"/>
      </symbol>
      <symbol id="sm-2e9">
         <name>pwm_period</name>
         <value>0x20001730</value>
         <object_component_ref idref="oc-1b6"/>
      </symbol>
      <symbol id="sm-2ea">
         <name>degree</name>
         <value>0x20001734</value>
         <object_component_ref idref="oc-1b6"/>
      </symbol>
      <symbol id="sm-2eb">
         <name>button_Handler</name>
         <value>0x451d</value>
         <object_component_ref idref="oc-f7"/>
      </symbol>
      <symbol id="sm-307">
         <name>ResetISR</name>
         <value>0x63b1</value>
         <object_component_ref idref="oc-2a"/>
      </symbol>
      <symbol id="sm-308">
         <name>g_pfnVectors</name>
         <value>0x0</value>
         <object_component_ref idref="oc-12"/>
      </symbol>
      <symbol id="sm-331">
         <name>uart_sendChar</name>
         <value>0x4c4b</value>
         <object_component_ref idref="oc-132"/>
      </symbol>
      <symbol id="sm-332">
         <name>uart_init</name>
         <value>0x4ba9</value>
         <object_component_ref idref="oc-132"/>
      </symbol>
      <symbol id="sm-333">
         <name>uart_receive_nonblocking</name>
         <value>0x4c8d</value>
         <object_component_ref idref="oc-132"/>
      </symbol>
      <symbol id="sm-334">
         <name>uart_receive</name>
         <value>0x4c67</value>
         <object_component_ref idref="oc-132"/>
      </symbol>
      <symbol id="sm-335">
         <name>uart_sendStr</name>
         <value>0x4cb7</value>
         <object_component_ref idref="oc-132"/>
      </symbol>
      <symbol id="sm-371">
         <name>log</name>
         <value>0x32e9</value>
         <object_component_ref idref="oc-dc"/>
      </symbol>
      <symbol id="sm-372">
         <name>logl</name>
         <value>0x32e9</value>
         <object_component_ref idref="oc-dc"/>
      </symbol>
      <symbol id="sm-3fe">
         <name>pow</name>
         <value>0x18dd</value>
         <object_component_ref idref="oc-f1"/>
      </symbol>
      <symbol id="sm-3ff">
         <name>powl</name>
         <value>0x18dd</value>
         <object_component_ref idref="oc-f1"/>
      </symbol>
      <symbol id="sm-421">
         <name>sqrtl</name>
         <value>0x4d11</value>
         <object_component_ref idref="oc-19a"/>
      </symbol>
      <symbol id="sm-422">
         <name>sqrt</name>
         <value>0x4d11</value>
         <object_component_ref idref="oc-19a"/>
      </symbol>
      <symbol id="sm-449">
         <name>scalbn</name>
         <value>0x5201</value>
         <object_component_ref idref="oc-1a8"/>
      </symbol>
      <symbol id="sm-44a">
         <name>scalbnl</name>
         <value>0x5201</value>
         <object_component_ref idref="oc-1a8"/>
      </symbol>
      <symbol id="sm-44b">
         <name>ldexpl</name>
         <value>0x5201</value>
         <object_component_ref idref="oc-1a8"/>
      </symbol>
      <symbol id="sm-44c">
         <name>ldexp</name>
         <value>0x5201</value>
         <object_component_ref idref="oc-1a8"/>
      </symbol>
      <symbol id="sm-49d">
         <name>tanl</name>
         <value>0x29e5</value>
         <object_component_ref idref="oc-126"/>
      </symbol>
      <symbol id="sm-49e">
         <name>tan</name>
         <value>0x29e5</value>
         <object_component_ref idref="oc-126"/>
      </symbol>
      <symbol id="sm-4c5">
         <name>sprintf</name>
         <value>0x6039</value>
         <object_component_ref idref="oc-12c"/>
      </symbol>
      <symbol id="sm-4ef">
         <name>vsnprintf</name>
         <value>0x6079</value>
         <object_component_ref idref="oc-201"/>
      </symbol>
      <symbol id="sm-506">
         <name>__aeabi_dsub</name>
         <value>0x49f1</value>
         <object_component_ref idref="oc-e7"/>
      </symbol>
      <symbol id="sm-507">
         <name>__aeabi_dadd</name>
         <value>0x49fb</value>
         <object_component_ref idref="oc-e7"/>
      </symbol>
      <symbol id="sm-529">
         <name>__aeabi_cdcmpeq</name>
         <value>0x5ac5</value>
         <object_component_ref idref="oc-138"/>
      </symbol>
      <symbol id="sm-52a">
         <name>__aeabi_cdcmple</name>
         <value>0x5ac5</value>
         <object_component_ref idref="oc-138"/>
      </symbol>
      <symbol id="sm-52b">
         <name>__aeabi_cdrcmple</name>
         <value>0x5b4b</value>
         <object_component_ref idref="oc-1a3"/>
      </symbol>
      <symbol id="sm-53f">
         <name>__aeabi_ddiv</name>
         <value>0x4fa5</value>
         <object_component_ref idref="oc-121"/>
      </symbol>
      <symbol id="sm-54a">
         <name>__aeabi_dmul</name>
         <value>0x5515</value>
         <object_component_ref idref="oc-e2"/>
      </symbol>
      <symbol id="sm-554">
         <name>__aeabi_d2iz</name>
         <value>0x5fad</value>
         <object_component_ref idref="oc-ec"/>
      </symbol>
      <symbol id="sm-560">
         <name>__aeabi_d2f</name>
         <value>0x5d2b</value>
         <object_component_ref idref="oc-1ed"/>
      </symbol>
      <symbol id="sm-56b">
         <name>__aeabi_f2d</name>
         <value>0x6131</value>
         <object_component_ref idref="oc-1b1"/>
      </symbol>
      <symbol id="sm-575">
         <name>__aeabi_i2d</name>
         <value>0x6201</value>
         <object_component_ref idref="oc-d7"/>
      </symbol>
      <symbol id="sm-590">
         <name>memcpy</name>
         <value>0x5993</value>
         <object_component_ref idref="oc-3e"/>
      </symbol>
      <symbol id="sm-591">
         <name>__aeabi_memcpy</name>
         <value>0x5993</value>
         <object_component_ref idref="oc-3e"/>
      </symbol>
      <symbol id="sm-592">
         <name>__aeabi_memcpy8</name>
         <value>0x5993</value>
         <object_component_ref idref="oc-3e"/>
      </symbol>
      <symbol id="sm-593">
         <name>__aeabi_memcpy4</name>
         <value>0x5993</value>
         <object_component_ref idref="oc-3e"/>
      </symbol>
      <symbol id="sm-5a2">
         <name>__aeabi_memset</name>
         <value>0x5bd3</value>
         <object_component_ref idref="oc-96"/>
      </symbol>
      <symbol id="sm-5a3">
         <name>memset</name>
         <value>0x5bd9</value>
         <object_component_ref idref="oc-96"/>
      </symbol>
      <symbol id="sm-5a4">
         <name>__aeabi_memset8</name>
         <value>0x5bd3</value>
         <object_component_ref idref="oc-96"/>
      </symbol>
      <symbol id="sm-5a5">
         <name>__aeabi_memset4</name>
         <value>0x5bd3</value>
         <object_component_ref idref="oc-96"/>
      </symbol>
      <symbol id="sm-5a6">
         <name>__aeabi_memclr8</name>
         <value>0x5bd1</value>
         <object_component_ref idref="oc-96"/>
      </symbol>
      <symbol id="sm-5a7">
         <name>__aeabi_memclr4</name>
         <value>0x5bd1</value>
         <object_component_ref idref="oc-96"/>
      </symbol>
      <symbol id="sm-5a8">
         <name>__aeabi_memclr</name>
         <value>0x5bd1</value>
         <object_component_ref idref="oc-96"/>
      </symbol>
      <symbol id="sm-5c1">
         <name>__TI_zero_init_nomemset</name>
         <value>0x6259</value>
         <object_component_ref idref="oc-4a"/>
      </symbol>
      <symbol id="sm-5d8">
         <name>__TI_decompress_none</name>
         <value>0x6397</value>
         <object_component_ref idref="oc-1b"/>
      </symbol>
      <symbol id="sm-5fb">
         <name>__TI_decompress_lzss</name>
         <value>0x5d99</value>
         <object_component_ref idref="oc-15"/>
      </symbol>
      <symbol id="sm-690">
         <name>_sys_memory</name>
         <value>0x20001270</value>
         <object_component_ref idref="oc-24"/>
      </symbol>
      <symbol id="sm-691">
         <name>free</name>
         <value>0x57fd</value>
         <object_component_ref idref="oc-1d4"/>
      </symbol>
      <symbol id="sm-692">
         <name>memalign</name>
         <value>0x5415</value>
         <object_component_ref idref="oc-391"/>
      </symbol>
      <symbol id="sm-693">
         <name>calloc</name>
         <value>0x60f9</value>
         <object_component_ref idref="oc-1ce"/>
      </symbol>
      <symbol id="sm-694">
         <name>malloc</name>
         <value>0x63d1</value>
         <object_component_ref idref="oc-2ad"/>
      </symbol>
      <symbol id="sm-695">
         <name>aligned_alloc</name>
         <value>0x5415</value>
         <object_component_ref idref="oc-391"/>
      </symbol>
      <symbol id="sm-6a4">
         <name>strcmp</name>
         <value>0x630f</value>
         <object_component_ref idref="oc-1e1"/>
      </symbol>
      <symbol id="sm-6b2">
         <name>strcpy</name>
         <value>0x633d</value>
         <object_component_ref idref="oc-207"/>
      </symbol>
      <symbol id="sm-718">
         <name>__kernel_rem_pio2</name>
         <value>0x22ad</value>
         <object_component_ref idref="oc-21e"/>
      </symbol>
      <symbol id="sm-72b">
         <name>__stack</name>
         <value>0x20000270</value>
         <object_component_ref idref="oc-27"/>
      </symbol>
      <symbol id="sm-72c">
         <name>_c_int00_noargs</name>
         <value>0x619d</value>
         <object_component_ref idref="oc-5c"/>
      </symbol>
      <symbol id="sm-742">
         <name>__aeabi_errno_addr</name>
         <value>0x63c9</value>
         <object_component_ref idref="oc-18b"/>
      </symbol>
      <symbol id="sm-743">
         <name>errno</name>
         <value>0x20001738</value>
         <object_component_ref idref="oc-276"/>
      </symbol>
      <symbol id="sm-74d">
         <name>copysign</name>
         <value>0x62ad</value>
         <object_component_ref idref="oc-285"/>
      </symbol>
      <symbol id="sm-74e">
         <name>copysignl</name>
         <value>0x62ad</value>
         <object_component_ref idref="oc-285"/>
      </symbol>
      <symbol id="sm-76d">
         <name>__kernel_tan</name>
         <value>0x39d5</value>
         <object_component_ref idref="oc-224"/>
      </symbol>
      <symbol id="sm-78a">
         <name>floorl</name>
         <value>0x5611</value>
         <object_component_ref idref="oc-2ef"/>
      </symbol>
      <symbol id="sm-78b">
         <name>floor</name>
         <value>0x5611</value>
         <object_component_ref idref="oc-2ef"/>
      </symbol>
      <symbol id="sm-8f0">
         <name>__TI_printfi</name>
         <value>0xe8d</value>
         <object_component_ref idref="oc-22c"/>
      </symbol>
      <symbol id="sm-8fd">
         <name>__aeabi_uldivmod</name>
         <value>0x5a2f</value>
         <object_component_ref idref="oc-3b6"/>
      </symbol>
      <symbol id="sm-925">
         <name>__TI_auto_init_nobinit_nopinit</name>
         <value>0x5ff5</value>
         <object_component_ref idref="oc-156"/>
      </symbol>
      <symbol id="sm-92f">
         <name>_system_pre_init</name>
         <value>0x63d9</value>
         <object_component_ref idref="oc-9c"/>
      </symbol>
      <symbol id="sm-93b">
         <name>C$$EXIT</name>
         <value>0x63dd</value>
         <object_component_ref idref="oc-14a"/>
      </symbol>
      <symbol id="sm-93c">
         <name>abort</name>
         <value>0x63dd</value>
         <object_component_ref idref="oc-14a"/>
      </symbol>
      <symbol id="sm-951">
         <name>_nop</name>
         <value>0x18db</value>
         <object_component_ref idref="oc-34f"/>
      </symbol>
      <symbol id="sm-952">
         <name>_lock</name>
         <value>0x20001720</value>
         <object_component_ref idref="oc-25a"/>
      </symbol>
      <symbol id="sm-953">
         <name>_unlock</name>
         <value>0x20001724</value>
         <object_component_ref idref="oc-25a"/>
      </symbol>
      <symbol id="sm-962">
         <name>__TI_ltoa</name>
         <value>0x5ebb</value>
         <object_component_ref idref="oc-3bc"/>
      </symbol>
      <symbol id="sm-979">
         <name>atoi</name>
         <value>0x5f61</value>
         <object_component_ref idref="oc-308"/>
      </symbol>
      <symbol id="sm-984">
         <name>_ctypes_</name>
         <value>0x6538</value>
         <object_component_ref idref="oc-3b1"/>
      </symbol>
      <symbol id="sm-994">
         <name>memccpy</name>
         <value>0x6291</value>
         <object_component_ref idref="oc-32c"/>
      </symbol>
      <symbol id="sm-9a4">
         <name>strchr</name>
         <value>0x6327</value>
         <object_component_ref idref="oc-3e3"/>
      </symbol>
      <symbol id="sm-9b2">
         <name>strlen</name>
         <value>0x6351</value>
         <object_component_ref idref="oc-302"/>
      </symbol>
      <symbol id="sm-9cb">
         <name>wcslen</name>
         <value>0x6365</value>
         <object_component_ref idref="oc-332"/>
      </symbol>
      <symbol id="sm-9e1">
         <name>frexpl</name>
         <value>0x5e01</value>
         <object_component_ref idref="oc-3dd"/>
      </symbol>
      <symbol id="sm-9e2">
         <name>frexp</name>
         <value>0x5e01</value>
         <object_component_ref idref="oc-3dd"/>
      </symbol>
      <symbol id="sm-9ec">
         <name>__aeabi_idiv0</name>
         <value>0x4ba7</value>
         <object_component_ref idref="oc-422"/>
      </symbol>
      <symbol id="sm-9ed">
         <name>__aeabi_ldiv0</name>
         <value>0x4ba7</value>
         <object_component_ref idref="oc-422"/>
      </symbol>
      <symbol id="sm-a1c">
         <name>IntRegister</name>
         <value>0x6169</value>
         <object_component_ref idref="oc-1be"/>
      </symbol>
      <symbol id="sm-a1d">
         <name>g_pfnRAMVectors</name>
         <value>0x20000000</value>
         <object_component_ref idref="oc-299"/>
      </symbol>
      <symbol id="sm-a1e">
         <name>IntMasterEnable</name>
         <value>0x6377</value>
         <object_component_ref idref="oc-1c4"/>
      </symbol>
      <symbol id="sm-a28">
         <name>CPUcpsie</name>
         <value>0x63a5</value>
         <object_component_ref idref="oc-2a3"/>
      </symbol>
      <symbol id="sm-a29">
         <name>__TI_static_base__</name>
         <value>0x0</value>
      </symbol>
      <symbol id="sm-a2c">
         <name>__mpu_init</name>
         <value>0x0</value>
      </symbol>
      <symbol id="sm-a2d">
         <name>_system_post_cinit</name>
         <value>0x0</value>
      </symbol>
   </symbol_table>
   <title>Link successful</title>
</link_info>
