******************************************************************************
                  TI ARM Linker PC v20.2.7                     
******************************************************************************
>> Linked Thu Oct 17 13:42:19 2024

OUTPUT FILE NAME:   <lab_7.out>
ENTRY POINT SYMBOL: "_c_int00_noargs"  address: 00002d71


MEMORY CONFIGURATION

         name            origin    length      used     unused   attr    fill
----------------------  --------  ---------  --------  --------  ----  --------
  FLASH                 00000000   00040000  00003075  0003cf8b  R  X
  SRAM                  20000000   00008000  00000ae6  0000751a  RW X


SEGMENT ALLOCATION MAP

run origin  load origin   length   init length attrs members
----------  ----------- ---------- ----------- ----- -------
00000000    00000000    00003078   00003078    r-x
  00000000    00000000    0000026c   0000026c    r-- .intvecs
  0000026c    0000026c    00002cc0   00002cc0    r-x .text
  00002f2c    00002f2c    00000109   00000109    r-- .const
  00003038    00003038    00000040   00000040    r-- .cinit
20000000    20000000    00000aed   00000000    rw-
  20000000    20000000    0000026c   00000000    rw- .vtable
  20000270    20000270    00000800   00000000    rw- .stack
  20000a70    20000a70    00000071   00000000    rw- .bss
  20000ae4    20000ae4    00000009   00000000    rw- .data


SECTION ALLOCATION MAP

 output                                  attributes/
section   page    origin      length       input sections
--------  ----  ----------  ----------   ----------------
.intvecs   0    00000000    0000026c     
                  00000000    0000026c     tm4c123gh6pm_startup_ccs.obj (.intvecs)

.text      0    0000026c    00002cc0     
                  0000026c    00000a4e     rtsv7M4_T_le_v4SPD16_eabi.lib : _printfi.c.obj (.text:__TI_printfi)
                  00000cba    00000002                                   : div0.asm.obj (.text)
                  00000cbc    00000328     lcd.obj (.text)
                  00000fe4    00000270     rtsv7M4_T_le_v4SPD16_eabi.lib : _printfi.c.obj (.text:_pconv_a)
                  00001254    00000260     libcybotScan.lib : cyBot_Scan.obj (.text)
                  000014b4    00000248     Timer.obj (.text)
                  000016fc    000001ec     libcybotScan.lib : ping.obj (.text)
                  000018e8    000001d0     rtsv7M4_T_le_v4SPD16_eabi.lib : _printfi.c.obj (.text:_pconv_g)
                  00001ab8    000001b6                                   : fd_add_t2.asm.obj (.text)
                  00001c6e    00000002     --HOLE-- [fill = 0]
                  00001c70    00000168     uart.obj (.text)
                  00001dd8    00000158     libcybotScan.lib : servo.obj (.text)
                  00001f30    0000013c     rtsv7M4_T_le_v4SPD16_eabi.lib : _printfi.c.obj (.text:_pconv_e)
                  0000206c    00000136                                   : fd_div_t2.asm.obj (.text)
                  000021a2    00000002     --HOLE-- [fill = 0]
                  000021a4    00000124                                   : _printfi.c.obj (.text:fcvt)
                  000022c8    00000118     libcybotScan.lib : ir.obj (.text)
                  000023e0    00000110     rtsv7M4_T_le_v4SPD16_eabi.lib : s_scalbn.c.obj (.text:scalbn)
                  000024f0    000000fc                                   : fd_mul_t2.asm.obj (.text)
                  000025ec    000000b1                                   : _printfi.c.obj (.text:_ltostr)
                  0000269d    00000001     --HOLE-- [fill = 0]
                  0000269e    0000009c                                   : memcpy_t2.asm.obj (.text)
                  0000273a    00000096                                   : ull_div_t2.asm.obj (.text)
                  000027d0    00000086                                   : fd_cmp_t2.asm.obj (.text:__aeabi_cdcmple)
                  00002856    00000086                                   : fd_cmp_t2.asm.obj (.text:__aeabi_cdrcmple)
                  000028dc    0000007a                                   : memset_t2.asm.obj (.text)
                  00002956    0000006e                                   : _printfi.c.obj (.text:_mcpy)
                  000029c4    00000068                                   : copy_decompress_lzss.c.obj (.text:decompress:lzss:__TI_decompress_lzss)
                  00002a2c    00000064                                   : s_frexp.c.obj (.text:frexp)
                  00002a90    00000056                                   : _printfi.c.obj (.text:_pconv_f)
                  00002ae6    00000054                                   : _ltoa.c.obj (.text:__TI_ltoa)
                  00002b3a    00000002     --HOLE-- [fill = 0]
                  00002b3c    00000054     main.obj (.text)
                  00002b90    00000052     rtsv7M4_T_le_v4SPD16_eabi.lib : _printfi.c.obj (.text:_ecpy)
                  00002be2    00000002     --HOLE-- [fill = 0]
                  00002be4    0000004c                                   : atoi.c.obj (.text:atoi)
                  00002c30    00000048                                   : fd_toi_t2.asm.obj (.text)
                  00002c78    00000044                                   : autoinit.c.obj (.text:__TI_auto_init_nobinit_nopinit:__TI_auto_init_nobinit_nopinit)
                  00002cbc    00000040                                   : vsnprintf.c.obj (.text:vsnprintf)
                  00002cfc    0000003e                                   : _printfi.c.obj (.text:_fcpy)
                  00002d3a    00000002     --HOLE-- [fill = 0]
                  00002d3c    00000034     driverlib.lib : interrupt.obj (.text:IntRegister)
                  00002d70    00000034     rtsv7M4_T_le_v4SPD16_eabi.lib : boot_cortex_m.c.obj (.text:_c_int00_noargs:_c_int00_noargs)
                  00002da4    00000030                                   : vsnprintf.c.obj (.text:_outs)
                  00002dd4    0000002e                                   : i_tofd_t2.asm.obj (.text)
                  00002e02    0000001c                                   : copy_zero_init.c.obj (.text:decompress:ZI:__TI_zero_init_nomemset:__TI_zero_init_nomemset)
                  00002e1e    0000001c                                   : memccpy.c.obj (.text:memccpy)
                  00002e3a    0000001a                                   : s_copysign.c.obj (.text:copysign)
                  00002e54    00000018                                   : vsnprintf.c.obj (.text:_outc)
                  00002e6c    00000018                                   : strcmp.c.obj (.text:strcmp)
                  00002e84    00000016                                   : strchr.c.obj (.text:strchr)
                  00002e9a    00000014                                   : strcpy.c.obj (.text:strcpy)
                  00002eae    00000014                                   : strlen.c.obj (.text:strlen)
                  00002ec2    00000012                                   : wcslen.c.obj (.text:wcslen)
                  00002ed4    00000010     driverlib.lib : interrupt.obj (.text:IntMasterEnable)
                  00002ee4    00000010     lcd.obj (.text:lcd_clear)
                  00002ef4    0000000e     rtsv7M4_T_le_v4SPD16_eabi.lib : copy_decompress_none.c.obj (.text:decompress:none:__TI_decompress_none)
                  00002f02    0000000c     driverlib.lib : cpu.obj (.text:CPUcpsie)
                  00002f0e    0000000c     tm4c123gh6pm_startup_ccs.obj (.text)
                  00002f1a    00000002     --HOLE-- [fill = 0]
                  00002f1c    00000008     rtsv7M4_T_le_v4SPD16_eabi.lib : errno.c.obj (.text:__aeabi_errno_addr)
                  00002f24    00000004                                   : pre_init.c.obj (.text:_system_pre_init)
                  00002f28    00000004                                   : exit.c.obj (.text:abort:abort)

.const     0    00002f2c    00000109     
                  00002f2c    00000101     rtsv7M4_T_le_v4SPD16_eabi.lib : ctype.c.obj (.const:.string:_ctypes_)
                  0000302d    00000004     lcd.obj (.const:.string:lineAddress$1)
                  00003031    00000004     lcd.obj (.const:.string:lineAddresses$2)

.cinit     0    00003038    00000040     
                  00003038    0000000c     (__TI_handler_table)
                  00003044    00000004     --HOLE-- [fill = 0]
                  00003048    00000008     (.cinit..bss.load) [load image, compression = zero_init]
                  00003050    00000008     (.cinit..vtable.load) [load image, compression = zero_init]
                  00003058    00000007     (.cinit..data.load) [load image, compression = lzss]
                  0000305f    00000001     --HOLE-- [fill = 0]
                  00003060    00000018     (__TI_cinit_table)

.init_array 
*          0    00000000    00000000     UNINITIALIZED

.vtable    0    20000000    0000026c     UNINITIALIZED
                  20000000    0000026c     driverlib.lib : interrupt.obj (.vtable)

.bss       0    20000a70    00000071     UNINITIALIZED
                  20000a70    00000054     lcd.obj (.bss:lastbuffer$3)
                  20000ac4    00000004     (.common:_timeout_ticks)
                  20000ac8    00000004     (.common:fallingEdge)
                  20000acc    00000004     (.common:isr_int_value)
                  20000ad0    00000004     (.common:left_calibration_value)
                  20000ad4    00000004     (.common:pulseLength)
                  20000ad8    00000004     (.common:right_calibration_value)
                  20000adc    00000004     (.common:risingEdge)
                  20000ae0    00000001     (.common:isRisingEdge)

.data      0    20000ae4    00000009     UNINITIALIZED
                  20000ae4    00000004     libcybotScan.lib : cyBot_Scan.obj (.data)
                  20000ae8    00000004     rtsv7M4_T_le_v4SPD16_eabi.lib : errno.c.obj (.data)
                  20000aec    00000001     Timer.obj (.data)

.stack     0    20000270    00000800     UNINITIALIZED
                  20000270    00000004     rtsv7M4_T_le_v4SPD16_eabi.lib : boot_cortex_m.c.obj (.stack)
                  20000274    000007fc     --HOLE--

__llvm_prf_cnts 
*          0    20000000    00000000     UNINITIALIZED

MODULE SUMMARY

       Module                         code    ro data   rw data
       ------                         ----    -------   -------
    .\
       lcd.obj                        824     8         84     
       tm4c123gh6pm_startup_ccs.obj   12      620       0      
       Timer.obj                      584     0         5      
       uart.obj                       360     0         0      
       main.obj                       84      0         8      
    +--+------------------------------+-------+---------+---------+
       Total:                         1864    628       97     
                                                               
    ../libcybotScan.lib
       cyBot_Scan.obj                 608     0         4      
       ping.obj                       492     0         13     
       servo.obj                      344     0         0      
       ir.obj                         280     0         4      
    +--+------------------------------+-------+---------+---------+
       Total:                         1724    0         21     
                                                               
    C:/ti/TivaWare_C_Series-2.2.0.295/driverlib/ccs/Debug/driverlib.lib
       interrupt.obj                  68      0         620    
       cpu.obj                        12      0         0      
    +--+------------------------------+-------+---------+---------+
       Total:                         80      0         620    
                                                               
    C:\ti\ccs1271\ccs\tools\compiler\ti-cgt-arm_20.2.7.LTS\lib\rtsv7M4_T_le_v4SPD16_eabi.lib
       _printfi.c.obj                 4851    0         0      
       fd_add_t2.asm.obj              438     0         0      
       fd_div_t2.asm.obj              310     0         0      
       s_scalbn.c.obj                 272     0         0      
       fd_cmp_t2.asm.obj              268     0         0      
       ctype.c.obj                    0       257       0      
       fd_mul_t2.asm.obj              252     0         0      
       memcpy_t2.asm.obj              156     0         0      
       ull_div_t2.asm.obj             150     0         0      
       vsnprintf.c.obj                136     0         0      
       memset_t2.asm.obj              122     0         0      
       copy_decompress_lzss.c.obj     104     0         0      
       s_frexp.c.obj                  100     0         0      
       _ltoa.c.obj                    84      0         0      
       atoi.c.obj                     76      0         0      
       fd_toi_t2.asm.obj              72      0         0      
       autoinit.c.obj                 68      0         0      
       boot_cortex_m.c.obj            52      0         0      
       i_tofd_t2.asm.obj              46      0         0      
       copy_zero_init.c.obj           28      0         0      
       memccpy.c.obj                  28      0         0      
       s_copysign.c.obj               26      0         0      
       strcmp.c.obj                   24      0         0      
       strchr.c.obj                   22      0         0      
       strcpy.c.obj                   20      0         0      
       strlen.c.obj                   20      0         0      
       wcslen.c.obj                   18      0         0      
       copy_decompress_none.c.obj     14      0         0      
       errno.c.obj                    8       0         4      
       exit.c.obj                     4       0         0      
       pre_init.c.obj                 4       0         0      
       div0.asm.obj                   2       0         0      
    +--+------------------------------+-------+---------+---------+
       Total:                         7775    257       4      
                                                               
       Stack:                         0       0         2048   
       Linker Generated:              0       59        0      
    +--+------------------------------+-------+---------+---------+
       Grand Total:                   11443   944       2790   


LINKER GENERATED COPY TABLES

__TI_cinit_table @ 00003060 records: 3, size/record: 8, table size: 24
	.bss: load addr=00003048, load size=00000008 bytes, run addr=20000a70, run size=00000071 bytes, compression=zero_init
	.vtable: load addr=00003050, load size=00000008 bytes, run addr=20000000, run size=0000026c bytes, compression=zero_init
	.data: load addr=00003058, load size=00000007 bytes, run addr=20000ae4, run size=00000009 bytes, compression=lzss


LINKER GENERATED HANDLER TABLE

__TI_handler_table @ 00003038 records: 3, size/record: 4, table size: 12
	index: 0, handler: __TI_zero_init
	index: 1, handler: __TI_decompress_lzss
	index: 2, handler: __TI_decompress_none


GLOBAL SYMBOLS: SORTED ALPHABETICALLY BY Name 

address   name                          
-------   ----                          
00002361  ADC0SS0_Handler               
00002f29  C$$EXIT                       
00002f03  CPUcpsie                      
00002ed5  IntMasterEnable               
00002d3d  IntRegister                   
00002f0f  ResetISR                      
000017ed  TIMER3B_Handler               
20000a70  __STACK_END                   
00000800  __STACK_SIZE                  
20000470  __STACK_TOP                   
00003060  __TI_CINIT_Base               
00003078  __TI_CINIT_Limit              
00003038  __TI_Handler_Table_Base       
00003044  __TI_Handler_Table_Limit      
00002c79  __TI_auto_init_nobinit_nopinit
000029c5  __TI_decompress_lzss          
00002ef5  __TI_decompress_none          
00002ae7  __TI_ltoa                     
ffffffff  __TI_pprof_out_hndl           
0000026d  __TI_printfi                  
ffffffff  __TI_prof_data_size           
ffffffff  __TI_prof_data_start          
00000000  __TI_static_base__            
00002e03  __TI_zero_init_nomemset       
000027d1  __aeabi_cdcmpeq               
000027d1  __aeabi_cdcmple               
00002857  __aeabi_cdrcmple              
00002c31  __aeabi_d2iz                  
00001ac3  __aeabi_dadd                  
0000206d  __aeabi_ddiv                  
000024f1  __aeabi_dmul                  
00001ab9  __aeabi_dsub                  
00002f1d  __aeabi_errno_addr            
00002dd5  __aeabi_i2d                   
00000cbb  __aeabi_idiv0                 
00000cbb  __aeabi_ldiv0                 
000028dd  __aeabi_memclr                
000028dd  __aeabi_memclr4               
000028dd  __aeabi_memclr8               
0000269f  __aeabi_memcpy                
0000269f  __aeabi_memcpy4               
0000269f  __aeabi_memcpy8               
000028df  __aeabi_memset                
000028df  __aeabi_memset4               
000028df  __aeabi_memset8               
0000273b  __aeabi_uldivmod              
ffffffff  __binit__                     
ffffffff  __c_args__                    
UNDEFED   __mpu_init                    
20000270  __stack                       
20000000  __start___llvm_prf_cnts       
20000000  __stop___llvm_prf_cnts        
00002d71  _c_int00_noargs               
00002f2c  _ctypes_                      
20000aec  _running                      
UNDEFED   _system_post_cinit            
00002f25  _system_pre_init              
20000ac4  _timeout_ticks                
00002f29  abort                         
00002be5  atoi                          
ffffffff  binit                         
00002e3b  copysign                      
00002e3b  copysignl                     
0000132d  cyBOT_SERVO_cal               
000012bb  cyBOT_Scan                    
00001263  cyBOT_init_Scan               
20000ae4  cyBOT_scan_features           
00001255  cyBOT_scan_version            
20000ae8  errno                         
20000ac8  fallingEdge                   
00002a2d  frexp                         
00002a2d  frexpl                        
20000000  g_pfnRAMVectors               
00000000  g_pfnVectors                  
00002377  ir_enableInterrupt            
00002359  ir_getDistance                
00002331  ir_getValue                   
000022c9  ir_init                       
20000ae0  isRisingEdge                  
20000acc  isr_int_value                 
00002ee5  lcd_clear                     
00000e91  lcd_gotoLine                  
00000cf9  lcd_init                      
00000ef7  lcd_printf                    
00000db9  lcd_putc                      
00000df1  lcd_puts                      
00000cbd  lcd_reverseNibble             
00000e0f  lcd_sendCommand               
00000e4d  lcd_sendNibble                
00000eb9  lcd_setCursorPos              
000023e1  ldexp                         
000023e1  ldexpl                        
20000ad0  left_calibration_value        
00002b3d  main                          
00002e1f  memccpy                       
0000269f  memcpy                        
000028e5  memset                        
0000183f  ping_getDistance              
000016fd  ping_init                     
00001783  ping_trigger                  
20000ad4  pulseLength                   
20000ad8  right_calibration_value       
20000adc  risingEdge                    
000023e1  scalbn                        
000023e1  scalbnl                       
00001dd9  servo_init                    
00001e69  servo_move                    
00001ec9  servo_setPWM                  
00001e5d  servo_stop                    
00002e85  strchr                        
00002e6d  strcmp                        
00002e9b  strcpy                        
00002eaf  strlen                        
000015d3  timer_getMicros               
0000157b  timer_getMillis               
000014b5  timer_init                    
00001557  timer_pause                   
00001569  timer_resume                  
0000152d  timer_stop                    
0000162d  timer_waitMicros              
0000165f  timer_waitMillis              
00001c71  uart_init                     
00001d2f  uart_receive                  
00001d55  uart_receive_nonblocking      
00001d13  uart_sendChar                 
00001d7f  uart_sendStr                  
00002cbd  vsnprintf                     
00002ec3  wcslen                        


GLOBAL SYMBOLS: SORTED BY Symbol Address 

address   name                          
-------   ----                          
00000000  __TI_static_base__            
00000000  g_pfnVectors                  
0000026d  __TI_printfi                  
00000800  __STACK_SIZE                  
00000cbb  __aeabi_idiv0                 
00000cbb  __aeabi_ldiv0                 
00000cbd  lcd_reverseNibble             
00000cf9  lcd_init                      
00000db9  lcd_putc                      
00000df1  lcd_puts                      
00000e0f  lcd_sendCommand               
00000e4d  lcd_sendNibble                
00000e91  lcd_gotoLine                  
00000eb9  lcd_setCursorPos              
00000ef7  lcd_printf                    
00001255  cyBOT_scan_version            
00001263  cyBOT_init_Scan               
000012bb  cyBOT_Scan                    
0000132d  cyBOT_SERVO_cal               
000014b5  timer_init                    
0000152d  timer_stop                    
00001557  timer_pause                   
00001569  timer_resume                  
0000157b  timer_getMillis               
000015d3  timer_getMicros               
0000162d  timer_waitMicros              
0000165f  timer_waitMillis              
000016fd  ping_init                     
00001783  ping_trigger                  
000017ed  TIMER3B_Handler               
0000183f  ping_getDistance              
00001ab9  __aeabi_dsub                  
00001ac3  __aeabi_dadd                  
00001c71  uart_init                     
00001d13  uart_sendChar                 
00001d2f  uart_receive                  
00001d55  uart_receive_nonblocking      
00001d7f  uart_sendStr                  
00001dd9  servo_init                    
00001e5d  servo_stop                    
00001e69  servo_move                    
00001ec9  servo_setPWM                  
0000206d  __aeabi_ddiv                  
000022c9  ir_init                       
00002331  ir_getValue                   
00002359  ir_getDistance                
00002361  ADC0SS0_Handler               
00002377  ir_enableInterrupt            
000023e1  ldexp                         
000023e1  ldexpl                        
000023e1  scalbn                        
000023e1  scalbnl                       
000024f1  __aeabi_dmul                  
0000269f  __aeabi_memcpy                
0000269f  __aeabi_memcpy4               
0000269f  __aeabi_memcpy8               
0000269f  memcpy                        
0000273b  __aeabi_uldivmod              
000027d1  __aeabi_cdcmpeq               
000027d1  __aeabi_cdcmple               
00002857  __aeabi_cdrcmple              
000028dd  __aeabi_memclr                
000028dd  __aeabi_memclr4               
000028dd  __aeabi_memclr8               
000028df  __aeabi_memset                
000028df  __aeabi_memset4               
000028df  __aeabi_memset8               
000028e5  memset                        
000029c5  __TI_decompress_lzss          
00002a2d  frexp                         
00002a2d  frexpl                        
00002ae7  __TI_ltoa                     
00002b3d  main                          
00002be5  atoi                          
00002c31  __aeabi_d2iz                  
00002c79  __TI_auto_init_nobinit_nopinit
00002cbd  vsnprintf                     
00002d3d  IntRegister                   
00002d71  _c_int00_noargs               
00002dd5  __aeabi_i2d                   
00002e03  __TI_zero_init_nomemset       
00002e1f  memccpy                       
00002e3b  copysign                      
00002e3b  copysignl                     
00002e6d  strcmp                        
00002e85  strchr                        
00002e9b  strcpy                        
00002eaf  strlen                        
00002ec3  wcslen                        
00002ed5  IntMasterEnable               
00002ee5  lcd_clear                     
00002ef5  __TI_decompress_none          
00002f03  CPUcpsie                      
00002f0f  ResetISR                      
00002f1d  __aeabi_errno_addr            
00002f25  _system_pre_init              
00002f29  C$$EXIT                       
00002f29  abort                         
00002f2c  _ctypes_                      
00003038  __TI_Handler_Table_Base       
00003044  __TI_Handler_Table_Limit      
00003060  __TI_CINIT_Base               
00003078  __TI_CINIT_Limit              
20000000  __start___llvm_prf_cnts       
20000000  __stop___llvm_prf_cnts        
20000000  g_pfnRAMVectors               
20000270  __stack                       
20000470  __STACK_TOP                   
20000a70  __STACK_END                   
20000ac4  _timeout_ticks                
20000ac8  fallingEdge                   
20000acc  isr_int_value                 
20000ad0  left_calibration_value        
20000ad4  pulseLength                   
20000ad8  right_calibration_value       
20000adc  risingEdge                    
20000ae0  isRisingEdge                  
20000ae4  cyBOT_scan_features           
20000ae8  errno                         
20000aec  _running                      
ffffffff  __TI_pprof_out_hndl           
ffffffff  __TI_prof_data_size           
ffffffff  __TI_prof_data_start          
ffffffff  __binit__                     
ffffffff  __c_args__                    
ffffffff  binit                         
UNDEFED   __mpu_init                    
UNDEFED   _system_post_cinit            

[128 symbols]
