******************************************************************************
                  TI ARM Linker PC v20.2.7                     
******************************************************************************
>> Linked Thu Oct 31 03:20:47 2024

OUTPUT FILE NAME:   <lab_7.out>
ENTRY POINT SYMBOL: "_c_int00_noargs"  address: 00005e15


MEMORY CONFIGURATION

         name            origin    length      used     unused   attr    fill
----------------------  --------  ---------  --------  --------  ----  --------
  FLASH                 00000000   00040000  000063cb  00039c35  R  X
  SRAM                  20000000   00008000  0000172e  000068d2  RW X


SEGMENT ALLOCATION MAP

run origin  load origin   length   init length attrs members
----------  ----------- ---------- ----------- ----- -------
00000000    00000000    000063d0   000063d0    r-x
  00000000    00000000    0000026c   0000026c    r-- .intvecs
  0000026c    0000026c    00005dec   00005dec    r-x .text
  00006058    00006058    00000323   00000323    r-- .const
  00006380    00006380    00000050   00000050    r-- .cinit
20000000    20000000    00001735   00000000    rw-
  20000000    20000000    0000026c   00000000    rw- .vtable
  20000270    20000270    00001000   00000000    rw- .stack
  20001270    20001270    00000400   00000000    rw- .sysmem
  20001670    20001670    00000089   00000000    rw- .bss
  200016fc    200016fc    00000039   00000000    rw- .data


SECTION ALLOCATION MAP

 output                                  attributes/
section   page    origin      length       input sections
--------  ----  ----------  ----------   ----------------
.intvecs   0    00000000    0000026c     
                  00000000    0000026c     tm4c123gh6pm_startup_ccs.obj (.intvecs)

.text      0    0000026c    00005dec     
                  0000026c    00000c20     open_interface.obj (.text)
                  00000e8c    00000a4e     rtsv7M4_T_le_v4SPD16_eabi.lib : _printfi.c.obj (.text:__TI_printfi)
                  000018da    00000002                                   : _lock.c.obj (.text:_nop)
                  000018dc    000009d0                                   : e_pow.c.obj (.text:pow)
                  000022ac    00000738                                   : k_rem_pio2.c.obj (.text:__kernel_rem_pio2)
                  000029e4    00000508                                   : s_tan.c.obj (.text:tan)
                  00002eec    00000430     main.obj (.text)
                  0000331c    00000328     lcd.obj (.text)
                  00003644    0000031c     rtsv7M4_T_le_v4SPD16_eabi.lib : k_tan.c.obj (.text:__kernel_tan)
                  00003960    00000270                                   : _printfi.c.obj (.text:_pconv_a)
                  00003bd0    00000260     libcybotScan.lib : cyBot_Scan.obj (.text)
                  00003e30    00000248     Timer.obj (.text)
                  00004078    000001ec     libcybotScan.lib : ping.obj (.text)
                  00004264    000001d0     rtsv7M4_T_le_v4SPD16_eabi.lib : _printfi.c.obj (.text:_pconv_g)
                  00004434    000001bc     movement.obj (.text)
                  000045f0    000001b6     rtsv7M4_T_le_v4SPD16_eabi.lib : fd_add_t2.asm.obj (.text)
                  000047a6    00000002                                   : div0.asm.obj (.text)
                  000047a8    00000168     uart.obj (.text)
                  00004910    00000158     libcybotScan.lib : servo.obj (.text)
                  00004a68    00000158     rtsv7M4_T_le_v4SPD16_eabi.lib : e_sqrt.c.obj (.text:sqrt)
                  00004bc0    0000013c                                   : _printfi.c.obj (.text:_pconv_e)
                  00004cfc    00000136                                   : fd_div_t2.asm.obj (.text)
                  00004e32    00000002     --HOLE-- [fill = 0]
                  00004e34    00000124                                   : _printfi.c.obj (.text:fcvt)
                  00004f58    00000118     libcybotScan.lib : ir.obj (.text)
                  00005070    00000110     rtsv7M4_T_le_v4SPD16_eabi.lib : s_scalbn.c.obj (.text:scalbn)
                  00005180    00000100                                   : memory.c.obj (.text:aligned_alloc)
                  00005280    000000fc                                   : fd_mul_t2.asm.obj (.text)
                  0000537c    000000f8                                   : s_floor.c.obj (.text:floor)
                  00005474    000000e4                                   : memory.c.obj (.text:free)
                  00005558    000000b1                                   : _printfi.c.obj (.text:_ltostr)
                  00005609    00000001     --HOLE-- [fill = 0]
                  0000560a    0000009c                                   : memcpy_t2.asm.obj (.text)
                  000056a6    00000096                                   : ull_div_t2.asm.obj (.text)
                  0000573c    00000086                                   : fd_cmp_t2.asm.obj (.text:__aeabi_cdcmple)
                  000057c2    00000086                                   : fd_cmp_t2.asm.obj (.text:__aeabi_cdrcmple)
                  00005848    0000007a                                   : memset_t2.asm.obj (.text)
                  000058c2    00000002     --HOLE-- [fill = 0]
                  000058c4    00000070                                   : memory.c.obj (.text:split)
                  00005934    0000006e                                   : _printfi.c.obj (.text:_mcpy)
                  000059a2    0000006e                                   : fd_tos_t2.asm.obj (.text)
                  00005a10    00000068                                   : copy_decompress_lzss.c.obj (.text:decompress:lzss:__TI_decompress_lzss)
                  00005a78    00000064                                   : s_frexp.c.obj (.text:frexp)
                  00005adc    00000056                                   : _printfi.c.obj (.text:_pconv_f)
                  00005b32    00000054                                   : _ltoa.c.obj (.text:__TI_ltoa)
                  00005b86    00000052                                   : _printfi.c.obj (.text:_ecpy)
                  00005bd8    0000004c                                   : atoi.c.obj (.text:atoi)
                  00005c24    00000048                                   : fd_toi_t2.asm.obj (.text)
                  00005c6c    00000044                                   : autoinit.c.obj (.text:__TI_auto_init_nobinit_nopinit:__TI_auto_init_nobinit_nopinit)
                  00005cb0    00000040                                   : sprintf.c.obj (.text:sprintf)
                  00005cf0    00000040                                   : vsnprintf.c.obj (.text:vsnprintf)
                  00005d30    0000003e                                   : _printfi.c.obj (.text:_fcpy)
                  00005d6e    00000002     --HOLE-- [fill = 0]
                  00005d70    00000038                                   : memory.c.obj (.text:calloc)
                  00005da8    00000038                                   : fs_tod_t2.asm.obj (.text)
                  00005de0    00000034     driverlib.lib : interrupt.obj (.text:IntRegister)
                  00005e14    00000034     rtsv7M4_T_le_v4SPD16_eabi.lib : boot_cortex_m.c.obj (.text:_c_int00_noargs:_c_int00_noargs)
                  00005e48    00000030                                   : vsnprintf.c.obj (.text:_outs)
                  00005e78    0000002e                                   : i_tofd_t2.asm.obj (.text)
                  00005ea6    00000002     --HOLE-- [fill = 0]
                  00005ea8    00000028                                   : memory.c.obj (.text:free_list_insert)
                  00005ed0    0000001c                                   : copy_zero_init.c.obj (.text:decompress:ZI:__TI_zero_init_nomemset:__TI_zero_init_nomemset)
                  00005eec    0000001c                                   : memory.c.obj (.text:free_list_remove)
                  00005f08    0000001c                                   : memccpy.c.obj (.text:memccpy)
                  00005f24    0000001a                                   : s_copysign.c.obj (.text:copysign)
                  00005f3e    00000018                                   : vsnprintf.c.obj (.text:_outc)
                  00005f56    00000018                                   : sprintf.c.obj (.text:_outs)
                  00005f6e    00000018     open_interface.obj (.text:oi_parseInt)
                  00005f86    00000018     rtsv7M4_T_le_v4SPD16_eabi.lib : strcmp.c.obj (.text:strcmp)
                  00005f9e    00000016                                   : strchr.c.obj (.text:strchr)
                  00005fb4    00000014                                   : strcpy.c.obj (.text:strcpy)
                  00005fc8    00000014                                   : strlen.c.obj (.text:strlen)
                  00005fdc    00000012                                   : wcslen.c.obj (.text:wcslen)
                  00005fee    00000010     driverlib.lib : interrupt.obj (.text:IntMasterEnable)
                  00005ffe    00000010     lcd.obj (.text:lcd_clear)
                  0000600e    0000000e     rtsv7M4_T_le_v4SPD16_eabi.lib : copy_decompress_none.c.obj (.text:decompress:none:__TI_decompress_none)
                  0000601c    0000000c     driverlib.lib : cpu.obj (.text:CPUcpsie)
                  00006028    0000000c     tm4c123gh6pm_startup_ccs.obj (.text)
                  00006034    0000000a     rtsv7M4_T_le_v4SPD16_eabi.lib : sprintf.c.obj (.text:_outc)
                  0000603e    00000002     --HOLE-- [fill = 0]
                  00006040    00000008                                   : errno.c.obj (.text:__aeabi_errno_addr)
                  00006048    00000008                                   : memory.c.obj (.text:malloc)
                  00006050    00000004                                   : pre_init.c.obj (.text:_system_pre_init)
                  00006054    00000004                                   : exit.c.obj (.text:abort:abort)

.const     0    00006058    00000323     
                  00006058    00000158     rtsv7M4_T_le_v4SPD16_eabi.lib : k_rem_pio2.c.obj (.const:$O1$$)
                  000061b0    00000101                                   : ctype.c.obj (.const:.string:_ctypes_)
                  000062b1    00000004     lcd.obj (.const:.string:lineAddress$1)
                  000062b5    00000003     --HOLE-- [fill = 0]
                  000062b8    00000080     rtsv7M4_T_le_v4SPD16_eabi.lib : k_tan.c.obj (.const:xxx)
                  00006338    00000030                                   : e_pow.c.obj (.const:$O1$$)
                  00006368    0000000f     open_interface.obj (.const:.string:$P$T0$3)
                  00006377    00000004     lcd.obj (.const:.string:lineAddresses$2)

.cinit     0    00006380    00000050     
                  00006380    00000018     (.cinit..data.load) [load image, compression = lzss]
                  00006398    0000000c     (__TI_handler_table)
                  000063a4    00000004     --HOLE-- [fill = 0]
                  000063a8    00000008     (.cinit..bss.load) [load image, compression = zero_init]
                  000063b0    00000008     (.cinit..vtable.load) [load image, compression = zero_init]
                  000063b8    00000018     (__TI_cinit_table)

.init_array 
*          0    00000000    00000000     UNINITIALIZED

.vtable    0    20000000    0000026c     UNINITIALIZED
                  20000000    0000026c     driverlib.lib : interrupt.obj (.vtable)

.stack     0    20000270    00001000     UNINITIALIZED
                  20000270    00000004     rtsv7M4_T_le_v4SPD16_eabi.lib : boot_cortex_m.c.obj (.stack)
                  20000274    00000ffc     --HOLE--

.sysmem    0    20001270    00000400     UNINITIALIZED
                  20001270    00000010     rtsv7M4_T_le_v4SPD16_eabi.lib : memory.c.obj (.sysmem)
                  20001280    000003f0     --HOLE--

.bss       0    20001670    00000089     UNINITIALIZED
                  20001670    00000054     lcd.obj (.bss:lastbuffer$3)
                  200016c4    00000018     open_interface.obj (.bss:firmware$2)
                  200016dc    00000004     (.common:_timeout_ticks)
                  200016e0    00000004     (.common:fallingEdge)
                  200016e4    00000004     (.common:isr_int_value)
                  200016e8    00000004     (.common:left_calibration_value)
                  200016ec    00000004     (.common:pulseLength)
                  200016f0    00000004     (.common:right_calibration_value)
                  200016f4    00000004     (.common:risingEdge)
                  200016f8    00000001     (.common:isRisingEdge)

.data      0    200016fc    00000039     UNINITIALIZED
                  200016fc    00000020     open_interface.obj (.data)
                  2000171c    00000008     rtsv7M4_T_le_v4SPD16_eabi.lib : _lock.c.obj (.data:$O1$$)
                  20001724    00000008                                   : memory.c.obj (.data:$O1$$)
                  2000172c    00000004     libcybotScan.lib : cyBot_Scan.obj (.data)
                  20001730    00000004     rtsv7M4_T_le_v4SPD16_eabi.lib : errno.c.obj (.data)
                  20001734    00000001     Timer.obj (.data)

__llvm_prf_cnts 
*          0    20000000    00000000     UNINITIALIZED

MODULE SUMMARY

       Module                         code    ro data   rw data
       ------                         ----    -------   -------
    .\
       open_interface.obj             3128    15        56     
       main.obj                       1072    0         8      
       lcd.obj                        824     8         84     
       tm4c123gh6pm_startup_ccs.obj   12      620       0      
       Timer.obj                      584     0         5      
       movement.obj                   444     0         0      
       uart.obj                       360     0         0      
    +--+------------------------------+-------+---------+---------+
       Total:                         6424    643       153    
                                                               
    ../libcybotScan.lib
       cyBot_Scan.obj                 608     0         4      
       ping.obj                       492     0         13     
       servo.obj                      344     0         0      
       ir.obj                         280     0         4      
    +--+------------------------------+-------+---------+---------+
       Total:                         1724    0         21     
                                                               
    C:/ti/TivaWare_C_Series-2.2.0.295/driverlib/ccs/Debug/driverlib.lib
       interrupt.obj                  68      0         620    
       cpu.obj                        12      0         0      
    +--+------------------------------+-------+---------+---------+
       Total:                         80      0         620    
                                                               
    C:\ti\ccs1271\ccs\tools\compiler\ti-cgt-arm_20.2.7.LTS\lib\rtsv7M4_T_le_v4SPD16_eabi.lib
       _printfi.c.obj                 4851    0         0      
       e_pow.c.obj                    2512    48        0      
       k_rem_pio2.c.obj               1848    344       0      
       s_tan.c.obj                    1288    0         0      
       k_tan.c.obj                    796     128       0      
       memory.c.obj                   728     0         8      
       fd_add_t2.asm.obj              438     0         0      
       e_sqrt.c.obj                   344     0         0      
       fd_div_t2.asm.obj              310     0         0      
       s_scalbn.c.obj                 272     0         0      
       fd_cmp_t2.asm.obj              268     0         0      
       ctype.c.obj                    0       257       0      
       fd_mul_t2.asm.obj              252     0         0      
       s_floor.c.obj                  248     0         0      
       memcpy_t2.asm.obj              156     0         0      
       ull_div_t2.asm.obj             150     0         0      
       vsnprintf.c.obj                136     0         0      
       memset_t2.asm.obj              122     0         0      
       fd_tos_t2.asm.obj              110     0         0      
       copy_decompress_lzss.c.obj     104     0         0      
       s_frexp.c.obj                  100     0         0      
       sprintf.c.obj                  98      0         0      
       _ltoa.c.obj                    84      0         0      
       atoi.c.obj                     76      0         0      
       fd_toi_t2.asm.obj              72      0         0      
       autoinit.c.obj                 68      0         0      
       fs_tod_t2.asm.obj              56      0         0      
       boot_cortex_m.c.obj            52      0         0      
       i_tofd_t2.asm.obj              46      0         0      
       copy_zero_init.c.obj           28      0         0      
       memccpy.c.obj                  28      0         0      
       s_copysign.c.obj               26      0         0      
       strcmp.c.obj                   24      0         0      
       strchr.c.obj                   22      0         0      
       strcpy.c.obj                   20      0         0      
       strlen.c.obj                   20      0         0      
       wcslen.c.obj                   18      0         0      
       copy_decompress_none.c.obj     14      0         0      
       errno.c.obj                    8       0         4      
       _lock.c.obj                    2       0         8      
       exit.c.obj                     4       0         0      
       pre_init.c.obj                 4       0         0      
       div0.asm.obj                   2       0         0      
    +--+------------------------------+-------+---------+---------+
       Total:                         15805   777       20     
                                                               
       Heap:                          0       0         1024   
       Stack:                         0       0         4096   
       Linker Generated:              0       76        0      
    +--+------------------------------+-------+---------+---------+
       Grand Total:                   24033   1496      5934   


LINKER GENERATED COPY TABLES

__TI_cinit_table @ 000063b8 records: 3, size/record: 8, table size: 24
	.data: load addr=00006380, load size=00000018 bytes, run addr=200016fc, run size=00000039 bytes, compression=lzss
	.bss: load addr=000063a8, load size=00000008 bytes, run addr=20001670, run size=00000089 bytes, compression=zero_init
	.vtable: load addr=000063b0, load size=00000008 bytes, run addr=20000000, run size=0000026c bytes, compression=zero_init


LINKER GENERATED HANDLER TABLE

__TI_handler_table @ 00006398 records: 3, size/record: 4, table size: 12
	index: 0, handler: __TI_zero_init
	index: 1, handler: __TI_decompress_lzss
	index: 2, handler: __TI_decompress_none


GLOBAL SYMBOLS: SORTED ALPHABETICALLY BY Name 

address   name                          
-------   ----                          
00004ff1  ADC0SS0_Handler               
00006055  C$$EXIT                       
0000601d  CPUcpsie                      
00000bc3  GPIOF_Handler                 
00005fef  IntMasterEnable               
00005de1  IntRegister                   
00006029  ResetISR                      
00004169  TIMER3B_Handler               
20001270  __STACK_END                   
00001000  __STACK_SIZE                  
20000470  __STACK_TOP                   
00000400  __SYSMEM_SIZE                 
000063b8  __TI_CINIT_Base               
000063d0  __TI_CINIT_Limit              
00006398  __TI_Handler_Table_Base       
000063a4  __TI_Handler_Table_Limit      
00005c6d  __TI_auto_init_nobinit_nopinit
00005a11  __TI_decompress_lzss          
0000600f  __TI_decompress_none          
00005b33  __TI_ltoa                     
ffffffff  __TI_pprof_out_hndl           
00000e8d  __TI_printfi                  
ffffffff  __TI_prof_data_size           
ffffffff  __TI_prof_data_start          
00000000  __TI_static_base__            
00005ed1  __TI_zero_init_nomemset       
0000573d  __aeabi_cdcmpeq               
0000573d  __aeabi_cdcmple               
000057c3  __aeabi_cdrcmple              
000059a3  __aeabi_d2f                   
00005c25  __aeabi_d2iz                  
000045fb  __aeabi_dadd                  
00004cfd  __aeabi_ddiv                  
00005281  __aeabi_dmul                  
000045f1  __aeabi_dsub                  
00006041  __aeabi_errno_addr            
00005da9  __aeabi_f2d                   
00005e79  __aeabi_i2d                   
000047a7  __aeabi_idiv0                 
000047a7  __aeabi_ldiv0                 
00005849  __aeabi_memclr                
00005849  __aeabi_memclr4               
00005849  __aeabi_memclr8               
0000560b  __aeabi_memcpy                
0000560b  __aeabi_memcpy4               
0000560b  __aeabi_memcpy8               
0000584b  __aeabi_memset                
0000584b  __aeabi_memset4               
0000584b  __aeabi_memset8               
000056a7  __aeabi_uldivmod              
ffffffff  __binit__                     
ffffffff  __c_args__                    
000022ad  __kernel_rem_pio2             
00003645  __kernel_tan                  
UNDEFED   __mpu_init                    
20000270  __stack                       
20000000  __start___llvm_prf_cnts       
20000000  __stop___llvm_prf_cnts        
00005e15  _c_int00_noargs               
000061b0  _ctypes_                      
2000171c  _lock                         
000018db  _nop                          
20001734  _running                      
20001270  _sys_memory                   
UNDEFED   _system_post_cinit            
00006051  _system_pre_init              
200016dc  _timeout_ticks                
20001720  _unlock                       
00006055  abort                         
00005181  aligned_alloc                 
00005bd9  atoi                          
00002eed  averageInt                    
ffffffff  binit                         
00005d71  calloc                        
00005f25  copysign                      
00005f25  copysignl                     
00003ca9  cyBOT_SERVO_cal               
00003c37  cyBOT_Scan                    
00003bdf  cyBOT_init_Scan               
2000172c  cyBOT_scan_features           
00003bd1  cyBOT_scan_version            
20001730  errno                         
200016e0  fallingEdge                   
0000537d  floor                         
0000537d  floorl                        
00005475  free                          
00005a79  frexp                         
00005a79  frexpl                        
20000000  g_pfnRAMVectors               
00000000  g_pfnVectors                  
0000097f  go_charge                     
00005007  ir_enableInterrupt            
00004fe9  ir_getDistance                
00004fc1  ir_getValue                   
00004f59  ir_init                       
200016f8  isRisingEdge                  
200016e4  isr_int_value                 
00005fff  lcd_clear                     
000034f1  lcd_gotoLine                  
00003359  lcd_init                      
00003557  lcd_printf                    
00003419  lcd_putc                      
00003451  lcd_puts                      
0000331d  lcd_reverseNibble             
0000346f  lcd_sendCommand               
000034ad  lcd_sendNibble                
00003519  lcd_setCursorPos              
00005071  ldexp                         
00005071  ldexpl                        
200016e8  left_calibration_value        
00002f0b  linearWidth                   
00002f5d  main                          
00006049  malloc                        
00005181  memalign                      
00005f09  memccpy                       
0000560b  memcpy                        
00005851  memset                        
200016fc  motor_cal_factor_L            
20001700  motor_cal_factor_R            
000044a1  move_backward                 
00004435  move_forward                  
0000026d  oi_alloc                      
00000aa9  oi_checkFirmware              
000002c7  oi_close                      
00000279  oi_free                       
00000ded  oi_getMotorCalibrationLeft    
00000e01  oi_getMotorCalibrationRight   
000002b1  oi_init                       
00000289  oi_init_noupdate              
00000915  oi_loadSong                   
00005f6f  oi_parseInt                   
0000032b  oi_parsePacket                
0000096b  oi_play_song                  
0000084b  oi_setLeds                    
00000db1  oi_setMotorCalibration        
0000088f  oi_setWheels                  
00000b51  oi_shutoff_init               
0000098d  oi_uartInit                   
00000a31  oi_uartReceive                
00000a77  oi_uartSendBuff               
00000a15  oi_uartSendChar               
00000a59  oi_uartSendStr                
000002d9  oi_update                     
000041bb  ping_getDistance              
00004079  ping_init                     
000040ff  ping_trigger                  
000018dd  pow                           
000018dd  powl                          
200016ec  pulseLength                   
200016f0  right_calibration_value       
200016f4  risingEdge                    
00005071  scalbn                        
00005071  scalbnl                       
00004911  servo_init                    
000049a1  servo_move                    
00004a01  servo_setPWM                  
00004995  servo_stop                    
00005cb1  sprintf                       
00004a69  sqrt                          
00004a69  sqrtl                         
00005f9f  strchr                        
00005f87  strcmp                        
00005fb5  strcpy                        
00005fc9  strlen                        
000029e5  tan                           
000029e5  tanl                          
00003f4f  timer_getMicros               
00003ef7  timer_getMillis               
00003e31  timer_init                    
00003ed3  timer_pause                   
00003ee5  timer_resume                  
00003ea9  timer_stop                    
00003fa9  timer_waitMicros              
00003fdb  timer_waitMillis              
000044f9  turn_clockwise                
00004571  turn_counterclockwise         
000047a9  uart_init                     
00004867  uart_receive                  
0000488d  uart_receive_nonblocking      
0000484b  uart_sendChar                 
000048b7  uart_sendStr                  
00005cf1  vsnprintf                     
00005fdd  wcslen                        


GLOBAL SYMBOLS: SORTED BY Symbol Address 

address   name                          
-------   ----                          
00000000  __TI_static_base__            
00000000  g_pfnVectors                  
0000026d  oi_alloc                      
00000279  oi_free                       
00000289  oi_init_noupdate              
000002b1  oi_init                       
000002c7  oi_close                      
000002d9  oi_update                     
0000032b  oi_parsePacket                
00000400  __SYSMEM_SIZE                 
0000084b  oi_setLeds                    
0000088f  oi_setWheels                  
00000915  oi_loadSong                   
0000096b  oi_play_song                  
0000097f  go_charge                     
0000098d  oi_uartInit                   
00000a15  oi_uartSendChar               
00000a31  oi_uartReceive                
00000a59  oi_uartSendStr                
00000a77  oi_uartSendBuff               
00000aa9  oi_checkFirmware              
00000b51  oi_shutoff_init               
00000bc3  GPIOF_Handler                 
00000db1  oi_setMotorCalibration        
00000ded  oi_getMotorCalibrationLeft    
00000e01  oi_getMotorCalibrationRight   
00000e8d  __TI_printfi                  
00001000  __STACK_SIZE                  
000018db  _nop                          
000018dd  pow                           
000018dd  powl                          
000022ad  __kernel_rem_pio2             
000029e5  tan                           
000029e5  tanl                          
00002eed  averageInt                    
00002f0b  linearWidth                   
00002f5d  main                          
0000331d  lcd_reverseNibble             
00003359  lcd_init                      
00003419  lcd_putc                      
00003451  lcd_puts                      
0000346f  lcd_sendCommand               
000034ad  lcd_sendNibble                
000034f1  lcd_gotoLine                  
00003519  lcd_setCursorPos              
00003557  lcd_printf                    
00003645  __kernel_tan                  
00003bd1  cyBOT_scan_version            
00003bdf  cyBOT_init_Scan               
00003c37  cyBOT_Scan                    
00003ca9  cyBOT_SERVO_cal               
00003e31  timer_init                    
00003ea9  timer_stop                    
00003ed3  timer_pause                   
00003ee5  timer_resume                  
00003ef7  timer_getMillis               
00003f4f  timer_getMicros               
00003fa9  timer_waitMicros              
00003fdb  timer_waitMillis              
00004079  ping_init                     
000040ff  ping_trigger                  
00004169  TIMER3B_Handler               
000041bb  ping_getDistance              
00004435  move_forward                  
000044a1  move_backward                 
000044f9  turn_clockwise                
00004571  turn_counterclockwise         
000045f1  __aeabi_dsub                  
000045fb  __aeabi_dadd                  
000047a7  __aeabi_idiv0                 
000047a7  __aeabi_ldiv0                 
000047a9  uart_init                     
0000484b  uart_sendChar                 
00004867  uart_receive                  
0000488d  uart_receive_nonblocking      
000048b7  uart_sendStr                  
00004911  servo_init                    
00004995  servo_stop                    
000049a1  servo_move                    
00004a01  servo_setPWM                  
00004a69  sqrt                          
00004a69  sqrtl                         
00004cfd  __aeabi_ddiv                  
00004f59  ir_init                       
00004fc1  ir_getValue                   
00004fe9  ir_getDistance                
00004ff1  ADC0SS0_Handler               
00005007  ir_enableInterrupt            
00005071  ldexp                         
00005071  ldexpl                        
00005071  scalbn                        
00005071  scalbnl                       
00005181  aligned_alloc                 
00005181  memalign                      
00005281  __aeabi_dmul                  
0000537d  floor                         
0000537d  floorl                        
00005475  free                          
0000560b  __aeabi_memcpy                
0000560b  __aeabi_memcpy4               
0000560b  __aeabi_memcpy8               
0000560b  memcpy                        
000056a7  __aeabi_uldivmod              
0000573d  __aeabi_cdcmpeq               
0000573d  __aeabi_cdcmple               
000057c3  __aeabi_cdrcmple              
00005849  __aeabi_memclr                
00005849  __aeabi_memclr4               
00005849  __aeabi_memclr8               
0000584b  __aeabi_memset                
0000584b  __aeabi_memset4               
0000584b  __aeabi_memset8               
00005851  memset                        
000059a3  __aeabi_d2f                   
00005a11  __TI_decompress_lzss          
00005a79  frexp                         
00005a79  frexpl                        
00005b33  __TI_ltoa                     
00005bd9  atoi                          
00005c25  __aeabi_d2iz                  
00005c6d  __TI_auto_init_nobinit_nopinit
00005cb1  sprintf                       
00005cf1  vsnprintf                     
00005d71  calloc                        
00005da9  __aeabi_f2d                   
00005de1  IntRegister                   
00005e15  _c_int00_noargs               
00005e79  __aeabi_i2d                   
00005ed1  __TI_zero_init_nomemset       
00005f09  memccpy                       
00005f25  copysign                      
00005f25  copysignl                     
00005f6f  oi_parseInt                   
00005f87  strcmp                        
00005f9f  strchr                        
00005fb5  strcpy                        
00005fc9  strlen                        
00005fdd  wcslen                        
00005fef  IntMasterEnable               
00005fff  lcd_clear                     
0000600f  __TI_decompress_none          
0000601d  CPUcpsie                      
00006029  ResetISR                      
00006041  __aeabi_errno_addr            
00006049  malloc                        
00006051  _system_pre_init              
00006055  C$$EXIT                       
00006055  abort                         
000061b0  _ctypes_                      
00006398  __TI_Handler_Table_Base       
000063a4  __TI_Handler_Table_Limit      
000063b8  __TI_CINIT_Base               
000063d0  __TI_CINIT_Limit              
20000000  __start___llvm_prf_cnts       
20000000  __stop___llvm_prf_cnts        
20000000  g_pfnRAMVectors               
20000270  __stack                       
20000470  __STACK_TOP                   
20001270  __STACK_END                   
20001270  _sys_memory                   
200016dc  _timeout_ticks                
200016e0  fallingEdge                   
200016e4  isr_int_value                 
200016e8  left_calibration_value        
200016ec  pulseLength                   
200016f0  right_calibration_value       
200016f4  risingEdge                    
200016f8  isRisingEdge                  
200016fc  motor_cal_factor_L            
20001700  motor_cal_factor_R            
2000171c  _lock                         
20001720  _unlock                       
2000172c  cyBOT_scan_features           
20001730  errno                         
20001734  _running                      
ffffffff  __TI_pprof_out_hndl           
ffffffff  __TI_prof_data_size           
ffffffff  __TI_prof_data_start          
ffffffff  __binit__                     
ffffffff  __c_args__                    
ffffffff  binit                         
UNDEFED   __mpu_init                    
UNDEFED   _system_post_cinit            

[183 symbols]
