******************************************************************************
                  TI ARM Linker PC v20.2.7                     
******************************************************************************
>> Linked Tue Oct 29 15:51:09 2024

OUTPUT FILE NAME:   <lab_7.out>
ENTRY POINT SYMBOL: "_c_int00_noargs"  address: 0000468d


MEMORY CONFIGURATION

         name            origin    length      used     unused   attr    fill
----------------------  --------  ---------  --------  --------  ----  --------
  FLASH                 00000000   00040000  00004b58  0003b4a8  R  X
  SRAM                  20000000   00008000  00001292  00006d6e  RW X


SEGMENT ALLOCATION MAP

run origin  load origin   length   init length attrs members
----------  ----------- ---------- ----------- ----- -------
00000000    00000000    00004b60   00004b60    r-x
  00000000    00000000    0000026c   0000026c    r-- .intvecs
  0000026c    0000026c    00004710   00004710    r-x .text
  00004980    00004980    0000013c   0000013c    r-- .const
  00004ac0    00004ac0    000000a0   000000a0    r-- .cinit
20000000    20000000    00001299   00000000    rw-
  20000000    20000000    0000026c   00000000    rw- .vtable
  20000270    20000270    00000800   00000000    rw- .stack
  20000a70    20000a70    00000400   00000000    rw- .sysmem
  20000e70    20000e70    00000239   00000000    rw- .bss
  200010ac    200010ac    000001ed   00000000    rw- .data


SECTION ALLOCATION MAP

 output                                  attributes/
section   page    origin      length       input sections
--------  ----  ----------  ----------   ----------------
.intvecs   0    00000000    0000026c     
                  00000000    0000026c     tm4c123gh6pm_startup_ccs.obj (.intvecs)

.text      0    0000026c    00004710     
                  0000026c    00000a4e     rtsv7M4_T_le_v4SPD16_eabi.lib : _printfi.c.obj (.text:__TI_printfi)
                  00000cba    00000002                                   : _lock.c.obj (.text:_nop)
                  00000cbc    000009d0                                   : e_pow.c.obj (.text:pow)
                  0000168c    00000328     lcd.obj (.text)
                  000019b4    0000031c     main.obj (.text)
                  00001cd0    00000270     rtsv7M4_T_le_v4SPD16_eabi.lib : _printfi.c.obj (.text:_pconv_a)
                  00001f40    00000260     libcybotScan.lib : cyBot_Scan.obj (.text)
                  000021a0    00000248     Timer.obj (.text)
                  000023e8    000001ec     libcybotScan.lib : ping.obj (.text)
                  000025d4    000001d0     rtsv7M4_T_le_v4SPD16_eabi.lib : _printfi.c.obj (.text:_pconv_g)
                  000027a4    000001b6                                   : fd_add_t2.asm.obj (.text)
                  0000295a    00000002                                   : div0.asm.obj (.text)
                  0000295c    00000168     uart.obj (.text)
                  00002ac4    00000158     libcybotScan.lib : servo.obj (.text)
                  00002c1c    00000158     rtsv7M4_T_le_v4SPD16_eabi.lib : e_sqrt.c.obj (.text:sqrt)
                  00002d74    0000013c                                   : _printfi.c.obj (.text:_pconv_e)
                  00002eb0    00000136                                   : fd_div_t2.asm.obj (.text)
                  00002fe6    00000002     --HOLE-- [fill = 0]
                  00002fe8    00000124                                   : _printfi.c.obj (.text:fcvt)
                  0000310c    00000118     libcybotScan.lib : ir.obj (.text)
                  00003224    00000114     rtsv7M4_T_le_v4SPD16_eabi.lib : fputs.c.obj (.text:fputs)
                  00003338    00000110                                   : s_scalbn.c.obj (.text:scalbn)
                  00003448    00000100                                   : memory.c.obj (.text:aligned_alloc)
                  00003548    000000fc                                   : fd_mul_t2.asm.obj (.text)
                  00003644    000000e4                                   : memory.c.obj (.text:free)
                  00003728    000000dc                                   : setvbuf.c.obj (.text:setvbuf)
                  00003804    000000b1                                   : _printfi.c.obj (.text:_ltostr)
                  000038b5    00000001     --HOLE-- [fill = 0]
                  000038b6    0000009c                                   : memcpy_t2.asm.obj (.text)
                  00003952    00000096                                   : ull_div_t2.asm.obj (.text)
                  000039e8    0000008c                                   : fputc.c.obj (.text:fputc)
                  00003a74    00000086                                   : fd_cmp_t2.asm.obj (.text:__aeabi_cdcmple)
                  00003afa    00000086                                   : fd_cmp_t2.asm.obj (.text:__aeabi_cdrcmple)
                  00003b80    0000007a                                   : memset_t2.asm.obj (.text)
                  00003bfa    00000002     --HOLE-- [fill = 0]
                  00003bfc    00000074                                   : fclose.c.obj (.text:__TI_closefile)
                  00003c70    00000070                                   : memory.c.obj (.text:split)
                  00003ce0    0000006e                                   : _printfi.c.obj (.text:_mcpy)
                  00003d4e    00000002     --HOLE-- [fill = 0]
                  00003d50    0000006c                                   : hostrename.c.obj (.text:HOSTrename)
                  00003dbc    00000068                                   : hostlseek.c.obj (.text:HOSTlseek)
                  00003e24    00000068                                   : copy_decompress_lzss.c.obj (.text:decompress:lzss:__TI_decompress_lzss)
                  00003e8c    00000068                                   : printf.c.obj (.text:printf)
                  00003ef4    00000064                                   : s_frexp.c.obj (.text:frexp)
                  00003f58    00000064                                   : fseek.c.obj (.text:fseek)
                  00003fbc    00000062                                   : _io_perm.c.obj (.text:__TI_wrt_ok)
                  0000401e    00000002     --HOLE-- [fill = 0]
                  00004020    00000060                                   : hostopen.c.obj (.text:HOSTopen)
                  00004080    0000005c                                   : close.c.obj (.text:close)
                  000040dc    00000058                                   : hostread.c.obj (.text:HOSTread)
                  00004134    00000058                                   : hostwrite.c.obj (.text:HOSTwrite)
                  0000418c    00000056                                   : _printfi.c.obj (.text:_pconv_f)
                  000041e2    00000054                                   : _ltoa.c.obj (.text:__TI_ltoa)
                  00004236    00000052                                   : _printfi.c.obj (.text:_ecpy)
                  00004288    0000004c                                   : fflush.c.obj (.text:__TI_doflush)
                  000042d4    0000004c                                   : atoi.c.obj (.text:atoi)
                  00004320    00000048                                   : exit.c.obj (.text:exit)
                  00004368    00000048                                   : fd_toi_t2.asm.obj (.text)
                  000043b0    00000044                                   : hostclose.c.obj (.text:HOSTclose)
                  000043f4    00000044                                   : hostunlink.c.obj (.text:HOSTunlink)
                  00004438    00000044                                   : autoinit.c.obj (.text:__TI_auto_init_nobinit_nopinit:__TI_auto_init_nobinit_nopinit)
                  0000447c    00000044                                   : getdevice.c.obj (.text:getdevice)
                  000044c0    00000040                                   : sprintf.c.obj (.text:sprintf)
                  00004500    00000040                                   : vsnprintf.c.obj (.text:vsnprintf)
                  00004540    0000003e                                   : _printfi.c.obj (.text:_fcpy)
                  0000457e    00000002     --HOLE-- [fill = 0]
                  00004580    00000038                                   : trgmsg.c.obj (.text:__TI_writemsg)
                  000045b8    00000036                                   : strncpy.c.obj (.text:strncpy)
                  000045ee    00000002     --HOLE-- [fill = 0]
                  000045f0    00000034     driverlib.lib : interrupt.obj (.text:IntRegister)
                  00004624    00000034     rtsv7M4_T_le_v4SPD16_eabi.lib : fopen.c.obj (.text:__TI_cleanup)
                  00004658    00000034                                   : trgmsg.c.obj (.text:__TI_readmsg)
                  0000468c    00000034                                   : boot_cortex_m.c.obj (.text:_c_int00_noargs:_c_int00_noargs)
                  000046c0    00000030                                   : vsnprintf.c.obj (.text:_outs)
                  000046f0    00000030                                   : getdevice.c.obj (.text:finddevice)
                  00004720    0000002e                                   : i_tofd_t2.asm.obj (.text)
                  0000474e    00000002     --HOLE-- [fill = 0]
                  00004750    0000002c                                   : unlink.c.obj (.text:unlink)
                  0000477c    00000028                                   : memory.c.obj (.text:free_list_insert)
                  000047a4    00000028                                   : lseek.c.obj (.text:lseek)
                  000047cc    00000028                                   : write.c.obj (.text:write)
                  000047f4    00000020                                   : memchr.c.obj (.text:memchr)
                  00004814    0000001c                                   : memory.c.obj (.text:free_list_remove)
                  00004830    0000001c                                   : memccpy.c.obj (.text:memccpy)
                  0000484c    0000001a                                   : s_copysign.c.obj (.text:copysign)
                  00004866    00000018                                   : vsnprintf.c.obj (.text:_outc)
                  0000487e    00000018                                   : sprintf.c.obj (.text:_outs)
                  00004896    00000018                                   : strcmp.c.obj (.text:strcmp)
                  000048ae    00000016                                   : strchr.c.obj (.text:strchr)
                  000048c4    00000014                                   : strcpy.c.obj (.text:strcpy)
                  000048d8    00000014                                   : strlen.c.obj (.text:strlen)
                  000048ec    00000012                                   : wcslen.c.obj (.text:wcslen)
                  000048fe    00000010     driverlib.lib : interrupt.obj (.text:IntMasterEnable)
                  0000490e    00000010     lcd.obj (.text:lcd_clear)
                  0000491e    0000000e     rtsv7M4_T_le_v4SPD16_eabi.lib : copy_decompress_none.c.obj (.text:decompress:none:__TI_decompress_none)
                  0000492c    0000000c     driverlib.lib : cpu.obj (.text:CPUcpsie)
                  00004938    0000000c     rtsv7M4_T_le_v4SPD16_eabi.lib : copy_zero_init.c.obj (.text:decompress:ZI:__TI_zero_init)
                  00004944    0000000c     tm4c123gh6pm_startup_ccs.obj (.text)
                  00004950    0000000a     rtsv7M4_T_le_v4SPD16_eabi.lib : sprintf.c.obj (.text:_outc)
                  0000495a    00000002     --HOLE-- [fill = 0]
                  0000495c    00000008                                   : errno.c.obj (.text:__aeabi_errno_addr)
                  00004964    00000008                                   : memory.c.obj (.text:malloc)
                  0000496c    00000004                                   : printf.c.obj (.text:_outc)
                  00004970    00000004                                   : printf.c.obj (.text:_outs)
                  00004974    00000004                                   : pre_init.c.obj (.text:_system_pre_init)
                  00004978    00000004                                   : exit.c.obj (.text:abort:abort)

.const     0    00004980    0000013c     
                  00004980    00000101     rtsv7M4_T_le_v4SPD16_eabi.lib : ctype.c.obj (.const:.string:_ctypes_)
                  00004a81    00000004     lcd.obj (.const:.string:lineAddress$1)
                  00004a85    00000003     --HOLE-- [fill = 0]
                  00004a88    00000030     rtsv7M4_T_le_v4SPD16_eabi.lib : e_pow.c.obj (.const:$O1$$)
                  00004ab8    00000004     lcd.obj (.const:.string:lineAddresses$2)

.cinit     0    00004ac0    000000a0     
                  00004ac0    0000006a     (.cinit..data.load) [load image, compression = lzss]
                  00004b2a    00000002     --HOLE-- [fill = 0]
                  00004b2c    0000000c     (__TI_handler_table)
                  00004b38    00000008     (.cinit..bss.load) [load image, compression = zero_init]
                  00004b40    00000008     (.cinit..vtable.load) [load image, compression = zero_init]
                  00004b48    00000018     (__TI_cinit_table)

.init_array 
*          0    00000000    00000000     UNINITIALIZED

.vtable    0    20000000    0000026c     UNINITIALIZED
                  20000000    0000026c     driverlib.lib : interrupt.obj (.vtable)

.stack     0    20000270    00000800     UNINITIALIZED
                  20000270    00000004     rtsv7M4_T_le_v4SPD16_eabi.lib : boot_cortex_m.c.obj (.stack)
                  20000274    000007fc     --HOLE--

.sysmem    0    20000a70    00000400     UNINITIALIZED
                  20000a70    00000010     rtsv7M4_T_le_v4SPD16_eabi.lib : memory.c.obj (.sysmem)
                  20000a80    000003f0     --HOLE--

.bss       0    20000e70    00000239     UNINITIALIZED
                  20000e70    00000120     rtsv7M4_T_le_v4SPD16_eabi.lib : trgmsg.c.obj (.bss:_CIOBUF_)
                  20000f90    000000a0     (.common:__TI_tmpnams)
                  20001030    00000054     lcd.obj (.bss:lastbuffer$3)
                  20001084    00000008     (.common:parmbuf)
                  2000108c    00000004     (.common:_timeout_ticks)
                  20001090    00000004     (.common:fallingEdge)
                  20001094    00000004     (.common:isr_int_value)
                  20001098    00000004     (.common:left_calibration_value)
                  2000109c    00000004     (.common:pulseLength)
                  200010a0    00000004     (.common:right_calibration_value)
                  200010a4    00000004     (.common:risingEdge)
                  200010a8    00000001     (.common:isRisingEdge)

.data      0    200010ac    000001ed     UNINITIALIZED
                  200010ac    000000f0     rtsv7M4_T_le_v4SPD16_eabi.lib : defs.c.obj (.data:_ftable)
                  2000119c    00000078                                   : host_device.c.obj (.data:_device)
                  20001214    00000050                                   : host_device.c.obj (.data:_stream)
                  20001264    00000010                                   : defs.c.obj (.data)
                  20001274    0000000c                                   : exit.c.obj (.data:$O1$$)
                  20001280    00000008                                   : _lock.c.obj (.data:$O1$$)
                  20001288    00000008                                   : memory.c.obj (.data:$O1$$)
                  20001290    00000004     libcybotScan.lib : cyBot_Scan.obj (.data)
                  20001294    00000004     rtsv7M4_T_le_v4SPD16_eabi.lib : errno.c.obj (.data)
                  20001298    00000001     Timer.obj (.data)

__llvm_prf_cnts 
*          0    20000000    00000000     UNINITIALIZED

MODULE SUMMARY

       Module                         code    ro data   rw data
       ------                         ----    -------   -------
    .\
       lcd.obj                        824     8         84     
       main.obj                       796     0         8      
       tm4c123gh6pm_startup_ccs.obj   12      620       0      
       Timer.obj                      584     0         5      
       uart.obj                       360     0         0      
    +--+------------------------------+-------+---------+---------+
       Total:                         2576    628       97     
                                                               
    ../libcybotScan.lib
       cyBot_Scan.obj                 608     0         4      
       ping.obj                       492     0         13     
       servo.obj                      344     0         0      
       ir.obj                         280     0         4      
    +--+------------------------------+-------+---------+---------+
       Total:                         1724    0         21     
                                                               
    C:/ti/TivaWare_C_Series-2.2.0.295/driverlib/ccs/Debug/driverlib.lib
       interrupt.obj                  68      0         620    
       cpu.obj                        12      0         0      
    +--+------------------------------+-------+---------+---------+
       Total:                         80      0         620    
                                                               
    C:\ti\ccs1271\ccs\tools\compiler\ti-cgt-arm_20.2.7.LTS\lib\rtsv7M4_T_le_v4SPD16_eabi.lib
       _printfi.c.obj                 4851    0         0      
       e_pow.c.obj                    2512    48        0      
       memory.c.obj                   672     0         8      
       fd_add_t2.asm.obj              438     0         0      
       defs.c.obj                     0       0         416    
       trgmsg.c.obj                   108     0         288    
       e_sqrt.c.obj                   344     0         0      
       fd_div_t2.asm.obj              310     0         0      
       fputs.c.obj                    276     0         0      
       s_scalbn.c.obj                 272     0         0      
       fd_cmp_t2.asm.obj              268     0         0      
       ctype.c.obj                    0       257       0      
       fd_mul_t2.asm.obj              252     0         0      
       setvbuf.c.obj                  220     0         0      
       host_device.c.obj              0       0         200    
       memcpy_t2.asm.obj              156     0         0      
       ull_div_t2.asm.obj             150     0         0      
       fputc.c.obj                    140     0         0      
       vsnprintf.c.obj                136     0         0      
       memset_t2.asm.obj              122     0         0      
       fclose.c.obj                   116     0         0      
       getdevice.c.obj                116     0         0      
       printf.c.obj                   112     0         0      
       hostrename.c.obj               108     0         0      
       copy_decompress_lzss.c.obj     104     0         0      
       hostlseek.c.obj                104     0         0      
       hostopen.c.obj                 96      0         8      
       fseek.c.obj                    100     0         0      
       s_frexp.c.obj                  100     0         0      
       _io_perm.c.obj                 98      0         0      
       sprintf.c.obj                  98      0         0      
       close.c.obj                    92      0         0      
       exit.c.obj                     76      0         12     
       hostread.c.obj                 88      0         0      
       hostwrite.c.obj                88      0         0      
       _ltoa.c.obj                    84      0         0      
       atoi.c.obj                     76      0         0      
       fflush.c.obj                   76      0         0      
       fd_toi_t2.asm.obj              72      0         0      
       autoinit.c.obj                 68      0         0      
       hostclose.c.obj                68      0         0      
       hostunlink.c.obj               68      0         0      
       strncpy.c.obj                  54      0         0      
       boot_cortex_m.c.obj            52      0         0      
       fopen.c.obj                    52      0         0      
       i_tofd_t2.asm.obj              46      0         0      
       unlink.c.obj                   44      0         0      
       lseek.c.obj                    40      0         0      
       write.c.obj                    40      0         0      
       memchr.c.obj                   32      0         0      
       memccpy.c.obj                  28      0         0      
       s_copysign.c.obj               26      0         0      
       strcmp.c.obj                   24      0         0      
       strchr.c.obj                   22      0         0      
       strcpy.c.obj                   20      0         0      
       strlen.c.obj                   20      0         0      
       wcslen.c.obj                   18      0         0      
       copy_decompress_none.c.obj     14      0         0      
       copy_zero_init.c.obj           12      0         0      
       errno.c.obj                    8       0         4      
       _lock.c.obj                    2       0         8      
       pre_init.c.obj                 4       0         0      
       div0.asm.obj                   2       0         0      
    +--+------------------------------+-------+---------+---------+
       Total:                         13795   305       944    
                                                               
       Heap:                          0       0         1024   
       Stack:                         0       0         2048   
       Linker Generated:              0       158       0      
    +--+------------------------------+-------+---------+---------+
       Grand Total:                   18175   1091      4754   


LINKER GENERATED COPY TABLES

__TI_cinit_table @ 00004b48 records: 3, size/record: 8, table size: 24
	.data: load addr=00004ac0, load size=0000006a bytes, run addr=200010ac, run size=000001ed bytes, compression=lzss
	.bss: load addr=00004b38, load size=00000008 bytes, run addr=20000e70, run size=00000239 bytes, compression=zero_init
	.vtable: load addr=00004b40, load size=00000008 bytes, run addr=20000000, run size=0000026c bytes, compression=zero_init


LINKER GENERATED HANDLER TABLE

__TI_handler_table @ 00004b2c records: 3, size/record: 4, table size: 12
	index: 0, handler: __TI_zero_init
	index: 1, handler: __TI_decompress_lzss
	index: 2, handler: __TI_decompress_none


GLOBAL SYMBOLS: SORTED ALPHABETICALLY BY Name 

address   name                           
-------   ----                           
000031a5  ADC0SS0_Handler                
00004979  C$$EXIT                        
000045af  C$$IO$$                        
0000492d  CPUcpsie                       
000043b1  HOSTclose                      
00003dbd  HOSTlseek                      
00004021  HOSTopen                       
000040dd  HOSTread                       
00003d51  HOSTrename                     
000043f5  HOSTunlink                     
00004135  HOSTwrite                      
000048ff  IntMasterEnable                
000045f1  IntRegister                    
00004945  ResetISR                       
000024d9  TIMER3B_Handler                
20000e70  __CIOBUF_                      
20000a70  __STACK_END                    
00000800  __STACK_SIZE                   
20000470  __STACK_TOP                    
00000400  __SYSMEM_SIZE                  
00004b48  __TI_CINIT_Base                
00004b60  __TI_CINIT_Limit               
00004b2c  __TI_Handler_Table_Base        
00004b38  __TI_Handler_Table_Limit       
00004439  __TI_auto_init_nobinit_nopinit 
00004625  __TI_cleanup                   
20001274  __TI_cleanup_ptr               
00003bfd  __TI_closefile                 
00003e25  __TI_decompress_lzss           
0000491f  __TI_decompress_none           
00004289  __TI_doflush                   
20001278  __TI_dtors_ptr                 
2000127c  __TI_enable_exit_profile_output
20001264  __TI_ft_end                    
000041e3  __TI_ltoa                      
ffffffff  __TI_pprof_out_hndl            
0000026d  __TI_printfi                   
ffffffff  __TI_prof_data_size            
ffffffff  __TI_prof_data_start           
00004659  __TI_readmsg                   
00000000  __TI_static_base__             
20000f90  __TI_tmpnams                   
00004581  __TI_writemsg                  
00003fbd  __TI_wrt_ok                    
00004939  __TI_zero_init                 
00003a75  __aeabi_cdcmpeq                
00003a75  __aeabi_cdcmple                
00003afb  __aeabi_cdrcmple               
00004369  __aeabi_d2iz                   
000027af  __aeabi_dadd                   
00002eb1  __aeabi_ddiv                   
00003549  __aeabi_dmul                   
000027a5  __aeabi_dsub                   
0000495d  __aeabi_errno_addr             
00004721  __aeabi_i2d                    
0000295b  __aeabi_idiv0                  
0000295b  __aeabi_ldiv0                  
00003b81  __aeabi_memclr                 
00003b81  __aeabi_memclr4                
00003b81  __aeabi_memclr8                
000038b7  __aeabi_memcpy                 
000038b7  __aeabi_memcpy4                
000038b7  __aeabi_memcpy8                
00003b83  __aeabi_memset                 
00003b83  __aeabi_memset4                
00003b83  __aeabi_memset8                
20001270  __aeabi_stderr                 
20001268  __aeabi_stdin                  
2000126c  __aeabi_stdout                 
00003953  __aeabi_uldivmod               
ffffffff  __binit__                      
ffffffff  __c_args__                     
UNDEFED   __mpu_init                     
20000270  __stack                        
20000000  __start___llvm_prf_cnts        
20000000  __stop___llvm_prf_cnts         
0000468d  _c_int00_noargs                
00004980  _ctypes_                       
2000119c  _device                        
200010ac  _ftable                        
20001280  _lock                          
00000cbb  _nop                           
20001298  _running                       
20001214  _stream                        
20000a70  _sys_memory                    
UNDEFED   _system_post_cinit             
00004975  _system_pre_init               
2000108c  _timeout_ticks                 
20001284  _unlock                        
00004979  abort                          
00003449  aligned_alloc                  
000042d5  atoi                           
000019b5  averageInt                     
ffffffff  binit                          
00004081  close                          
0000484d  copysign                       
0000484d  copysignl                      
00002019  cyBOT_SERVO_cal                
00001fa7  cyBOT_Scan                     
00001f4f  cyBOT_init_Scan                
20001290  cyBOT_scan_features            
00001f41  cyBOT_scan_version             
20001294  errno                          
00004321  exit                           
20001090  fallingEdge                    
000046f1  finddevice                     
000039e9  fputc                          
00003225  fputs                          
00003645  free                           
00003ef5  frexp                          
00003ef5  frexpl                         
00003f59  fseek                          
20000000  g_pfnRAMVectors                
00000000  g_pfnVectors                   
0000447d  getdevice                      
000031bb  ir_enableInterrupt             
0000319d  ir_getDistance                 
00003175  ir_getValue                    
0000310d  ir_init                        
200010a8  isRisingEdge                   
20001094  isr_int_value                  
0000490f  lcd_clear                      
00001861  lcd_gotoLine                   
000016c9  lcd_init                       
000018c7  lcd_printf                     
00001789  lcd_putc                       
000017c1  lcd_puts                       
0000168d  lcd_reverseNibble              
000017df  lcd_sendCommand                
0000181d  lcd_sendNibble                 
00001889  lcd_setCursorPos               
00003339  ldexp                          
00003339  ldexpl                         
20001098  left_calibration_value         
000047a5  lseek                          
000019cd  main                           
00004965  malloc                         
00003449  memalign                       
00004831  memccpy                        
000047f5  memchr                         
000038b7  memcpy                         
00003b89  memset                         
20001084  parmbuf                        
0000252b  ping_getDistance               
000023e9  ping_init                      
0000246f  ping_trigger                   
00000cbd  pow                            
00000cbd  powl                           
00003e8d  printf                         
2000109c  pulseLength                    
000039e9  putc                           
00004751  remove                         
200010a0  right_calibration_value        
200010a4  risingEdge                     
00003339  scalbn                         
00003339  scalbnl                        
00002ac5  servo_init                     
00002b55  servo_move                     
00002bb5  servo_setPWM                   
00002b49  servo_stop                     
00003729  setvbuf                        
000044c1  sprintf                        
00002c1d  sqrt                           
00002c1d  sqrtl                          
000048af  strchr                         
00004897  strcmp                         
000048c5  strcpy                         
000048d9  strlen                         
000045b9  strncpy                        
000022bf  timer_getMicros                
00002267  timer_getMillis                
000021a1  timer_init                     
00002243  timer_pause                    
00002255  timer_resume                   
00002219  timer_stop                     
00002319  timer_waitMicros               
0000234b  timer_waitMillis               
0000295d  uart_init                      
00002a1b  uart_receive                   
00002a41  uart_receive_nonblocking       
000029ff  uart_sendChar                  
00002a6b  uart_sendStr                   
00004751  unlink                         
00004501  vsnprintf                      
000048ed  wcslen                         
000047cd  write                          


GLOBAL SYMBOLS: SORTED BY Symbol Address 

address   name                           
-------   ----                           
00000000  __TI_static_base__             
00000000  g_pfnVectors                   
0000026d  __TI_printfi                   
00000400  __SYSMEM_SIZE                  
00000800  __STACK_SIZE                   
00000cbb  _nop                           
00000cbd  pow                            
00000cbd  powl                           
0000168d  lcd_reverseNibble              
000016c9  lcd_init                       
00001789  lcd_putc                       
000017c1  lcd_puts                       
000017df  lcd_sendCommand                
0000181d  lcd_sendNibble                 
00001861  lcd_gotoLine                   
00001889  lcd_setCursorPos               
000018c7  lcd_printf                     
000019b5  averageInt                     
000019cd  main                           
00001f41  cyBOT_scan_version             
00001f4f  cyBOT_init_Scan                
00001fa7  cyBOT_Scan                     
00002019  cyBOT_SERVO_cal                
000021a1  timer_init                     
00002219  timer_stop                     
00002243  timer_pause                    
00002255  timer_resume                   
00002267  timer_getMillis                
000022bf  timer_getMicros                
00002319  timer_waitMicros               
0000234b  timer_waitMillis               
000023e9  ping_init                      
0000246f  ping_trigger                   
000024d9  TIMER3B_Handler                
0000252b  ping_getDistance               
000027a5  __aeabi_dsub                   
000027af  __aeabi_dadd                   
0000295b  __aeabi_idiv0                  
0000295b  __aeabi_ldiv0                  
0000295d  uart_init                      
000029ff  uart_sendChar                  
00002a1b  uart_receive                   
00002a41  uart_receive_nonblocking       
00002a6b  uart_sendStr                   
00002ac5  servo_init                     
00002b49  servo_stop                     
00002b55  servo_move                     
00002bb5  servo_setPWM                   
00002c1d  sqrt                           
00002c1d  sqrtl                          
00002eb1  __aeabi_ddiv                   
0000310d  ir_init                        
00003175  ir_getValue                    
0000319d  ir_getDistance                 
000031a5  ADC0SS0_Handler                
000031bb  ir_enableInterrupt             
00003225  fputs                          
00003339  ldexp                          
00003339  ldexpl                         
00003339  scalbn                         
00003339  scalbnl                        
00003449  aligned_alloc                  
00003449  memalign                       
00003549  __aeabi_dmul                   
00003645  free                           
00003729  setvbuf                        
000038b7  __aeabi_memcpy                 
000038b7  __aeabi_memcpy4                
000038b7  __aeabi_memcpy8                
000038b7  memcpy                         
00003953  __aeabi_uldivmod               
000039e9  fputc                          
000039e9  putc                           
00003a75  __aeabi_cdcmpeq                
00003a75  __aeabi_cdcmple                
00003afb  __aeabi_cdrcmple               
00003b81  __aeabi_memclr                 
00003b81  __aeabi_memclr4                
00003b81  __aeabi_memclr8                
00003b83  __aeabi_memset                 
00003b83  __aeabi_memset4                
00003b83  __aeabi_memset8                
00003b89  memset                         
00003bfd  __TI_closefile                 
00003d51  HOSTrename                     
00003dbd  HOSTlseek                      
00003e25  __TI_decompress_lzss           
00003e8d  printf                         
00003ef5  frexp                          
00003ef5  frexpl                         
00003f59  fseek                          
00003fbd  __TI_wrt_ok                    
00004021  HOSTopen                       
00004081  close                          
000040dd  HOSTread                       
00004135  HOSTwrite                      
000041e3  __TI_ltoa                      
00004289  __TI_doflush                   
000042d5  atoi                           
00004321  exit                           
00004369  __aeabi_d2iz                   
000043b1  HOSTclose                      
000043f5  HOSTunlink                     
00004439  __TI_auto_init_nobinit_nopinit 
0000447d  getdevice                      
000044c1  sprintf                        
00004501  vsnprintf                      
00004581  __TI_writemsg                  
000045af  C$$IO$$                        
000045b9  strncpy                        
000045f1  IntRegister                    
00004625  __TI_cleanup                   
00004659  __TI_readmsg                   
0000468d  _c_int00_noargs                
000046f1  finddevice                     
00004721  __aeabi_i2d                    
00004751  remove                         
00004751  unlink                         
000047a5  lseek                          
000047cd  write                          
000047f5  memchr                         
00004831  memccpy                        
0000484d  copysign                       
0000484d  copysignl                      
00004897  strcmp                         
000048af  strchr                         
000048c5  strcpy                         
000048d9  strlen                         
000048ed  wcslen                         
000048ff  IntMasterEnable                
0000490f  lcd_clear                      
0000491f  __TI_decompress_none           
0000492d  CPUcpsie                       
00004939  __TI_zero_init                 
00004945  ResetISR                       
0000495d  __aeabi_errno_addr             
00004965  malloc                         
00004975  _system_pre_init               
00004979  C$$EXIT                        
00004979  abort                          
00004980  _ctypes_                       
00004b2c  __TI_Handler_Table_Base        
00004b38  __TI_Handler_Table_Limit       
00004b48  __TI_CINIT_Base                
00004b60  __TI_CINIT_Limit               
20000000  __start___llvm_prf_cnts        
20000000  __stop___llvm_prf_cnts         
20000000  g_pfnRAMVectors                
20000270  __stack                        
20000470  __STACK_TOP                    
20000a70  __STACK_END                    
20000a70  _sys_memory                    
20000e70  __CIOBUF_                      
20000f90  __TI_tmpnams                   
20001084  parmbuf                        
2000108c  _timeout_ticks                 
20001090  fallingEdge                    
20001094  isr_int_value                  
20001098  left_calibration_value         
2000109c  pulseLength                    
200010a0  right_calibration_value        
200010a4  risingEdge                     
200010a8  isRisingEdge                   
200010ac  _ftable                        
2000119c  _device                        
20001214  _stream                        
20001264  __TI_ft_end                    
20001268  __aeabi_stdin                  
2000126c  __aeabi_stdout                 
20001270  __aeabi_stderr                 
20001274  __TI_cleanup_ptr               
20001278  __TI_dtors_ptr                 
2000127c  __TI_enable_exit_profile_output
20001280  _lock                          
20001284  _unlock                        
20001290  cyBOT_scan_features            
20001294  errno                          
20001298  _running                       
ffffffff  __TI_pprof_out_hndl            
ffffffff  __TI_prof_data_size            
ffffffff  __TI_prof_data_start           
ffffffff  __binit__                      
ffffffff  __c_args__                     
ffffffff  binit                          
UNDEFED   __mpu_init                     
UNDEFED   _system_post_cinit             

[186 symbols]
