******************************************************************************
                  TI ARM Linker PC v20.2.7                     
******************************************************************************
>> Linked Thu Oct 31 00:33:43 2024

OUTPUT FILE NAME:   <lab_7.out>
ENTRY POINT SYMBOL: "_c_int00_noargs"  address: 00004e41


MEMORY CONFIGURATION

         name            origin    length      used     unused   attr    fill
----------------------  --------  ---------  --------  --------  ----  --------
  FLASH                 00000000   00040000  0000521f  0003ade1  R  X
  SRAM                  20000000   00008000  0000172e  000068d2  RW X


SEGMENT ALLOCATION MAP

run origin  load origin   length   init length attrs members
----------  ----------- ---------- ----------- ----- -------
00000000    00000000    00005228   00005228    r-x
  00000000    00000000    0000026c   0000026c    r-- .intvecs
  0000026c    0000026c    00004e18   00004e18    r-x .text
  00005088    00005088    0000014b   0000014b    r-- .const
  000051d8    000051d8    00000050   00000050    r-- .cinit
20000000    20000000    00001735   00000000    rw-
  20000000    20000000    0000026c   00000000    rw- .vtable
  20000270    20000270    00001000   00000000    rw- .stack
  20001270    20001270    00000400   00000000    rw- .sysmem
  20001670    20001670    00000089   00000000    rw- .bss
  200016fc    200016fc    00000039   00000000    rw- .data


SECTION ALLOCATION MAP

 output                                  attributes/
section   page    origin      length       input sections
--------  ----  ----------  ----------   ----------------
.intvecs   0    00000000    0000026c     
                  00000000    0000026c     tm4c123gh6pm_startup_ccs.obj (.intvecs)

.text      0    0000026c    00004e18     
                  0000026c    00000c20     open_interface.obj (.text)
                  00000e8c    00000a4e     rtsv7M4_T_le_v4SPD16_eabi.lib : _printfi.c.obj (.text:__TI_printfi)
                  000018da    00000002                                   : _lock.c.obj (.text:_nop)
                  000018dc    000009d0                                   : e_pow.c.obj (.text:pow)
                  000022ac    000004b0     main.obj (.text)
                  0000275c    00000328     lcd.obj (.text)
                  00002a84    00000270     rtsv7M4_T_le_v4SPD16_eabi.lib : _printfi.c.obj (.text:_pconv_a)
                  00002cf4    00000260     libcybotScan.lib : cyBot_Scan.obj (.text)
                  00002f54    00000248     Timer.obj (.text)
                  0000319c    000001ec     libcybotScan.lib : ping.obj (.text)
                  00003388    000001d0     rtsv7M4_T_le_v4SPD16_eabi.lib : _printfi.c.obj (.text:_pconv_g)
                  00003558    000001bc     movement.obj (.text)
                  00003714    000001b6     rtsv7M4_T_le_v4SPD16_eabi.lib : fd_add_t2.asm.obj (.text)
                  000038ca    00000002                                   : div0.asm.obj (.text)
                  000038cc    00000168     uart.obj (.text)
                  00003a34    00000158     libcybotScan.lib : servo.obj (.text)
                  00003b8c    00000158     rtsv7M4_T_le_v4SPD16_eabi.lib : e_sqrt.c.obj (.text:sqrt)
                  00003ce4    0000013c                                   : _printfi.c.obj (.text:_pconv_e)
                  00003e20    00000136                                   : fd_div_t2.asm.obj (.text)
                  00003f56    00000002     --HOLE-- [fill = 0]
                  00003f58    00000124                                   : _printfi.c.obj (.text:fcvt)
                  0000407c    00000118     libcybotScan.lib : ir.obj (.text)
                  00004194    00000110     rtsv7M4_T_le_v4SPD16_eabi.lib : s_scalbn.c.obj (.text:scalbn)
                  000042a4    00000100                                   : memory.c.obj (.text:aligned_alloc)
                  000043a4    000000fc                                   : fd_mul_t2.asm.obj (.text)
                  000044a0    000000e4                                   : memory.c.obj (.text:free)
                  00004584    000000b1                                   : _printfi.c.obj (.text:_ltostr)
                  00004635    00000001     --HOLE-- [fill = 0]
                  00004636    0000009c                                   : memcpy_t2.asm.obj (.text)
                  000046d2    00000096                                   : ull_div_t2.asm.obj (.text)
                  00004768    00000086                                   : fd_cmp_t2.asm.obj (.text:__aeabi_cdcmple)
                  000047ee    00000086                                   : fd_cmp_t2.asm.obj (.text:__aeabi_cdrcmple)
                  00004874    0000007a                                   : memset_t2.asm.obj (.text)
                  000048ee    00000002     --HOLE-- [fill = 0]
                  000048f0    00000070                                   : memory.c.obj (.text:split)
                  00004960    0000006e                                   : _printfi.c.obj (.text:_mcpy)
                  000049ce    0000006e                                   : fd_tos_t2.asm.obj (.text)
                  00004a3c    00000068                                   : copy_decompress_lzss.c.obj (.text:decompress:lzss:__TI_decompress_lzss)
                  00004aa4    00000064                                   : s_frexp.c.obj (.text:frexp)
                  00004b08    00000056                                   : _printfi.c.obj (.text:_pconv_f)
                  00004b5e    00000054                                   : _ltoa.c.obj (.text:__TI_ltoa)
                  00004bb2    00000052                                   : _printfi.c.obj (.text:_ecpy)
                  00004c04    0000004c                                   : atoi.c.obj (.text:atoi)
                  00004c50    00000048                                   : fd_toi_t2.asm.obj (.text)
                  00004c98    00000044                                   : autoinit.c.obj (.text:__TI_auto_init_nobinit_nopinit:__TI_auto_init_nobinit_nopinit)
                  00004cdc    00000040                                   : sprintf.c.obj (.text:sprintf)
                  00004d1c    00000040                                   : vsnprintf.c.obj (.text:vsnprintf)
                  00004d5c    0000003e                                   : _printfi.c.obj (.text:_fcpy)
                  00004d9a    00000002     --HOLE-- [fill = 0]
                  00004d9c    00000038                                   : memory.c.obj (.text:calloc)
                  00004dd4    00000038                                   : fs_tod_t2.asm.obj (.text)
                  00004e0c    00000034     driverlib.lib : interrupt.obj (.text:IntRegister)
                  00004e40    00000034     rtsv7M4_T_le_v4SPD16_eabi.lib : boot_cortex_m.c.obj (.text:_c_int00_noargs:_c_int00_noargs)
                  00004e74    00000030                                   : vsnprintf.c.obj (.text:_outs)
                  00004ea4    0000002e                                   : i_tofd_t2.asm.obj (.text)
                  00004ed2    00000002     --HOLE-- [fill = 0]
                  00004ed4    00000028                                   : memory.c.obj (.text:free_list_insert)
                  00004efc    0000001c                                   : copy_zero_init.c.obj (.text:decompress:ZI:__TI_zero_init_nomemset:__TI_zero_init_nomemset)
                  00004f18    0000001c                                   : memory.c.obj (.text:free_list_remove)
                  00004f34    0000001c                                   : memccpy.c.obj (.text:memccpy)
                  00004f50    0000001a                                   : s_copysign.c.obj (.text:copysign)
                  00004f6a    00000018                                   : vsnprintf.c.obj (.text:_outc)
                  00004f82    00000018                                   : sprintf.c.obj (.text:_outs)
                  00004f9a    00000018     open_interface.obj (.text:oi_parseInt)
                  00004fb2    00000018     rtsv7M4_T_le_v4SPD16_eabi.lib : strcmp.c.obj (.text:strcmp)
                  00004fca    00000016                                   : strchr.c.obj (.text:strchr)
                  00004fe0    00000014                                   : strcpy.c.obj (.text:strcpy)
                  00004ff4    00000014                                   : strlen.c.obj (.text:strlen)
                  00005008    00000012                                   : wcslen.c.obj (.text:wcslen)
                  0000501a    00000010     driverlib.lib : interrupt.obj (.text:IntMasterEnable)
                  0000502a    00000010     lcd.obj (.text:lcd_clear)
                  0000503a    0000000e     rtsv7M4_T_le_v4SPD16_eabi.lib : copy_decompress_none.c.obj (.text:decompress:none:__TI_decompress_none)
                  00005048    0000000c     driverlib.lib : cpu.obj (.text:CPUcpsie)
                  00005054    0000000c     tm4c123gh6pm_startup_ccs.obj (.text)
                  00005060    0000000a     rtsv7M4_T_le_v4SPD16_eabi.lib : sprintf.c.obj (.text:_outc)
                  0000506a    00000002     --HOLE-- [fill = 0]
                  0000506c    00000008                                   : errno.c.obj (.text:__aeabi_errno_addr)
                  00005074    00000008                                   : memory.c.obj (.text:malloc)
                  0000507c    00000004                                   : pre_init.c.obj (.text:_system_pre_init)
                  00005080    00000004                                   : exit.c.obj (.text:abort:abort)

.const     0    00005088    0000014b     
                  00005088    00000101     rtsv7M4_T_le_v4SPD16_eabi.lib : ctype.c.obj (.const:.string:_ctypes_)
                  00005189    00000004     lcd.obj (.const:.string:lineAddress$1)
                  0000518d    00000003     --HOLE-- [fill = 0]
                  00005190    00000030     rtsv7M4_T_le_v4SPD16_eabi.lib : e_pow.c.obj (.const:$O1$$)
                  000051c0    0000000f     open_interface.obj (.const:.string:$P$T0$3)
                  000051cf    00000004     lcd.obj (.const:.string:lineAddresses$2)

.cinit     0    000051d8    00000050     
                  000051d8    00000018     (.cinit..data.load) [load image, compression = lzss]
                  000051f0    0000000c     (__TI_handler_table)
                  000051fc    00000004     --HOLE-- [fill = 0]
                  00005200    00000008     (.cinit..bss.load) [load image, compression = zero_init]
                  00005208    00000008     (.cinit..vtable.load) [load image, compression = zero_init]
                  00005210    00000018     (__TI_cinit_table)

.init_array 
*          0    00000000    00000000     UNINITIALIZED

.vtable    0    20000000    0000026c     UNINITIALIZED
                  20000000    0000026c     driverlib.lib : interrupt.obj (.vtable)

.stack     0    20000270    00001000     UNINITIALIZED
                  20000270    00000004     rtsv7M4_T_le_v4SPD16_eabi.lib : boot_cortex_m.c.obj (.stack)
                  20000274    00000ffc     --HOLE--

.sysmem    0    20001270    00000400     UNINITIALIZED
                  20001270    00000010     rtsv7M4_T_le_v4SPD16_eabi.lib : memory.c.obj (.sysmem)
                  20001280    000003f0     --HOLE--

.bss       0    20001670    00000089     UNINITIALIZED
                  20001670    00000054     lcd.obj (.bss:lastbuffer$3)
                  200016c4    00000018     open_interface.obj (.bss:firmware$2)
                  200016dc    00000004     (.common:_timeout_ticks)
                  200016e0    00000004     (.common:fallingEdge)
                  200016e4    00000004     (.common:isr_int_value)
                  200016e8    00000004     (.common:left_calibration_value)
                  200016ec    00000004     (.common:pulseLength)
                  200016f0    00000004     (.common:right_calibration_value)
                  200016f4    00000004     (.common:risingEdge)
                  200016f8    00000001     (.common:isRisingEdge)

.data      0    200016fc    00000039     UNINITIALIZED
                  200016fc    00000020     open_interface.obj (.data)
                  2000171c    00000008     rtsv7M4_T_le_v4SPD16_eabi.lib : _lock.c.obj (.data:$O1$$)
                  20001724    00000008                                   : memory.c.obj (.data:$O1$$)
                  2000172c    00000004     libcybotScan.lib : cyBot_Scan.obj (.data)
                  20001730    00000004     rtsv7M4_T_le_v4SPD16_eabi.lib : errno.c.obj (.data)
                  20001734    00000001     Timer.obj (.data)

__llvm_prf_cnts 
*          0    20000000    00000000     UNINITIALIZED

MODULE SUMMARY

       Module                         code    ro data   rw data
       ------                         ----    -------   -------
    .\
       open_interface.obj             3128    15        56     
       main.obj                       1200    0         8      
       lcd.obj                        824     8         84     
       tm4c123gh6pm_startup_ccs.obj   12      620       0      
       Timer.obj                      584     0         5      
       movement.obj                   444     0         0      
       uart.obj                       360     0         0      
    +--+------------------------------+-------+---------+---------+
       Total:                         6552    643       153    
                                                               
    ../libcybotScan.lib
       cyBot_Scan.obj                 608     0         4      
       ping.obj                       492     0         13     
       servo.obj                      344     0         0      
       ir.obj                         280     0         4      
    +--+------------------------------+-------+---------+---------+
       Total:                         1724    0         21     
                                                               
    C:/ti/TivaWare_C_Series-2.2.0.295/driverlib/ccs/Debug/driverlib.lib
       interrupt.obj                  68      0         620    
       cpu.obj                        12      0         0      
    +--+------------------------------+-------+---------+---------+
       Total:                         80      0         620    
                                                               
    C:\ti\ccs1271\ccs\tools\compiler\ti-cgt-arm_20.2.7.LTS\lib\rtsv7M4_T_le_v4SPD16_eabi.lib
       _printfi.c.obj                 4851    0         0      
       e_pow.c.obj                    2512    48        0      
       memory.c.obj                   728     0         8      
       fd_add_t2.asm.obj              438     0         0      
       e_sqrt.c.obj                   344     0         0      
       fd_div_t2.asm.obj              310     0         0      
       s_scalbn.c.obj                 272     0         0      
       fd_cmp_t2.asm.obj              268     0         0      
       ctype.c.obj                    0       257       0      
       fd_mul_t2.asm.obj              252     0         0      
       memcpy_t2.asm.obj              156     0         0      
       ull_div_t2.asm.obj             150     0         0      
       vsnprintf.c.obj                136     0         0      
       memset_t2.asm.obj              122     0         0      
       fd_tos_t2.asm.obj              110     0         0      
       copy_decompress_lzss.c.obj     104     0         0      
       s_frexp.c.obj                  100     0         0      
       sprintf.c.obj                  98      0         0      
       _ltoa.c.obj                    84      0         0      
       atoi.c.obj                     76      0         0      
       fd_toi_t2.asm.obj              72      0         0      
       autoinit.c.obj                 68      0         0      
       fs_tod_t2.asm.obj              56      0         0      
       boot_cortex_m.c.obj            52      0         0      
       i_tofd_t2.asm.obj              46      0         0      
       copy_zero_init.c.obj           28      0         0      
       memccpy.c.obj                  28      0         0      
       s_copysign.c.obj               26      0         0      
       strcmp.c.obj                   24      0         0      
       strchr.c.obj                   22      0         0      
       strcpy.c.obj                   20      0         0      
       strlen.c.obj                   20      0         0      
       wcslen.c.obj                   18      0         0      
       copy_decompress_none.c.obj     14      0         0      
       errno.c.obj                    8       0         4      
       _lock.c.obj                    2       0         8      
       exit.c.obj                     4       0         0      
       pre_init.c.obj                 4       0         0      
       div0.asm.obj                   2       0         0      
    +--+------------------------------+-------+---------+---------+
       Total:                         11625   305       20     
                                                               
       Heap:                          0       0         1024   
       Stack:                         0       0         4096   
       Linker Generated:              0       76        0      
    +--+------------------------------+-------+---------+---------+
       Grand Total:                   19981   1024      5934   


LINKER GENERATED COPY TABLES

__TI_cinit_table @ 00005210 records: 3, size/record: 8, table size: 24
	.data: load addr=000051d8, load size=00000018 bytes, run addr=200016fc, run size=00000039 bytes, compression=lzss
	.bss: load addr=00005200, load size=00000008 bytes, run addr=20001670, run size=00000089 bytes, compression=zero_init
	.vtable: load addr=00005208, load size=00000008 bytes, run addr=20000000, run size=0000026c bytes, compression=zero_init


LINKER GENERATED HANDLER TABLE

__TI_handler_table @ 000051f0 records: 3, size/record: 4, table size: 12
	index: 0, handler: __TI_zero_init
	index: 1, handler: __TI_decompress_lzss
	index: 2, handler: __TI_decompress_none


GLOBAL SYMBOLS: SORTED ALPHABETICALLY BY Name 

address   name                          
-------   ----                          
00004115  ADC0SS0_Handler               
00005081  C$$EXIT                       
00005049  CPUcpsie                      
00000bc3  GPIOF_Handler                 
0000501b  IntMasterEnable               
00004e0d  IntRegister                   
00005055  ResetISR                      
0000328d  TIMER3B_Handler               
20001270  __STACK_END                   
00001000  __STACK_SIZE                  
20000470  __STACK_TOP                   
00000400  __SYSMEM_SIZE                 
00005210  __TI_CINIT_Base               
00005228  __TI_CINIT_Limit              
000051f0  __TI_Handler_Table_Base       
000051fc  __TI_Handler_Table_Limit      
00004c99  __TI_auto_init_nobinit_nopinit
00004a3d  __TI_decompress_lzss          
0000503b  __TI_decompress_none          
00004b5f  __TI_ltoa                     
ffffffff  __TI_pprof_out_hndl           
00000e8d  __TI_printfi                  
ffffffff  __TI_prof_data_size           
ffffffff  __TI_prof_data_start          
00000000  __TI_static_base__            
00004efd  __TI_zero_init_nomemset       
00004769  __aeabi_cdcmpeq               
00004769  __aeabi_cdcmple               
000047ef  __aeabi_cdrcmple              
000049cf  __aeabi_d2f                   
00004c51  __aeabi_d2iz                  
0000371f  __aeabi_dadd                  
00003e21  __aeabi_ddiv                  
000043a5  __aeabi_dmul                  
00003715  __aeabi_dsub                  
0000506d  __aeabi_errno_addr            
00004dd5  __aeabi_f2d                   
00004ea5  __aeabi_i2d                   
000038cb  __aeabi_idiv0                 
000038cb  __aeabi_ldiv0                 
00004875  __aeabi_memclr                
00004875  __aeabi_memclr4               
00004875  __aeabi_memclr8               
00004637  __aeabi_memcpy                
00004637  __aeabi_memcpy4               
00004637  __aeabi_memcpy8               
00004877  __aeabi_memset                
00004877  __aeabi_memset4               
00004877  __aeabi_memset8               
000046d3  __aeabi_uldivmod              
ffffffff  __binit__                     
ffffffff  __c_args__                    
UNDEFED   __mpu_init                    
20000270  __stack                       
20000000  __start___llvm_prf_cnts       
20000000  __stop___llvm_prf_cnts        
00004e41  _c_int00_noargs               
00005088  _ctypes_                      
2000171c  _lock                         
000018db  _nop                          
20001734  _running                      
20001270  _sys_memory                   
UNDEFED   _system_post_cinit            
0000507d  _system_pre_init              
200016dc  _timeout_ticks                
20001720  _unlock                       
00005081  abort                         
000042a5  aligned_alloc                 
00004c05  atoi                          
000022ad  averageInt                    
ffffffff  binit                         
00004d9d  calloc                        
00004f51  copysign                      
00004f51  copysignl                     
00002dcd  cyBOT_SERVO_cal               
00002d5b  cyBOT_Scan                    
00002d03  cyBOT_init_Scan               
2000172c  cyBOT_scan_features           
00002cf5  cyBOT_scan_version            
20001730  errno                         
200016e0  fallingEdge                   
000044a1  free                          
00004aa5  frexp                         
00004aa5  frexpl                        
20000000  g_pfnRAMVectors               
00000000  g_pfnVectors                  
0000097f  go_charge                     
0000412b  ir_enableInterrupt            
0000410d  ir_getDistance                
000040e5  ir_getValue                   
0000407d  ir_init                       
200016f8  isRisingEdge                  
200016e4  isr_int_value                 
0000502b  lcd_clear                     
00002931  lcd_gotoLine                  
00002799  lcd_init                      
00002997  lcd_printf                    
00002859  lcd_putc                      
00002891  lcd_puts                      
0000275d  lcd_reverseNibble             
000028af  lcd_sendCommand               
000028ed  lcd_sendNibble                
00002959  lcd_setCursorPos              
00004195  ldexp                         
00004195  ldexpl                        
200016e8  left_calibration_value        
000022cb  main                          
00005075  malloc                        
000042a5  memalign                      
00004f35  memccpy                       
00004637  memcpy                        
0000487d  memset                        
200016fc  motor_cal_factor_L            
20001700  motor_cal_factor_R            
000035c5  move_backward                 
00003559  move_forward                  
0000026d  oi_alloc                      
00000aa9  oi_checkFirmware              
000002c7  oi_close                      
00000279  oi_free                       
00000ded  oi_getMotorCalibrationLeft    
00000e01  oi_getMotorCalibrationRight   
000002b1  oi_init                       
00000289  oi_init_noupdate              
00000915  oi_loadSong                   
00004f9b  oi_parseInt                   
0000032b  oi_parsePacket                
0000096b  oi_play_song                  
0000084b  oi_setLeds                    
00000db1  oi_setMotorCalibration        
0000088f  oi_setWheels                  
00000b51  oi_shutoff_init               
0000098d  oi_uartInit                   
00000a31  oi_uartReceive                
00000a77  oi_uartSendBuff               
00000a15  oi_uartSendChar               
00000a59  oi_uartSendStr                
000002d9  oi_update                     
000032df  ping_getDistance              
0000319d  ping_init                     
00003223  ping_trigger                  
000018dd  pow                           
000018dd  powl                          
200016ec  pulseLength                   
200016f0  right_calibration_value       
200016f4  risingEdge                    
00004195  scalbn                        
00004195  scalbnl                       
00003a35  servo_init                    
00003ac5  servo_move                    
00003b25  servo_setPWM                  
00003ab9  servo_stop                    
00004cdd  sprintf                       
00003b8d  sqrt                          
00003b8d  sqrtl                         
00004fcb  strchr                        
00004fb3  strcmp                        
00004fe1  strcpy                        
00004ff5  strlen                        
00003073  timer_getMicros               
0000301b  timer_getMillis               
00002f55  timer_init                    
00002ff7  timer_pause                   
00003009  timer_resume                  
00002fcd  timer_stop                    
000030cd  timer_waitMicros              
000030ff  timer_waitMillis              
0000361d  turn_clockwise                
00003695  turn_counterclockwise         
000038cd  uart_init                     
0000398b  uart_receive                  
000039b1  uart_receive_nonblocking      
0000396f  uart_sendChar                 
000039db  uart_sendStr                  
00004d1d  vsnprintf                     
00005009  wcslen                        


GLOBAL SYMBOLS: SORTED BY Symbol Address 

address   name                          
-------   ----                          
00000000  __TI_static_base__            
00000000  g_pfnVectors                  
0000026d  oi_alloc                      
00000279  oi_free                       
00000289  oi_init_noupdate              
000002b1  oi_init                       
000002c7  oi_close                      
000002d9  oi_update                     
0000032b  oi_parsePacket                
00000400  __SYSMEM_SIZE                 
0000084b  oi_setLeds                    
0000088f  oi_setWheels                  
00000915  oi_loadSong                   
0000096b  oi_play_song                  
0000097f  go_charge                     
0000098d  oi_uartInit                   
00000a15  oi_uartSendChar               
00000a31  oi_uartReceive                
00000a59  oi_uartSendStr                
00000a77  oi_uartSendBuff               
00000aa9  oi_checkFirmware              
00000b51  oi_shutoff_init               
00000bc3  GPIOF_Handler                 
00000db1  oi_setMotorCalibration        
00000ded  oi_getMotorCalibrationLeft    
00000e01  oi_getMotorCalibrationRight   
00000e8d  __TI_printfi                  
00001000  __STACK_SIZE                  
000018db  _nop                          
000018dd  pow                           
000018dd  powl                          
000022ad  averageInt                    
000022cb  main                          
0000275d  lcd_reverseNibble             
00002799  lcd_init                      
00002859  lcd_putc                      
00002891  lcd_puts                      
000028af  lcd_sendCommand               
000028ed  lcd_sendNibble                
00002931  lcd_gotoLine                  
00002959  lcd_setCursorPos              
00002997  lcd_printf                    
00002cf5  cyBOT_scan_version            
00002d03  cyBOT_init_Scan               
00002d5b  cyBOT_Scan                    
00002dcd  cyBOT_SERVO_cal               
00002f55  timer_init                    
00002fcd  timer_stop                    
00002ff7  timer_pause                   
00003009  timer_resume                  
0000301b  timer_getMillis               
00003073  timer_getMicros               
000030cd  timer_waitMicros              
000030ff  timer_waitMillis              
0000319d  ping_init                     
00003223  ping_trigger                  
0000328d  TIMER3B_Handler               
000032df  ping_getDistance              
00003559  move_forward                  
000035c5  move_backward                 
0000361d  turn_clockwise                
00003695  turn_counterclockwise         
00003715  __aeabi_dsub                  
0000371f  __aeabi_dadd                  
000038cb  __aeabi_idiv0                 
000038cb  __aeabi_ldiv0                 
000038cd  uart_init                     
0000396f  uart_sendChar                 
0000398b  uart_receive                  
000039b1  uart_receive_nonblocking      
000039db  uart_sendStr                  
00003a35  servo_init                    
00003ab9  servo_stop                    
00003ac5  servo_move                    
00003b25  servo_setPWM                  
00003b8d  sqrt                          
00003b8d  sqrtl                         
00003e21  __aeabi_ddiv                  
0000407d  ir_init                       
000040e5  ir_getValue                   
0000410d  ir_getDistance                
00004115  ADC0SS0_Handler               
0000412b  ir_enableInterrupt            
00004195  ldexp                         
00004195  ldexpl                        
00004195  scalbn                        
00004195  scalbnl                       
000042a5  aligned_alloc                 
000042a5  memalign                      
000043a5  __aeabi_dmul                  
000044a1  free                          
00004637  __aeabi_memcpy                
00004637  __aeabi_memcpy4               
00004637  __aeabi_memcpy8               
00004637  memcpy                        
000046d3  __aeabi_uldivmod              
00004769  __aeabi_cdcmpeq               
00004769  __aeabi_cdcmple               
000047ef  __aeabi_cdrcmple              
00004875  __aeabi_memclr                
00004875  __aeabi_memclr4               
00004875  __aeabi_memclr8               
00004877  __aeabi_memset                
00004877  __aeabi_memset4               
00004877  __aeabi_memset8               
0000487d  memset                        
000049cf  __aeabi_d2f                   
00004a3d  __TI_decompress_lzss          
00004aa5  frexp                         
00004aa5  frexpl                        
00004b5f  __TI_ltoa                     
00004c05  atoi                          
00004c51  __aeabi_d2iz                  
00004c99  __TI_auto_init_nobinit_nopinit
00004cdd  sprintf                       
00004d1d  vsnprintf                     
00004d9d  calloc                        
00004dd5  __aeabi_f2d                   
00004e0d  IntRegister                   
00004e41  _c_int00_noargs               
00004ea5  __aeabi_i2d                   
00004efd  __TI_zero_init_nomemset       
00004f35  memccpy                       
00004f51  copysign                      
00004f51  copysignl                     
00004f9b  oi_parseInt                   
00004fb3  strcmp                        
00004fcb  strchr                        
00004fe1  strcpy                        
00004ff5  strlen                        
00005009  wcslen                        
0000501b  IntMasterEnable               
0000502b  lcd_clear                     
0000503b  __TI_decompress_none          
00005049  CPUcpsie                      
00005055  ResetISR                      
0000506d  __aeabi_errno_addr            
00005075  malloc                        
0000507d  _system_pre_init              
00005081  C$$EXIT                       
00005081  abort                         
00005088  _ctypes_                      
000051f0  __TI_Handler_Table_Base       
000051fc  __TI_Handler_Table_Limit      
00005210  __TI_CINIT_Base               
00005228  __TI_CINIT_Limit              
20000000  __start___llvm_prf_cnts       
20000000  __stop___llvm_prf_cnts        
20000000  g_pfnRAMVectors               
20000270  __stack                       
20000470  __STACK_TOP                   
20001270  __STACK_END                   
20001270  _sys_memory                   
200016dc  _timeout_ticks                
200016e0  fallingEdge                   
200016e4  isr_int_value                 
200016e8  left_calibration_value        
200016ec  pulseLength                   
200016f0  right_calibration_value       
200016f4  risingEdge                    
200016f8  isRisingEdge                  
200016fc  motor_cal_factor_L            
20001700  motor_cal_factor_R            
2000171c  _lock                         
20001720  _unlock                       
2000172c  cyBOT_scan_features           
20001730  errno                         
20001734  _running                      
ffffffff  __TI_pprof_out_hndl           
ffffffff  __TI_prof_data_size           
ffffffff  __TI_prof_data_start          
ffffffff  __binit__                     
ffffffff  __c_args__                    
ffffffff  binit                         
UNDEFED   __mpu_init                    
UNDEFED   _system_post_cinit            

[176 symbols]
